Archive member included to satisfy reference by file (symbol)

d:/simplicitystudio-5/developer/toolchains/gnu_arm/12.2.rel1_2023.7/bin/../lib/gcc/arm-none-eabi/12.2.1/thumb/v7e-m+fp/softfp\libgcc.a(_arm_muldf3.o)
                              ./app.o (__aeabi_dmul)
d:/simplicitystudio-5/developer/toolchains/gnu_arm/12.2.rel1_2023.7/bin/../lib/gcc/arm-none-eabi/12.2.1/thumb/v7e-m+fp/softfp\libgcc.a(_arm_addsubdf3.o)
                              ./app.o (__aeabi_f2d)
d:/simplicitystudio-5/developer/toolchains/gnu_arm/12.2.rel1_2023.7/bin/../lib/gcc/arm-none-eabi/12.2.1/thumb/v7e-m+fp/softfp\libgcc.a(_arm_truncdfsf2.o)
                              ./app.o (__aeabi_d2f)
d:/simplicitystudio-5/developer/toolchains/gnu_arm/12.2.rel1_2023.7/bin/../lib/gcc/arm-none-eabi/12.2.1/thumb/v7e-m+fp/softfp\libgcc.a(_aeabi_ldivmod.o)
                              ./gecko_sdk_4.4.6/platform/emlib/src/em_usart.o (__aeabi_ldivmod)
d:/simplicitystudio-5/developer/toolchains/gnu_arm/12.2.rel1_2023.7/bin/../lib/gcc/arm-none-eabi/12.2.1/thumb/v7e-m+fp/softfp\libgcc.a(_aeabi_uldivmod.o)
                              ./gecko_sdk_4.4.6/platform/emlib/src/em_usart.o (__aeabi_uldivmod)
d:/simplicitystudio-5/developer/toolchains/gnu_arm/12.2.rel1_2023.7/bin/../lib/gcc/arm-none-eabi/12.2.1/thumb/v7e-m+fp/softfp\libgcc.a(_udivmoddi4.o)
                              d:/simplicitystudio-5/developer/toolchains/gnu_arm/12.2.rel1_2023.7/bin/../lib/gcc/arm-none-eabi/12.2.1/thumb/v7e-m+fp/softfp\libgcc.a(_aeabi_ldivmod.o) (__udivmoddi4)
d:/simplicitystudio-5/developer/toolchains/gnu_arm/12.2.rel1_2023.7/bin/../lib/gcc/arm-none-eabi/12.2.1/thumb/v7e-m+fp/softfp\libgcc.a(emutls.o)
                              ./app.o (__emutls_get_address)
d:/simplicitystudio-5/developer/toolchains/gnu_arm/12.2.rel1_2023.7/bin/../lib/gcc/arm-none-eabi/12.2.1/thumb/v7e-m+fp/softfp\libgcc.a(_dvmd_tls.o)
                              d:/simplicitystudio-5/developer/toolchains/gnu_arm/12.2.rel1_2023.7/bin/../lib/gcc/arm-none-eabi/12.2.1/thumb/v7e-m+fp/softfp\libgcc.a(_aeabi_ldivmod.o) (__aeabi_ldiv0)
d:/simplicitystudio-5/developer/toolchains/gnu_arm/12.2.rel1_2023.7/bin/../lib/gcc/arm-none-eabi/12.2.1/thumb/v7e-m+fp/softfp\libc_nano.a(libc_a-abs.o)
                              ./app.o (abs)
d:/simplicitystudio-5/developer/toolchains/gnu_arm/12.2.rel1_2023.7/bin/../lib/gcc/arm-none-eabi/12.2.1/thumb/v7e-m+fp/softfp\libc_nano.a(libc_a-assert.o)
                              ./app.o (__assert_func)
d:/simplicitystudio-5/developer/toolchains/gnu_arm/12.2.rel1_2023.7/bin/../lib/gcc/arm-none-eabi/12.2.1/thumb/v7e-m+fp/softfp\libc_nano.a(libc_a-exit.o)
                              d:/simplicitystudio-5/developer/toolchains/gnu_arm/12.2.rel1_2023.7/bin/../lib/gcc/arm-none-eabi/12.2.1/thumb/v7e-m+fp/softfp/crt0.o (exit)
d:/simplicitystudio-5/developer/toolchains/gnu_arm/12.2.rel1_2023.7/bin/../lib/gcc/arm-none-eabi/12.2.1/thumb/v7e-m+fp/softfp\libc_nano.a(libc_a-malloc.o)
                              ./app.o (malloc)
d:/simplicitystudio-5/developer/toolchains/gnu_arm/12.2.rel1_2023.7/bin/../lib/gcc/arm-none-eabi/12.2.1/thumb/v7e-m+fp/softfp\libc_nano.a(libc_a-mallocr.o)
                              d:/simplicitystudio-5/developer/toolchains/gnu_arm/12.2.rel1_2023.7/bin/../lib/gcc/arm-none-eabi/12.2.1/thumb/v7e-m+fp/softfp\libc_nano.a(libc_a-malloc.o) (_malloc_r)
d:/simplicitystudio-5/developer/toolchains/gnu_arm/12.2.rel1_2023.7/bin/../lib/gcc/arm-none-eabi/12.2.1/thumb/v7e-m+fp/softfp\libc_nano.a(libc_a-mlock.o)
                              d:/simplicitystudio-5/developer/toolchains/gnu_arm/12.2.rel1_2023.7/bin/../lib/gcc/arm-none-eabi/12.2.1/thumb/v7e-m+fp/softfp\libc_nano.a(libc_a-mallocr.o) (__malloc_lock)
d:/simplicitystudio-5/developer/toolchains/gnu_arm/12.2.rel1_2023.7/bin/../lib/gcc/arm-none-eabi/12.2.1/thumb/v7e-m+fp/softfp\libc_nano.a(libc_a-realloc.o)
                              ./app.o (realloc)
d:/simplicitystudio-5/developer/toolchains/gnu_arm/12.2.rel1_2023.7/bin/../lib/gcc/arm-none-eabi/12.2.1/thumb/v7e-m+fp/softfp\libc_nano.a(libc_a-reallocr.o)
                              d:/simplicitystudio-5/developer/toolchains/gnu_arm/12.2.rel1_2023.7/bin/../lib/gcc/arm-none-eabi/12.2.1/thumb/v7e-m+fp/softfp\libc_nano.a(libc_a-realloc.o) (_realloc_r)
d:/simplicitystudio-5/developer/toolchains/gnu_arm/12.2.rel1_2023.7/bin/../lib/gcc/arm-none-eabi/12.2.1/thumb/v7e-m+fp/softfp\libc_nano.a(libc_a-strtol.o)
                              ./app.o (strtol)
d:/simplicitystudio-5/developer/toolchains/gnu_arm/12.2.rel1_2023.7/bin/../lib/gcc/arm-none-eabi/12.2.1/thumb/v7e-m+fp/softfp\libc_nano.a(libc_a-ctype_.o)
                              d:/simplicitystudio-5/developer/toolchains/gnu_arm/12.2.rel1_2023.7/bin/../lib/gcc/arm-none-eabi/12.2.1/thumb/v7e-m+fp/softfp\libc_nano.a(libc_a-strtol.o) (_ctype_)
d:/simplicitystudio-5/developer/toolchains/gnu_arm/12.2.rel1_2023.7/bin/../lib/gcc/arm-none-eabi/12.2.1/thumb/v7e-m+fp/softfp\libc_nano.a(libc_a-findfp.o)
[...]
Memory Configuration

Name             Origin             Length             Attributes
FLASH            0x00000000         0x00180000         xr
RAM              0x20000000         0x0007d000         xrw
*default*        0x00000000         0xffffffff

Linker script and memory map

LOAD d:/simplicitystudio-5/developer/toolchains/gnu_arm/12.2.rel1_2023.7/bin/../lib/gcc/arm-none-eabi/12.2.1/thumb/v7e-m+fp/softfp/crti.o
LOAD d:/simplicitystudio-5/developer/toolchains/gnu_arm/12.2.rel1_2023.7/bin/../lib/gcc/arm-none-eabi/12.2.1/thumb/v7e-m+fp/softfp/crtbegin.o
LOAD d:/simplicitystudio-5/developer/toolchains/gnu_arm/12.2.rel1_2023.7/bin/../lib/gcc/arm-none-eabi/12.2.1/thumb/v7e-m+fp/softfp/crt0.o
START GROUP
LOAD ./app.o
LOAD ./main.o
LOAD ./nv_optical_flow.o
LOAD ./nv_usart.o
LOAD ./autogen/sl_board_default_init.o
LOAD ./autogen/sl_device_init_clocks.o
LOAD ./autogen/sl_event_handler.o
LOAD ./gecko_sdk_4.4.6/hardware/board/src/sl_board_control_gpio.o
LOAD ./gecko_sdk_4.4.6/hardware/board/src/sl_board_init.o
LOAD ./gecko_sdk_4.4.6/hardware/driver/configuration_over_swo/src/sl_cos.o
LOAD ./gecko_sdk_4.4.6/hardware/driver/mx25_flash_shutdown/src/sl_mx25_flash_shutdown_usart/sl_mx25_flash_shutdown.o
LOAD ./gecko_sdk_4.4.6/platform/Device/SiliconLabs/EFR32MG12P/Source/startup_efr32mg12p.o
LOAD ./gecko_sdk_4.4.6/platform/Device/SiliconLabs/EFR32MG12P/Source/system_efr32mg12p.o
LOAD ./gecko_sdk_4.4.6/platform/common/src/sl_assert.o
LOAD ./gecko_sdk_4.4.6/platform/common/src/sl_syscalls.o
LOAD ./gecko_sdk_4.4.6/platform/common/toolchain/src/sl_memory.o
LOAD ./gecko_sdk_4.4.6/platform/driver/debug/src/sl_debug_swo.o
LOAD ./gecko_sdk_4.4.6/platform/emlib/src/em_cmu.o
LOAD ./gecko_sdk_4.4.6/platform/emlib/src/em_core.o
LOAD ./gecko_sdk_4.4.6/platform/emlib/src/em_emu.o
LOAD ./gecko_sdk_4.4.6/platform/emlib/src/em_gpio.o
LOAD ./gecko_sdk_4.4.6/platform/emlib/src/em_msc.o
LOAD ./gecko_sdk_4.4.6/platform/emlib/src/em_rtcc.o
LOAD ./gecko_sdk_4.4.6/platform/emlib/src/em_system.o
LOAD ./gecko_sdk_4.4.6/platform/emlib/src/em_timer.o
LOAD ./gecko_sdk_4.4.6/platform/emlib/src/em_usart.o
LOAD ./gecko_sdk_4.4.6/platform/service/device_init/src/sl_device_init_dcdc_s1.o
LOAD ./gecko_sdk_4.4.6/platform/service/device_init/src/sl_device_init_emu_s1.o
LOAD ./gecko_sdk_4.4.6/platform/service/device_init/src/sl_device_init_hfxo_s1.o
LOAD ./gecko_sdk_4.4.6/platform/service/device_init/src/sl_device_init_lfxo_s1.o
LOAD ./gecko_sdk_4.4.6/platform/service/device_init/src/sl_device_init_nvic.o
LOAD ./gecko_sdk_4.4.6/platform/service/sleeptimer/src/sl_sleeptimer.o
LOAD ./gecko_sdk_4.4.6/platform/service/sleeptimer/src/sl_sleeptimer_hal_rtcc.o
LOAD ./gecko_sdk_4.4.6/platform/service/sleeptimer/src/sl_sleeptimer_hal_timer.o
LOAD ./gecko_sdk_4.4.6/platform/service/system/src/sl_system_init.o
LOAD ./gecko_sdk_4.4.6/platform/service/system/src/sl_system_process_action.o
LOAD ./gecko_sdk_4.4.6/platform/service/udelay/src/sl_udelay.o
LOAD ./gecko_sdk_4.4.6/platform/service/udelay/src/sl_udelay_armv6m_gcc.o
LOAD d:/simplicitystudio-5/developer/toolchains/gnu_arm/12.2.rel1_2023.7/bin/../lib/gcc/arm-none-eabi/12.2.1/thumb/v7e-m+fp/softfp\libgcc.a
LOAD d:/simplicitystudio-5/developer/toolchains/gnu_arm/12.2.rel1_2023.7/bin/../lib/gcc/arm-none-eabi/12.2.1/thumb/v7e-m+fp/softfp\libc_nano.a
LOAD d:/simplicitystudio-5/developer/toolchains/gnu_arm/12.2.rel1_2023.7/bin/../lib/gcc/arm-none-eabi/12.2.1/thumb/v7e-m+fp/softfp\libm.a
LOAD d:/simplicitystudio-5/developer/toolchains/gnu_arm/12.2.rel1_2023.7/bin/../lib/gcc/arm-none-eabi/12.2.1/thumb/v7e-m+fp/softfp\libnosys.a
END GROUP
START GROUP
LOAD d:/simplicitystudio-5/developer/toolchains/gnu_arm/12.2.rel1_2023.7/bin/../lib/gcc/arm-none-eabi/12.2.1/thumb/v7e-m+fp/softfp\libgcc.a
LOAD d:/simplicitystudio-5/developer/toolchains/gnu_arm/12.2.rel1_2023.7/bin/../lib/gcc/arm-none-eabi/12.2.1/thumb/v7e-m+fp/softfp\libc_nano.a
LOAD d:/simplicitystudio-5/developer/toolchains/gnu_arm/12.2.rel1_2023.7/bin/../lib/gcc/arm-none-eabi/12.2.1/thumb/v7e-m+fp/softfp\libnosys.a
END GROUP
START GROUP
LOAD d:/simplicitystudio-5/developer/toolchains/gnu_arm/12.2.rel1_2023.7/bin/../lib/gcc/arm-none-eabi/12.2.1/thumb/v7e-m+fp/softfp\libgcc.a
LOAD d:/simplicitystudio-5/developer/toolchains/gnu_arm/12.2.rel1_2023.7/bin/../lib/gcc/arm-none-eabi/12.2.1/thumb/v7e-m+fp/softfp\libg_nano.a
LOAD d:/simplicitystudio-5/developer/toolchains/gnu_arm/12.2.rel1_2023.7/bin/../lib/gcc/arm-none-eabi/12.2.1/thumb/v7e-m+fp/softfp\libc_nano.a
END GROUP
START GROUP
LOAD d:/simplicitystudio-5/developer/toolchains/gnu_arm/12.2.rel1_2023.7/bin/../lib/gcc/arm-none-eabi/12.2.1/thumb/v7e-m+fp/softfp\libgcc.a
LOAD d:/simplicitystudio-5/developer/toolchains/gnu_arm/12.2.rel1_2023.7/bin/../lib/gcc/arm-none-eabi/12.2.1/thumb/v7e-m+fp/softfp\libc_nano.a
END GROUP
LOAD d:/simplicitystudio-5/developer/toolchains/gnu_arm/12.2.rel1_2023.7/bin/../lib/gcc/arm-none-eabi/12.2.1/thumb/v7e-m+fp/softfp/crtend.o
LOAD d:/simplicitystudio-5/developer/toolchains/gnu_arm/12.2.rel1_2023.7/bin/../lib/gcc/arm-none-eabi/12.2.1/thumb/v7e-m+fp/softfp/crtn.o

.text           0x00000000    0x103b0
                0x00000000                linker_vectors_begin = .
 *(.vectors)
 .vectors       0x00000000      0x10c ./gecko_sdk_4.4.6/platform/Device/SiliconLabs/EFR32MG12P/Source/startup_efr32mg12p.o
                0x00000000                __Vectors
                0x0000010c                linker_vectors_end = .
                0x0000010c                __Vectors_End = .
                0x0000010c                __Vectors_Size = (__Vectors_End - __Vectors)
                0x0000010c                linker_code_begin = .
 *(SORT_BY_ALIGNMENT(.text*))
 *fill*         0x0000010c        0x4 
 .text          0x00000110        0x8 ./gecko_sdk_4.4.6/platform/service/udelay/src/sl_udelay_armv6m_gcc.o
                0x00000110                sli_delay_loop
 *fill*         0x00000118        0x8 
 .text          0x00000120       0xa0 d:/simplicitystudio-5/developer/toolchains/gnu_arm/12.2.rel1_2023.7/bin/../lib/gcc/arm-none-eabi/12.2.1/thumb/v7e-m+fp/softfp\libc_nano.a(libc_a-memchr.o)
                0x00000120                memchr
 .text.scalbn   0x000001c0       0xf4 d:/simplicitystudio-5/developer/toolchains/gnu_arm/12.2.rel1_2023.7/bin/../lib/gcc/arm-none-eabi/12.2.1/thumb/v7e-m+fp/softfp\libc_nano.a(libm_a-s_scalbn.o)
                0x000001c0                scalbn
 *fill*         0x000002b4        0x4 
 .text.__ieee754_pow
                0x000002b8      0xba4 d:/simplicitystudio-5/developer/toolchains/gnu_arm/12.2.rel1_2023.7/bin/../lib/gcc/arm-none-eabi/12.2.1/thumb/v7e-m+fp/softfp\libm.a(libm_a-e_pow.o)
                0x000002b8                __ieee754_pow
 .text.deregister_tm_clones
                0x00000e5c       0x1c d:/simplicitystudio-5/developer/toolchains/gnu_arm/12.2.rel1_2023.7/bin/../lib/gcc/arm-none-eabi/12.2.1/thumb/v7e-m+fp/softfp/crtbegin.o
 .text.register_tm_clones
                0x00000e78       0x24 d:/simplicitystudio-5/developer/toolchains/gnu_arm/12.2.rel1_2023.7/bin/../lib/gcc/arm-none-eabi/12.2.1/thumb/v7e-m+fp/softfp/crtbegin.o
 .text.__do_global_dtors_aux
                0x00000e9c       0x28 d:/simplicitystudio-5/developer/toolchains/gnu_arm/12.2.rel1_2023.7/bin/../lib/gcc/arm-none-eabi/12.2.1/thumb/v7e-m+fp/softfp/crtbegin.o
 .text.frame_dummy
                0x00000ec4       0x24 d:/simplicitystudio-5/developer/toolchains/gnu_arm/12.2.rel1_2023.7/bin/../lib/gcc/arm-none-eabi/12.2.1/thumb/v7e-m+fp/softfp/crtbegin.o
 .text          0x00000ee8       0x7c d:/simplicitystudio-5/developer/toolchains/gnu_arm/12.2.rel1_2023.7/bin/../lib/gcc/arm-none-eabi/12.2.1/thumb/v7e-m+fp/softfp/crt0.o
                0x00000ee8                _stack_init
                0x00000ef0                _start
                0x00000ef0                _mainCRTStartup
 .text.stbi__idct_block
                0x00000f64      0x2d0 ./app.o
 .text.stbi__YCbCr_to_RGB_row
                0x00001234       0xac ./app.o
 .text.stbi__hdr_convert
                0x000012e0       0xc0 ./app.o
 .text.rx_callback
                0x000013a0        0xc ./app.o
 .text.stbi__mul2shorts_valid
                0x000013ac       0x40 ./app.o
 .text.stbi__extend_receive
                0x000013ec       0x5c ./app.o
 .text.stbi__jpeg_get_bits
                0x00001448       0x48 ./app.o
 .text.stbi__jpeg_huff_decode
                0x00001490       0xdc ./app.o
 .text.stbi__hdr_test
                0x0000156c       0x40 ./app.o
 .text.stbi__create_png_alpha_expand8
                0x000015ac       0x74 ./app.o
 .text.stbi__shiftsigned
                0x00001620       0x60 ./app.o
 .text.stbi__pnm_getinteger
                0x00001680       0x58 ./app.o
 .text.stbi__pnm_info
                0x000016d8       0xec ./app.o
 .text.stbi__gif_header
                0x000017c4       0xe8 ./app.o
 .text.stbi__readval
                0x000018ac       0x4c ./app.o
 .text.stbi__check_png_header
                0x000018f8       0x3c ./app.o
 .text.stbi__zexpand
                0x00001934       0x5c ./app.o
 .text.stbi__zbuild_huffman
                0x00001990      0x154 ./app.o
 .text.stbi__compute_huffman_codes
                0x00001ae4      0x128 ./app.o
 .text.stbi__parse_zlib
                0x00001c0c      0x2b0 ./app.o
 .text.stbi__jpeg_decode_block
                0x00001ebc      0x17c ./app.o
 .text.stbi__build_huffman
                0x00002038       0xf8 ./app.o
 .text.stbi__process_marker
                0x00002130      0x320 ./app.o
 .text.stbi__gif_load_next.constprop.0
                0x00002450      0x470 ./app.o
 .text.stbi__decode_jpeg_header
                0x000028c0      0x380 ./app.o
 .text.stbi__hdr_load.constprop.0
                0x00002c40      0x314 ./app.o
 .text.stbi__bmp_parse_header.constprop.0
                0x00002f54      0x24c ./app.o
 .text.stbi__convert_format16
                0x000031a0      0x440 ./app.o
 .text.stbi__convert_format
                0x000035e0      0x43c ./app.o
 .text.stbi__bmp_load.constprop.0
                0x00003a1c      0x630 ./app.o
 .text.stbi__jpeg_decode_block_prog_dc
                0x0000404c       0xf0 ./app.o
 .text.stbi__create_png_image_raw
                0x0000413c      0x45c ./app.o
 .text.stbi__parse_png_file
                0x00004598      0x9e0 ./app.o
 .text.stbi__load_main
                0x00004f78     0x1e7c ./app.o
 .text.stbi__load_and_postprocess_8bit
                0x00006df4       0xdc ./app.o
 .text.app_init
                0x00006ed0      0x260 ./app.o
                0x00006ed0                app_init
 .text.lucas_kanade_at_level
                0x00007130      0x1b4 ./nv_optical_flow.o
                0x00007130                lucas_kanade_at_level
 .text.usart_init
                0x000072e4       0x94 ./nv_usart.o
                0x000072e4                usart_init
 .text.usart_set_rx_callback
                0x00007378        0xc ./nv_usart.o
                0x00007378                usart_set_rx_callback
 .text.usart_send
                0x00007384       0x14 ./nv_usart.o
                0x00007384                usart_send
 .text.USART2_RX_IRQHandler
                0x00007398       0x18 ./nv_usart.o
                0x00007398                USART2_RX_IRQHandler
 .text.USART2_TX_IRQHandler
                0x000073b0       0x20 ./nv_usart.o
                0x000073b0                USART2_TX_IRQHandler
 .text.sl_device_init_clocks
                0x000073d0       0x48 ./autogen/sl_device_init_clocks.o
                0x000073d0                sl_device_init_clocks
 .text.sl_platform_init
                0x00007418       0x94 ./autogen/sl_event_handler.o
                0x00007418                sl_platform_init
 .text.sl_board_init
                0x000074ac       0x1c ./gecko_sdk_4.4.6/hardware/board/src/sl_board_init.o
                0x000074ac                sl_board_init
 .text.sl_board_preinit
                0x000074c8        0xc ./gecko_sdk_4.4.6/hardware/board/src/sl_board_init.o
                0x000074c8                sl_board_preinit
 .text.cs_high  0x000074d4        0xc ./gecko_sdk_4.4.6/hardware/driver/mx25_flash_shutdown/src/sl_mx25_flash_shutdown_usart/sl_mx25_flash_shutdown.o
 .text.cs_low   0x000074e0        0xc ./gecko_sdk_4.4.6/hardware/driver/mx25_flash_shutdown/src/sl_mx25_flash_shutdown_usart/sl_mx25_flash_shutdown.o
 .text.sl_mx25_flash_shutdown
                0x000074ec       0xfc ./gecko_sdk_4.4.6/hardware/driver/mx25_flash_shutdown/src/sl_mx25_flash_shutdown_usart/sl_mx25_flash_shutdown.o
                0x000074ec                sl_mx25_flash_shutdown
 .text.Reset_Handler
                0x000075e8       0x60 ./gecko_sdk_4.4.6/platform/Device/SiliconLabs/EFR32MG12P/Source/startup_efr32mg12p.o
                0x000075e8                Reset_Handler
 .text.SystemMaxCoreClockGet
                0x00007648        0x8 ./gecko_sdk_4.4.6/platform/Device/SiliconLabs/EFR32MG12P/Source/system_efr32mg12p.o
                0x00007648                SystemMaxCoreClockGet
 .text.SystemHFClockGet
                0x00007650       0x54 ./gecko_sdk_4.4.6/platform/Device/SiliconLabs/EFR32MG12P/Source/system_efr32mg12p.o
                0x00007650                SystemHFClockGet
 .text.SystemCoreClockGet
                0x000076a4       0x24 ./gecko_sdk_4.4.6/platform/Device/SiliconLabs/EFR32MG12P/Source/system_efr32mg12p.o
                0x000076a4                SystemCoreClockGet
 .text.SystemHFXOClockGet
                0x000076c8        0xc ./gecko_sdk_4.4.6/platform/Device/SiliconLabs/EFR32MG12P/Source/system_efr32mg12p.o
                0x000076c8                SystemHFXOClockGet
 .text.SystemHFXOClockSet
                0x000076d4       0x20 ./gecko_sdk_4.4.6/platform/Device/SiliconLabs/EFR32MG12P/Source/system_efr32mg12p.o
                0x000076d4                SystemHFXOClockSet
 .text.SystemInit
                0x000076f4       0x1c ./gecko_sdk_4.4.6/platform/Device/SiliconLabs/EFR32MG12P/Source/system_efr32mg12p.o
                0x000076f4                SystemInit
 .text.SystemLFXOClockGet
                0x00007710        0xc ./gecko_sdk_4.4.6/platform/Device/SiliconLabs/EFR32MG12P/Source/system_efr32mg12p.o
                0x00007710                SystemLFXOClockGet
 .text._sbrk    0x0000771c       0x20 ./gecko_sdk_4.4.6/platform/common/toolchain/src/sl_memory.o
                0x0000771c                _sbrk
 .text.sl_debug_swo_init
                0x0000773c       0xcc ./gecko_sdk_4.4.6/platform/driver/debug/src/sl_debug_swo.o
                0x0000773c                sl_debug_swo_init
 .text.setHfLeConfig
                0x00007808       0x44 ./gecko_sdk_4.4.6/platform/emlib/src/em_cmu.o
 .text.flashWaitStateControl
                0x0000784c       0x54 ./gecko_sdk_4.4.6/platform/emlib/src/em_cmu.o
 .text.flashWaitStateMax
                0x000078a0       0x24 ./gecko_sdk_4.4.6/platform/emlib/src/em_cmu.o
 .text.EMU_VScaleWait
                0x000078c4       0x1c ./gecko_sdk_4.4.6/platform/emlib/src/em_cmu.o
 .text.EMU_VScaleGet
                0x000078e0       0x14 ./gecko_sdk_4.4.6/platform/emlib/src/em_cmu.o
 .text.syncReg  0x000078f4       0x18 ./gecko_sdk_4.4.6/platform/emlib/src/em_cmu.o
 .text.CMU_UpdateWaitStates
                0x0000790c       0x20 ./gecko_sdk_4.4.6/platform/emlib/src/em_cmu.o
                0x0000790c                CMU_UpdateWaitStates
 .text.CMU_ClockEnable
                0x0000792c       0x9c ./gecko_sdk_4.4.6/platform/emlib/src/em_cmu.o
                0x0000792c                CMU_ClockEnable
 .text.CMU_ClockPrescGet
                0x000079c8       0xec ./gecko_sdk_4.4.6/platform/emlib/src/em_cmu.o
                0x000079c8                CMU_ClockPrescGet
 .text.CMU_ClockSelectGet
                0x00007ab4       0xd8 ./gecko_sdk_4.4.6/platform/emlib/src/em_cmu.o
                0x00007ab4                CMU_ClockSelectGet
 .text.lfClkGet
                0x00007b8c       0xb8 ./gecko_sdk_4.4.6/platform/emlib/src/em_cmu.o
 .text.CMU_ClockFreqGet
                0x00007c44      0x1d0 ./gecko_sdk_4.4.6/platform/emlib/src/em_cmu.o
                0x00007c44                CMU_ClockFreqGet
 .text.CMU_LFXOPrecisionSet
                0x00007e14        0xc ./gecko_sdk_4.4.6/platform/emlib/src/em_cmu.o
                0x00007e14                CMU_LFXOPrecisionSet
 .text.CMU_HFXOPrecisionSet
                0x00007e20        0xc ./gecko_sdk_4.4.6/platform/emlib/src/em_cmu.o
                0x00007e20                CMU_HFXOPrecisionSet
 .text.CMU_OscillatorTuningSet
                0x00007e2c      0x120 ./gecko_sdk_4.4.6/platform/emlib/src/em_cmu.o
                0x00007e2c                CMU_OscillatorTuningSet
 .text.CMU_OscillatorTuningWait
                0x00007f4c       0x64 ./gecko_sdk_4.4.6/platform/emlib/src/em_cmu.o
                0x00007f4c                CMU_OscillatorTuningWait
 .text.CMU_OscillatorTuningOptimize
                0x00007fb0       0x38 ./gecko_sdk_4.4.6/platform/emlib/src/em_cmu.o
                0x00007fb0                CMU_OscillatorTuningOptimize
 .text.CMU_OscillatorEnable
                0x00007fe8      0x120 ./gecko_sdk_4.4.6/platform/emlib/src/em_cmu.o
                0x00007fe8                CMU_OscillatorEnable
 .text.sli_em_cmu_HFClockSelectHFXO
                0x00008108       0x60 ./gecko_sdk_4.4.6/platform/emlib/src/em_cmu.o
                0x00008108                sli_em_cmu_HFClockSelectHFXO
 .text.CMU_HFXOInit
                0x00008168       0xa0 ./gecko_sdk_4.4.6/platform/emlib/src/em_cmu.o
                0x00008168                CMU_HFXOInit
 .text.CMU_LFXOInit
                0x00008208       0x58 ./gecko_sdk_4.4.6/platform/emlib/src/em_cmu.o
                0x00008208                CMU_LFXOInit
 .text.EMU_LDOStatusGet
                0x00008260       0x14 ./gecko_sdk_4.4.6/platform/emlib/src/em_emu.o
 .text.lpGetDevinfoVrefLowHigh
                0x00008274       0x74 ./gecko_sdk_4.4.6/platform/emlib/src/em_emu.o
 .text.EMU_VScaleWait
                0x000082e8       0x18 ./gecko_sdk_4.4.6/platform/emlib/src/em_emu.o
 .text.EMU_EM4Init
                0x00008300       0x40 ./gecko_sdk_4.4.6/platform/emlib/src/em_emu.o
                0x00008300                EMU_EM4Init
 .text.EMU_VScaleEM01
                0x00008340       0x98 ./gecko_sdk_4.4.6/platform/emlib/src/em_emu.o
                0x00008340                EMU_VScaleEM01
 .text.EMU_VScaleEM01ByClock
                0x000083d8       0x4c ./gecko_sdk_4.4.6/platform/emlib/src/em_emu.o
                0x000083d8                EMU_VScaleEM01ByClock
 .text.EMU_DCDCModeSet
                0x00008424       0x98 ./gecko_sdk_4.4.6/platform/emlib/src/em_emu.o
                0x00008424                EMU_DCDCModeSet
 .text.EMU_DCDCOutputVoltageSet
                0x000084bc      0x1f0 ./gecko_sdk_4.4.6/platform/emlib/src/em_emu.o
                0x000084bc                EMU_DCDCOutputVoltageSet
 .text.EMU_DCDCOptimizeSlice
                0x000086ac       0xdc ./gecko_sdk_4.4.6/platform/emlib/src/em_emu.o
                0x000086ac                EMU_DCDCOptimizeSlice
 .text.EMU_DCDCLnRcoBandSet
                0x00008788       0x44 ./gecko_sdk_4.4.6/platform/emlib/src/em_emu.o
                0x00008788                EMU_DCDCLnRcoBandSet
 .text.EMU_DCDCInit
                0x000087cc      0x188 ./gecko_sdk_4.4.6/platform/emlib/src/em_emu.o
                0x000087cc                EMU_DCDCInit
 .text.GPIO_PinOutSet
                0x00008954       0x40 ./gecko_sdk_4.4.6/platform/emlib/src/em_gpio.o
 .text.GPIO_PinOutClear
                0x00008994       0x40 ./gecko_sdk_4.4.6/platform/emlib/src/em_gpio.o
 .text.GPIO_DbgLocationSet
                0x000089d4       0x2c ./gecko_sdk_4.4.6/platform/emlib/src/em_gpio.o
                0x000089d4                GPIO_DbgLocationSet
 .text.GPIO_PinModeSet
                0x00008a00       0x90 ./gecko_sdk_4.4.6/platform/emlib/src/em_gpio.o
                0x00008a00                GPIO_PinModeSet
 .text.RTCC_ChannelInit
                0x00008a90       0x58 ./gecko_sdk_4.4.6/platform/emlib/src/em_rtcc.o
                0x00008a90                RTCC_ChannelInit
 .text.RTCC_Enable
                0x00008ae8        0xc ./gecko_sdk_4.4.6/platform/emlib/src/em_rtcc.o
                0x00008ae8                RTCC_Enable
 .text.RTCC_Init
                0x00008af4       0x3c ./gecko_sdk_4.4.6/platform/emlib/src/em_rtcc.o
                0x00008af4                RTCC_Init
 .text.SYSTEM_GetProdRev
                0x00008b30       0x10 ./gecko_sdk_4.4.6/platform/emlib/src/em_system.o
                0x00008b30                SYSTEM_GetProdRev
 .text.USART_BaudrateAsyncSet
                0x00008b40       0xe4 ./gecko_sdk_4.4.6/platform/emlib/src/em_usart.o
                0x00008b40                USART_BaudrateAsyncSet
 .text.USART_BaudrateSyncSet
                0x00008c24       0x4c ./gecko_sdk_4.4.6/platform/emlib/src/em_usart.o
                0x00008c24                USART_BaudrateSyncSet
 .text.USART_Reset
                0x00008c70       0x8c ./gecko_sdk_4.4.6/platform/emlib/src/em_usart.o
                0x00008c70                USART_Reset
 .text.USART_InitAsync
                0x00008cfc       0xb0 ./gecko_sdk_4.4.6/platform/emlib/src/em_usart.o
                0x00008cfc                USART_InitAsync
 .text.USART_InitSync
                0x00008dac       0xb0 ./gecko_sdk_4.4.6/platform/emlib/src/em_usart.o
                0x00008dac                USART_InitSync
 .text.sl_device_init_dcdc
                0x00008e5c       0x2c ./gecko_sdk_4.4.6/platform/service/device_init/src/sl_device_init_dcdc_s1.o
                0x00008e5c                sl_device_init_dcdc
 .text.sl_device_init_hfxo
                0x00008e88       0x74 ./gecko_sdk_4.4.6/platform/service/device_init/src/sl_device_init_hfxo_s1.o
                0x00008e88                sl_device_init_hfxo
 .text.sl_device_init_lfxo
                0x00008efc       0x28 ./gecko_sdk_4.4.6/platform/service/device_init/src/sl_device_init_lfxo_s1.o
                0x00008efc                sl_device_init_lfxo
 .text.sl_device_init_nvic
                0x00008f24       0x3c ./gecko_sdk_4.4.6/platform/service/device_init/src/sl_device_init_nvic.o
                0x00008f24                sl_device_init_nvic
 .text.delta_list_insert_timer
                0x00008f60       0x40 ./gecko_sdk_4.4.6/platform/service/sleeptimer/src/sl_sleeptimer.o
 .text.update_delta_list
                0x00008fa0       0x34 ./gecko_sdk_4.4.6/platform/service/sleeptimer/src/sl_sleeptimer.o
 .text.set_comparator_for_next_timer
                0x00008fd4       0x5c ./gecko_sdk_4.4.6/platform/service/sleeptimer/src/sl_sleeptimer.o
 .text.delta_list_remove_timer
                0x00009030       0x38 ./gecko_sdk_4.4.6/platform/service/sleeptimer/src/sl_sleeptimer.o
 .text.sl_sleeptimer_init
                0x00009068       0x74 ./gecko_sdk_4.4.6/platform/service/sleeptimer/src/sl_sleeptimer.o
                0x00009068                sl_sleeptimer_init
 .text.process_timer_irq
                0x000090dc      0x154 ./gecko_sdk_4.4.6/platform/service/sleeptimer/src/sl_sleeptimer.o
                0x000090dc                process_timer_irq
 .text.sleeptimer_hal_init_timer
                0x00009230       0x8c ./gecko_sdk_4.4.6/platform/service/sleeptimer/src/sl_sleeptimer_hal_rtcc.o
                0x00009230                sleeptimer_hal_init_timer
 .text.sleeptimer_hal_get_counter
                0x000092bc        0xc ./gecko_sdk_4.4.6/platform/service/sleeptimer/src/sl_sleeptimer_hal_rtcc.o
                0x000092bc                sleeptimer_hal_get_counter
 .text.sleeptimer_hal_set_compare
                0x000092c8       0x5c ./gecko_sdk_4.4.6/platform/service/sleeptimer/src/sl_sleeptimer_hal_rtcc.o
                0x000092c8                sleeptimer_hal_set_compare
 .text.sleeptimer_hal_enable_int
                0x00009324       0x1c ./gecko_sdk_4.4.6/platform/service/sleeptimer/src/sl_sleeptimer_hal_rtcc.o
                0x00009324                sleeptimer_hal_enable_int
 .text.sleeptimer_hal_disable_int
                0x00009340       0x30 ./gecko_sdk_4.4.6/platform/service/sleeptimer/src/sl_sleeptimer_hal_rtcc.o
                0x00009340                sleeptimer_hal_disable_int
 .text.sleeptimer_hal_set_int
                0x00009370       0x10 ./gecko_sdk_4.4.6/platform/service/sleeptimer/src/sl_sleeptimer_hal_rtcc.o
                0x00009370                sleeptimer_hal_set_int
 .text.RTCC_IRQHandler
                0x00009380       0x30 ./gecko_sdk_4.4.6/platform/service/sleeptimer/src/sl_sleeptimer_hal_rtcc.o
                0x00009380                RTCC_IRQHandler
 .text.sleeptimer_hal_get_timer_frequency
                0x000093b0       0x18 ./gecko_sdk_4.4.6/platform/service/sleeptimer/src/sl_sleeptimer_hal_rtcc.o
                0x000093b0                sleeptimer_hal_get_timer_frequency
 .text.sl_udelay_wait
                0x000093c8       0x54 ./gecko_sdk_4.4.6/platform/service/udelay/src/sl_udelay.o
                0x000093c8                sl_udelay_wait
 .text          0x0000941c      0x378 d:/simplicitystudio-5/developer/toolchains/gnu_arm/12.2.rel1_2023.7/bin/../lib/gcc/arm-none-eabi/12.2.1/thumb/v7e-m+fp/softfp\libgcc.a(_arm_addsubdf3.o)
                0x0000941c                __aeabi_drsub
                0x00009424                __aeabi_dsub
                0x00009424                __subdf3
                0x00009428                __aeabi_dadd
                0x00009428                __adddf3
                0x000096a0                __floatunsidf
                0x000096a0                __aeabi_ui2d
                0x000096c0                __floatsidf
                0x000096c0                __aeabi_i2d
                0x000096e4                __aeabi_f2d
                0x000096e4                __extendsfdf2
                0x00009728                __floatundidf
                0x00009728                __aeabi_ul2d
                0x00009738                __floatdidf
                0x00009738                __aeabi_l2d
 .text          0x00009794       0xa0 d:/simplicitystudio-5/developer/toolchains/gnu_arm/12.2.rel1_2023.7/bin/../lib/gcc/arm-none-eabi/12.2.1/thumb/v7e-m+fp/softfp\libgcc.a(_arm_truncdfsf2.o)
                0x00009794                __truncdfsf2
                0x00009794                __aeabi_d2f
 .text          0x00009834       0x30 d:/simplicitystudio-5/developer/toolchains/gnu_arm/12.2.rel1_2023.7/bin/../lib/gcc/arm-none-eabi/12.2.1/thumb/v7e-m+fp/softfp\libgcc.a(_aeabi_uldivmod.o)
                0x00009834                __aeabi_uldivmod
 .text.__udivmoddi4
                0x00009864      0x2bc d:/simplicitystudio-5/developer/toolchains/gnu_arm/12.2.rel1_2023.7/bin/../lib/gcc/arm-none-eabi/12.2.1/thumb/v7e-m+fp/softfp\libgcc.a(_udivmoddi4.o)
                0x00009864                __udivmoddi4
 .text.__gthread_active_p
                0x00009b20        0x4 d:/simplicitystudio-5/developer/toolchains/gnu_arm/12.2.rel1_2023.7/bin/../lib/gcc/arm-none-eabi/12.2.1/thumb/v7e-m+fp/softfp\libgcc.a(emutls.o)
 .text.emutls_alloc
                0x00009b24       0x58 d:/simplicitystudio-5/developer/toolchains/gnu_arm/12.2.rel1_2023.7/bin/../lib/gcc/arm-none-eabi/12.2.1/thumb/v7e-m+fp/softfp\libgcc.a(emutls.o)
 .text.__emutls_get_address
                0x00009b7c       0x1c d:/simplicitystudio-5/developer/toolchains/gnu_arm/12.2.rel1_2023.7/bin/../lib/gcc/arm-none-eabi/12.2.1/thumb/v7e-m+fp/softfp\libgcc.a(emutls.o)
                0x00009b7c                __emutls_get_address
 .text          0x00009b98        0x4 d:/simplicitystudio-5/developer/toolchains/gnu_arm/12.2.rel1_2023.7/bin/../lib/gcc/arm-none-eabi/12.2.1/thumb/v7e-m+fp/softfp\libgcc.a(_dvmd_tls.o)
                0x00009b98                __aeabi_idiv0
                0x00009b98                __aeabi_ldiv0
 .text.__assert_func
                0x00009b9c       0x3c d:/simplicitystudio-5/developer/toolchains/gnu_arm/12.2.rel1_2023.7/bin/../lib/gcc/arm-none-eabi/12.2.1/thumb/v7e-m+fp/softfp\libc_nano.a(libc_a-assert.o)
                0x00009b9c                __assert_func
 .text.exit     0x00009bd8       0x24 d:/simplicitystudio-5/developer/toolchains/gnu_arm/12.2.rel1_2023.7/bin/../lib/gcc/arm-none-eabi/12.2.1/thumb/v7e-m+fp/softfp\libc_nano.a(libc_a-exit.o)
                0x00009bd8                exit
 .text.malloc   0x00009bfc       0x10 d:/simplicitystudio-5/developer/toolchains/gnu_arm/12.2.rel1_2023.7/bin/../lib/gcc/arm-none-eabi/12.2.1/thumb/v7e-m+fp/softfp\libc_nano.a(libc_a-malloc.o)
                0x00009bfc                malloc
 .text.free     0x00009c0c       0x10 d:/simplicitystudio-5/developer/toolchains/gnu_arm/12.2.rel1_2023.7/bin/../lib/gcc/arm-none-eabi/12.2.1/thumb/v7e-m+fp/softfp\libc_nano.a(libc_a-malloc.o)
                0x00009c0c                free
 .text.sbrk_aligned
                0x00009c1c       0x44 d:/simplicitystudio-5/developer/toolchains/gnu_arm/12.2.rel1_2023.7/bin/../lib/gcc/arm-none-eabi/12.2.1/thumb/v7e-m+fp/softfp\libc_nano.a(libc_a-mallocr.o)
 .text._malloc_r
                0x00009c60       0xf0 d:/simplicitystudio-5/developer/toolchains/gnu_arm/12.2.rel1_2023.7/bin/../lib/gcc/arm-none-eabi/12.2.1/thumb/v7e-m+fp/softfp\libc_nano.a(libc_a-mallocr.o)
                0x00009c60                _malloc_r
 .text.__malloc_lock
                0x00009d50        0xc d:/simplicitystudio-5/developer/toolchains/gnu_arm/12.2.rel1_2023.7/bin/../lib/gcc/arm-none-eabi/12.2.1/thumb/v7e-m+fp/softfp\libc_nano.a(libc_a-mlock.o)
                0x00009d50                __malloc_lock
 .text.__malloc_unlock
                0x00009d5c        0xc d:/simplicitystudio-5/developer/toolchains/gnu_arm/12.2.rel1_2023.7/bin/../lib/gcc/arm-none-eabi/12.2.1/thumb/v7e-m+fp/softfp\libc_nano.a(libc_a-mlock.o)
                0x00009d5c                __malloc_unlock
 .text.realloc  0x00009d68       0x10 d:/simplicitystudio-5/developer/toolchains/gnu_arm/12.2.rel1_2023.7/bin/../lib/gcc/arm-none-eabi/12.2.1/thumb/v7e-m+fp/softfp\libc_nano.a(libc_a-realloc.o)
                0x00009d68                realloc
 .text._strtol_l.constprop.0
                0x00009d78       0xfc d:/simplicitystudio-5/developer/toolchains/gnu_arm/12.2.rel1_2023.7/bin/../lib/gcc/arm-none-eabi/12.2.1/thumb/v7e-m+fp/softfp\libc_nano.a(libc_a-strtol.o)
 .text.strtol   0x00009e74       0x14 d:/simplicitystudio-5/developer/toolchains/gnu_arm/12.2.rel1_2023.7/bin/../lib/gcc/arm-none-eabi/12.2.1/thumb/v7e-m+fp/softfp\libc_nano.a(libc_a-strtol.o)
                0x00009e74                strtol
 .text.std      0x00009e88       0x6c d:/simplicitystudio-5/developer/toolchains/gnu_arm/12.2.rel1_2023.7/bin/../lib/gcc/arm-none-eabi/12.2.1/thumb/v7e-m+fp/softfp\libc_nano.a(libc_a-findfp.o)
 .text.stdio_exit_handler
                0x00009ef4       0x18 d:/simplicitystudio-5/developer/toolchains/gnu_arm/12.2.rel1_2023.7/bin/../lib/gcc/arm-none-eabi/12.2.1/thumb/v7e-m+fp/softfp\libc_nano.a(libc_a-findfp.o)
 .text.cleanup_stdio
                0x00009f0c       0x40 d:/simplicitystudio-5/developer/toolchains/gnu_arm/12.2.rel1_2023.7/bin/../lib/gcc/arm-none-eabi/12.2.1/thumb/v7e-m+fp/softfp\libc_nano.a(libc_a-findfp.o)
 .text.global_stdio_init.part.0
                0x00009f4c       0x3c d:/simplicitystudio-5/developer/toolchains/gnu_arm/12.2.rel1_2023.7/bin/../lib/gcc/arm-none-eabi/12.2.1/thumb/v7e-m+fp/softfp\libc_nano.a(libc_a-findfp.o)
 .text.__sfp_lock_acquire
                0x00009f88        0xc d:/simplicitystudio-5/developer/toolchains/gnu_arm/12.2.rel1_2023.7/bin/../lib/gcc/arm-none-eabi/12.2.1/thumb/v7e-m+fp/softfp\libc_nano.a(libc_a-findfp.o)
                0x00009f88                __sfp_lock_acquire
 .text.__sfp_lock_release
                0x00009f94        0xc d:/simplicitystudio-5/developer/toolchains/gnu_arm/12.2.rel1_2023.7/bin/../lib/gcc/arm-none-eabi/12.2.1/thumb/v7e-m+fp/softfp\libc_nano.a(libc_a-findfp.o)
                0x00009f94                __sfp_lock_release
 .text.__sinit  0x00009fa0       0x30 d:/simplicitystudio-5/developer/toolchains/gnu_arm/12.2.rel1_2023.7/bin/../lib/gcc/arm-none-eabi/12.2.1/thumb/v7e-m+fp/softfp\libc_nano.a(libc_a-findfp.o)
                0x00009fa0                __sinit
 .text.fprintf  0x00009fd0       0x24 d:/simplicitystudio-5/developer/toolchains/gnu_arm/12.2.rel1_2023.7/bin/../lib/gcc/arm-none-eabi/12.2.1/thumb/v7e-m+fp/softfp\libc_nano.a(libc_a-fprintf.o)
                0x00009fd0                fiprintf
                0x00009fd0                fprintf
 .text.vsnprintf
                0x00009ff4       0x1c d:/simplicitystudio-5/developer/toolchains/gnu_arm/12.2.rel1_2023.7/bin/../lib/gcc/arm-none-eabi/12.2.1/thumb/v7e-m+fp/softfp\libc_nano.a(libc_a-vsnprintf.o)
                0x00009ff4                vsniprintf
                0x00009ff4                vsnprintf
 .text._close_r
                0x0000a010       0x20 d:/simplicitystudio-5/developer/toolchains/gnu_arm/12.2.rel1_2023.7/bin/../lib/gcc/arm-none-eabi/12.2.1/thumb/v7e-m+fp/softfp\libc_nano.a(libc_a-closer.o)
                0x0000a010                _close_r
 .text._lseek_r
                0x0000a030       0x24 d:/simplicitystudio-5/developer/toolchains/gnu_arm/12.2.rel1_2023.7/bin/../lib/gcc/arm-none-eabi/12.2.1/thumb/v7e-m+fp/softfp\libc_nano.a(libc_a-lseekr.o)
                0x0000a030                _lseek_r
 .text._read_r  0x0000a054       0x24 d:/simplicitystudio-5/developer/toolchains/gnu_arm/12.2.rel1_2023.7/bin/../lib/gcc/arm-none-eabi/12.2.1/thumb/v7e-m+fp/softfp\libc_nano.a(libc_a-readr.o)
                0x0000a054                _read_r
 .text._sbrk_r  0x0000a078       0x20 d:/simplicitystudio-5/developer/toolchains/gnu_arm/12.2.rel1_2023.7/bin/../lib/gcc/arm-none-eabi/12.2.1/thumb/v7e-m+fp/softfp\libc_nano.a(libc_a-sbrkr.o)
                0x0000a078                _sbrk_r
 .text._write_r
                0x0000a098       0x24 d:/simplicitystudio-5/developer/toolchains/gnu_arm/12.2.rel1_2023.7/bin/../lib/gcc/arm-none-eabi/12.2.1/thumb/v7e-m+fp/softfp\libc_nano.a(libc_a-writer.o)
                0x0000a098                _write_r
 .text.__errno  0x0000a0bc        0xc d:/simplicitystudio-5/developer/toolchains/gnu_arm/12.2.rel1_2023.7/bin/../lib/gcc/arm-none-eabi/12.2.1/thumb/v7e-m+fp/softfp\libc_nano.a(libc_a-errno.o)
                0x0000a0bc                __errno
 .text.__libc_init_array
                0x0000a0c8       0x48 d:/simplicitystudio-5/developer/toolchains/gnu_arm/12.2.rel1_2023.7/bin/../lib/gcc/arm-none-eabi/12.2.1/thumb/v7e-m+fp/softfp\libc_nano.a(libc_a-init.o)
                0x0000a0c8                __libc_init_array
 .text._free_r  0x0000a110       0x94 d:/simplicitystudio-5/developer/toolchains/gnu_arm/12.2.rel1_2023.7/bin/../lib/gcc/arm-none-eabi/12.2.1/thumb/v7e-m+fp/softfp\libc_nano.a(libc_a-freer.o)
                0x0000a110                _free_r
 .text._svfprintf_r
                0x0000a1a4      0x1f8 d:/simplicitystudio-5/developer/toolchains/gnu_arm/12.2.rel1_2023.7/bin/../lib/gcc/arm-none-eabi/12.2.1/thumb/v7e-m+fp/softfp\libc_nano.a(libc_a-nano-svfprintf.o)
                0x0000a1a4                _svfiprintf_r
                0x0000a1a4                _svfprintf_r
 .text._vfprintf_r
                0x0000a39c      0x230 d:/simplicitystudio-5/developer/toolchains/gnu_arm/12.2.rel1_2023.7/bin/../lib/gcc/arm-none-eabi/12.2.1/thumb/v7e-m+fp/softfp\libc_nano.a(libc_a-nano-vfprintf.o)
                0x0000a39c                _vfprintf_r
                0x0000a39c                _vfiprintf_r
 .text._printf_i
                0x0000a5cc      0x258 d:/simplicitystudio-5/developer/toolchains/gnu_arm/12.2.rel1_2023.7/bin/../lib/gcc/arm-none-eabi/12.2.1/thumb/v7e-m+fp/softfp\libc_nano.a(libc_a-nano-vfprintf_i.o)
                0x0000a5cc                _printf_i
 .text.__swsetup_r
                0x0000a824       0xac d:/simplicitystudio-5/developer/toolchains/gnu_arm/12.2.rel1_2023.7/bin/../lib/gcc/arm-none-eabi/12.2.1/thumb/v7e-m+fp/softfp\libc_nano.a(libc_a-wsetup.o)
                0x0000a824                __swsetup_r
 .text.raise    0x0000a8d0       0x10 d:/simplicitystudio-5/developer/toolchains/gnu_arm/12.2.rel1_2023.7/bin/../lib/gcc/arm-none-eabi/12.2.1/thumb/v7e-m+fp/softfp\libc_nano.a(libc_a-signal.o)
                0x0000a8d0                raise
 .text._kill_r  0x0000a8e0       0x24 d:/simplicitystudio-5/developer/toolchains/gnu_arm/12.2.rel1_2023.7/bin/../lib/gcc/arm-none-eabi/12.2.1/thumb/v7e-m+fp/softfp\libc_nano.a(libc_a-signalr.o)
                0x0000a8e0                _kill_r
 .text._fstat_r
                0x0000a904       0x24 d:/simplicitystudio-5/developer/toolchains/gnu_arm/12.2.rel1_2023.7/bin/../lib/gcc/arm-none-eabi/12.2.1/thumb/v7e-m+fp/softfp\libc_nano.a(libc_a-fstatr.o)
                0x0000a904                _fstat_r
 .text._isatty_r
                0x0000a928       0x20 d:/simplicitystudio-5/developer/toolchains/gnu_arm/12.2.rel1_2023.7/bin/../lib/gcc/arm-none-eabi/12.2.1/thumb/v7e-m+fp/softfp\libc_nano.a(libc_a-isattyr.o)
                0x0000a928                _isatty_r
 .text.pow      0x0000a948       0xdc d:/simplicitystudio-5/developer/toolchains/gnu_arm/12.2.rel1_2023.7/bin/../lib/gcc/arm-none-eabi/12.2.1/thumb/v7e-m+fp/softfp\libm.a(libm_a-w_pow.o)
                0x0000a948                pow
 .text.fabs     0x0000aa24        0x8 d:/simplicitystudio-5/developer/toolchains/gnu_arm/12.2.rel1_2023.7/bin/../lib/gcc/arm-none-eabi/12.2.1/thumb/v7e-m+fp/softfp\libm.a(libm_a-s_fabs.o)
                0x0000aa24                fabs
 .text.with_errno
                0x0000aa2c       0x18 d:/simplicitystudio-5/developer/toolchains/gnu_arm/12.2.rel1_2023.7/bin/../lib/gcc/arm-none-eabi/12.2.1/thumb/v7e-m+fp/softfp\libm.a(libm_a-math_err.o)
 .text.xflow    0x0000aa44       0x28 d:/simplicitystudio-5/developer/toolchains/gnu_arm/12.2.rel1_2023.7/bin/../lib/gcc/arm-none-eabi/12.2.1/thumb/v7e-m+fp/softfp\libm.a(libm_a-math_err.o)
 .text.__math_uflow
                0x0000aa6c        0xc d:/simplicitystudio-5/developer/toolchains/gnu_arm/12.2.rel1_2023.7/bin/../lib/gcc/arm-none-eabi/12.2.1/thumb/v7e-m+fp/softfp\libm.a(libm_a-math_err.o)
                0x0000aa6c                __math_uflow
 .text.__math_oflow
                0x0000aa78        0xc d:/simplicitystudio-5/developer/toolchains/gnu_arm/12.2.rel1_2023.7/bin/../lib/gcc/arm-none-eabi/12.2.1/thumb/v7e-m+fp/softfp\libm.a(libm_a-math_err.o)
                0x0000aa78                __math_oflow
 .text.__ieee754_sqrt
                0x0000aa84      0x1dc d:/simplicitystudio-5/developer/toolchains/gnu_arm/12.2.rel1_2023.7/bin/../lib/gcc/arm-none-eabi/12.2.1/thumb/v7e-m+fp/softfp\libm.a(libm_a-e_sqrt.o)
                0x0000aa84                __ieee754_sqrt
 .text          0x0000ac60      0x424 d:/simplicitystudio-5/developer/toolchains/gnu_arm/12.2.rel1_2023.7/bin/../lib/gcc/arm-none-eabi/12.2.1/thumb/v7e-m+fp/softfp\libgcc.a(_arm_muldivdf3.o)
                0x0000ac60                __aeabi_dmul
                0x0000ac60                __muldf3
                0x0000aeb4                __divdf3
                0x0000aeb4                __aeabi_ddiv
 .text          0x0000b084      0x110 d:/simplicitystudio-5/developer/toolchains/gnu_arm/12.2.rel1_2023.7/bin/../lib/gcc/arm-none-eabi/12.2.1/thumb/v7e-m+fp/softfp\libgcc.a(_arm_cmpdf2.o)
                0x0000b084                __gtdf2
                0x0000b084                __gedf2
                0x0000b08c                __ltdf2
                0x0000b08c                __ledf2
                0x0000b094                __nedf2
                0x0000b094                __eqdf2
                0x0000b094                __cmpdf2
                0x0000b110                __aeabi_cdrcmple
                0x0000b120                __aeabi_cdcmpeq
                0x0000b120                __aeabi_cdcmple
                0x0000b130                __aeabi_dcmpeq
                0x0000b144                __aeabi_dcmplt
                0x0000b158                __aeabi_dcmple
                0x0000b16c                __aeabi_dcmpge
                0x0000b180                __aeabi_dcmpgt
 .text          0x0000b194       0x2c d:/simplicitystudio-5/developer/toolchains/gnu_arm/12.2.rel1_2023.7/bin/../lib/gcc/arm-none-eabi/12.2.1/thumb/v7e-m+fp/softfp\libgcc.a(_arm_unorddf2.o)
                0x0000b194                __unorddf2
                0x0000b194                __aeabi_dcmpun
 .text.stbi__mul2sizes_valid
                0x0000b1c0       0x22 ./app.o
 .text.stbi__mad3sizes_valid
                0x0000b1e2       0x34 ./app.o
 .text.stbi__refill_buffer
                0x0000b216       0x48 ./app.o
 .text.stbi__at_eof
                0x0000b25e       0x2a ./app.o
 .text.stbi__clamp
                0x0000b288        0xe ./app.o
 .text.stbi__jpeg_reset
                0x0000b296       0x3e ./app.o
 .text.resample_row_1
                0x0000b2d4        0x4 ./app.o
 .text.stbi__resample_row_v_2
                0x0000b2d8       0x1e ./app.o
 .text.stbi__resample_row_hv_2
                0x0000b2f6       0x62 ./app.o
 .text.stbi__resample_row_generic
                0x0000b358       0x28 ./app.o
 .text.stbi__blinn_8x8
                0x0000b380        0xe ./app.o
 .text.stbi__bitreverse16
                0x0000b38e       0x42 ./app.o
 .text.stbi__zget8
                0x0000b3d0       0x12 ./app.o
 .text.stbi__fill_bits
                0x0000b3e2       0x2a ./app.o
 .text.stbi__zreceive
                0x0000b40c       0x28 ./app.o
 .text.stbi__zhuffman_decode
                0x0000b434       0xa2 ./app.o
 .text.stbi__high_bit
                0x0000b4d6       0x36 ./app.o
 .text.stbi__bitcount
                0x0000b50c       0x2c ./app.o
 .text.stbi__tga_get_comp
                0x0000b538       0x4c ./app.o
 .text.stbi__out_gif_code
                0x0000b584       0xc0 ./app.o
 .text.stbi__getn
                0x0000b644       0x5a ./app.o
 .text.stbi__vertical_flip
                0x0000b69e       0x72 ./app.o
 .text.stbi__malloc_mad3
                0x0000b710       0x20 ./app.o
 .text.stbi__malloc_mad2
                0x0000b730       0x28 ./app.o
 .text.stbi__get8
                0x0000b758       0x28 ./app.o
 .text.stbi__get16be
                0x0000b780       0x16 ./app.o
 .text.stbi__get32be
                0x0000b796       0x16 ./app.o
 .text.stbi__get16le
                0x0000b7ac       0x16 ./app.o
 .text.stbi__get32le
                0x0000b7c2       0x16 ./app.o
 .text.stbi__tga_read_rgb16
                0x0000b7d8       0x34 ./app.o
 .text.stbi__grow_buffer_unsafe
                0x0000b80c       0x54 ./app.o
 .text.stbi__jpeg_get_bit
                0x0000b860       0x36 ./app.o
 .text.stbi__pic_is4
                0x0000b896       0x22 ./app.o
 .text.stbi__gif_test_raw
                0x0000b8b8       0x4c ./app.o
 .text.stbi__gif_parse_colortable
                0x0000b904       0x4a ./app.o
 .text.stbi__hdr_gettoken
                0x0000b94e       0x58 ./app.o
 .text.stbi__pnm_skip_whitespace
                0x0000b9a6       0x52 ./app.o
 .text.stbi__skip.part.0
                0x0000b9f8       0x30 ./app.o
 .text.stbi__skip
                0x0000ba28       0x16 ./app.o
 .text.stbi__get_marker
                0x0000ba3e       0x30 ./app.o
 .text.stbi__resample_row_h_2
                0x0000ba6e       0x8a ./app.o
 .text.stbi__hdr_test_core
                0x0000baf8       0x30 ./app.o
 .text.stbi__free_jpeg_components.constprop.0
                0x0000bb28       0x3e ./app.o
 .text.stbi__cleanup_jpeg
                0x0000bb66        0x8 ./app.o
 .text.stbi__mad4sizes_valid.constprop.0
                0x0000bb6e       0x2c ./app.o
 .text.stbi__malloc_mad4.constprop.0
                0x0000bb9a       0x20 ./app.o
 .text.stbi__gif_load.constprop.0
                0x0000bbba       0x82 ./app.o
 .text.stbi_zlib_decode_malloc_guesssize_headerflag
                0x0000bc3c       0x52 ./app.o
                0x0000bc3c                stbi_zlib_decode_malloc_guesssize_headerflag
 .text.stbi_load_from_memory
                0x0000bc8e       0x2c ./app.o
                0x0000bc8e                stbi_load_from_memory
 .text.app_process_action
                0x0000bcba        0x2 ./app.o
                0x0000bcba                app_process_action
 .text.startup.main
                0x0000bcbc       0x14 ./main.o
                0x0000bcbc                main
 .text.rgb_to_grayscale
                0x0000bcd0       0x90 ./nv_optical_flow.o
                0x0000bcd0                rgb_to_grayscale
 .text.build_image_pyramid
                0x0000bd60       0x54 ./nv_optical_flow.o
                0x0000bd60                build_image_pyramid
 .text.compute_gradient
                0x0000bdb4       0xc2 ./nv_optical_flow.o
                0x0000bdb4                compute_gradient
 .text.find_strong_feature
                0x0000be76      0x172 ./nv_optical_flow.o
                0x0000be76                find_strong_feature
 .text.lucas_kanade_pyramid
                0x0000bfe8       0x76 ./nv_optical_flow.o
                0x0000bfe8                lucas_kanade_pyramid
 .text.usart_printf
                0x0000c05e       0x38 ./nv_usart.o
                0x0000c05e                usart_printf
 .text.sl_board_default_init
                0x0000c096        0x4 ./autogen/sl_board_default_init.o
                0x0000c096                sl_board_default_init
 .text.sl_driver_init
                0x0000c09a        0xe ./autogen/sl_event_handler.o
                0x0000c09a                sl_driver_init
 .text.sl_service_init
                0x0000c0a8        0xe ./autogen/sl_event_handler.o
                0x0000c0a8                sl_service_init
 .text.sl_stack_init
                0x0000c0b6        0x2 ./autogen/sl_event_handler.o
                0x0000c0b6                sl_stack_init
 .text.sl_internal_app_init
                0x0000c0b8        0x2 ./autogen/sl_event_handler.o
                0x0000c0b8                sl_internal_app_init
 .text.sl_platform_process_action
                0x0000c0ba        0x2 ./autogen/sl_event_handler.o
                0x0000c0ba                sl_platform_process_action
 .text.sl_service_process_action
                0x0000c0bc        0x2 ./autogen/sl_event_handler.o
                0x0000c0bc                sl_service_process_action
 .text.sl_stack_process_action
                0x0000c0be        0x2 ./autogen/sl_event_handler.o
                0x0000c0be                sl_stack_process_action
 .text.sl_internal_app_process_action
                0x0000c0c0        0x2 ./autogen/sl_event_handler.o
                0x0000c0c0                sl_internal_app_process_action
 .text.sl_board_configure_vcom
                0x0000c0c2        0x4 ./gecko_sdk_4.4.6/hardware/board/src/sl_board_control_gpio.o
                0x0000c0c2                sl_board_configure_vcom
 .text.sl_board_disable_vcom
                0x0000c0c6       0x12 ./gecko_sdk_4.4.6/hardware/board/src/sl_board_control_gpio.o
                0x0000c0c6                sl_board_disable_vcom
 .text.sl_cos_send_config
                0x0000c0d8       0x12 ./gecko_sdk_4.4.6/hardware/driver/configuration_over_swo/src/sl_cos.o
                0x0000c0d8                sl_cos_send_config
 .text.Default_Handler
                0x0000c0ea        0x2 ./gecko_sdk_4.4.6/platform/Device/SiliconLabs/EFR32MG12P/Source/startup_efr32mg12p.o
                0x0000c0ea                DebugMon_Handler
                0x0000c0ea                USART0_TX_IRQHandler
                0x0000c0ea                I2C0_IRQHandler
                0x0000c0ea                HardFault_Handler
                0x0000c0ea                SysTick_Handler
                0x0000c0ea                USART1_RX_IRQHandler
                0x0000c0ea                PendSV_Handler
                0x0000c0ea                NMI_Handler
                0x0000c0ea                SYNTH_IRQHandler
                0x0000c0ea                I2C1_IRQHandler
                0x0000c0ea                WTIMER0_IRQHandler
                0x0000c0ea                CRYPTO0_IRQHandler
                0x0000c0ea                WDOG0_IRQHandler
                0x0000c0ea                USART1_TX_IRQHandler
                0x0000c0ea                SMU_IRQHandler
                0x0000c0ea                MSC_IRQHandler
                0x0000c0ea                ADC0_IRQHandler
                0x0000c0ea                UsageFault_Handler
                0x0000c0ea                WDOG1_IRQHandler
                0x0000c0ea                LEUART0_IRQHandler
                0x0000c0ea                FPUEH_IRQHandler
                0x0000c0ea                WTIMER1_IRQHandler
                0x0000c0ea                GPIO_EVEN_IRQHandler
                0x0000c0ea                VDAC0_IRQHandler
                0x0000c0ea                LDMA_IRQHandler
                0x0000c0ea                CSEN_IRQHandler
                0x0000c0ea                CRYPTO1_IRQHandler
                0x0000c0ea                TIMER0_IRQHandler
                0x0000c0ea                PCNT2_IRQHandler
                0x0000c0ea                LETIMER0_IRQHandler
                0x0000c0ea                TIMER1_IRQHandler
                0x0000c0ea                TRNG0_IRQHandler
                0x0000c0ea                RFSENSE_IRQHandler
                0x0000c0ea                BUFC_IRQHandler
                0x0000c0ea                MODEM_IRQHandler
                0x0000c0ea                Default_Handler
                0x0000c0ea                RAC_SEQ_IRQHandler
                0x0000c0ea                FRC_PRI_IRQHandler
                0x0000c0ea                EMU_IRQHandler
                0x0000c0ea                FRC_IRQHandler
                0x0000c0ea                CRYOTIMER_IRQHandler
                0x0000c0ea                PCNT0_IRQHandler
                0x0000c0ea                AGC_IRQHandler
                0x0000c0ea                sl_app_properties
                0x0000c0ea                PCNT1_IRQHandler
                0x0000c0ea                ACMP0_IRQHandler
                0x0000c0ea                USART0_RX_IRQHandler
                0x0000c0ea                MemManage_Handler
                0x0000c0ea                SVC_Handler
                0x0000c0ea                USART3_RX_IRQHandler
                0x0000c0ea                CMU_IRQHandler
                0x0000c0ea                RAC_RSM_IRQHandler
                0x0000c0ea                GPIO_ODD_IRQHandler
                0x0000c0ea                LESENSE_IRQHandler
                0x0000c0ea                USART3_TX_IRQHandler
                0x0000c0ea                PROTIMER_IRQHandler
                0x0000c0ea                BusFault_Handler
                0x0000c0ea                IDAC0_IRQHandler
 .text.SystemLFRCOClockGet
                0x0000c0ec        0x6 ./gecko_sdk_4.4.6/platform/Device/SiliconLabs/EFR32MG12P/Source/system_efr32mg12p.o
                0x0000c0ec                SystemLFRCOClockGet
 .text.SystemULFRCOClockGet
                0x0000c0f2        0x6 ./gecko_sdk_4.4.6/platform/Device/SiliconLabs/EFR32MG12P/Source/system_efr32mg12p.o
                0x0000c0f2                SystemULFRCOClockGet
 .text.assertEFM
                0x0000c0f8        0x2 ./gecko_sdk_4.4.6/platform/common/src/sl_assert.o
                0x0000c0f8                assertEFM
 .text._close   0x0000c0fa        0x6 ./gecko_sdk_4.4.6/platform/common/src/sl_syscalls.o
                0x0000c0fa                _close
 .text._exit    0x0000c100        0x2 ./gecko_sdk_4.4.6/platform/common/src/sl_syscalls.o
                0x0000c100                _exit
 .text._fstat   0x0000c102        0x4 ./gecko_sdk_4.4.6/platform/common/src/sl_syscalls.o
                0x0000c102                _fstat
 .text._getpid  0x0000c106        0x4 ./gecko_sdk_4.4.6/platform/common/src/sl_syscalls.o
                0x0000c106                _getpid
 .text._isatty  0x0000c10a        0x4 ./gecko_sdk_4.4.6/platform/common/src/sl_syscalls.o
                0x0000c10a                _isatty
 .text._kill    0x0000c10e        0x6 ./gecko_sdk_4.4.6/platform/common/src/sl_syscalls.o
                0x0000c10e                _kill
 .text._lseek   0x0000c114        0x4 ./gecko_sdk_4.4.6/platform/common/src/sl_syscalls.o
                0x0000c114                _lseek
 .text._read    0x0000c118        0x4 ./gecko_sdk_4.4.6/platform/common/src/sl_syscalls.o
                0x0000c118                _read
 .text._write   0x0000c11c        0x4 ./gecko_sdk_4.4.6/platform/common/src/sl_syscalls.o
                0x0000c11c                _write
 .text.sl_debug_swo_enable_itm
                0x0000c120       0x16 ./gecko_sdk_4.4.6/platform/driver/debug/src/sl_debug_swo.o
                0x0000c120                sl_debug_swo_enable_itm
 .text.sl_debug_swo_disable_itm
                0x0000c136       0x18 ./gecko_sdk_4.4.6/platform/driver/debug/src/sl_debug_swo.o
                0x0000c136                sl_debug_swo_disable_itm
 .text.CMU_ClockDivGet
                0x0000c14e        0xa ./gecko_sdk_4.4.6/platform/emlib/src/em_cmu.o
                0x0000c14e                CMU_ClockDivGet
 .text.CORE_EnterCritical
                0x0000c158        0x8 ./gecko_sdk_4.4.6/platform/emlib/src/em_core.o
                0x0000c158                CORE_EnterCritical
 .text.CORE_ExitCritical
                0x0000c160        0x6 ./gecko_sdk_4.4.6/platform/emlib/src/em_core.o
                0x0000c160                CORE_ExitCritical
 .text.CORE_EnterAtomic
                0x0000c166        0xc ./gecko_sdk_4.4.6/platform/emlib/src/em_core.o
                0x0000c166                CORE_EnterAtomic
 .text.CORE_ExitAtomic
                0x0000c172        0x6 ./gecko_sdk_4.4.6/platform/emlib/src/em_core.o
                0x0000c172                CORE_ExitAtomic
 .text.BUS_RegMaskedWrite
                0x0000c178       0x1e ./gecko_sdk_4.4.6/platform/emlib/src/em_gpio.o
 .text.USART_SpiTransfer
                0x0000c196       0x14 ./gecko_sdk_4.4.6/platform/emlib/src/em_usart.o
                0x0000c196                USART_SpiTransfer
 .text.sl_device_init_emu
                0x0000c1aa       0x1c ./gecko_sdk_4.4.6/platform/service/device_init/src/sl_device_init_emu_s1.o
                0x0000c1aa                sl_device_init_emu
 .text.CMU_PrescToLog2.constprop.0
                0x0000c1c6        0x4 ./gecko_sdk_4.4.6/platform/service/sleeptimer/src/sl_sleeptimer_hal_rtcc.o
 .text.sl_system_init
                0x0000c1ca       0x1a ./gecko_sdk_4.4.6/platform/service/system/src/sl_system_init.o
                0x0000c1ca                sl_system_init
 .text.sl_system_process_action
                0x0000c1e4       0x16 ./gecko_sdk_4.4.6/platform/service/system/src/sl_system_process_action.o
                0x0000c1e4                sl_system_process_action
 .text.abs      0x0000c1fa        0x8 d:/simplicitystudio-5/developer/toolchains/gnu_arm/12.2.rel1_2023.7/bin/../lib/gcc/arm-none-eabi/12.2.1/thumb/v7e-m+fp/softfp\libc_nano.a(libc_a-abs.o)
                0x0000c1fa                abs
 .text._realloc_r
                0x0000c202       0x5c d:/simplicitystudio-5/developer/toolchains/gnu_arm/12.2.rel1_2023.7/bin/../lib/gcc/arm-none-eabi/12.2.1/thumb/v7e-m+fp/softfp\libc_nano.a(libc_a-reallocr.o)
                0x0000c202                _realloc_r
 .text._fwalk_sglue
                0x0000c25e       0x3c d:/simplicitystudio-5/developer/toolchains/gnu_arm/12.2.rel1_2023.7/bin/../lib/gcc/arm-none-eabi/12.2.1/thumb/v7e-m+fp/softfp\libc_nano.a(libc_a-fwalk.o)
                0x0000c25e                _fwalk_sglue
 .text.__sread  0x0000c29a       0x22 d:/simplicitystudio-5/developer/toolchains/gnu_arm/12.2.rel1_2023.7/bin/../lib/gcc/arm-none-eabi/12.2.1/thumb/v7e-m+fp/softfp\libc_nano.a(libc_a-stdio.o)
                0x0000c29a                __sread
 .text.__swrite
                0x0000c2bc       0x38 d:/simplicitystudio-5/developer/toolchains/gnu_arm/12.2.rel1_2023.7/bin/../lib/gcc/arm-none-eabi/12.2.1/thumb/v7e-m+fp/softfp\libc_nano.a(libc_a-stdio.o)
                0x0000c2bc                __swrite
 .text.__sseek  0x0000c2f4       0x24 d:/simplicitystudio-5/developer/toolchains/gnu_arm/12.2.rel1_2023.7/bin/../lib/gcc/arm-none-eabi/12.2.1/thumb/v7e-m+fp/softfp\libc_nano.a(libc_a-stdio.o)
                0x0000c2f4                __sseek
 .text.__sclose
                0x0000c318        0x8 d:/simplicitystudio-5/developer/toolchains/gnu_arm/12.2.rel1_2023.7/bin/../lib/gcc/arm-none-eabi/12.2.1/thumb/v7e-m+fp/softfp\libc_nano.a(libc_a-stdio.o)
                0x0000c318                __sclose
 .text._vsnprintf_r
                0x0000c320       0x56 d:/simplicitystudio-5/developer/toolchains/gnu_arm/12.2.rel1_2023.7/bin/../lib/gcc/arm-none-eabi/12.2.1/thumb/v7e-m+fp/softfp\libc_nano.a(libc_a-vsnprintf.o)
                0x0000c320                _vsniprintf_r
                0x0000c320                _vsnprintf_r
 .text.memset   0x0000c376       0x10 d:/simplicitystudio-5/developer/toolchains/gnu_arm/12.2.rel1_2023.7/bin/../lib/gcc/arm-none-eabi/12.2.1/thumb/v7e-m+fp/softfp\libc_nano.a(libc_a-memset.o)
                0x0000c376                memset
 .text.strncmp  0x0000c386       0x24 d:/simplicitystudio-5/developer/toolchains/gnu_arm/12.2.rel1_2023.7/bin/../lib/gcc/arm-none-eabi/12.2.1/thumb/v7e-m+fp/softfp\libc_nano.a(libc_a-strncmp.o)
                0x0000c386                strncmp
 .text.__retarget_lock_init_recursive
                0x0000c3aa        0x2 d:/simplicitystudio-5/developer/toolchains/gnu_arm/12.2.rel1_2023.7/bin/../lib/gcc/arm-none-eabi/12.2.1/thumb/v7e-m+fp/softfp\libc_nano.a(libc_a-lock.o)
                0x0000c3aa                __retarget_lock_init_recursive
 .text.__retarget_lock_acquire_recursive
                0x0000c3ac        0x2 d:/simplicitystudio-5/developer/toolchains/gnu_arm/12.2.rel1_2023.7/bin/../lib/gcc/arm-none-eabi/12.2.1/thumb/v7e-m+fp/softfp\libc_nano.a(libc_a-lock.o)
                0x0000c3ac                __retarget_lock_acquire_recursive
 .text.__retarget_lock_release_recursive
                0x0000c3ae        0x2 d:/simplicitystudio-5/developer/toolchains/gnu_arm/12.2.rel1_2023.7/bin/../lib/gcc/arm-none-eabi/12.2.1/thumb/v7e-m+fp/softfp\libc_nano.a(libc_a-lock.o)
                0x0000c3ae                __retarget_lock_release_recursive
 .text          0x0000c3b0       0x14 d:/simplicitystudio-5/developer/toolchains/gnu_arm/12.2.rel1_2023.7/bin/../lib/gcc/arm-none-eabi/12.2.1/thumb/v7e-m+fp/softfp\libc_nano.a(libc_a-strcmp.o)
                0x0000c3b0                strcmp
 .text.memcpy   0x0000c3c4       0x1c d:/simplicitystudio-5/developer/toolchains/gnu_arm/12.2.rel1_2023.7/bin/../lib/gcc/arm-none-eabi/12.2.1/thumb/v7e-m+fp/softfp\libc_nano.a(libc_a-memcpy-stub.o)
                0x0000c3c4                memcpy
 .text.ldexp    0x0000c3e0       0x4c d:/simplicitystudio-5/developer/toolchains/gnu_arm/12.2.rel1_2023.7/bin/../lib/gcc/arm-none-eabi/12.2.1/thumb/v7e-m+fp/softfp\libc_nano.a(libm_a-s_ldexp.o)
                0x0000c3e0                ldexp
 .text.finite   0x0000c42c        0xc d:/simplicitystudio-5/developer/toolchains/gnu_arm/12.2.rel1_2023.7/bin/../lib/gcc/arm-none-eabi/12.2.1/thumb/v7e-m+fp/softfp\libc_nano.a(libm_a-s_finite.o)
                0x0000c42c                finite
 .text.abort    0x0000c438        0xe d:/simplicitystudio-5/developer/toolchains/gnu_arm/12.2.rel1_2023.7/bin/../lib/gcc/arm-none-eabi/12.2.1/thumb/v7e-m+fp/softfp\libc_nano.a(libc_a-abort.o)
                0x0000c438                abort
 .text._malloc_usable_size_r
                0x0000c446       0x10 d:/simplicitystudio-5/developer/toolchains/gnu_arm/12.2.rel1_2023.7/bin/../lib/gcc/arm-none-eabi/12.2.1/thumb/v7e-m+fp/softfp\libc_nano.a(libc_a-msizer.o)
                0x0000c446                _malloc_usable_size_r
 .text.__ssputs_r
                0x0000c456       0xb6 d:/simplicitystudio-5/developer/toolchains/gnu_arm/12.2.rel1_2023.7/bin/../lib/gcc/arm-none-eabi/12.2.1/thumb/v7e-m+fp/softfp\libc_nano.a(libc_a-nano-svfprintf.o)
                0x0000c456                __ssputs_r
 .text.__sfputc_r
                0x0000c50c       0x2e d:/simplicitystudio-5/developer/toolchains/gnu_arm/12.2.rel1_2023.7/bin/../lib/gcc/arm-none-eabi/12.2.1/thumb/v7e-m+fp/softfp\libc_nano.a(libc_a-nano-vfprintf.o)
 .text.__sfputs_r
                0x0000c53a       0x24 d:/simplicitystudio-5/developer/toolchains/gnu_arm/12.2.rel1_2023.7/bin/../lib/gcc/arm-none-eabi/12.2.1/thumb/v7e-m+fp/softfp\libc_nano.a(libc_a-nano-vfprintf.o)
                0x0000c53a                __sfputs_r
 .text._printf_common
                0x0000c55e       0xda d:/simplicitystudio-5/developer/toolchains/gnu_arm/12.2.rel1_2023.7/bin/../lib/gcc/arm-none-eabi/12.2.1/thumb/v7e-m+fp/softfp\libc_nano.a(libc_a-nano-vfprintf_i.o)
                0x0000c55e                _printf_common
 .text.__sflush_r
                0x0000c638      0x108 d:/simplicitystudio-5/developer/toolchains/gnu_arm/12.2.rel1_2023.7/bin/../lib/gcc/arm-none-eabi/12.2.1/thumb/v7e-m+fp/softfp\libc_nano.a(libc_a-fflush.o)
                0x0000c638                __sflush_r
 .text._fflush_r
                0x0000c740       0x50 d:/simplicitystudio-5/developer/toolchains/gnu_arm/12.2.rel1_2023.7/bin/../lib/gcc/arm-none-eabi/12.2.1/thumb/v7e-m+fp/softfp\libc_nano.a(libc_a-fflush.o)
                0x0000c740                _fflush_r
 .text.__swbuf_r
                0x0000c790       0x7c d:/simplicitystudio-5/developer/toolchains/gnu_arm/12.2.rel1_2023.7/bin/../lib/gcc/arm-none-eabi/12.2.1/thumb/v7e-m+fp/softfp\libc_nano.a(libc_a-wbuf.o)
                0x0000c790                __swbuf_r
 .text.memmove  0x0000c80c       0x34 d:/simplicitystudio-5/developer/toolchains/gnu_arm/12.2.rel1_2023.7/bin/../lib/gcc/arm-none-eabi/12.2.1/thumb/v7e-m+fp/softfp\libc_nano.a(libc_a-memmove.o)
                0x0000c80c                memmove
 .text._raise_r
                0x0000c840       0x50 d:/simplicitystudio-5/developer/toolchains/gnu_arm/12.2.rel1_2023.7/bin/../lib/gcc/arm-none-eabi/12.2.1/thumb/v7e-m+fp/softfp\libc_nano.a(libc_a-signal.o)
                0x0000c840                _raise_r
 .text._getpid_r
                0x0000c890        0x4 d:/simplicitystudio-5/developer/toolchains/gnu_arm/12.2.rel1_2023.7/bin/../lib/gcc/arm-none-eabi/12.2.1/thumb/v7e-m+fp/softfp\libc_nano.a(libc_a-signalr.o)
                0x0000c890                _getpid_r
 .text.__swhatbuf_r
                0x0000c894       0x4c d:/simplicitystudio-5/developer/toolchains/gnu_arm/12.2.rel1_2023.7/bin/../lib/gcc/arm-none-eabi/12.2.1/thumb/v7e-m+fp/softfp\libc_nano.a(libc_a-makebuf.o)
                0x0000c894                __swhatbuf_r
 .text.__smakebuf_r
                0x0000c8e0       0x78 d:/simplicitystudio-5/developer/toolchains/gnu_arm/12.2.rel1_2023.7/bin/../lib/gcc/arm-none-eabi/12.2.1/thumb/v7e-m+fp/softfp\libc_nano.a(libc_a-makebuf.o)
                0x0000c8e0                __smakebuf_r
                0x0000c960                . = ALIGN (0x20)
 *fill*         0x0000c958        0x8 
                0x0000c960                linker_code_end = .
 *(.init)
 .init          0x0000c960        0x4 d:/simplicitystudio-5/developer/toolchains/gnu_arm/12.2.rel1_2023.7/bin/../lib/gcc/arm-none-eabi/12.2.1/thumb/v7e-m+fp/softfp/crti.o
                0x0000c960                _init
 .init          0x0000c964        0x8 d:/simplicitystudio-5/developer/toolchains/gnu_arm/12.2.rel1_2023.7/bin/../lib/gcc/arm-none-eabi/12.2.1/thumb/v7e-m+fp/softfp/crtn.o
 *(.fini)
 .fini          0x0000c96c        0x4 d:/simplicitystudio-5/developer/toolchains/gnu_arm/12.2.rel1_2023.7/bin/../lib/gcc/arm-none-eabi/12.2.1/thumb/v7e-m+fp/softfp/crti.o
                0x0000c96c                _fini
 .fini          0x0000c970        0x8 d:/simplicitystudio-5/developer/toolchains/gnu_arm/12.2.rel1_2023.7/bin/../lib/gcc/arm-none-eabi/12.2.1/thumb/v7e-m+fp/softfp/crtn.o
 *crtbegin.o(.ctors)
 *crtbegin?.o(.ctors)
 *(EXCLUDE_FILE(*crtend.o *crtend?.o) .ctors)
 *(SORT_BY_NAME(.ctors.*))
 *(.ctors)
 *crtbegin.o(.dtors)
 *crtbegin?.o(.dtors)
 *(EXCLUDE_FILE(*crtend.o *crtend?.o) .dtors)
 *(SORT_BY_NAME(.dtors.*))
 *(.dtors)
                0x0000c978                __code_classification_validator_start__ = .
                0x0000c998                . = (. + 0x20)
 *fill*         0x0000c978       0x20 
 *(code_classification_validator)
                0x0000c9a0                . = ALIGN (0x20)
 *fill*         0x0000c998        0x8 
                0x0000c9a0                __code_classification_validator_end__ = .
 *(.rodata*)
 .rodata.rx_callback.str1.1
                0x0000c9a0        0x4 ./app.o
 .rodata.stbi__jpeg_huff_decode.str1.1
                0x0000c9a4       0x61 ./app.o
 .rodata.stbi__hdr_test.str1.1
                0x0000ca05       0x14 ./app.o
 .rodata.stbi__hdr_info.str1.1
                0x0000ca19       0x1f ./app.o
 .rodata.stbi__create_png_alpha_expand8.str1.1
                0x0000ca38        0xb ./app.o
 .rodata.stbi__shiftsigned.str1.1
                0x0000ca43       0x1f ./app.o
 .rodata.stbi__pnm_getinteger.str1.1
                0x0000ca62       0x17 ./app.o
 .rodata.stbi__pnm_info.str1.1
                0x0000ca79       0x20 ./app.o
 .rodata.stbi__load_gif_main_outofmem.str1.1
                0x0000ca99        0x9 ./app.o
 .rodata.stbi__gif_header.str1.1
                0x0000caa2       0x12 ./app.o
                                 0x13 (size before relaxing)
 .rodata.stbi__readval.str1.1
                0x0000cab4        0x9 ./app.o
 .rodata.stbi__check_png_header.str1.1
                0x0000cabd        0xc ./app.o
 .rodata.stbi__zexpand.str1.1
                0x0000cac9       0x14 ./app.o
 .rodata.stbi__zbuild_huffman.str1.1
                0x0000cadd       0x1a ./app.o
 .rodata.stbi__parse_zlib.str1.1
                0x0000caf7       0x76 ./app.o
 .rodata.stbi__jpeg_decode_block.str1.1
                0x0000cb6d       0x20 ./app.o
 .rodata.stbi__build_huffman.str1.1
                0x0000cb8d       0x1f ./app.o
 .rodata.stbi__process_marker.str1.1
                0x0000cbac       0x6d ./app.o
 .rodata.stbi__gif_load_next.constprop.0.str1.1
                0x0000cc19       0x6a ./app.o
 .rodata.stbi__decode_jpeg_header.str1.1
                0x0000cc83       0x65 ./app.o
 .rodata.stbi__hdr_load.constprop.0.str1.1
                0x0000cce8       0x65 ./app.o
                                 0x6d (size before relaxing)
 .rodata.stbi__bmp_parse_header.constprop.0.str1.1
                0x0000cd4d       0x31 ./app.o
 .rodata.stbi__convert_format16.str1.1
                0x0000cd7e       0x21 ./app.o
 .rodata.stbi__bmp_load.constprop.0.str1.1
                0x0000cd9f       0x30 ./app.o
 .rodata.stbi__create_png_image_raw.str1.1
                0x0000cdcf       0x66 ./app.o
 .rodata.stbi__parse_png_file.str1.1
                0x0000ce35      0x12d ./app.o
 .rodata.stbi__load_main.str1.1
                0x0000cf62      0x125 ./app.o
 .rodata.stbi__load_and_postprocess_16bit.str1.1
                0x0000d087       0x36 ./app.o
 .rodata.app_init.str1.1
                0x0000d0bd      0x150 ./app.o
 .rodata.length_dezigzag.1
                0x0000d20d       0x13 ./app.o
 .rodata.__func__.3
                0x0000d220       0x20 ./app.o
 .rodata.__func__.4
                0x0000d240        0xf ./app.o
 .rodata.__func__.5
                0x0000d24f       0x17 ./app.o
 .rodata.rgb.6  0x0000d266        0x3 ./app.o
 .rodata.tag.7  0x0000d269        0x6 ./app.o
 .rodata.tag.8  0x0000d26f        0x5 ./app.o
 .rodata.shift_table.9
                0x0000d274       0x24 ./app.o
 .rodata.mul_table.10
                0x0000d298       0x24 ./app.o
 .rodata.__func__.11
                0x0000d2bc       0x12 ./app.o
 .rodata.__func__.12
                0x0000d2ce       0x17 ./app.o
 .rodata.__func__.13
                0x0000d2e5       0x15 ./app.o
 .rodata.__func__.14
                0x0000d2fa       0x10 ./app.o
 .rodata.__func__.15
                0x0000d30a       0x1b ./app.o
 .rodata.__func__.16
                0x0000d325       0x1d ./app.o
 .rodata.__func__.17
                0x0000d342       0x1f ./app.o
 .rodata.__func__.18
                0x0000d361       0x1b ./app.o
 .rodata.png_sig.20
                0x0000d37c        0x8 ./app.o
 .rodata.frame2_jpg
                0x0000d384     0x1417 ./app.o
                0x0000d384                frame2_jpg
 .rodata.frame1_jpg
                0x0000e79b     0x13d3 ./app.o
                0x0000e79b                frame1_jpg
 .rodata.stbi__depth_scale_table
                0x0000fb6e        0x9 ./app.o
 .rodata.first_row_filter
                0x0000fb77        0x5 ./app.o
 .rodata.stbi__zdefault_distance
                0x0000fb7c       0x20 ./app.o
 .rodata.stbi__zdefault_length
                0x0000fb9c      0x120 ./app.o
 .rodata.stbi__zdist_extra
                0x0000fcbc       0x80 ./app.o
 .rodata.stbi__zdist_base
                0x0000fd3c       0x80 ./app.o
 .rodata.stbi__zlength_extra
                0x0000fdbc       0x7c ./app.o
 .rodata.stbi__zlength_base
                0x0000fe38       0x7c ./app.o
 .rodata.stbi__jpeg_dezigzag
                0x0000feb4       0x4f ./app.o
 *fill*         0x0000ff03        0x1 
 .rodata.stbi__jbias
                0x0000ff04       0x40 ./app.o
 .rodata.stbi__bmask
                0x0000ff44       0x44 ./app.o
 .rodata        0x0000ff88       0x7c ./app.o
 .rodata        0x00010004       0x1c ./nv_usart.o
 .rodata        0x00010020       0x1c ./gecko_sdk_4.4.6/hardware/driver/mx25_flash_shutdown/src/sl_mx25_flash_shutdown_usart/sl_mx25_flash_shutdown.o
 .rodata.flashWaitStateControl.str1.1
                0x0001003c       0x29 ./gecko_sdk_4.4.6/platform/emlib/src/em_cmu.o
 *fill*         0x00010065        0x1 
 .rodata.CSWTCH.79
                0x00010066        0xa ./gecko_sdk_4.4.6/platform/emlib/src/em_cmu.o
 .rodata.CSWTCH.78
                0x00010070        0xa ./gecko_sdk_4.4.6/platform/emlib/src/em_cmu.o
 .rodata.CSWTCH.77
                0x0001007a        0x5 ./gecko_sdk_4.4.6/platform/emlib/src/em_cmu.o
 .rodata.CSWTCH.76
                0x0001007f        0x5 ./gecko_sdk_4.4.6/platform/emlib/src/em_cmu.o
 .rodata.flashWsTable
                0x00010084       0x28 ./gecko_sdk_4.4.6/platform/emlib/src/em_cmu.o
 .rodata.vmonCalibratedThreshold.str1.1
                0x000100ac       0x29 ./gecko_sdk_4.4.6/platform/emlib/src/em_emu.o
 .rodata.GPIO_PinOutSet.str1.1
                0x000100d5       0x2a ./gecko_sdk_4.4.6/platform/emlib/src/em_gpio.o
 .rodata.GPIO_DbgLocationSet.str1.1
                0x000100ff       0x2a ./gecko_sdk_4.4.6/platform/emlib/src/em_gpio.o
 *fill*         0x00010129        0x1 
 .rodata.CSWTCH.78
                0x0001012a       0x16 ./gecko_sdk_4.4.6/platform/emlib/src/em_gpio.o
 .rodata.RTCC_ChannelInit.str1.1
                0x00010140       0x2a ./gecko_sdk_4.4.6/platform/emlib/src/em_rtcc.o
 .rodata.USART_BaudrateAsyncSet.str1.1
                0x0001016a       0x2b ./gecko_sdk_4.4.6/platform/emlib/src/em_usart.o
 *fill*         0x00010195        0x1 
 .rodata        0x00010196       0x10 ./gecko_sdk_4.4.6/platform/service/device_init/src/sl_device_init_dcdc_s1.o
 .rodata        0x000101a6       0x12 ./gecko_sdk_4.4.6/platform/service/device_init/src/sl_device_init_hfxo_s1.o
 .rodata        0x000101b8        0x4 ./gecko_sdk_4.4.6/platform/service/device_init/src/sl_device_init_lfxo_s1.o
 .rodata.process_timer_irq.str1.1
                0x000101bc       0x3d ./gecko_sdk_4.4.6/platform/service/sleeptimer/src/sl_sleeptimer.o
 .rodata        0x000101f9       0x10 ./gecko_sdk_4.4.6/platform/service/sleeptimer/src/sl_sleeptimer_hal_rtcc.o
 .rodata.sl_udelay_wait.str1.1
                0x00010209       0x35 ./gecko_sdk_4.4.6/platform/service/udelay/src/sl_udelay.o
 .rodata.__assert_func.str1.1
                0x0001023e       0x3c d:/simplicitystudio-5/developer/toolchains/gnu_arm/12.2.rel1_2023.7/bin/../lib/gcc/arm-none-eabi/12.2.1/thumb/v7e-m+fp/softfp\libc_nano.a(libc_a-assert.o)
                                 0x3d (size before relaxing)
 .rodata._ctype_
                0x0001027a      0x101 d:/simplicitystudio-5/developer/toolchains/gnu_arm/12.2.rel1_2023.7/bin/../lib/gcc/arm-none-eabi/12.2.1/thumb/v7e-m+fp/softfp\libc_nano.a(libc_a-ctype_.o)
                0x0001027a                _ctype_
 .rodata._svfprintf_r.str1.1
                0x0001037b       0x11 d:/simplicitystudio-5/developer/toolchains/gnu_arm/12.2.rel1_2023.7/bin/../lib/gcc/arm-none-eabi/12.2.1/thumb/v7e-m+fp/softfp\libc_nano.a(libc_a-nano-svfprintf.o)
 .rodata._vfprintf_r.str1.1
                0x0001038c       0x11 d:/simplicitystudio-5/developer/toolchains/gnu_arm/12.2.rel1_2023.7/bin/../lib/gcc/arm-none-eabi/12.2.1/thumb/v7e-m+fp/softfp\libc_nano.a(libc_a-nano-vfprintf.o)
 .rodata._printf_i.str1.1
                0x0001038c       0x22 d:/simplicitystudio-5/developer/toolchains/gnu_arm/12.2.rel1_2023.7/bin/../lib/gcc/arm-none-eabi/12.2.1/thumb/v7e-m+fp/softfp\libc_nano.a(libc_a-nano-vfprintf_i.o)
 *(.eh_frame*)
 *fill*         0x000103ae        0x2 
 .eh_frame      0x000103b0        0x0 d:/simplicitystudio-5/developer/toolchains/gnu_arm/12.2.rel1_2023.7/bin/../lib/gcc/arm-none-eabi/12.2.1/thumb/v7e-m+fp/softfp/crtbegin.o

.glue_7         0x000103b0        0x0
 .glue_7        0x000103b0        0x0 linker stubs

.glue_7t        0x000103b0        0x0
 .glue_7t       0x000103b0        0x0 linker stubs

.vfp11_veneer   0x000103b0        0x0
 .vfp11_veneer  0x000103b0        0x0 linker stubs

.v4_bx          0x000103b0        0x0
 .v4_bx         0x000103b0        0x0 linker stubs

.iplt           0x000103b0        0x0
 .iplt          0x000103b0        0x0 d:/simplicitystudio-5/developer/toolchains/gnu_arm/12.2.rel1_2023.7/bin/../lib/gcc/arm-none-eabi/12.2.1/thumb/v7e-m+fp/softfp/crtbegin.o

.ARM.extab
 *(.ARM.extab* .gnu.linkonce.armextab.*)
                0x000103b0                __exidx_start = .

.ARM.exidx      0x000103b0        0x8
 *(.ARM.exidx* .gnu.linkonce.armexidx.*)
 .ARM.exidx     0x000103b0        0x8 d:/simplicitystudio-5/developer/toolchains/gnu_arm/12.2.rel1_2023.7/bin/../lib/gcc/arm-none-eabi/12.2.1/thumb/v7e-m+fp/softfp/crt0.o
                                 0x10 (size before relaxing)
 .ARM.exidx.text.__udivmoddi4
                0x000103b8        0x0 d:/simplicitystudio-5/developer/toolchains/gnu_arm/12.2.rel1_2023.7/bin/../lib/gcc/arm-none-eabi/12.2.1/thumb/v7e-m+fp/softfp\libgcc.a(_udivmoddi4.o)
                                  0x8 (size before relaxing)
 .ARM.exidx.text.__gthread_active_p
                0x000103b8        0x0 d:/simplicitystudio-5/developer/toolchains/gnu_arm/12.2.rel1_2023.7/bin/../lib/gcc/arm-none-eabi/12.2.1/thumb/v7e-m+fp/softfp\libgcc.a(emutls.o)
                                  0x8 (size before relaxing)
 .ARM.exidx.text.emutls_alloc
                0x000103b8        0x0 d:/simplicitystudio-5/developer/toolchains/gnu_arm/12.2.rel1_2023.7/bin/../lib/gcc/arm-none-eabi/12.2.1/thumb/v7e-m+fp/softfp\libgcc.a(emutls.o)
                                  0x8 (size before relaxing)
 .ARM.exidx.text.__emutls_get_address
                0x000103b8        0x0 d:/simplicitystudio-5/developer/toolchains/gnu_arm/12.2.rel1_2023.7/bin/../lib/gcc/arm-none-eabi/12.2.1/thumb/v7e-m+fp/softfp\libgcc.a(emutls.o)
                                  0x8 (size before relaxing)
                0x000103b8                __exidx_end = .

.rel.dyn        0x000103b8        0x0
 .rel.iplt      0x000103b8        0x0 d:/simplicitystudio-5/developer/toolchains/gnu_arm/12.2.rel1_2023.7/bin/../lib/gcc/arm-none-eabi/12.2.1/thumb/v7e-m+fp/softfp/crtbegin.o

.copy.table     0x000103b8        0xc
                0x000103b8                . = ALIGN (0x4)
                0x000103b8                __copy_table_start__ = .
                0x000103b8        0x4 LONG 0x103c4 __etext
                0x000103bc        0x4 LONG 0x20001000 __data_start__
                0x000103c0        0x4 LONG 0x49 ((__data_end__ - __data_start__) / 0x4)
                0x000103c4                __copy_table_end__ = .

.zero.table     0x000103c4        0x0
                0x000103c4                . = ALIGN (0x4)
                0x000103c4                __zero_table_start__ = .
                0x000103c4                __zero_table_end__ = .
                0x000103c4                __etext = .
                0x20000000                . = ORIGIN (RAM)

.stack          0x20000000     0x1000
                0x20000000                __StackLimit = .
 *(.stack*)
 .stack         0x20000000     0x1000 ./gecko_sdk_4.4.6/platform/common/toolchain/src/sl_memory.o
                0x20001000                . = ALIGN (0x4)
                0x20001000                __StackTop = .
                0x20001000                PROVIDE (__stack = __StackTop)

.noinit
 *(.noinit*)

.data           0x20001000      0x124 load address 0x000103c4
                0x20001000                . = ALIGN (0x4)
                0x20001000                __data_start__ = .
 *(vtable)
 *(SORT_BY_ALIGNMENT(.data*))
 .data.tiny     0x20001000        0x8 d:/simplicitystudio-5/developer/toolchains/gnu_arm/12.2.rel1_2023.7/bin/../lib/gcc/arm-none-eabi/12.2.1/thumb/v7e-m+fp/softfp\libm.a(libm_a-e_sqrt.o)
 .data.one      0x20001008        0x8 d:/simplicitystudio-5/developer/toolchains/gnu_arm/12.2.rel1_2023.7/bin/../lib/gcc/arm-none-eabi/12.2.1/thumb/v7e-m+fp/softfp\libm.a(libm_a-e_sqrt.o)
 .data.__emutls_v.stbi__g_failure_reason
                0x20001010       0x10 ./app.o
 .data.__emutls_v.stbi__vertically_flip_on_load_local
                0x20001020       0x10 ./app.o
 .data.__emutls_v.stbi__vertically_flip_on_load_set
                0x20001030       0x10 ./app.o
 .data.__emutls_v.stbi__unpremultiply_on_load_local
                0x20001040       0x10 ./app.o
 .data.__emutls_v.stbi__unpremultiply_on_load_set
                0x20001050       0x10 ./app.o
 .data.__emutls_v.stbi__de_iphone_flag_local
                0x20001060       0x10 ./app.o
 .data.__emutls_v.stbi__de_iphone_flag_set
                0x20001070       0x10 ./app.o
 .data.stbi__h2l_scale_i
                0x20001080        0x4 ./app.o
 .data.stbi__h2l_gamma_i
                0x20001084        0x4 ./app.o
 .data.SystemHfrcoFreq
                0x20001088        0x4 ./gecko_sdk_4.4.6/platform/Device/SiliconLabs/EFR32MG12P/Source/system_efr32mg12p.o
                0x20001088                SystemHfrcoFreq
 .data.SystemCoreClock
                0x2000108c        0x4 ./gecko_sdk_4.4.6/platform/Device/SiliconLabs/EFR32MG12P/Source/system_efr32mg12p.o
                0x2000108c                SystemCoreClock
 .data.SystemLFXOClock
                0x20001090        0x4 ./gecko_sdk_4.4.6/platform/Device/SiliconLabs/EFR32MG12P/Source/system_efr32mg12p.o
 .data.SystemHFXOClock
                0x20001094        0x4 ./gecko_sdk_4.4.6/platform/Device/SiliconLabs/EFR32MG12P/Source/system_efr32mg12p.o
 .data.heap_end.0
                0x20001098        0x4 ./gecko_sdk_4.4.6/platform/common/toolchain/src/sl_memory.o
 .data.auxHfrcoFreq
                0x2000109c        0x4 ./gecko_sdk_4.4.6/platform/emlib/src/em_cmu.o
 .data.__sglue  0x200010a0        0xc d:/simplicitystudio-5/developer/toolchains/gnu_arm/12.2.rel1_2023.7/bin/../lib/gcc/arm-none-eabi/12.2.1/thumb/v7e-m+fp/softfp\libc_nano.a(libc_a-findfp.o)
                0x200010a0                __sglue
 .data._impure_ptr
                0x200010ac        0x4 d:/simplicitystudio-5/developer/toolchains/gnu_arm/12.2.rel1_2023.7/bin/../lib/gcc/arm-none-eabi/12.2.1/thumb/v7e-m+fp/softfp\libc_nano.a(libc_a-impure.o)
                0x200010ac                _impure_ptr
 .data._impure_data
                0x200010b0       0x4c d:/simplicitystudio-5/developer/toolchains/gnu_arm/12.2.rel1_2023.7/bin/../lib/gcc/arm-none-eabi/12.2.1/thumb/v7e-m+fp/softfp\libc_nano.a(libc_a-impure.o)
                0x200010b0                _impure_data
 .data.hfxo_precision
                0x200010fc        0x2 ./gecko_sdk_4.4.6/platform/emlib/src/em_cmu.o
 .data.lfxo_precision
                0x200010fe        0x2 ./gecko_sdk_4.4.6/platform/emlib/src/em_cmu.o
 .data.invalid_chunk.19
                0x20001100       0x19 ./app.o
 .data.cc_disabled
                0x20001119        0x1 ./gecko_sdk_4.4.6/platform/service/sleeptimer/src/sl_sleeptimer_hal_rtcc.o
                0x2000111c                . = ALIGN (0x4)
 *fill*         0x2000111a        0x2 
                [!provide]                PROVIDE (__ram_func_section_start = .)
 *(.ram)
                [!provide]                PROVIDE (__ram_func_section_end = .)
                0x2000111c                . = ALIGN (0x4)
                0x2000111c                PROVIDE (__preinit_array_start = .)
 *(.preinit_array)
                0x2000111c                PROVIDE (__preinit_array_end = .)
                0x2000111c                . = ALIGN (0x4)
                0x2000111c                PROVIDE (__init_array_start = .)
 *(SORT_BY_NAME(.init_array.*))
 *(.init_array)
 .init_array    0x2000111c        0x4 d:/simplicitystudio-5/developer/toolchains/gnu_arm/12.2.rel1_2023.7/bin/../lib/gcc/arm-none-eabi/12.2.1/thumb/v7e-m+fp/softfp/crtbegin.o
                0x20001120                PROVIDE (__init_array_end = .)
                0x20001120                . = ALIGN (0x4)
                [!provide]                PROVIDE (__fini_array_start = .)
 *(SORT_BY_NAME(.fini_array.*))
 *(.fini_array)
 .fini_array    0x20001120        0x4 d:/simplicitystudio-5/developer/toolchains/gnu_arm/12.2.rel1_2023.7/bin/../lib/gcc/arm-none-eabi/12.2.1/thumb/v7e-m+fp/softfp/crtbegin.o
                [!provide]                PROVIDE (__fini_array_end = .)
                0x20001124                . = ALIGN (0x4)
                0x20001124                __data_end__ = .

.tm_clone_table
                0x20001124        0x0 load address 0x000104e8
 .tm_clone_table
                0x20001124        0x0 d:/simplicitystudio-5/developer/toolchains/gnu_arm/12.2.rel1_2023.7/bin/../lib/gcc/arm-none-eabi/12.2.1/thumb/v7e-m+fp/softfp/crtbegin.o
 .tm_clone_table
                0x20001124        0x0 d:/simplicitystudio-5/developer/toolchains/gnu_arm/12.2.rel1_2023.7/bin/../lib/gcc/arm-none-eabi/12.2.1/thumb/v7e-m+fp/softfp/crtend.o

.igot.plt       0x20001124        0x0 load address 0x000104e8
 .igot.plt      0x20001124        0x0 d:/simplicitystudio-5/developer/toolchains/gnu_arm/12.2.rel1_2023.7/bin/../lib/gcc/arm-none-eabi/12.2.1/thumb/v7e-m+fp/softfp/crtbegin.o

.bss            0x20001124     0xf0a4 load address 0x000104e8
                0x20001124                . = ALIGN (0x4)
                0x20001124                __bss_start__ = .
 *(SORT_BY_ALIGNMENT(.bss*))
 .bss.object.0  0x20001124       0x18 d:/simplicitystudio-5/developer/toolchains/gnu_arm/12.2.rel1_2023.7/bin/../lib/gcc/arm-none-eabi/12.2.1/thumb/v7e-m+fp/softfp/crtbegin.o
 .bss.stbi__de_iphone_flag_global
                0x2000113c        0x4 ./app.o
 .bss.stbi__unpremultiply_on_load_global
                0x20001140        0x4 ./app.o
 .bss.stbi__vertically_flip_on_load_global
                0x20001144        0x4 ./app.o
 .bss.tx_callback
                0x20001148        0x4 ./nv_usart.o
 .bss.rx_callback
                0x2000114c        0x4 ./nv_usart.o
 .bss.max_millisecond_conversion
                0x20001150        0x4 ./gecko_sdk_4.4.6/platform/service/sleeptimer/src/sl_sleeptimer.o
 .bss.last_delta_update_count
                0x20001154        0x4 ./gecko_sdk_4.4.6/platform/service/sleeptimer/src/sl_sleeptimer.o
 .bss.timer_head
                0x20001158        0x4 ./gecko_sdk_4.4.6/platform/service/sleeptimer/src/sl_sleeptimer.o
 .bss.timer_frequency
                0x2000115c        0x4 ./gecko_sdk_4.4.6/platform/service/sleeptimer/src/sl_sleeptimer.o
 .bss.__malloc_sbrk_start
                0x20001160        0x4 d:/simplicitystudio-5/developer/toolchains/gnu_arm/12.2.rel1_2023.7/bin/../lib/gcc/arm-none-eabi/12.2.1/thumb/v7e-m+fp/softfp\libc_nano.a(libc_a-mallocr.o)
                0x20001160                __malloc_sbrk_start
 .bss.__malloc_free_list
                0x20001164        0x4 d:/simplicitystudio-5/developer/toolchains/gnu_arm/12.2.rel1_2023.7/bin/../lib/gcc/arm-none-eabi/12.2.1/thumb/v7e-m+fp/softfp\libc_nano.a(libc_a-mallocr.o)
                0x20001164                __malloc_free_list
 .bss.__sf      0x20001168      0x138 d:/simplicitystudio-5/developer/toolchains/gnu_arm/12.2.rel1_2023.7/bin/../lib/gcc/arm-none-eabi/12.2.1/thumb/v7e-m+fp/softfp\libc_nano.a(libc_a-findfp.o)
                0x20001168                __sf
 .bss.__stdio_exit_handler
                0x200012a0        0x4 d:/simplicitystudio-5/developer/toolchains/gnu_arm/12.2.rel1_2023.7/bin/../lib/gcc/arm-none-eabi/12.2.1/thumb/v7e-m+fp/softfp\libc_nano.a(libc_a-findfp.o)
                0x200012a0                __stdio_exit_handler
 .bss.errno     0x200012a4        0x4 d:/simplicitystudio-5/developer/toolchains/gnu_arm/12.2.rel1_2023.7/bin/../lib/gcc/arm-none-eabi/12.2.1/thumb/v7e-m+fp/softfp\libc_nano.a(libc_a-reent.o)
                0x200012a4                errno
 .bss.grad_buffer_local.0
                0x200012a8     0x7080 ./app.o
 .bss.dcdcReverseCurrentControl
                0x20008328        0x2 ./gecko_sdk_4.4.6/platform/emlib/src/em_emu.o
 .bss.dcdcEm01LoadCurrent_mA
                0x2000832a        0x2 ./gecko_sdk_4.4.6/platform/emlib/src/em_emu.o
 .bss.dcdcMaxCurrent_mA
                0x2000832c        0x2 ./gecko_sdk_4.4.6/platform/emlib/src/em_emu.o
 .bss.overflow_counter
                0x2000832e        0x2 ./gecko_sdk_4.4.6/platform/service/sleeptimer/src/sl_sleeptimer.o
 .bss.completed.1
                0x20008330        0x1 d:/simplicitystudio-5/developer/toolchains/gnu_arm/12.2.rel1_2023.7/bin/../lib/gcc/arm-none-eabi/12.2.1/thumb/v7e-m+fp/softfp/crtbegin.o
 .bss.gray_buffer
                0x20008331     0x3840 ./app.o
 .bss.pyr_buffer
                0x2000bb71     0x4650 ./app.o
 .bss.vScaleEM01Config
                0x200101c1        0x1 ./gecko_sdk_4.4.6/platform/emlib/src/em_emu.o
 .bss.sleep_on_isr_exit
                0x200101c2        0x1 ./gecko_sdk_4.4.6/platform/service/sleeptimer/src/sl_sleeptimer.o
 .bss.next_timer_to_expire_is_power_manager
                0x200101c3        0x1 ./gecko_sdk_4.4.6/platform/service/sleeptimer/src/sl_sleeptimer.o
 .bss.is_sleeptimer_initialized
                0x200101c4        0x1 ./gecko_sdk_4.4.6/platform/service/sleeptimer/src/sl_sleeptimer.o
 .bss.__lock___malloc_recursive_mutex
                0x200101c5        0x1 d:/simplicitystudio-5/developer/toolchains/gnu_arm/12.2.rel1_2023.7/bin/../lib/gcc/arm-none-eabi/12.2.1/thumb/v7e-m+fp/softfp\libc_nano.a(libc_a-lock.o)
                0x200101c5                __lock___malloc_recursive_mutex
 .bss.__lock___sfp_recursive_mutex
                0x200101c6        0x1 d:/simplicitystudio-5/developer/toolchains/gnu_arm/12.2.rel1_2023.7/bin/../lib/gcc/arm-none-eabi/12.2.1/thumb/v7e-m+fp/softfp\libc_nano.a(libc_a-lock.o)
                0x200101c6                __lock___sfp_recursive_mutex
 *(COMMON)
                0x200101c8                . = ALIGN (0x4)
 *fill*         0x200101c7        0x1 
                0x200101c8                __bss_end__ = .
                0x200101c8                __ramfuncs_start__ = .
                0x200101c8                __vma_ramfuncs_start__ = .
                0x000104e8                __lma_ramfuncs_start__ = (__etext + SIZEOF (.data))
                0x00000000                __text_application_ram_offset__ = (. - __vma_ramfuncs_start__)

text_application_ram
                0x200101c8        0x0 load address 0x000104e8
                0x200101c8                . = ALIGN (0x4)
                0x200101c8                __text_application_ram_start__ = .
 *(text_application_ram)
                0x200101c8                . = ALIGN (0x4)
                0x200101c8                __text_application_ram_end__ = .
                0x200101c8                . = ALIGN (0x4)
                0x200101c8                __vma_ramfuncs_end__ = .
                0x000104e8                __lma_ramfuncs_end__ = ((__lma_ramfuncs_start__ + __text_application_ram_offset__) + SIZEOF (text_application_ram))
                0x200101c8                __ramfuncs_end__ = .

.heap           0x200101c8      0x800
                0x200101c8                __HeapBase = .
                0x200101c8                __end__ = .
                0x200101c8                end = __end__
                0x200101c8                _end = __end__
 *(.heap*)
 .heap          0x200101c8      0x800 ./gecko_sdk_4.4.6/platform/common/toolchain/src/sl_memory.o
                0x2007d000                __HeapLimit = (ORIGIN (RAM) + LENGTH (RAM))
                0x0006ce38                __heap_size = (__HeapLimit - __HeapBase)
                0x2007d000                __ram_end__ = 0x2007d000
                0x00180000                __main_flash_end__ = 0x180000

.internal_storage
 *(.internal_storage*)

.nvm
 *(.simee*)
                0x00180000                linker_nvm_end = __main_flash_end__
                0x00180000                linker_nvm_begin = (linker_nvm_end - SIZEOF (.nvm))
                0x00000000                linker_nvm_size = SIZEOF (.nvm)
                0x00180000                linker_storage_end = linker_nvm_begin
                0x00180000                __nvm3Base = linker_nvm_begin
                0x00180000                linker_storage_begin = (linker_storage_end - SIZEOF (.internal_storage))
                0x00000000                linker_storage_size = SIZEOF (.internal_storage)
                0x00000001                ASSERT ((linker_storage_begin >= (__etext + SIZEOF (.data))), FLASH memory overflowed !)
OUTPUT(silmotion_xG12.axf elf32-littlearm)
LOAD linker stubs

.ARM.attributes
                0x00000000       0x2e
 .ARM.attributes
                0x00000000       0x22 d:/simplicitystudio-5/developer/toolchains/gnu_arm/12.2.rel1_2023.7/bin/../lib/gcc/arm-none-eabi/12.2.1/thumb/v7e-m+fp/softfp/crti.o
 .ARM.attributes
                0x00000022       0x32 d:/simplicitystudio-5/developer/toolchains/gnu_arm/12.2.rel1_2023.7/bin/../lib/gcc/arm-none-eabi/12.2.1/thumb/v7e-m+fp/softfp/crtbegin.o
 .ARM.attributes
                0x00000054       0x20 d:/simplicitystudio-5/developer/toolchains/gnu_arm/12.2.rel1_2023.7/bin/../lib/gcc/arm-none-eabi/12.2.1/thumb/v7e-m+fp/softfp/crt0.o
 .ARM.attributes
                0x00000074       0x32 ./app.o
 .ARM.attributes
                0x000000a6       0x32 ./main.o
 .ARM.attributes
                0x000000d8       0x32 ./nv_optical_flow.o
 .ARM.attributes
                0x0000010a       0x32 ./nv_usart.o
 .ARM.attributes
                0x0000013c       0x32 ./autogen/sl_board_default_init.o
 .ARM.attributes
                0x0000016e       0x32 ./autogen/sl_device_init_clocks.o
 .ARM.attributes
                0x000001a0       0x32 ./autogen/sl_event_handler.o
 .ARM.attributes
                0x000001d2       0x32 ./gecko_sdk_4.4.6/hardware/board/src/sl_board_control_gpio.o
 .ARM.attributes
                0x00000204       0x32 ./gecko_sdk_4.4.6/hardware/board/src/sl_board_init.o
 .ARM.attributes
                0x00000236       0x32 ./gecko_sdk_4.4.6/hardware/driver/configuration_over_swo/src/sl_cos.o
 .ARM.attributes
                0x00000268       0x32 ./gecko_sdk_4.4.6/hardware/driver/mx25_flash_shutdown/src/sl_mx25_flash_shutdown_usart/sl_mx25_flash_shutdown.o
 .ARM.attributes
                0x0000029a       0x32 ./gecko_sdk_4.4.6/platform/Device/SiliconLabs/EFR32MG12P/Source/startup_efr32mg12p.o
 .ARM.attributes
                0x000002cc       0x32 ./gecko_sdk_4.4.6/platform/Device/SiliconLabs/EFR32MG12P/Source/system_efr32mg12p.o
 .ARM.attributes
                0x000002fe       0x32 ./gecko_sdk_4.4.6/platform/common/src/sl_assert.o
 .ARM.attributes
                0x00000330       0x32 ./gecko_sdk_4.4.6/platform/common/src/sl_syscalls.o
 .ARM.attributes
                0x00000362       0x32 ./gecko_sdk_4.4.6/platform/common/toolchain/src/sl_memory.o
 .ARM.attributes
                0x00000394       0x32 ./gecko_sdk_4.4.6/platform/driver/debug/src/sl_debug_swo.o
 .ARM.attributes
                0x000003c6       0x32 ./gecko_sdk_4.4.6/platform/emlib/src/em_cmu.o
 .ARM.attributes
                0x000003f8       0x32 ./gecko_sdk_4.4.6/platform/emlib/src/em_core.o
 .ARM.attributes
                0x0000042a       0x32 ./gecko_sdk_4.4.6/platform/emlib/src/em_emu.o
 .ARM.attributes
                0x0000045c       0x32 ./gecko_sdk_4.4.6/platform/emlib/src/em_gpio.o
 .ARM.attributes
                0x0000048e       0x32 ./gecko_sdk_4.4.6/platform/emlib/src/em_rtcc.o
 .ARM.attributes
                0x000004c0       0x32 ./gecko_sdk_4.4.6/platform/emlib/src/em_system.o
 .ARM.attributes
                0x000004f2       0x32 ./gecko_sdk_4.4.6/platform/emlib/src/em_usart.o
 .ARM.attributes
                0x00000524       0x32 ./gecko_sdk_4.4.6/platform/service/device_init/src/sl_device_init_dcdc_s1.o
 .ARM.attributes
                0x00000556       0x32 ./gecko_sdk_4.4.6/platform/service/device_init/src/sl_device_init_emu_s1.o
 .ARM.attributes
                0x00000588       0x32 ./gecko_sdk_4.4.6/platform/service/device_init/src/sl_device_init_hfxo_s1.o
 .ARM.attributes
                0x000005ba       0x32 ./gecko_sdk_4.4.6/platform/service/device_init/src/sl_device_init_lfxo_s1.o
 .ARM.attributes
                0x000005ec       0x32 ./gecko_sdk_4.4.6/platform/service/device_init/src/sl_device_init_nvic.o
 .ARM.attributes
                0x0000061e       0x32 ./gecko_sdk_4.4.6/platform/service/sleeptimer/src/sl_sleeptimer.o
 .ARM.attributes
                0x00000650       0x32 ./gecko_sdk_4.4.6/platform/service/sleeptimer/src/sl_sleeptimer_hal_rtcc.o
 .ARM.attributes
                0x00000682       0x32 ./gecko_sdk_4.4.6/platform/service/system/src/sl_system_init.o
 .ARM.attributes
                0x000006b4       0x32 ./gecko_sdk_4.4.6/platform/service/system/src/sl_system_process_action.o
 .ARM.attributes
                0x000006e6       0x32 ./gecko_sdk_4.4.6/platform/service/udelay/src/sl_udelay.o
 .ARM.attributes
                0x00000718       0x20 ./gecko_sdk_4.4.6/platform/service/udelay/src/sl_udelay_armv6m_gcc.o
 .ARM.attributes
                0x00000738       0x22 d:/simplicitystudio-5/developer/toolchains/gnu_arm/12.2.rel1_2023.7/bin/../lib/gcc/arm-none-eabi/12.2.1/thumb/v7e-m+fp/softfp\libgcc.a(_arm_addsubdf3.o)
 .ARM.attributes
                0x0000075a       0x22 d:/simplicitystudio-5/developer/toolchains/gnu_arm/12.2.rel1_2023.7/bin/../lib/gcc/arm-none-eabi/12.2.1/thumb/v7e-m+fp/softfp\libgcc.a(_arm_truncdfsf2.o)
 .ARM.attributes