Archive member included to satisfy reference by file (symbol)

d:/simplicitystudio-5/developer/toolchains/gnu_arm/12.2.rel1_2023.7/bin/../lib/gcc/arm-none-eabi/12.2.1/thumb/v7e-m+fp/softfp\libgcc.a(_arm_addsubdf3.o)
                              ./nv_optical_flow.o (__aeabi_dsub)
d:/simplicitystudio-5/developer/toolchains/gnu_arm/12.2.rel1_2023.7/bin/../lib/gcc/arm-none-eabi/12.2.1/thumb/v7e-m+fp/softfp\libgcc.a(_arm_cmpdf2.o)
                              ./nv_optical_flow.o (__aeabi_dcmplt)
d:/simplicitystudio-5/developer/toolchains/gnu_arm/12.2.rel1_2023.7/bin/../lib/gcc/arm-none-eabi/12.2.1/thumb/v7e-m+fp/softfp\libgcc.a(_arm_fixdfsi.o)
                              ./nv_optical_flow.o (__aeabi_d2iz)
d:/simplicitystudio-5/developer/toolchains/gnu_arm/12.2.rel1_2023.7/bin/../lib/gcc/arm-none-eabi/12.2.1/thumb/v7e-m+fp/softfp\libgcc.a(_aeabi_ldivmod.o)
                              ./gecko_sdk_4.4.6/platform/emlib/src/em_usart.o (__aeabi_ldivmod)
d:/simplicitystudio-5/developer/toolchains/gnu_arm/12.2.rel1_2023.7/bin/../lib/gcc/arm-none-eabi/12.2.1/thumb/v7e-m+fp/softfp\libgcc.a(_aeabi_uldivmod.o)
                              ./gecko_sdk_4.4.6/platform/emlib/src/em_usart.o (__aeabi_uldivmod)
d:/simplicitystudio-5/developer/toolchains/gnu_arm/12.2.rel1_2023.7/bin/../lib/gcc/arm-none-eabi/12.2.1/thumb/v7e-m+fp/softfp\libgcc.a(_udivmoddi4.o)
                              d:/simplicitystudio-5/developer/toolchains/gnu_arm/12.2.rel1_2023.7/bin/../lib/gcc/arm-none-eabi/12.2.1/thumb/v7e-m+fp/softfp\libgcc.a(_aeabi_ldivmod.o) (__udivmoddi4)
d:/simplicitystudio-5/developer/toolchains/gnu_arm/12.2.rel1_2023.7/bin/../lib/gcc/arm-none-eabi/12.2.1/thumb/v7e-m+fp/softfp\libgcc.a(_dvmd_tls.o)
                              d:/simplicitystudio-5/developer/toolchains/gnu_arm/12.2.rel1_2023.7/bin/../lib/gcc/arm-none-eabi/12.2.1/thumb/v7e-m+fp/softfp\libgcc.a(_aeabi_ldivmod.o) (__aeabi_ldiv0)
d:/simplicitystudio-5/developer/toolchains/gnu_arm/12.2.rel1_2023.7/bin/../lib/gcc/arm-none-eabi/12.2.1/thumb/v7e-m+fp/softfp\libc_nano.a(libc_a-abs.o)
                              ./nv_optical_flow.o (abs)
d:/simplicitystudio-5/developer/toolchains/gnu_arm/12.2.rel1_2023.7/bin/../lib/gcc/arm-none-eabi/12.2.1/thumb/v7e-m+fp/softfp\libc_nano.a(libc_a-exit.o)
                              d:/simplicitystudio-5/developer/toolchains/gnu_arm/12.2.rel1_2023.7/bin/../lib/gcc/arm-none-eabi/12.2.1/thumb/v7e-m+fp/softfp/crt0.o (exit)
d:/simplicitystudio-5/developer/toolchains/gnu_arm/12.2.rel1_2023.7/bin/../lib/gcc/arm-none-eabi/12.2.1/thumb/v7e-m+fp/softfp\libc_nano.a(libc_a-malloc.o)
                              ./app.o (malloc)
d:/simplicitystudio-5/developer/toolchains/gnu_arm/12.2.rel1_2023.7/bin/../lib/gcc/arm-none-eabi/12.2.1/thumb/v7e-m+fp/softfp\libc_nano.a(libc_a-mallocr.o)
                              d:/simplicitystudio-5/developer/toolchains/gnu_arm/12.2.rel1_2023.7/bin/../lib/gcc/arm-none-eabi/12.2.1/thumb/v7e-m+fp/softfp\libc_nano.a(libc_a-malloc.o) (_malloc_r)
d:/simplicitystudio-5/developer/toolchains/gnu_arm/12.2.rel1_2023.7/bin/../lib/gcc/arm-none-eabi/12.2.1/thumb/v7e-m+fp/softfp\libc_nano.a(libc_a-mlock.o)
                              d:/simplicitystudio-5/developer/toolchains/gnu_arm/12.2.rel1_2023.7/bin/../lib/gcc/arm-none-eabi/12.2.1/thumb/v7e-m+fp/softfp\libc_nano.a(libc_a-mallocr.o) (__malloc_lock)
d:/simplicitystudio-5/developer/toolchains/gnu_arm/12.2.rel1_2023.7/bin/../lib/gcc/arm-none-eabi/12.2.1/thumb/v7e-m+fp/softfp\libc_nano.a(libc_a-findfp.o)
                              d:/simplicitystudio-5/developer/toolchains/gnu_arm/12.2.rel1_2023.7/bin/../lib/gcc/arm-none-eabi/12.2.1/thumb/v7e-m+fp/softfp\libc_nano.a(libc_a-exit.o) (__stdio_exit_handler)
d:/simplicitystudio-5/developer/toolchains/gnu_arm/12.2.rel1_2023.7/bin/../lib/gcc/arm-none-eabi/12.2.1/thumb/v7e-m+fp/softfp\libc_nano.a(libc_a-fwalk.o)
                              d:/simplicitystudio-5/developer/toolchains/gnu_arm/12.2.rel1_2023.7/bin/../lib/gcc/arm-none-eabi/12.2.1/thumb/v7e-m+fp/softfp\libc_nano.a(libc_a-findfp.o) (_fwalk_sglue)
d:/simplicitystudio-5/developer/toolchains/gnu_arm/12.2.rel1_2023.7/bin/../lib/gcc/arm-none-eabi/12.2.1/thumb/v7e-m+fp/softfp\libc_nano.a(libc_a-stdio.o)
                              d:/simplicitystudio-5/developer/toolchains/gnu_arm/12.2.rel1_2023.7/bin/../lib/gcc/arm-none-eabi/12.2.1/thumb/v7e-m+fp/softfp\libc_nano.a(libc_a-findfp.o) (__sread)
d:/simplicitystudio-5/developer/toolchains/gnu_arm/12.2.rel1_2023.7/bin/../lib/gcc/arm-none-eabi/12.2.1/thumb/v7e-m+fp/softfp\libc_nano.a(libc_a-vsnprintf.o)
                              ./nv_usart.o (vsnprintf)
d:/simplicitystudio-5/developer/toolchains/gnu_arm/12.2.rel1_2023.7/bin/../lib/gcc/arm-none-eabi/12.2.1/thumb/v7e-m+fp/softfp\libc_nano.a(libc_a-memset.o)
                              d:/simplicitystudio-5/developer/toolchains/gnu_arm/12.2.rel1_2023.7/bin/../lib/gcc/arm-none-eabi/12.2.1/thumb/v7e-m+fp/softfp/crt0.o (memset)
[...]
Memory Configuration

Name             Origin             Length             Attributes
FLASH            0x00000000         0x00180000         xr
RAM              0x20000000         0x00040000         xrw
*default*        0x00000000         0xffffffff

Linker script and memory map

LOAD d:/simplicitystudio-5/developer/toolchains/gnu_arm/12.2.rel1_2023.7/bin/../lib/gcc/arm-none-eabi/12.2.1/thumb/v7e-m+fp/softfp/crti.o
LOAD d:/simplicitystudio-5/developer/toolchains/gnu_arm/12.2.rel1_2023.7/bin/../lib/gcc/arm-none-eabi/12.2.1/thumb/v7e-m+fp/softfp/crtbegin.o
LOAD d:/simplicitystudio-5/developer/toolchains/gnu_arm/12.2.rel1_2023.7/bin/../lib/gcc/arm-none-eabi/12.2.1/thumb/v7e-m+fp/softfp/crt0.o
START GROUP
LOAD ./app.o
LOAD ./main.o
LOAD ./nv_optical_flow.o
LOAD ./nv_usart.o
LOAD ./autogen/sl_board_default_init.o
LOAD ./autogen/sl_device_init_clocks.o
LOAD ./autogen/sl_event_handler.o
LOAD ./gecko_sdk_4.4.6/hardware/board/src/sl_board_control_gpio.o
LOAD ./gecko_sdk_4.4.6/hardware/board/src/sl_board_init.o
LOAD ./gecko_sdk_4.4.6/hardware/driver/configuration_over_swo/src/sl_cos.o
LOAD ./gecko_sdk_4.4.6/hardware/driver/mx25_flash_shutdown/src/sl_mx25_flash_shutdown_usart/sl_mx25_flash_shutdown.o
LOAD ./gecko_sdk_4.4.6/platform/Device/SiliconLabs/EFR32MG12P/Source/startup_efr32mg12p.o
LOAD ./gecko_sdk_4.4.6/platform/Device/SiliconLabs/EFR32MG12P/Source/system_efr32mg12p.o
LOAD ./gecko_sdk_4.4.6/platform/common/src/sl_assert.o
LOAD ./gecko_sdk_4.4.6/platform/common/src/sl_syscalls.o
LOAD ./gecko_sdk_4.4.6/platform/common/toolchain/src/sl_memory.o
LOAD ./gecko_sdk_4.4.6/platform/driver/debug/src/sl_debug_swo.o
LOAD ./gecko_sdk_4.4.6/platform/emlib/src/em_cmu.o
LOAD ./gecko_sdk_4.4.6/platform/emlib/src/em_core.o
LOAD ./gecko_sdk_4.4.6/platform/emlib/src/em_emu.o
LOAD ./gecko_sdk_4.4.6/platform/emlib/src/em_gpio.o
LOAD ./gecko_sdk_4.4.6/platform/emlib/src/em_msc.o
LOAD ./gecko_sdk_4.4.6/platform/emlib/src/em_rtcc.o
LOAD ./gecko_sdk_4.4.6/platform/emlib/src/em_system.o
LOAD ./gecko_sdk_4.4.6/platform/emlib/src/em_timer.o
LOAD ./gecko_sdk_4.4.6/platform/emlib/src/em_usart.o
LOAD ./gecko_sdk_4.4.6/platform/service/device_init/src/sl_device_init_dcdc_s1.o
LOAD ./gecko_sdk_4.4.6/platform/service/device_init/src/sl_device_init_emu_s1.o
LOAD ./gecko_sdk_4.4.6/platform/service/device_init/src/sl_device_init_hfxo_s1.o
LOAD ./gecko_sdk_4.4.6/platform/service/device_init/src/sl_device_init_lfxo_s1.o
LOAD ./gecko_sdk_4.4.6/platform/service/device_init/src/sl_device_init_nvic.o
LOAD ./gecko_sdk_4.4.6/platform/service/sleeptimer/src/sl_sleeptimer.o
LOAD ./gecko_sdk_4.4.6/platform/service/sleeptimer/src/sl_sleeptimer_hal_rtcc.o
LOAD ./gecko_sdk_4.4.6/platform/service/sleeptimer/src/sl_sleeptimer_hal_timer.o
LOAD ./gecko_sdk_4.4.6/platform/service/system/src/sl_system_init.o
LOAD ./gecko_sdk_4.4.6/platform/service/system/src/sl_system_process_action.o
LOAD ./gecko_sdk_4.4.6/platform/service/udelay/src/sl_udelay.o
LOAD ./gecko_sdk_4.4.6/platform/service/udelay/src/sl_udelay_armv6m_gcc.o
LOAD d:/simplicitystudio-5/developer/toolchains/gnu_arm/12.2.rel1_2023.7/bin/../lib/gcc/arm-none-eabi/12.2.1/thumb/v7e-m+fp/softfp\libgcc.a
LOAD d:/simplicitystudio-5/developer/toolchains/gnu_arm/12.2.rel1_2023.7/bin/../lib/gcc/arm-none-eabi/12.2.1/thumb/v7e-m+fp/softfp\libc_nano.a
LOAD d:/simplicitystudio-5/developer/toolchains/gnu_arm/12.2.rel1_2023.7/bin/../lib/gcc/arm-none-eabi/12.2.1/thumb/v7e-m+fp/softfp\libm.a
LOAD d:/simplicitystudio-5/developer/toolchains/gnu_arm/12.2.rel1_2023.7/bin/../lib/gcc/arm-none-eabi/12.2.1/thumb/v7e-m+fp/softfp\libnosys.a
END GROUP
START GROUP
LOAD d:/simplicitystudio-5/developer/toolchains/gnu_arm/12.2.rel1_2023.7/bin/../lib/gcc/arm-none-eabi/12.2.1/thumb/v7e-m+fp/softfp\libgcc.a
LOAD d:/simplicitystudio-5/developer/toolchains/gnu_arm/12.2.rel1_2023.7/bin/../lib/gcc/arm-none-eabi/12.2.1/thumb/v7e-m+fp/softfp\libc_nano.a
LOAD d:/simplicitystudio-5/developer/toolchains/gnu_arm/12.2.rel1_2023.7/bin/../lib/gcc/arm-none-eabi/12.2.1/thumb/v7e-m+fp/softfp\libnosys.a
END GROUP
START GROUP
LOAD d:/simplicitystudio-5/developer/toolchains/gnu_arm/12.2.rel1_2023.7/bin/../lib/gcc/arm-none-eabi/12.2.1/thumb/v7e-m+fp/softfp\libgcc.a
LOAD d:/simplicitystudio-5/developer/toolchains/gnu_arm/12.2.rel1_2023.7/bin/../lib/gcc/arm-none-eabi/12.2.1/thumb/v7e-m+fp/softfp\libg_nano.a
LOAD d:/simplicitystudio-5/developer/toolchains/gnu_arm/12.2.rel1_2023.7/bin/../lib/gcc/arm-none-eabi/12.2.1/thumb/v7e-m+fp/softfp\libc_nano.a
END GROUP
START GROUP
LOAD d:/simplicitystudio-5/developer/toolchains/gnu_arm/12.2.rel1_2023.7/bin/../lib/gcc/arm-none-eabi/12.2.1/thumb/v7e-m+fp/softfp\libgcc.a
LOAD d:/simplicitystudio-5/developer/toolchains/gnu_arm/12.2.rel1_2023.7/bin/../lib/gcc/arm-none-eabi/12.2.1/thumb/v7e-m+fp/softfp\libc_nano.a
END GROUP
LOAD d:/simplicitystudio-5/developer/toolchains/gnu_arm/12.2.rel1_2023.7/bin/../lib/gcc/arm-none-eabi/12.2.1/thumb/v7e-m+fp/softfp/crtend.o
LOAD d:/simplicitystudio-5/developer/toolchains/gnu_arm/12.2.rel1_2023.7/bin/../lib/gcc/arm-none-eabi/12.2.1/thumb/v7e-m+fp/softfp/crtn.o

.text           0x00000000    0x11f98
                0x00000000                linker_vectors_begin = .
 *(.vectors)
 .vectors       0x00000000      0x10c ./gecko_sdk_4.4.6/platform/Device/SiliconLabs/EFR32MG12P/Source/startup_efr32mg12p.o
                0x00000000                __Vectors
                0x0000010c                linker_vectors_end = .
                0x0000010c                __Vectors_End = .
                0x0000010c                __Vectors_Size = (__Vectors_End - __Vectors)
                0x0000010c                linker_code_begin = .
 *(SORT_BY_ALIGNMENT(.text*))
 *fill*         0x0000010c        0x4 
 .text          0x00000110        0x8 ./gecko_sdk_4.4.6/platform/service/udelay/src/sl_udelay_armv6m_gcc.o
                0x00000110                sli_delay_loop
 *fill*         0x00000118        0x8 
 .text          0x00000120       0xa0 d:/simplicitystudio-5/developer/toolchains/gnu_arm/12.2.rel1_2023.7/bin/../lib/gcc/arm-none-eabi/12.2.1/thumb/v7e-m+fp/softfp\libc_nano.a(libc_a-memchr.o)
                0x00000120                memchr
 .text.deregister_tm_clones
                0x000001c0       0x1c d:/simplicitystudio-5/developer/toolchains/gnu_arm/12.2.rel1_2023.7/bin/../lib/gcc/arm-none-eabi/12.2.1/thumb/v7e-m+fp/softfp/crtbegin.o
 .text.register_tm_clones
                0x000001dc       0x24 d:/simplicitystudio-5/developer/toolchains/gnu_arm/12.2.rel1_2023.7/bin/../lib/gcc/arm-none-eabi/12.2.1/thumb/v7e-m+fp/softfp/crtbegin.o
 .text.__do_global_dtors_aux
                0x00000200       0x28 d:/simplicitystudio-5/developer/toolchains/gnu_arm/12.2.rel1_2023.7/bin/../lib/gcc/arm-none-eabi/12.2.1/thumb/v7e-m+fp/softfp/crtbegin.o
 .text.frame_dummy
                0x00000228       0x24 d:/simplicitystudio-5/developer/toolchains/gnu_arm/12.2.rel1_2023.7/bin/../lib/gcc/arm-none-eabi/12.2.1/thumb/v7e-m+fp/softfp/crtbegin.o
 .text          0x0000024c       0x7c d:/simplicitystudio-5/developer/toolchains/gnu_arm/12.2.rel1_2023.7/bin/../lib/gcc/arm-none-eabi/12.2.1/thumb/v7e-m+fp/softfp/crt0.o
                0x0000024c                _stack_init
                0x00000254                _start
                0x00000254                _mainCRTStartup
 .text.rx_callback
                0x000002c8        0xc ./app.o
 .text.ov2640_init
                0x000002d4       0x1c ./app.o
                0x000002d4                ov2640_init
 .text.ov2640_capture_frame
                0x000002f0       0x38 ./app.o
                0x000002f0                ov2640_capture_frame
 .text.process_single_frame.isra.0
                0x00000328      0x12c ./app.o
 .text.app_init
                0x00000454       0xd8 ./app.o
                0x00000454                app_init
 .text.lucas_kanade_at_level
                0x0000052c      0x1b4 ./nv_optical_flow.o
                0x0000052c                lucas_kanade_at_level
 .text.usart_init
                0x000006e0       0x94 ./nv_usart.o
                0x000006e0                usart_init
 .text.usart_set_rx_callback
                0x00000774        0xc ./nv_usart.o
                0x00000774                usart_set_rx_callback
 .text.usart_send
                0x00000780       0x14 ./nv_usart.o
                0x00000780                usart_send
 .text.USART2_RX_IRQHandler
                0x00000794       0x18 ./nv_usart.o
                0x00000794                USART2_RX_IRQHandler
 .text.USART2_TX_IRQHandler
                0x000007ac       0x20 ./nv_usart.o
                0x000007ac                USART2_TX_IRQHandler
 .text.sl_device_init_clocks
                0x000007cc       0x48 ./autogen/sl_device_init_clocks.o
                0x000007cc                sl_device_init_clocks
 .text.sl_platform_init
                0x00000814       0x94 ./autogen/sl_event_handler.o
                0x00000814                sl_platform_init
 .text.sl_board_init
                0x000008a8       0x1c ./gecko_sdk_4.4.6/hardware/board/src/sl_board_init.o
                0x000008a8                sl_board_init
 .text.sl_board_preinit
                0x000008c4        0xc ./gecko_sdk_4.4.6/hardware/board/src/sl_board_init.o
                0x000008c4                sl_board_preinit
 .text.cs_high  0x000008d0        0xc ./gecko_sdk_4.4.6/hardware/driver/mx25_flash_shutdown/src/sl_mx25_flash_shutdown_usart/sl_mx25_flash_shutdown.o
 .text.cs_low   0x000008dc        0xc ./gecko_sdk_4.4.6/hardware/driver/mx25_flash_shutdown/src/sl_mx25_flash_shutdown_usart/sl_mx25_flash_shutdown.o
 .text.sl_mx25_flash_shutdown
                0x000008e8       0xfc ./gecko_sdk_4.4.6/hardware/driver/mx25_flash_shutdown/src/sl_mx25_flash_shutdown_usart/sl_mx25_flash_shutdown.o
                0x000008e8                sl_mx25_flash_shutdown
 .text.Reset_Handler
                0x000009e4       0x60 ./gecko_sdk_4.4.6/platform/Device/SiliconLabs/EFR32MG12P/Source/startup_efr32mg12p.o
                0x000009e4                Reset_Handler
 .text.SystemMaxCoreClockGet
                0x00000a44        0x8 ./gecko_sdk_4.4.6/platform/Device/SiliconLabs/EFR32MG12P/Source/system_efr32mg12p.o
                0x00000a44                SystemMaxCoreClockGet
 .text.SystemHFClockGet
                0x00000a4c       0x54 ./gecko_sdk_4.4.6/platform/Device/SiliconLabs/EFR32MG12P/Source/system_efr32mg12p.o
                0x00000a4c                SystemHFClockGet
 .text.SystemCoreClockGet
                0x00000aa0       0x24 ./gecko_sdk_4.4.6/platform/Device/SiliconLabs/EFR32MG12P/Source/system_efr32mg12p.o
                0x00000aa0                SystemCoreClockGet
 .text.SystemHFXOClockGet
                0x00000ac4        0xc ./gecko_sdk_4.4.6/platform/Device/SiliconLabs/EFR32MG12P/Source/system_efr32mg12p.o
                0x00000ac4                SystemHFXOClockGet
 .text.SystemHFXOClockSet
                0x00000ad0       0x20 ./gecko_sdk_4.4.6/platform/Device/SiliconLabs/EFR32MG12P/Source/system_efr32mg12p.o
                0x00000ad0                SystemHFXOClockSet
 .text.SystemInit
                0x00000af0       0x1c ./gecko_sdk_4.4.6/platform/Device/SiliconLabs/EFR32MG12P/Source/system_efr32mg12p.o
                0x00000af0                SystemInit
 .text.SystemLFXOClockGet
                0x00000b0c        0xc ./gecko_sdk_4.4.6/platform/Device/SiliconLabs/EFR32MG12P/Source/system_efr32mg12p.o
                0x00000b0c                SystemLFXOClockGet
 .text._sbrk    0x00000b18       0x20 ./gecko_sdk_4.4.6/platform/common/toolchain/src/sl_memory.o
                0x00000b18                _sbrk
 .text.sl_debug_swo_init
                0x00000b38       0xcc ./gecko_sdk_4.4.6/platform/driver/debug/src/sl_debug_swo.o
                0x00000b38                sl_debug_swo_init
 .text.setHfLeConfig
                0x00000c04       0x44 ./gecko_sdk_4.4.6/platform/emlib/src/em_cmu.o
 .text.flashWaitStateControl
                0x00000c48       0x54 ./gecko_sdk_4.4.6/platform/emlib/src/em_cmu.o
 .text.flashWaitStateMax
                0x00000c9c       0x24 ./gecko_sdk_4.4.6/platform/emlib/src/em_cmu.o
 .text.EMU_VScaleWait
                0x00000cc0       0x1c ./gecko_sdk_4.4.6/platform/emlib/src/em_cmu.o
 .text.EMU_VScaleGet
                0x00000cdc       0x14 ./gecko_sdk_4.4.6/platform/emlib/src/em_cmu.o
 .text.syncReg  0x00000cf0       0x18 ./gecko_sdk_4.4.6/platform/emlib/src/em_cmu.o
 .text.CMU_UpdateWaitStates
                0x00000d08       0x20 ./gecko_sdk_4.4.6/platform/emlib/src/em_cmu.o
                0x00000d08                CMU_UpdateWaitStates
 .text.CMU_ClockEnable
                0x00000d28       0x9c ./gecko_sdk_4.4.6/platform/emlib/src/em_cmu.o
                0x00000d28                CMU_ClockEnable
 .text.CMU_ClockPrescGet
                0x00000dc4       0xec ./gecko_sdk_4.4.6/platform/emlib/src/em_cmu.o
                0x00000dc4                CMU_ClockPrescGet
 .text.CMU_ClockSelectGet
                0x00000eb0       0xd8 ./gecko_sdk_4.4.6/platform/emlib/src/em_cmu.o
                0x00000eb0                CMU_ClockSelectGet
 .text.lfClkGet
                0x00000f88       0xb8 ./gecko_sdk_4.4.6/platform/emlib/src/em_cmu.o
 .text.CMU_ClockFreqGet
                0x00001040      0x1d0 ./gecko_sdk_4.4.6/platform/emlib/src/em_cmu.o
                0x00001040                CMU_ClockFreqGet
 .text.CMU_LFXOPrecisionSet
                0x00001210        0xc ./gecko_sdk_4.4.6/platform/emlib/src/em_cmu.o
                0x00001210                CMU_LFXOPrecisionSet
 .text.CMU_HFXOPrecisionSet
                0x0000121c        0xc ./gecko_sdk_4.4.6/platform/emlib/src/em_cmu.o
                0x0000121c                CMU_HFXOPrecisionSet
 .text.CMU_OscillatorTuningSet
                0x00001228      0x120 ./gecko_sdk_4.4.6/platform/emlib/src/em_cmu.o
                0x00001228                CMU_OscillatorTuningSet
 .text.CMU_OscillatorTuningWait
                0x00001348       0x64 ./gecko_sdk_4.4.6/platform/emlib/src/em_cmu.o
                0x00001348                CMU_OscillatorTuningWait
 .text.CMU_OscillatorTuningOptimize
                0x000013ac       0x38 ./gecko_sdk_4.4.6/platform/emlib/src/em_cmu.o
                0x000013ac                CMU_OscillatorTuningOptimize
 .text.CMU_OscillatorEnable
                0x000013e4      0x120 ./gecko_sdk_4.4.6/platform/emlib/src/em_cmu.o
                0x000013e4                CMU_OscillatorEnable
 .text.sli_em_cmu_HFClockSelectHFXO
                0x00001504       0x60 ./gecko_sdk_4.4.6/platform/emlib/src/em_cmu.o
                0x00001504                sli_em_cmu_HFClockSelectHFXO
 .text.CMU_HFXOInit
                0x00001564       0xa0 ./gecko_sdk_4.4.6/platform/emlib/src/em_cmu.o
                0x00001564                CMU_HFXOInit
 .text.CMU_LFXOInit
                0x00001604       0x58 ./gecko_sdk_4.4.6/platform/emlib/src/em_cmu.o
                0x00001604                CMU_LFXOInit
 .text.EMU_LDOStatusGet
                0x0000165c       0x14 ./gecko_sdk_4.4.6/platform/emlib/src/em_emu.o
 .text.lpGetDevinfoVrefLowHigh
                0x00001670       0x74 ./gecko_sdk_4.4.6/platform/emlib/src/em_emu.o
 .text.EMU_VScaleWait
                0x000016e4       0x18 ./gecko_sdk_4.4.6/platform/emlib/src/em_emu.o
 .text.EMU_EM4Init
                0x000016fc       0x40 ./gecko_sdk_4.4.6/platform/emlib/src/em_emu.o
                0x000016fc                EMU_EM4Init
 .text.EMU_VScaleEM01
                0x0000173c       0x98 ./gecko_sdk_4.4.6/platform/emlib/src/em_emu.o
                0x0000173c                EMU_VScaleEM01
 .text.EMU_VScaleEM01ByClock
                0x000017d4       0x4c ./gecko_sdk_4.4.6/platform/emlib/src/em_emu.o
                0x000017d4                EMU_VScaleEM01ByClock
 .text.EMU_DCDCModeSet
                0x00001820       0x98 ./gecko_sdk_4.4.6/platform/emlib/src/em_emu.o
                0x00001820                EMU_DCDCModeSet
 .text.EMU_DCDCOutputVoltageSet
                0x000018b8      0x1f0 ./gecko_sdk_4.4.6/platform/emlib/src/em_emu.o
                0x000018b8                EMU_DCDCOutputVoltageSet
 .text.EMU_DCDCOptimizeSlice
                0x00001aa8       0xdc ./gecko_sdk_4.4.6/platform/emlib/src/em_emu.o
                0x00001aa8                EMU_DCDCOptimizeSlice
 .text.EMU_DCDCLnRcoBandSet
                0x00001b84       0x44 ./gecko_sdk_4.4.6/platform/emlib/src/em_emu.o
                0x00001b84                EMU_DCDCLnRcoBandSet
 .text.EMU_DCDCInit
                0x00001bc8      0x188 ./gecko_sdk_4.4.6/platform/emlib/src/em_emu.o
                0x00001bc8                EMU_DCDCInit
 .text.GPIO_PinOutSet
                0x00001d50       0x40 ./gecko_sdk_4.4.6/platform/emlib/src/em_gpio.o
 .text.GPIO_PinOutClear
                0x00001d90       0x40 ./gecko_sdk_4.4.6/platform/emlib/src/em_gpio.o
 .text.GPIO_DbgLocationSet
                0x00001dd0       0x2c ./gecko_sdk_4.4.6/platform/emlib/src/em_gpio.o
                0x00001dd0                GPIO_DbgLocationSet
 .text.GPIO_PinModeSet
                0x00001dfc       0x90 ./gecko_sdk_4.4.6/platform/emlib/src/em_gpio.o
                0x00001dfc                GPIO_PinModeSet
 .text.RTCC_ChannelInit
                0x00001e8c       0x58 ./gecko_sdk_4.4.6/platform/emlib/src/em_rtcc.o
                0x00001e8c                RTCC_ChannelInit
 .text.RTCC_Enable
                0x00001ee4        0xc ./gecko_sdk_4.4.6/platform/emlib/src/em_rtcc.o
                0x00001ee4                RTCC_Enable
 .text.RTCC_Init
                0x00001ef0       0x3c ./gecko_sdk_4.4.6/platform/emlib/src/em_rtcc.o
                0x00001ef0                RTCC_Init
 .text.SYSTEM_GetProdRev
                0x00001f2c       0x10 ./gecko_sdk_4.4.6/platform/emlib/src/em_system.o
                0x00001f2c                SYSTEM_GetProdRev
 .text.USART_BaudrateAsyncSet
                0x00001f3c       0xe4 ./gecko_sdk_4.4.6/platform/emlib/src/em_usart.o
                0x00001f3c                USART_BaudrateAsyncSet
 .text.USART_BaudrateSyncSet
                0x00002020       0x4c ./gecko_sdk_4.4.6/platform/emlib/src/em_usart.o
                0x00002020                USART_BaudrateSyncSet
 .text.USART_Reset
                0x0000206c       0x8c ./gecko_sdk_4.4.6/platform/emlib/src/em_usart.o
                0x0000206c                USART_Reset
 .text.USART_InitAsync
                0x000020f8       0xb0 ./gecko_sdk_4.4.6/platform/emlib/src/em_usart.o
                0x000020f8                USART_InitAsync
 .text.USART_InitSync
                0x000021a8       0xb0 ./gecko_sdk_4.4.6/platform/emlib/src/em_usart.o
                0x000021a8                USART_InitSync
 .text.sl_device_init_dcdc
                0x00002258       0x2c ./gecko_sdk_4.4.6/platform/service/device_init/src/sl_device_init_dcdc_s1.o
                0x00002258                sl_device_init_dcdc
 .text.sl_device_init_hfxo
                0x00002284       0x74 ./gecko_sdk_4.4.6/platform/service/device_init/src/sl_device_init_hfxo_s1.o
                0x00002284                sl_device_init_hfxo
 .text.sl_device_init_lfxo
                0x000022f8       0x28 ./gecko_sdk_4.4.6/platform/service/device_init/src/sl_device_init_lfxo_s1.o
                0x000022f8                sl_device_init_lfxo
 .text.sl_device_init_nvic
                0x00002320       0x3c ./gecko_sdk_4.4.6/platform/service/device_init/src/sl_device_init_nvic.o
                0x00002320                sl_device_init_nvic
 .text.delta_list_insert_timer
                0x0000235c       0x40 ./gecko_sdk_4.4.6/platform/service/sleeptimer/src/sl_sleeptimer.o
 .text.update_delta_list
                0x0000239c       0x34 ./gecko_sdk_4.4.6/platform/service/sleeptimer/src/sl_sleeptimer.o
 .text.set_comparator_for_next_timer
                0x000023d0       0x5c ./gecko_sdk_4.4.6/platform/service/sleeptimer/src/sl_sleeptimer.o
 .text.delta_list_remove_timer
                0x0000242c       0x38 ./gecko_sdk_4.4.6/platform/service/sleeptimer/src/sl_sleeptimer.o
 .text.sl_sleeptimer_init
                0x00002464       0x74 ./gecko_sdk_4.4.6/platform/service/sleeptimer/src/sl_sleeptimer.o
                0x00002464                sl_sleeptimer_init
 .text.process_timer_irq
                0x000024d8      0x154 ./gecko_sdk_4.4.6/platform/service/sleeptimer/src/sl_sleeptimer.o
                0x000024d8                process_timer_irq
 .text.sleeptimer_hal_init_timer
                0x0000262c       0x8c ./gecko_sdk_4.4.6/platform/service/sleeptimer/src/sl_sleeptimer_hal_rtcc.o
                0x0000262c                sleeptimer_hal_init_timer
 .text.sleeptimer_hal_get_counter
                0x000026b8        0xc ./gecko_sdk_4.4.6/platform/service/sleeptimer/src/sl_sleeptimer_hal_rtcc.o
                0x000026b8                sleeptimer_hal_get_counter
 .text.sleeptimer_hal_set_compare
                0x000026c4       0x5c ./gecko_sdk_4.4.6/platform/service/sleeptimer/src/sl_sleeptimer_hal_rtcc.o
                0x000026c4                sleeptimer_hal_set_compare
 .text.sleeptimer_hal_enable_int
                0x00002720       0x1c ./gecko_sdk_4.4.6/platform/service/sleeptimer/src/sl_sleeptimer_hal_rtcc.o
                0x00002720                sleeptimer_hal_enable_int
 .text.sleeptimer_hal_disable_int
                0x0000273c       0x30 ./gecko_sdk_4.4.6/platform/service/sleeptimer/src/sl_sleeptimer_hal_rtcc.o
                0x0000273c                sleeptimer_hal_disable_int
 .text.sleeptimer_hal_set_int
                0x0000276c       0x10 ./gecko_sdk_4.4.6/platform/service/sleeptimer/src/sl_sleeptimer_hal_rtcc.o
                0x0000276c                sleeptimer_hal_set_int
 .text.RTCC_IRQHandler
                0x0000277c       0x30 ./gecko_sdk_4.4.6/platform/service/sleeptimer/src/sl_sleeptimer_hal_rtcc.o
                0x0000277c                RTCC_IRQHandler
 .text.sleeptimer_hal_get_timer_frequency
                0x000027ac       0x18 ./gecko_sdk_4.4.6/platform/service/sleeptimer/src/sl_sleeptimer_hal_rtcc.o
                0x000027ac                sleeptimer_hal_get_timer_frequency
 .text.sl_udelay_wait
                0x000027c4       0x54 ./gecko_sdk_4.4.6/platform/service/udelay/src/sl_udelay.o
                0x000027c4                sl_udelay_wait
 .text          0x00002818       0x30 d:/simplicitystudio-5/developer/toolchains/gnu_arm/12.2.rel1_2023.7/bin/../lib/gcc/arm-none-eabi/12.2.1/thumb/v7e-m+fp/softfp\libgcc.a(_aeabi_uldivmod.o)
                0x00002818                __aeabi_uldivmod
 .text.__udivmoddi4
                0x00002848      0x2bc d:/simplicitystudio-5/developer/toolchains/gnu_arm/12.2.rel1_2023.7/bin/../lib/gcc/arm-none-eabi/12.2.1/thumb/v7e-m+fp/softfp\libgcc.a(_udivmoddi4.o)
                0x00002848                __udivmoddi4
 .text          0x00002b04        0x4 d:/simplicitystudio-5/developer/toolchains/gnu_arm/12.2.rel1_2023.7/bin/../lib/gcc/arm-none-eabi/12.2.1/thumb/v7e-m+fp/softfp\libgcc.a(_dvmd_tls.o)
                0x00002b04                __aeabi_idiv0
                0x00002b04                __aeabi_ldiv0
 .text.exit     0x00002b08       0x24 d:/simplicitystudio-5/developer/toolchains/gnu_arm/12.2.rel1_2023.7/bin/../lib/gcc/arm-none-eabi/12.2.1/thumb/v7e-m+fp/softfp\libc_nano.a(libc_a-exit.o)
                0x00002b08                exit
 .text.malloc   0x00002b2c       0x10 d:/simplicitystudio-5/developer/toolchains/gnu_arm/12.2.rel1_2023.7/bin/../lib/gcc/arm-none-eabi/12.2.1/thumb/v7e-m+fp/softfp\libc_nano.a(libc_a-malloc.o)
                0x00002b2c                malloc
 .text.sbrk_aligned
                0x00002b3c       0x44 d:/simplicitystudio-5/developer/toolchains/gnu_arm/12.2.rel1_2023.7/bin/../lib/gcc/arm-none-eabi/12.2.1/thumb/v7e-m+fp/softfp\libc_nano.a(libc_a-mallocr.o)
 .text._malloc_r
                0x00002b80       0xf0 d:/simplicitystudio-5/developer/toolchains/gnu_arm/12.2.rel1_2023.7/bin/../lib/gcc/arm-none-eabi/12.2.1/thumb/v7e-m+fp/softfp\libc_nano.a(libc_a-mallocr.o)
                0x00002b80                _malloc_r
 .text.__malloc_lock
                0x00002c70        0xc d:/simplicitystudio-5/developer/toolchains/gnu_arm/12.2.rel1_2023.7/bin/../lib/gcc/arm-none-eabi/12.2.1/thumb/v7e-m+fp/softfp\libc_nano.a(libc_a-mlock.o)
                0x00002c70                __malloc_lock
 .text.__malloc_unlock
                0x00002c7c        0xc d:/simplicitystudio-5/developer/toolchains/gnu_arm/12.2.rel1_2023.7/bin/../lib/gcc/arm-none-eabi/12.2.1/thumb/v7e-m+fp/softfp\libc_nano.a(libc_a-mlock.o)
                0x00002c7c                __malloc_unlock
 .text.vsnprintf
                0x00002c88       0x1c d:/simplicitystudio-5/developer/toolchains/gnu_arm/12.2.rel1_2023.7/bin/../lib/gcc/arm-none-eabi/12.2.1/thumb/v7e-m+fp/softfp\libc_nano.a(libc_a-vsnprintf.o)
                0x00002c88                vsniprintf
                0x00002c88                vsnprintf
 .text._sbrk_r  0x00002ca4       0x20 d:/simplicitystudio-5/developer/toolchains/gnu_arm/12.2.rel1_2023.7/bin/../lib/gcc/arm-none-eabi/12.2.1/thumb/v7e-m+fp/softfp\libc_nano.a(libc_a-sbrkr.o)
                0x00002ca4                _sbrk_r
 .text.__libc_init_array
                0x00002cc4       0x48 d:/simplicitystudio-5/developer/toolchains/gnu_arm/12.2.rel1_2023.7/bin/../lib/gcc/arm-none-eabi/12.2.1/thumb/v7e-m+fp/softfp\libc_nano.a(libc_a-init.o)
                0x00002cc4                __libc_init_array
 .text._free_r  0x00002d0c       0x94 d:/simplicitystudio-5/developer/toolchains/gnu_arm/12.2.rel1_2023.7/bin/../lib/gcc/arm-none-eabi/12.2.1/thumb/v7e-m+fp/softfp\libc_nano.a(libc_a-freer.o)
                0x00002d0c                _free_r
 .text._svfprintf_r
                0x00002da0      0x1f8 d:/simplicitystudio-5/developer/toolchains/gnu_arm/12.2.rel1_2023.7/bin/../lib/gcc/arm-none-eabi/12.2.1/thumb/v7e-m+fp/softfp\libc_nano.a(libc_a-nano-svfprintf.o)
                0x00002da0                _svfiprintf_r
                0x00002da0                _svfprintf_r
 .text._printf_i
                0x00002f98      0x258 d:/simplicitystudio-5/developer/toolchains/gnu_arm/12.2.rel1_2023.7/bin/../lib/gcc/arm-none-eabi/12.2.1/thumb/v7e-m+fp/softfp\libc_nano.a(libc_a-nano-vfprintf_i.o)
                0x00002f98                _printf_i
 .text.app_process_action
                0x000031f0        0x2 ./app.o
                0x000031f0                app_process_action
 .text.startup.main
                0x000031f2       0x14 ./main.o
                0x000031f2                main
 .text.rgb565_to_grayscale
                0x00003206       0x94 ./nv_optical_flow.o
                0x00003206                rgb565_to_grayscale
 .text.build_image_pyramid
                0x0000329a       0x54 ./nv_optical_flow.o
                0x0000329a                build_image_pyramid
 .text.compute_gradient
                0x000032ee       0xc2 ./nv_optical_flow.o
                0x000032ee                compute_gradient
 .text.find_strong_feature
                0x000033b0      0x172 ./nv_optical_flow.o
                0x000033b0                find_strong_feature
 .text.lucas_kanade_pyramid
                0x00003522       0x76 ./nv_optical_flow.o
                0x00003522                lucas_kanade_pyramid
 .text.usart_printf
                0x00003598       0x38 ./nv_usart.o
                0x00003598                usart_printf
 .text.sl_board_default_init
                0x000035d0        0x4 ./autogen/sl_board_default_init.o
                0x000035d0                sl_board_default_init
 .text.sl_driver_init
                0x000035d4        0xe ./autogen/sl_event_handler.o
                0x000035d4                sl_driver_init
 .text.sl_service_init
                0x000035e2        0xe ./autogen/sl_event_handler.o
                0x000035e2                sl_service_init
 .text.sl_stack_init
                0x000035f0        0x2 ./autogen/sl_event_handler.o
                0x000035f0                sl_stack_init
 .text.sl_internal_app_init
                0x000035f2        0x2 ./autogen/sl_event_handler.o
                0x000035f2                sl_internal_app_init
 .text.sl_platform_process_action
                0x000035f4        0x2 ./autogen/sl_event_handler.o
                0x000035f4                sl_platform_process_action
 .text.sl_service_process_action
                0x000035f6        0x2 ./autogen/sl_event_handler.o
                0x000035f6                sl_service_process_action
 .text.sl_stack_process_action
                0x000035f8        0x2 ./autogen/sl_event_handler.o
                0x000035f8                sl_stack_process_action
 .text.sl_internal_app_process_action
                0x000035fa        0x2 ./autogen/sl_event_handler.o
                0x000035fa                sl_internal_app_process_action
 .text.sl_board_configure_vcom
                0x000035fc        0x4 ./gecko_sdk_4.4.6/hardware/board/src/sl_board_control_gpio.o
                0x000035fc                sl_board_configure_vcom
 .text.sl_board_disable_vcom
                0x00003600       0x12 ./gecko_sdk_4.4.6/hardware/board/src/sl_board_control_gpio.o
                0x00003600                sl_board_disable_vcom
 .text.sl_cos_send_config
                0x00003612       0x12 ./gecko_sdk_4.4.6/hardware/driver/configuration_over_swo/src/sl_cos.o
                0x00003612                sl_cos_send_config
 .text.Default_Handler
                0x00003624        0x2 ./gecko_sdk_4.4.6/platform/Device/SiliconLabs/EFR32MG12P/Source/startup_efr32mg12p.o
                0x00003624                DebugMon_Handler
                0x00003624                USART0_TX_IRQHandler
                0x00003624                I2C0_IRQHandler
                0x00003624                HardFault_Handler
                0x00003624                SysTick_Handler
                0x00003624                USART1_RX_IRQHandler
                0x00003624                PendSV_Handler
                0x00003624                NMI_Handler
                0x00003624                SYNTH_IRQHandler
                0x00003624                I2C1_IRQHandler
                0x00003624                WTIMER0_IRQHandler
                0x00003624                CRYPTO0_IRQHandler
                0x00003624                WDOG0_IRQHandler
                0x00003624                USART1_TX_IRQHandler
                0x00003624                SMU_IRQHandler
                0x00003624                MSC_IRQHandler
                0x00003624                ADC0_IRQHandler
                0x00003624                UsageFault_Handler
                0x00003624                WDOG1_IRQHandler
                0x00003624                LEUART0_IRQHandler
                0x00003624                FPUEH_IRQHandler
                0x00003624                WTIMER1_IRQHandler
                0x00003624                GPIO_EVEN_IRQHandler
                0x00003624                VDAC0_IRQHandler
                0x00003624                LDMA_IRQHandler
                0x00003624                CSEN_IRQHandler
                0x00003624                CRYPTO1_IRQHandler
                0x00003624                TIMER0_IRQHandler
                0x00003624                PCNT2_IRQHandler
                0x00003624                LETIMER0_IRQHandler
                0x00003624                TIMER1_IRQHandler
                0x00003624                TRNG0_IRQHandler
                0x00003624                RFSENSE_IRQHandler
                0x00003624                BUFC_IRQHandler
                0x00003624                MODEM_IRQHandler
                0x00003624                Default_Handler
                0x00003624                RAC_SEQ_IRQHandler
                0x00003624                FRC_PRI_IRQHandler
                0x00003624                EMU_IRQHandler
                0x00003624                FRC_IRQHandler
                0x00003624                CRYOTIMER_IRQHandler
                0x00003624                PCNT0_IRQHandler
                0x00003624                AGC_IRQHandler
                0x00003624                sl_app_properties
                0x00003624                PCNT1_IRQHandler
                0x00003624                ACMP0_IRQHandler
                0x00003624                USART0_RX_IRQHandler
                0x00003624                MemManage_Handler
                0x00003624                SVC_Handler
                0x00003624                USART3_RX_IRQHandler
                0x00003624                CMU_IRQHandler
                0x00003624                RAC_RSM_IRQHandler
                0x00003624                GPIO_ODD_IRQHandler
                0x00003624                LESENSE_IRQHandler
                0x00003624                USART3_TX_IRQHandler
                0x00003624                PROTIMER_IRQHandler
                0x00003624                BusFault_Handler
                0x00003624                IDAC0_IRQHandler
 .text.SystemLFRCOClockGet
                0x00003626        0x6 ./gecko_sdk_4.4.6/platform/Device/SiliconLabs/EFR32MG12P/Source/system_efr32mg12p.o
                0x00003626                SystemLFRCOClockGet
 .text.SystemULFRCOClockGet
                0x0000362c        0x6 ./gecko_sdk_4.4.6/platform/Device/SiliconLabs/EFR32MG12P/Source/system_efr32mg12p.o
                0x0000362c                SystemULFRCOClockGet
 .text.assertEFM
                0x00003632        0x2 ./gecko_sdk_4.4.6/platform/common/src/sl_assert.o
                0x00003632                assertEFM
 .text._exit    0x00003634        0x2 ./gecko_sdk_4.4.6/platform/common/src/sl_syscalls.o
                0x00003634                _exit
 .text.sl_debug_swo_enable_itm
                0x00003636       0x16 ./gecko_sdk_4.4.6/platform/driver/debug/src/sl_debug_swo.o
                0x00003636                sl_debug_swo_enable_itm
 .text.sl_debug_swo_disable_itm
                0x0000364c       0x18 ./gecko_sdk_4.4.6/platform/driver/debug/src/sl_debug_swo.o
                0x0000364c                sl_debug_swo_disable_itm
 .text.CMU_ClockDivGet
                0x00003664        0xa ./gecko_sdk_4.4.6/platform/emlib/src/em_cmu.o
                0x00003664                CMU_ClockDivGet
 .text.CORE_EnterCritical
                0x0000366e        0x8 ./gecko_sdk_4.4.6/platform/emlib/src/em_core.o
                0x0000366e                CORE_EnterCritical
 .text.CORE_ExitCritical
                0x00003676        0x6 ./gecko_sdk_4.4.6/platform/emlib/src/em_core.o
                0x00003676                CORE_ExitCritical
 .text.CORE_EnterAtomic
                0x0000367c        0xc ./gecko_sdk_4.4.6/platform/emlib/src/em_core.o
                0x0000367c                CORE_EnterAtomic
 .text.CORE_ExitAtomic
                0x00003688        0x6 ./gecko_sdk_4.4.6/platform/emlib/src/em_core.o
                0x00003688                CORE_ExitAtomic
 .text.BUS_RegMaskedWrite
                0x0000368e       0x1e ./gecko_sdk_4.4.6/platform/emlib/src/em_gpio.o
 .text.USART_SpiTransfer
                0x000036ac       0x14 ./gecko_sdk_4.4.6/platform/emlib/src/em_usart.o
                0x000036ac                USART_SpiTransfer
 .text.sl_device_init_emu
                0x000036c0       0x1c ./gecko_sdk_4.4.6/platform/service/device_init/src/sl_device_init_emu_s1.o
                0x000036c0                sl_device_init_emu
 .text.CMU_PrescToLog2.constprop.0
                0x000036dc        0x4 ./gecko_sdk_4.4.6/platform/service/sleeptimer/src/sl_sleeptimer_hal_rtcc.o
 .text.sl_system_init
                0x000036e0       0x1a ./gecko_sdk_4.4.6/platform/service/system/src/sl_system_init.o
                0x000036e0                sl_system_init
 .text.sl_system_process_action
                0x000036fa       0x16 ./gecko_sdk_4.4.6/platform/service/system/src/sl_system_process_action.o
                0x000036fa                sl_system_process_action
 .text.abs      0x00003710        0x8 d:/simplicitystudio-5/developer/toolchains/gnu_arm/12.2.rel1_2023.7/bin/../lib/gcc/arm-none-eabi/12.2.1/thumb/v7e-m+fp/softfp\libc_nano.a(libc_a-abs.o)
                0x00003710                abs
 .text._vsnprintf_r
                0x00003718       0x56 d:/simplicitystudio-5/developer/toolchains/gnu_arm/12.2.rel1_2023.7/bin/../lib/gcc/arm-none-eabi/12.2.1/thumb/v7e-m+fp/softfp\libc_nano.a(libc_a-vsnprintf.o)
                0x00003718                _vsniprintf_r
                0x00003718                _vsnprintf_r
 .text.memset   0x0000376e       0x10 d:/simplicitystudio-5/developer/toolchains/gnu_arm/12.2.rel1_2023.7/bin/../lib/gcc/arm-none-eabi/12.2.1/thumb/v7e-m+fp/softfp\libc_nano.a(libc_a-memset.o)
                0x0000376e                memset
 .text.__retarget_lock_acquire_recursive
                0x0000377e        0x2 d:/simplicitystudio-5/developer/toolchains/gnu_arm/12.2.rel1_2023.7/bin/../lib/gcc/arm-none-eabi/12.2.1/thumb/v7e-m+fp/softfp\libc_nano.a(libc_a-lock.o)
                0x0000377e                __retarget_lock_acquire_recursive
 .text.__retarget_lock_release_recursive
                0x00003780        0x2 d:/simplicitystudio-5/developer/toolchains/gnu_arm/12.2.rel1_2023.7/bin/../lib/gcc/arm-none-eabi/12.2.1/thumb/v7e-m+fp/softfp\libc_nano.a(libc_a-lock.o)
                0x00003780                __retarget_lock_release_recursive
 .text.memcpy   0x00003782       0x1c d:/simplicitystudio-5/developer/toolchains/gnu_arm/12.2.rel1_2023.7/bin/../lib/gcc/arm-none-eabi/12.2.1/thumb/v7e-m+fp/softfp\libc_nano.a(libc_a-memcpy-stub.o)
                0x00003782                memcpy
 .text.__ssputs_r
                0x0000379e       0xb6 d:/simplicitystudio-5/developer/toolchains/gnu_arm/12.2.rel1_2023.7/bin/../lib/gcc/arm-none-eabi/12.2.1/thumb/v7e-m+fp/softfp\libc_nano.a(libc_a-nano-svfprintf.o)
                0x0000379e                __ssputs_r
 .text._printf_common
                0x00003854       0xda d:/simplicitystudio-5/developer/toolchains/gnu_arm/12.2.rel1_2023.7/bin/../lib/gcc/arm-none-eabi/12.2.1/thumb/v7e-m+fp/softfp\libc_nano.a(libc_a-nano-vfprintf_i.o)
                0x00003854                _printf_common
 .text.memmove  0x0000392e       0x34 d:/simplicitystudio-5/developer/toolchains/gnu_arm/12.2.rel1_2023.7/bin/../lib/gcc/arm-none-eabi/12.2.1/thumb/v7e-m+fp/softfp\libc_nano.a(libc_a-memmove.o)
                0x0000392e                memmove
 .text._realloc_r
                0x00003962       0x5c d:/simplicitystudio-5/developer/toolchains/gnu_arm/12.2.rel1_2023.7/bin/../lib/gcc/arm-none-eabi/12.2.1/thumb/v7e-m+fp/softfp\libc_nano.a(libc_a-reallocr.o)
                0x00003962                _realloc_r
 .text._malloc_usable_size_r
                0x000039be       0x10 d:/simplicitystudio-5/developer/toolchains/gnu_arm/12.2.rel1_2023.7/bin/../lib/gcc/arm-none-eabi/12.2.1/thumb/v7e-m+fp/softfp\libc_nano.a(libc_a-msizer.o)
                0x000039be                _malloc_usable_size_r
                0x000039e0                . = ALIGN (0x20)
 *fill*         0x000039ce       0x12 
                0x000039e0                linker_code_end = .
 *(.init)
 .init          0x000039e0        0x4 d:/simplicitystudio-5/developer/toolchains/gnu_arm/12.2.rel1_2023.7/bin/../lib/gcc/arm-none-eabi/12.2.1/thumb/v7e-m+fp/softfp/crti.o
                0x000039e0                _init
 .init          0x000039e4        0x8 d:/simplicitystudio-5/developer/toolchains/gnu_arm/12.2.rel1_2023.7/bin/../lib/gcc/arm-none-eabi/12.2.1/thumb/v7e-m+fp/softfp/crtn.o
 *(.fini)
 .fini          0x000039ec        0x4 d:/simplicitystudio-5/developer/toolchains/gnu_arm/12.2.rel1_2023.7/bin/../lib/gcc/arm-none-eabi/12.2.1/thumb/v7e-m+fp/softfp/crti.o
                0x000039ec                _fini
 .fini          0x000039f0        0x8 d:/simplicitystudio-5/developer/toolchains/gnu_arm/12.2.rel1_2023.7/bin/../lib/gcc/arm-none-eabi/12.2.1/thumb/v7e-m+fp/softfp/crtn.o
 *crtbegin.o(.ctors)
 *crtbegin?.o(.ctors)
 *(EXCLUDE_FILE(*crtend.o *crtend?.o) .ctors)
 *(SORT_BY_NAME(.ctors.*))
 *(.ctors)
 *crtbegin.o(.dtors)
 *crtbegin?.o(.dtors)
 *(EXCLUDE_FILE(*crtend.o *crtend?.o) .dtors)
 *(SORT_BY_NAME(.dtors.*))
 *(.dtors)
                0x000039f8                __code_classification_validator_start__ = .
                0x00003a18                . = (. + 0x20)
 *fill*         0x000039f8       0x20 
 *(code_classification_validator)
                0x00003a20                . = ALIGN (0x20)
 *fill*         0x00003a18        0x8 
                0x00003a20                __code_classification_validator_end__ = .
 *(.rodata*)
 .rodata.rx_callback.str1.1
                0x00003a20        0x5 ./app.o
 .rodata.process_single_frame.isra.0.str1.1
                0x00003a25      0x110 ./app.o
 .rodata.app_init.str1.1
                0x00003b35       0xf0 ./app.o
 *fill*         0x00003c25        0x1 
 .rodata.frame2_rgb565
                0x00003c26     0x7080 ./app.o
                0x00003c26                frame2_rgb565
 .rodata.frame1_rgb565
                0x0000aca6     0x7080 ./app.o
                0x0000aca6                frame1_rgb565
 *fill*         0x00011d26        0x2 
 .rodata        0x00011d28       0x1c ./nv_usart.o
 .rodata        0x00011d44       0x1c ./gecko_sdk_4.4.6/hardware/driver/mx25_flash_shutdown/src/sl_mx25_flash_shutdown_usart/sl_mx25_flash_shutdown.o
 .rodata.flashWaitStateControl.str1.1
                0x00011d60       0x29 ./gecko_sdk_4.4.6/platform/emlib/src/em_cmu.o
 *fill*         0x00011d89        0x1 
 .rodata.CSWTCH.79
                0x00011d8a        0xa ./gecko_sdk_4.4.6/platform/emlib/src/em_cmu.o
 .rodata.CSWTCH.78
                0x00011d94        0xa ./gecko_sdk_4.4.6/platform/emlib/src/em_cmu.o
 .rodata.CSWTCH.77
                0x00011d9e        0x5 ./gecko_sdk_4.4.6/platform/emlib/src/em_cmu.o
 .rodata.CSWTCH.76
                0x00011da3        0x5 ./gecko_sdk_4.4.6/platform/emlib/src/em_cmu.o
 .rodata.flashWsTable
                0x00011da8       0x28 ./gecko_sdk_4.4.6/platform/emlib/src/em_cmu.o
 .rodata.vmonCalibratedThreshold.str1.1
                0x00011dd0       0x29 ./gecko_sdk_4.4.6/platform/emlib/src/em_emu.o
 .rodata.GPIO_PinOutSet.str1.1
                0x00011df9       0x2a ./gecko_sdk_4.4.6/platform/emlib/src/em_gpio.o
 .rodata.GPIO_DbgLocationSet.str1.1
                0x00011e23       0x2a ./gecko_sdk_4.4.6/platform/emlib/src/em_gpio.o
 *fill*         0x00011e4d        0x1 
 .rodata.CSWTCH.78
                0x00011e4e       0x16 ./gecko_sdk_4.4.6/platform/emlib/src/em_gpio.o
 .rodata.RTCC_ChannelInit.str1.1
                0x00011e64       0x2a ./gecko_sdk_4.4.6/platform/emlib/src/em_rtcc.o
 .rodata.USART_BaudrateAsyncSet.str1.1
                0x00011e8e       0x2b ./gecko_sdk_4.4.6/platform/emlib/src/em_usart.o
 *fill*         0x00011eb9        0x1 
 .rodata        0x00011eba       0x10 ./gecko_sdk_4.4.6/platform/service/device_init/src/sl_device_init_dcdc_s1.o
 .rodata        0x00011eca       0x12 ./gecko_sdk_4.4.6/platform/service/device_init/src/sl_device_init_hfxo_s1.o
 .rodata        0x00011edc        0x4 ./gecko_sdk_4.4.6/platform/service/device_init/src/sl_device_init_lfxo_s1.o
 .rodata.process_timer_irq.str1.1
                0x00011ee0       0x3d ./gecko_sdk_4.4.6/platform/service/sleeptimer/src/sl_sleeptimer.o
 .rodata        0x00011f1d       0x10 ./gecko_sdk_4.4.6/platform/service/sleeptimer/src/sl_sleeptimer_hal_rtcc.o
 .rodata.sl_udelay_wait.str1.1
                0x00011f2d       0x35 ./gecko_sdk_4.4.6/platform/service/udelay/src/sl_udelay.o
 .rodata._svfprintf_r.str1.1
                0x00011f62       0x11 d:/simplicitystudio-5/developer/toolchains/gnu_arm/12.2.rel1_2023.7/bin/../lib/gcc/arm-none-eabi/12.2.1/thumb/v7e-m+fp/softfp\libc_nano.a(libc_a-nano-svfprintf.o)
 .rodata._printf_i.str1.1
                0x00011f73       0x22 d:/simplicitystudio-5/developer/toolchains/gnu_arm/12.2.rel1_2023.7/bin/../lib/gcc/arm-none-eabi/12.2.1/thumb/v7e-m+fp/softfp\libc_nano.a(libc_a-nano-vfprintf_i.o)
 *(.eh_frame*)
 *fill*         0x00011f95        0x3 
 .eh_frame      0x00011f98        0x0 d:/simplicitystudio-5/developer/toolchains/gnu_arm/12.2.rel1_2023.7/bin/../lib/gcc/arm-none-eabi/12.2.1/thumb/v7e-m+fp/softfp/crtbegin.o

.glue_7         0x00011f98        0x0
 .glue_7        0x00011f98        0x0 linker stubs

.glue_7t        0x00011f98        0x0
 .glue_7t       0x00011f98        0x0 linker stubs

.vfp11_veneer   0x00011f98        0x0
 .vfp11_veneer  0x00011f98        0x0 linker stubs

.v4_bx          0x00011f98        0x0
 .v4_bx         0x00011f98        0x0 linker stubs

.iplt           0x00011f98        0x0
 .iplt          0x00011f98        0x0 d:/simplicitystudio-5/developer/toolchains/gnu_arm/12.2.rel1_2023.7/bin/../lib/gcc/arm-none-eabi/12.2.1/thumb/v7e-m+fp/softfp/crtbegin.o

.ARM.extab
 *(.ARM.extab* .gnu.linkonce.armextab.*)
                0x00011f98                __exidx_start = .

.ARM.exidx      0x00011f98        0x8
 *(.ARM.exidx* .gnu.linkonce.armexidx.*)
 .ARM.exidx     0x00011f98        0x8 d:/simplicitystudio-5/developer/toolchains/gnu_arm/12.2.rel1_2023.7/bin/../lib/gcc/arm-none-eabi/12.2.1/thumb/v7e-m+fp/softfp/crt0.o
                                 0x10 (size before relaxing)
 .ARM.exidx.text.__udivmoddi4
                0x00011fa0        0x0 d:/simplicitystudio-5/developer/toolchains/gnu_arm/12.2.rel1_2023.7/bin/../lib/gcc/arm-none-eabi/12.2.1/thumb/v7e-m+fp/softfp\libgcc.a(_udivmoddi4.o)
                                  0x8 (size before relaxing)
                0x00011fa0                __exidx_end = .

.rel.dyn        0x00011fa0        0x0
 .rel.iplt      0x00011fa0        0x0 d:/simplicitystudio-5/developer/toolchains/gnu_arm/12.2.rel1_2023.7/bin/../lib/gcc/arm-none-eabi/12.2.1/thumb/v7e-m+fp/softfp/crtbegin.o

.copy.table     0x00011fa0        0xc
                0x00011fa0                . = ALIGN (0x4)
                0x00011fa0                __copy_table_start__ = .
                0x00011fa0        0x4 LONG 0x11fac __etext
                0x00011fa4        0x4 LONG 0x20001000 __data_start__
                0x00011fa8        0x4 LONG 0x1e ((__data_end__ - __data_start__) / 0x4)
                0x00011fac                __copy_table_end__ = .

.zero.table     0x00011fac        0x0
                0x00011fac                . = ALIGN (0x4)
                0x00011fac                __zero_table_start__ = .
                0x00011fac                __zero_table_end__ = .
                0x00011fac                __etext = .
                0x20000000                . = ORIGIN (RAM)

.stack          0x20000000     0x1000
                0x20000000                __StackLimit = .
 *(.stack*)
 .stack         0x20000000     0x1000 ./gecko_sdk_4.4.6/platform/common/toolchain/src/sl_memory.o
                0x20001000                . = ALIGN (0x4)
                0x20001000                __StackTop = .
                0x20001000                PROVIDE (__stack = __StackTop)

.noinit
 *(.noinit*)

.data           0x20001000       0x78 load address 0x00011fac
                0x20001000                . = ALIGN (0x4)
                0x20001000                __data_start__ = .
 *(vtable)
 *(SORT_BY_ALIGNMENT(.data*))
 .data.SystemHfrcoFreq
                0x20001000        0x4 ./gecko_sdk_4.4.6/platform/Device/SiliconLabs/EFR32MG12P/Source/system_efr32mg12p.o
                0x20001000                SystemHfrcoFreq
 .data.SystemCoreClock
                0x20001004        0x4 ./gecko_sdk_4.4.6/platform/Device/SiliconLabs/EFR32MG12P/Source/system_efr32mg12p.o
                0x20001004                SystemCoreClock
 .data.SystemLFXOClock
                0x20001008        0x4 ./gecko_sdk_4.4.6/platform/Device/SiliconLabs/EFR32MG12P/Source/system_efr32mg12p.o
 .data.SystemHFXOClock
                0x2000100c        0x4 ./gecko_sdk_4.4.6/platform/Device/SiliconLabs/EFR32MG12P/Source/system_efr32mg12p.o
 .data.heap_end.0
                0x20001010        0x4 ./gecko_sdk_4.4.6/platform/common/toolchain/src/sl_memory.o
 .data.auxHfrcoFreq
                0x20001014        0x4 ./gecko_sdk_4.4.6/platform/emlib/src/em_cmu.o
 .data._impure_ptr
                0x20001018        0x4 d:/simplicitystudio-5/developer/toolchains/gnu_arm/12.2.rel1_2023.7/bin/../lib/gcc/arm-none-eabi/12.2.1/thumb/v7e-m+fp/softfp\libc_nano.a(libc_a-impure.o)
                0x20001018                _impure_ptr
 .data._impure_data
                0x2000101c       0x4c d:/simplicitystudio-5/developer/toolchains/gnu_arm/12.2.rel1_2023.7/bin/../lib/gcc/arm-none-eabi/12.2.1/thumb/v7e-m+fp/softfp\libc_nano.a(libc_a-impure.o)
                0x2000101c                _impure_data
 .data.hfxo_precision
                0x20001068        0x2 ./gecko_sdk_4.4.6/platform/emlib/src/em_cmu.o
 .data.lfxo_precision
                0x2000106a        0x2 ./gecko_sdk_4.4.6/platform/emlib/src/em_cmu.o
 .data.cc_disabled
                0x2000106c        0x1 ./gecko_sdk_4.4.6/platform/service/sleeptimer/src/sl_sleeptimer_hal_rtcc.o
                0x20001070                . = ALIGN (0x4)
 *fill*         0x2000106d        0x3 
                [!provide]                PROVIDE (__ram_func_section_start = .)
 *(.ram)
                [!provide]                PROVIDE (__ram_func_section_end = .)
                0x20001070                . = ALIGN (0x4)
                0x20001070                PROVIDE (__preinit_array_start = .)
 *(.preinit_array)
                0x20001070                PROVIDE (__preinit_array_end = .)
                0x20001070                . = ALIGN (0x4)
                0x20001070                PROVIDE (__init_array_start = .)
 *(SORT_BY_NAME(.init_array.*))
 *(.init_array)
 .init_array    0x20001070        0x4 d:/simplicitystudio-5/developer/toolchains/gnu_arm/12.2.rel1_2023.7/bin/../lib/gcc/arm-none-eabi/12.2.1/thumb/v7e-m+fp/softfp/crtbegin.o
                0x20001074                PROVIDE (__init_array_end = .)
                0x20001074                . = ALIGN (0x4)
                [!provide]                PROVIDE (__fini_array_start = .)
 *(SORT_BY_NAME(.fini_array.*))
 *(.fini_array)
 .fini_array    0x20001074        0x4 d:/simplicitystudio-5/developer/toolchains/gnu_arm/12.2.rel1_2023.7/bin/../lib/gcc/arm-none-eabi/12.2.1/thumb/v7e-m+fp/softfp/crtbegin.o
                [!provide]                PROVIDE (__fini_array_end = .)
                0x20001078                . = ALIGN (0x4)
                0x20001078                __data_end__ = .

.tm_clone_table
                0x20001078        0x0 load address 0x00012024
 .tm_clone_table
                0x20001078        0x0 d:/simplicitystudio-5/developer/toolchains/gnu_arm/12.2.rel1_2023.7/bin/../lib/gcc/arm-none-eabi/12.2.1/thumb/v7e-m+fp/softfp/crtbegin.o
 .tm_clone_table
                0x20001078        0x0 d:/simplicitystudio-5/developer/toolchains/gnu_arm/12.2.rel1_2023.7/bin/../lib/gcc/arm-none-eabi/12.2.1/thumb/v7e-m+fp/softfp/crtend.o

.igot.plt       0x20001078        0x0 load address 0x00012024
 .igot.plt      0x20001078        0x0 d:/simplicitystudio-5/developer/toolchains/gnu_arm/12.2.rel1_2023.7/bin/../lib/gcc/arm-none-eabi/12.2.1/thumb/v7e-m+fp/softfp/crtbegin.o

.bss            0x20001078    0x1995c load address 0x00012024
                0x20001078                . = ALIGN (0x4)
                0x20001078                __bss_start__ = .
 *(SORT_BY_ALIGNMENT(.bss*))
 .bss.object.0  0x20001078       0x18 d:/simplicitystudio-5/developer/toolchains/gnu_arm/12.2.rel1_2023.7/bin/../lib/gcc/arm-none-eabi/12.2.1/thumb/v7e-m+fp/softfp/crtbegin.o
 .bss.frame_buffer
                0x20001090        0x4 ./app.o
                0x20001090                frame_buffer
 .bss.tx_callback
                0x20001094        0x4 ./nv_usart.o
 .bss.rx_callback
                0x20001098        0x4 ./nv_usart.o
 .bss.max_millisecond_conversion
                0x2000109c        0x4 ./gecko_sdk_4.4.6/platform/service/sleeptimer/src/sl_sleeptimer.o
 .bss.last_delta_update_count
                0x200010a0        0x4 ./gecko_sdk_4.4.6/platform/service/sleeptimer/src/sl_sleeptimer.o
 .bss.timer_head
                0x200010a4        0x4 ./gecko_sdk_4.4.6/platform/service/sleeptimer/src/sl_sleeptimer.o
 .bss.timer_frequency
                0x200010a8        0x4 ./gecko_sdk_4.4.6/platform/service/sleeptimer/src/sl_sleeptimer.o
 .bss.__malloc_sbrk_start
                0x200010ac        0x4 d:/simplicitystudio-5/developer/toolchains/gnu_arm/12.2.rel1_2023.7/bin/../lib/gcc/arm-none-eabi/12.2.1/thumb/v7e-m+fp/softfp\libc_nano.a(libc_a-mallocr.o)
                0x200010ac                __malloc_sbrk_start
 .bss.__malloc_free_list
                0x200010b0        0x4 d:/simplicitystudio-5/developer/toolchains/gnu_arm/12.2.rel1_2023.7/bin/../lib/gcc/arm-none-eabi/12.2.1/thumb/v7e-m+fp/softfp\libc_nano.a(libc_a-mallocr.o)
                0x200010b0                __malloc_free_list
 .bss.__sf      0x200010b4      0x138 d:/simplicitystudio-5/developer/toolchains/gnu_arm/12.2.rel1_2023.7/bin/../lib/gcc/arm-none-eabi/12.2.1/thumb/v7e-m+fp/softfp\libc_nano.a(libc_a-findfp.o)
                0x200010b4                __sf
 .bss.__stdio_exit_handler
                0x200011ec        0x4 d:/simplicitystudio-5/developer/toolchains/gnu_arm/12.2.rel1_2023.7/bin/../lib/gcc/arm-none-eabi/12.2.1/thumb/v7e-m+fp/softfp\libc_nano.a(libc_a-findfp.o)
                0x200011ec                __stdio_exit_handler
 .bss.errno     0x200011f0        0x4 d:/simplicitystudio-5/developer/toolchains/gnu_arm/12.2.rel1_2023.7/bin/../lib/gcc/arm-none-eabi/12.2.1/thumb/v7e-m+fp/softfp\libc_nano.a(libc_a-reent.o)
                0x200011f0                errno
 .bss.grad_buffer_local.0
                0x200011f4    0x11940 ./app.o
 .bss.dcdcReverseCurrentControl
                0x20012b34        0x2 ./gecko_sdk_4.4.6/platform/emlib/src/em_emu.o
 .bss.dcdcEm01LoadCurrent_mA
                0x20012b36        0x2 ./gecko_sdk_4.4.6/platform/emlib/src/em_emu.o
 .bss.dcdcMaxCurrent_mA
                0x20012b38        0x2 ./gecko_sdk_4.4.6/platform/emlib/src/em_emu.o
 .bss.overflow_counter
                0x20012b3a        0x2 ./gecko_sdk_4.4.6/platform/service/sleeptimer/src/sl_sleeptimer.o
 .bss.completed.1
                0x20012b3c        0x1 d:/simplicitystudio-5/developer/toolchains/gnu_arm/12.2.rel1_2023.7/bin/../lib/gcc/arm-none-eabi/12.2.1/thumb/v7e-m+fp/softfp/crtbegin.o
 .bss.gray_buffer
                0x20012b3d     0x3840 ./app.o
 .bss.pyr_buffer
                0x2001637d     0x4650 ./app.o
 .bss.vScaleEM01Config
                0x2001a9cd        0x1 ./gecko_sdk_4.4.6/platform/emlib/src/em_emu.o
 .bss.sleep_on_isr_exit
                0x2001a9ce        0x1 ./gecko_sdk_4.4.6/platform/service/sleeptimer/src/sl_sleeptimer.o
 .bss.next_timer_to_expire_is_power_manager
                0x2001a9cf        0x1 ./gecko_sdk_4.4.6/platform/service/sleeptimer/src/sl_sleeptimer.o
 .bss.is_sleeptimer_initialized
                0x2001a9d0        0x1 ./gecko_sdk_4.4.6/platform/service/sleeptimer/src/sl_sleeptimer.o
 .bss.__lock___malloc_recursive_mutex
                0x2001a9d1        0x1 d:/simplicitystudio-5/developer/toolchains/gnu_arm/12.2.rel1_2023.7/bin/../lib/gcc/arm-none-eabi/12.2.1/thumb/v7e-m+fp/softfp\libc_nano.a(libc_a-lock.o)
                0x2001a9d1                __lock___malloc_recursive_mutex
 *(COMMON)
                0x2001a9d4                . = ALIGN (0x4)
 *fill*         0x2001a9d2        0x2 
                0x2001a9d4                __bss_end__ = .
                0x2001a9d4                __ramfuncs_start__ = .
                0x2001a9d4                __vma_ramfuncs_start__ = .
                0x00012024                __lma_ramfuncs_start__ = (__etext + SIZEOF (.data))
                0x00000000                __text_application_ram_offset__ = (. - __vma_ramfuncs_start__)

text_application_ram
                0x2001a9d4        0x0 load address 0x00012024
                0x2001a9d4                . = ALIGN (0x4)
                0x2001a9d4                __text_application_ram_start__ = .
 *(text_application_ram)
                0x2001a9d4                . = ALIGN (0x4)
                0x2001a9d4                __text_application_ram_end__ = .
                0x2001a9d4                . = ALIGN (0x4)
                0x2001a9d4                __vma_ramfuncs_end__ = .
                0x00012024                __lma_ramfuncs_end__ = ((__lma_ramfuncs_start__ + __text_application_ram_offset__) + SIZEOF (text_application_ram))
                0x2001a9d4                __ramfuncs_end__ = .

.heap           0x2001a9d8      0x800
                0x2001a9d8                __HeapBase = .
                0x2001a9d8                __end__ = .
                0x2001a9d8                end = __end__
                0x2001a9d8                _end = __end__
 *(.heap*)
 .heap          0x2001a9d8      0x800 ./gecko_sdk_4.4.6/platform/common/toolchain/src/sl_memory.o
                0x20040000                __HeapLimit = (ORIGIN (RAM) + LENGTH (RAM))
                0x00025628                __heap_size = (__HeapLimit - __HeapBase)
                0x2007d000                __ram_end__ = 0x2007d000
                0x00180000                __main_flash_end__ = 0x180000

.internal_storage
 *(.internal_storage*)

.nvm
 *(.simee*)
                0x00180000                linker_nvm_end = __main_flash_end__
                0x00180000                linker_nvm_begin = (linker_nvm_end - SIZEOF (.nvm))
                0x00000000                linker_nvm_size = SIZEOF (.nvm)
                0x00180000                linker_storage_end = linker_nvm_begin
                0x00180000                __nvm3Base = linker_nvm_begin
                0x00180000                linker_storage_begin = (linker_storage_end - SIZEOF (.internal_storage))
                0x00000000                linker_storage_size = SIZEOF (.internal_storage)
                0x00000001                ASSERT ((linker_storage_begin >= (__etext + SIZEOF (.data))), FLASH memory overflowed !)
OUTPUT(silmotion_xG12.axf elf32-littlearm)
LOAD linker stubs

.ARM.attributes
                0x00000000       0x2e
 .ARM.attributes
                0x00000000       0x22 d:/simplicitystudio-5/developer/toolchains/gnu_arm/12.2.rel1_2023.7/bin/../lib/gcc/arm-none-eabi/12.2.1/thumb/v7e-m+fp/softfp/crti.o
 .ARM.attributes
                0x00000022       0x32 d:/simplicitystudio-5/developer/toolchains/gnu_arm/12.2.rel1_2023.7/bin/../lib/gcc/arm-none-eabi/12.2.1/thumb/v7e-m+fp/softfp/crtbegin.o
 .ARM.attributes
                0x00000054       0x20 d:/simplicitystudio-5/developer/toolchains/gnu_arm/12.2.rel1_2023.7/bin/../lib/gcc/arm-none-eabi/12.2.1/thumb/v7e-m+fp/softfp/crt0.o
 .ARM.attributes
                0x00000074       0x32 ./app.o
 .ARM.attributes
                0x000000a6       0x32 ./main.o
 .ARM.attributes
                0x000000d8       0x32 ./nv_optical_flow.o
 .ARM.attributes
                0x0000010a       0x32 ./nv_usart.o
 .ARM.attributes
                0x0000013c       0x32 ./autogen/sl_board_default_init.o
 .ARM.attributes
                0x0000016e       0x32 ./autogen/sl_device_init_clocks.o
 .ARM.attributes
                0x000001a0       0x32 ./autogen/sl_event_handler.o
 .ARM.attributes
                0x000001d2       0x32 ./gecko_sdk_4.4.6/hardware/board/src/sl_board_control_gpio.o
 .ARM.attributes
                0x00000204       0x32 ./gecko_sdk_4.4.6/hardware/board/src/sl_board_init.o
 .ARM.attributes
                0x00000236       0x32 ./gecko_sdk_4.4.6/hardware/driver/configuration_over_swo/src/sl_cos.o
 .ARM.attributes
                0x00000268       0x32 ./gecko_sdk_4.4.6/hardware/driver/mx25_flash_shutdown/src/sl_mx25_flash_shutdown_usart/sl_mx25_flash_shutdown.o
 .ARM.attributes
                0x0000029a       0x32 ./gecko_sdk_4.4.6/platform/Device/SiliconLabs/EFR32MG12P/Source/startup_efr32mg12p.o
 .ARM.attributes
                0x000002cc       0x32 ./gecko_sdk_4.4.6/platform/Device/SiliconLabs/EFR32MG12P/Source/system_efr32mg12p.o
 .ARM.attributes
                0x000002fe       0x32 ./gecko_sdk_4.4.6/platform/common/src/sl_assert.o
 .ARM.attributes
                0x00000330       0x32 ./gecko_sdk_4.4.6/platform/common/src/sl_syscalls.o
 .ARM.attributes
                0x00000362       0x32 ./gecko_sdk_4.4.6/platform/common/toolchain/src/sl_memory.o
 .ARM.attributes
                0x00000394       0x32 ./gecko_sdk_4.4.6/platform/driver/debug/src/sl_debug_swo.o
 .ARM.attributes
                0x000003c6       0x32 ./gecko_sdk_4.4.6/platform/emlib/src/em_cmu.o
 .ARM.attributes
                0x000003f8       0x32 ./gecko_sdk_4.4.6/platform/emlib/src/em_core.o
 .ARM.attributes
                0x0000042a       0x32 ./gecko_sdk_4.4.6/platform/emlib/src/em_emu.o
 .ARM.attributes
                0x0000045c       0x32 ./gecko_sdk_4.4.6/platform/emlib/src/em_gpio.o
 .ARM.attributes
                0x0000048e       0x32 ./gecko_sdk_4.4.6/platform/emlib/src/em_rtcc.o
 .ARM.attributes
                0x000004c0       0x32 ./gecko_sdk_4.4.6/platform/emlib/src/em_system.o
 .ARM.attributes
                0x000004f2       0x32 ./gecko_sdk_4.4.6/platform/emlib/src/em_usart.o
 .ARM.attributes
                0x00000524       0x32 ./gecko_sdk_4.4.6/platform/service/device_init/src/sl_device_init_dcdc_s1.o
 .ARM.attributes
                0x00000556       0x32 ./gecko_sdk_4.4.6/platform/service/device_init/src/sl_device_init_emu_s1.o
 .ARM.attributes
                0x00000588       0x32 ./gecko_sdk_4.4.6/platform/service/device_init/src/sl_device_init_hfxo_s1.o
 .ARM.attributes
                0x000005ba       0x32 ./gecko_sdk_4.4.6/platform/service/device_init/src/sl_device_init_lfxo_s1.o
 .ARM.attributes
                0x000005ec       0x32 ./gecko_sdk_4.4.6/platform/service/device_init/src/sl_device_init_nvic.o
 .ARM.attributes
                0x0000061e       0x32 ./gecko_sdk_4.4.6/platform/service/sleeptimer/src/sl_sleeptimer.o
 .ARM.attributes
                0x00000650       0x32 ./gecko_sdk_4.4.6/platform/service/sleeptimer/src/sl_sleeptimer_hal_rtcc.o
 .ARM.attributes
                0x00000682       0x32 ./gecko_sdk_4.4.6/platform/service/system/src/sl_system_init.o
 .ARM.attributes
                0x000006b4       0x32 ./gecko_sdk_4.4.6/platform/service/system/src/sl_system_process_action.o
 .ARM.attributes
                0x000006e6       0x32 ./gecko_sdk_4.4.6/platform/service/udelay/src/sl_udelay.o
 .ARM.attributes
                0x00000718       0x20 ./gecko_sdk_4.4.6/platform/service/udelay/src/sl_udelay_armv6m_gcc.o
 .ARM.attributes
                0x00000738       0x22 d:/simplicitystudio-5/developer/toolchains/gnu_arm/12.2.rel1_2023.7/bin/../lib/gcc/arm-none-eabi/12.2.1/thumb/v7e-m+fp/softfp\libgcc.a(_aeabi_uldivmod.o)
 .ARM.attributes
                0x0000075a       0x32 d:/simplicitystudio-5/developer/toolchains/gnu_arm/12.2.rel1_2023.7/bin/../lib/gcc/arm-none-eabi/12.2.1/thumb/v7e-m+fp/softfp\libgcc.a(_udivmoddi4.o)
 .ARM.attributes
                0x0000078c       0x22 d:/simplicitystudio-5/developer/toolchains/gnu_arm/12.2.rel1_2023.7/bin/../lib/gcc/arm-none-eabi/12.2.1/thumb/v7e-m+fp/softfp\libgcc.a(_dvmd_tls.o)
 .ARM.attributes
                0x000007ae       0x32 d:/simplicitystudio-5/developer/toolchains/gnu_arm/12.2.rel1_2023.7/bin/../lib/gcc/arm-none-eabi/12.2.1/thumb/v7e-m+fp/softfp\libc_nano.a(libc_a-abs.o)
 .ARM.attributes
                0x000007e0       0x32 d:/simplicitystudio-5/developer/toolchains/gnu_arm/12.2.rel1_2023.7/bin/../lib/gcc/arm-none-eabi/12.2.1/thumb/v7e-m+fp/softfp\libc_nano.a(libc_a-exit.o)
 .ARM.attributes
                0x00000812       0x32 d:/simplicitystudio-5/developer/toolchains/gnu_arm/12.2.rel1_2023.7/bin/../lib/gcc/arm-none-eabi/12.2.1/thumb/v7e-m+fp/softfp\libc_nano.a(libc_a-malloc.o)
 .ARM.attributes
                0x00000844       0x32 d:/simplicitystudio-5/developer/toolchains/gnu_arm/12.2.rel1_2023.7/bin/../lib/gcc/arm-none-eabi/12.2.1/thumb/v7e-m+fp/softfp\libc_nano.a(libc_a-mallocr.o)
 .ARM.attributes
                0x00000876       0x32 d:/simplicitystudio-5/developer/toolchains/gnu_arm/12.2.rel1_2023.7/bin/../lib/gcc/arm-none-eabi/12.2.1/thumb/v7e-m+fp/softfp\libc_nano.a(libc_a-mlock.o)
 .ARM.attributes
                0x000008a8       0x32 d:/simplicitystudio-5/developer/toolchains/gnu_arm/12.2.rel1_2023.7/bin/../lib/gcc/arm-none-eabi/12.2.1/thumb/v7e-m+fp/softfp\libc_nano.a(libc_a-findfp.o)
 .ARM.attributes
                0x000008da       0x32 d:/simplicitystudio-5/developer/toolchains/gnu_arm/12.2.rel1_2023.7/bin/../lib/gcc/arm-none-eabi/12.2.1/thumb/v7e-m+fp/softfp\libc_nano.a(libc_a-vsnprintf.o)
 .ARM.attributes
                0x0000090c       0x32 d:/simplicitystudio-5/developer/toolchains/gnu_arm/12.2.rel1_2023.7/bin/../lib/gcc/arm-none-eabi/12.2.1/thumb/v7e-m+fp/softfp\libc_nano.a(libc_a-memset.o)
 .ARM.attributes
                0x0000093e       0x32 d:/simplicitystudio-5/developer/toolchains/gnu_arm/12.2.rel1_2023.7/bin/../lib/gcc/arm-none-eabi/12.2.1/thumb/v7e-m+fp/softfp\libc_nano.a(libc_a-reent.o)
 .ARM.attributes
                0x00000970       0x32 d:/simplicitystudio-5/developer/toolchains/gnu_arm/12.2.rel1_2023.7/bin/../lib/gcc/arm-none-eabi/12.2.1/thumb/v7e-m+fp/softfp\libc_nano.a(libc_a-impure.o)
 .ARM.attributes
                0x000009a2       0x32 d:/simplicitystudio-5/developer/toolchains/gnu_arm/12.2.rel1_2023.7/bin/../lib/gcc/arm-none-eabi/12.2.1/thumb/v7e-m+fp/softfp\libc_nano.a(libc_a-sbrkr.o)
 .ARM.attributes
                0x000009d4       0x32 d:/simplicitystudio-5/developer/toolchains/gnu_arm/12.2.rel1_2023.7/bin/../lib/gcc/arm-none-eabi/12.2.1/thumb/v7e-m+fp/softfp\libc_nano.a(libc_a-init.o)
 .ARM.attributes
                0x00000a06       0x32 d:/simplicitystudio-5/developer/toolchains/gnu_arm/12.2.rel1_2023.7/bin/../lib/gcc/arm-none-eabi/12.2.1/thumb/v7e-m+fp/softfp\libc_nano.a(libc_a-lock.o)
 .ARM.attributes
                0x00000a38       0x32 d:/simplicitystudio-5/developer/toolchains/gnu_arm/12.2.rel1_2023.7/bin/../lib/gcc/arm-none-eabi/12.2.1/thumb/v7e-m+fp/softfp\libc_nano.a(libc_a-memcpy-stub.o)
 .ARM.attributes
                0x00000a6a       0x32 d:/simplicitystudio-5/developer/toolchains/gnu_arm/12.2.rel1_2023.7/bin/../lib/gcc/arm-none-eabi/12.2.1/thumb/v7e-m+fp/softfp\libc_nano.a(libc_a-freer.o)
 .ARM.attributes
                0x00000a9c       0x32 d:/simplicitystudio-5/developer/toolchains/gnu_arm/12.2.rel1_2023.7/bin/../lib/gcc/arm-none-eabi/12.2.1/thumb/v7e-m+fp/softfp\libc_nano.a(libc_a-nano-svfprintf.o)
 .ARM.attributes
                0x00000ace       0x32 d:/simplicitystudio-5/developer/toolchains/gnu_arm/12.2.rel1_2023.7/bin/../lib/gcc/arm-none-eabi/12.2.1/thumb/v7e-m+fp/softfp\libc_nano.a(libc_a-nano-vfprintf_i.o)
 .ARM.attributes
                0x00000b00       0x32 d:/simplicitystudio-5/developer/toolchains/gnu_arm/12.2.rel1_2023.7/bin/../lib/gcc/arm-none-eabi/12.2.1/thumb/v7e-m+fp/softfp\libc_nano.a(libc_a-memmove.o)
 .ARM.attributes
                0x00000b32       0x1c d:/simplicitystudio-5/developer/toolchains/gnu_arm/12.2.rel1_2023.7/bin/../lib/gcc/arm-none-eabi/12.2.1/thumb/v7e-m+fp/softfp\libc_nano.a(libc_a-memchr.o)
 .ARM.attributes
                0x00000b4e       0x32 d:/simplicitystudio-5/developer/toolchains/gnu_arm/12.2.rel1_2023.7/bin/../lib/gcc/arm-none-eabi/12.2.1/thumb/v7e-m+fp/softfp\libc_nano.a(libc_a-reallocr.o)
 .ARM.attributes
                0x00000b80       0x32 d:/simplicitystudio-5/developer/toolchains/gnu_arm/12.2.rel1_2023.7/bin/../lib/gcc/arm-none-eabi/12.2.1/thumb/v7e-m+fp/softfp\libc_nano.a(libc_a-msizer.o)
 .ARM.attributes
                0x00000bb2       0x32 d:/simplicitystudio-5/developer/toolchains/gnu_arm/12.2.rel1_2023.7/bin/../lib/gcc/arm-none-eabi/12.2.1/thumb/v7e-m+fp/softfp/crtend.o
 .ARM.attributes
                0x00000be4       0x22 d:/simplicitystudio-5/developer/toolchains/gnu_arm/12.2.rel1_2023.7/bin/../lib/gcc/arm-none-eabi/12.2.1/thumb/v7e-m+fp/softfp/crtn.o

.comment        0x00000000       0x45
 .comment       0x00000000       0x45 ./app.o
                                 0x46 (size before relaxing)
 .comment       0x00000045       0x46 ./main.o
 .comment       0x00000045       0x46 ./nv_optical_flow.o
 .comment       0x00000045       0x46 ./nv_usart.o
 .comment       0x00000045       0x46 ./autogen/sl_board_default_init.o
 .comment       0x00000045       0x46 ./autogen/sl_device_init_clocks.o
 .comment       0x00000045       0x46 ./autogen/sl_event_handler.o
 .comment       0x00000045       0x46 ./gecko_sdk_4.4.6/hardware/board/src/sl_board_control_gpio.o
 .comment       0x00000045       0x46 ./gecko_sdk_4.4.6/hardware/board/src/sl_board_init.o
 .comment       0x00000045       0x46 ./gecko_sdk_4.4.6/hardware/driver/configuration_over_swo/src/sl_cos.o
 .comment       0x00000045       0x46 ./gecko_sdk_4.4.6/hardware/driver/mx25_flash_shutdown/src/sl_mx25_flash_shutdown_usart/sl_mx25_flash_shutdown.o
 .comment       0x00000045       0x46 ./gecko_sdk_4.4.6/platform/Device/SiliconLabs/EFR32MG12P/Source/startup_efr32mg12p.o
 .comment       0x00000045       0x46 ./gecko_sdk_4.4.6/platform/Device/SiliconLabs/EFR32MG12P/Source/system_efr32mg12p.o
 .comment       0x00000045       0x46 ./gecko_sdk_4.4.6/platform/common/src/sl_assert.o
 .comment       0x00000045       0x46 ./gecko_sdk_4.4.6/platform/common/src/sl_syscalls.o
 .comment       0x00000045       0x46 ./gecko_sdk_4.4.6/platform/common/toolchain/src/sl_memory.o
 .comment       0x00000045       0x46 ./gecko_sdk_4.4.6/platform/driver/debug/src/sl_debug_swo.o
 .comment       0x00000045       0x46 ./gecko_sdk_4.4.6/platform/emlib/src/em_cmu.o
 .comment       0x00000045       0x46 ./gecko_sdk_4.4.6/platform/emlib/src/em_core.o
 .comment       0x00000045       0x46 ./gecko_sdk_4.4.6/platform/emlib/src/em_emu.o
 .comment       0x00000045       0x46 ./gecko_sdk_4.4.6/platform/emlib/src/em_gpio.o
 .comment       0x00000045       0x46 ./gecko_sdk_4.4.6/platform/emlib/src/em_rtcc.o
 .comment       0x00000045       0x46 ./gecko_sdk_4.4.6/platform/emlib/src/em_system.o
 .comment       0x00000045       0x46 ./gecko_sdk_4.4.6/platform/emlib/src/em_usart.o
 .comment       0x00000045       0x46 ./gecko_sdk_4.4.6/platform/service/device_init/src/sl_device_init_dcdc_s1.o
 .comment       0x00000045       0x46 ./gecko_sdk_4.4.6/platform/service/device_init/src/sl_device_init_emu_s1.o
 .comment       0x00000045       0x46 ./gecko_sdk_4.4.6/platform/service/device_init/src/sl_device_init_hfxo_s1.o
 .comment       0x00000045       0x46 ./gecko_sdk_4.4.6/platform/service/device_init/src/sl_device_init_lfxo_s1.o
 .comment       0x00000045       0x46 ./gecko_sdk_4.4.6/platform/service/device_init/src/sl_device_init_nvic.o
 .comment       0x00000045       0x46 ./gecko_sdk_4.4.6/platform/service/sleeptimer/src/sl_sleeptimer.o
 .comment       0x00000045       0x46 ./gecko_sdk_4.4.6/platform/service/sleeptimer/src/sl_sleeptimer_hal_rtcc.o
 .comment       0x00000045       0x46 ./gecko_sdk_4.4.6/platform/service/system/src/sl_system_init.o
 .comment       0x00000045       0x46 ./gecko_sdk_4.4.6/platform/service/system/src/sl_system_process_action.o
 .comment       0x00000045       0x46 ./gecko_sdk_4.4.6/platform/service/udelay/src/sl_udelay.o

.debug_line_str
                0x00000000      0x29f
 .debug_line_str
                0x00000000       0xe5 d:/simplicitystudio-5/developer/toolchains/gnu_arm/12.2.rel1_2023.7/bin/../lib/gcc/arm-none-eabi/12.2.1/thumb/v7e-m+fp/softfp/crt0.o
 .debug_line_str
                0x000000e5       0xcb d:/simplicitystudio-5/developer/toolchains/gnu_arm/12.2.rel1_2023.7/bin/../lib/gcc/arm-none-eabi/12.2.1/thumb/v7e-m+fp/softfp\libgcc.a(_aeabi_uldivmod.o)
 .debug_line_str
                0x000001b0        0xc d:/simplicitystudio-5/developer/toolchains/gnu_arm/12.2.rel1_2023.7/bin/../lib/gcc/arm-none-eabi/12.2.1/thumb/v7e-m+fp/softfp\libgcc.a(_dvmd_tls.o)
                                 0xcf (size before relaxing)
 .debug_line_str
                0x000001bc       0xe3 d:/simplicitystudio-5/developer/toolchains/gnu_arm/12.2.rel1_2023.7/bin/../lib/gcc/arm-none-eabi/12.2.1/thumb/v7e-m+fp/softfp\libc_nano.a(libc_a-memchr.o)

.debug_info     0x00000000    0x19588
 .debug_info    0x00000000      0xb4d ./app.o
 .debug_info    0x00000b4d       0xa1 ./main.o
 .debug_info    0x00000bee      0xc7c ./nv_optical_flow.o
 .debug_info    0x0000186a     0x111e ./nv_usart.o
 .debug_info    0x00002988       0xc5 ./autogen/sl_board_default_init.o
 .debug_info    0x00002a4d      0x888 ./autogen/sl_device_init_clocks.o
 .debug_info    0x000032d5      0x9b3 ./autogen/sl_event_handler.o
 .debug_info    0x00003c88      0x5d1 ./gecko_sdk_4.4.6/hardware/board/src/sl_board_control_gpio.o
 .debug_info    0x00004259      0x2f3 ./gecko_sdk_4.4.6/hardware/board/src/sl_board_init.o
 .debug_info    0x0000454c      0x4d4 ./gecko_sdk_4.4.6/hardware/driver/configuration_over_swo/src/sl_cos.o
 .debug_info    0x00004a20      0xe59 ./gecko_sdk_4.4.6/hardware/driver/mx25_flash_shutdown/src/sl_mx25_flash_shutdown_usart/sl_mx25_flash_shutdown.o
 .debug_info    0x00005879      0x322 ./gecko_sdk_4.4.6/platform/Device/SiliconLabs/EFR32MG12P/Source/startup_efr32mg12p.o
 .debug_info    0x00005b9b      0x9c5 ./gecko_sdk_4.4.6/platform/Device/SiliconLabs/EFR32MG12P/Source/system_efr32mg12p.o
 .debug_info    0x00006560       0x86 ./gecko_sdk_4.4.6/platform/common/src/sl_assert.o
 .debug_info    0x000065e6      0x306 ./gecko_sdk_4.4.6/platform/common/src/sl_syscalls.o
 .debug_info    0x000068ec      0x205 ./gecko_sdk_4.4.6/platform/common/toolchain/src/sl_memory.o
 .debug_info    0x00006af1     0x1005 ./gecko_sdk_4.4.6/platform/driver/debug/src/sl_debug_swo.o
 .debug_info    0x00007af6     0x47be ./gecko_sdk_4.4.6/platform/emlib/src/em_cmu.o
 .debug_info    0x0000c2b4     0x11b4 ./gecko_sdk_4.4.6/platform/emlib/src/em_core.o
 .debug_info    0x0000d468     0x3b90 ./gecko_sdk_4.4.6/platform/emlib/src/em_emu.o
 .debug_info    0x00010ff8      0xfb9 ./gecko_sdk_4.4.6/platform/emlib/src/em_gpio.o
 .debug_info    0x00011fb1      0xc96 ./gecko_sdk_4.4.6/platform/emlib/src/em_rtcc.o
 .debug_info    0x00012c47      0xc37 ./gecko_sdk_4.4.6/platform/emlib/src/em_system.o
 .debug_info    0x0001387e     0x1578 ./gecko_sdk_4.4.6/platform/emlib/src/em_usart.o
 .debug_info    0x00014df6      0x281 ./gecko_sdk_4.4.6/platform/service/device_init/src/sl_device_init_dcdc_s1.o
 .debug_info    0x00015077      0x1ed ./gecko_sdk_4.4.6/platform/service/device_init/src/sl_device_init_emu_s1.o
 .debug_info    0x00015264      0x8d7 ./gecko_sdk_4.4.6/platform/service/device_init/src/sl_device_init_hfxo_s1.o
 .debug_info    0x00015b3b      0x1dd ./gecko_sdk_4.4.6/platform/service/device_init/src/sl_device_init_lfxo_s1.o
 .debug_info    0x00015d18      0x601 ./gecko_sdk_4.4.6/platform/service/device_init/src/sl_device_init_nvic.o
 .debug_info    0x00016319     0x1a68 ./gecko_sdk_4.4.6/platform/service/sleeptimer/src/sl_sleeptimer.o
 .debug_info    0x00017d81     0x1529 ./gecko_sdk_4.4.6/platform/service/sleeptimer/src/sl_sleeptimer_hal_rtcc.o
 .debug_info    0x000192aa       0xa7 ./gecko_sdk_4.4.6/platform/service/system/src/sl_system_init.o
 .debug_info    0x00019351       0x93 ./gecko_sdk_4.4.6/platform/service/system/src/sl_system_process_action.o
 .debug_info    0x000193e4      0x17e ./gecko_sdk_4.4.6/platform/service/udelay/src/sl_udelay.o
 .debug_info    0x00019562       0x26 ./gecko_sdk_4.4.6/platform/service/udelay/src/sl_udelay_armv6m_gcc.o

.debug_abbrev   0x00000000     0x4890
 .debug_abbrev  0x00000000      0x36f ./app.o
 .debug_abbrev  0x0000036f       0x5d ./main.o
 .debug_abbrev  0x000003cc      0x211 ./nv_optical_flow.o
 .debug_abbrev  0x000005dd      0x346 ./nv_usart.o
 .debug_abbrev  0x00000923       0x87 ./autogen/sl_board_default_init.o
 .debug_abbrev  0x000009aa      0x145 ./autogen/sl_device_init_clocks.o
 .debug_abbrev  0x00000aef      0x172 ./autogen/sl_event_handler.o
 .debug_abbrev  0x00000c61      0x187 ./gecko_sdk_4.4.6/hardware/board/src/sl_board_control_gpio.o
 .debug_abbrev  0x00000de8      0x11f ./gecko_sdk_4.4.6/hardware/board/src/sl_board_init.o
 .debug_abbrev  0x00000f07      0x20f ./gecko_sdk_4.4.6/hardware/driver/configuration_over_swo/src/sl_cos.o
 .debug_abbrev  0x00001116      0x287 ./gecko_sdk_4.4.6/hardware/driver/mx25_flash_shutdown/src/sl_mx25_flash_shutdown_usart/sl_mx25_flash_shutdown.o
 .debug_abbrev  0x0000139d      0x1c8 ./gecko_sdk_4.4.6/platform/Device/SiliconLabs/EFR32MG12P/Source/startup_efr32mg12p.o
 .debug_abbrev  0x00001565      0x231 ./gecko_sdk_4.4.6/platform/Device/SiliconLabs/EFR32MG12P/Source/system_efr32mg12p.o
 .debug_abbrev  0x00001796       0x6c ./gecko_sdk_4.4.6/platform/common/src/sl_assert.o
 .debug_abbrev  0x00001802      0x143 ./gecko_sdk_4.4.6/platform/common/src/sl_syscalls.o
 .debug_abbrev  0x00001945      0x11e ./gecko_sdk_4.4.6/platform/common/toolchain/src/sl_memory.o
 .debug_abbrev  0x00001a63      0x2fc ./gecko_sdk_4.4.6/platform/driver/debug/src/sl_debug_swo.o
 .debug_abbrev  0x00001d5f      0x59d ./gecko_sdk_4.4.6/platform/emlib/src/em_cmu.o
 .debug_abbrev  0x000022fc      0x33e ./gecko_sdk_4.4.6/platform/emlib/src/em_core.o
 .debug_abbrev  0x0000263a      0x60b ./gecko_sdk_4.4.6/platform/emlib/src/em_emu.o
 .debug_abbrev  0x00002c45      0x32e ./gecko_sdk_4.4.6/platform/emlib/src/em_gpio.o
 .debug_abbrev  0x00002f73      0x275 ./gecko_sdk_4.4.6/platform/emlib/src/em_rtcc.o
 .debug_abbrev  0x000031e8      0x26a ./gecko_sdk_4.4.6/platform/emlib/src/em_system.o
 .debug_abbrev  0x00003452      0x336 ./gecko_sdk_4.4.6/platform/emlib/src/em_usart.o
 .debug_abbrev  0x00003788      0x10b ./gecko_sdk_4.4.6/platform/service/device_init/src/sl_device_init_dcdc_s1.o
 .debug_abbrev  0x00003893      0x109 ./gecko_sdk_4.4.6/platform/service/device_init/src/sl_device_init_emu_s1.o
 .debug_abbrev  0x0000399c      0x178 ./gecko_sdk_4.4.6/platform/service/device_init/src/sl_device_init_hfxo_s1.o
 .debug_abbrev  0x00003b14      0x105 ./gecko_sdk_4.4.6/platform/service/device_init/src/sl_device_init_lfxo_s1.o
 .debug_abbrev  0x00003c19      0x15a ./gecko_sdk_4.4.6/platform/service/device_init/src/sl_device_init_nvic.o
 .debug_abbrev  0x00003d73      0x495 ./gecko_sdk_4.4.6/platform/service/sleeptimer/src/sl_sleeptimer.o
 .debug_abbrev  0x00004208      0x4c9 ./gecko_sdk_4.4.6/platform/service/sleeptimer/src/sl_sleeptimer_hal_rtcc.o
 .debug_abbrev  0x000046d1       0x5c ./gecko_sdk_4.4.6/platform/service/system/src/sl_system_init.o
 .debug_abbrev  0x0000472d       0x5c ./gecko_sdk_4.4.6/platform/service/system/src/sl_system_process_action.o
 .debug_abbrev  0x00004789       0xf3 ./gecko_sdk_4.4.6/platform/service/udelay/src/sl_udelay.o
 .debug_abbrev  0x0000487c       0x14 ./gecko_sdk_4.4.6/platform/service/udelay/src/sl_udelay_armv6m_gcc.o

.debug_loc      0x00000000     0xc83b
 .debug_loc     0x00000000      0x5a6 ./app.o
 .debug_loc     0x000005a6       0x20 ./main.o
 .debug_loc     0x000005c6     0x127c ./nv_optical_flow.o
 .debug_loc     0x00001842      0x282 ./nv_usart.o
 .debug_loc     0x00001ac4       0x20 ./autogen/sl_device_init_clocks.o
 .debug_loc     0x00001ae4       0x99 ./autogen/sl_event_handler.o
 .debug_loc     0x00001b7d      0x2ee ./gecko_sdk_4.4.6/hardware/board/src/sl_board_control_gpio.o
 .debug_loc     0x00001e6b       0x2c ./gecko_sdk_4.4.6/hardware/board/src/sl_board_init.o
 .debug_loc     0x00001e97      0x31e ./gecko_sdk_4.4.6/hardware/driver/configuration_over_swo/src/sl_cos.o
 .debug_loc     0x000021b5      0x124 ./gecko_sdk_4.4.6/hardware/driver/mx25_flash_shutdown/src/sl_mx25_flash_shutdown_usart/sl_mx25_flash_shutdown.o
 .debug_loc     0x000022d9       0x8e ./gecko_sdk_4.4.6/platform/Device/SiliconLabs/EFR32MG12P/Source/startup_efr32mg12p.o
 .debug_loc     0x00002367       0xd8 ./gecko_sdk_4.4.6/platform/Device/SiliconLabs/EFR32MG12P/Source/system_efr32mg12p.o
 .debug_loc     0x0000243f       0x2a ./gecko_sdk_4.4.6/platform/common/src/sl_assert.o
 .debug_loc     0x00002469      0x118 ./gecko_sdk_4.4.6/platform/common/src/sl_syscalls.o
 .debug_loc     0x00002581       0x98 ./gecko_sdk_4.4.6/platform/common/toolchain/src/sl_memory.o
 .debug_loc     0x00002619      0x293 ./gecko_sdk_4.4.6/platform/driver/debug/src/sl_debug_swo.o
 .debug_loc     0x000028ac     0x384d ./gecko_sdk_4.4.6/platform/emlib/src/em_cmu.o
 .debug_loc     0x000060f9      0x926 ./gecko_sdk_4.4.6/platform/emlib/src/em_core.o
 .debug_loc     0x00006a1f     0x23b1 ./gecko_sdk_4.4.6/platform/emlib/src/em_emu.o
 .debug_loc     0x00008dd0      0xa89 ./gecko_sdk_4.4.6/platform/emlib/src/em_gpio.o
 .debug_loc     0x00009859      0x18d ./gecko_sdk_4.4.6/platform/emlib/src/em_rtcc.o
 .debug_loc     0x000099e6      0x19b ./gecko_sdk_4.4.6/platform/emlib/src/em_system.o
 .debug_loc     0x00009b81      0xab0 ./gecko_sdk_4.4.6/platform/emlib/src/em_usart.o
 .debug_loc     0x0000a631       0x2c ./gecko_sdk_4.4.6/platform/service/device_init/src/sl_device_init_dcdc_s1.o
 .debug_loc     0x0000a65d       0x2c ./gecko_sdk_4.4.6/platform/service/device_init/src/sl_device_init_emu_s1.o
 .debug_loc     0x0000a689       0x77 ./gecko_sdk_4.4.6/platform/service/device_init/src/sl_device_init_hfxo_s1.o
 .debug_loc     0x0000a700       0x2c ./gecko_sdk_4.4.6/platform/service/device_init/src/sl_device_init_lfxo_s1.o
 .debug_loc     0x0000a72c       0x79 ./gecko_sdk_4.4.6/platform/service/device_init/src/sl_device_init_nvic.o
 .debug_loc     0x0000a7a5     0x1981 ./gecko_sdk_4.4.6/platform/service/sleeptimer/src/sl_sleeptimer.o
 .debug_loc     0x0000c126      0x518 ./gecko_sdk_4.4.6/platform/service/sleeptimer/src/sl_sleeptimer_hal_rtcc.o
 .debug_loc     0x0000c63e       0x2c ./gecko_sdk_4.4.6/platform/service/system/src/sl_system_init.o
 .debug_loc     0x0000c66a       0x2c ./gecko_sdk_4.4.6/platform/service/system/src/sl_system_process_action.o
 .debug_loc     0x0000c696      0x1a5 ./gecko_sdk_4.4.6/platform/service/udelay/src/sl_udelay.o

.debug_aranges  0x00000000      0xd10
 .debug_aranges
                0x00000000       0x50 ./app.o
 .debug_aranges
                0x00000050       0x20 ./main.o
 .debug_aranges
                0x00000070       0x50 ./nv_optical_flow.o
 .debug_aranges
                0x000000c0       0x50 ./nv_usart.o
 .debug_aranges
                0x00000110       0x20 ./autogen/sl_board_default_init.o
 .debug_aranges
                0x00000130       0x20 ./autogen/sl_device_init_clocks.o
 .debug_aranges
                0x00000150       0x60 ./autogen/sl_event_handler.o
 .debug_aranges
                0x000001b0       0x70 ./gecko_sdk_4.4.6/hardware/board/src/sl_board_control_gpio.o
 .debug_aranges
                0x00000220       0x28 ./gecko_sdk_4.4.6/hardware/board/src/sl_board_init.o
 .debug_aranges
                0x00000248       0x38 ./gecko_sdk_4.4.6/hardware/driver/configuration_over_swo/src/sl_cos.o
 .debug_aranges
                0x00000280       0x30 ./gecko_sdk_4.4.6/hardware/driver/mx25_flash_shutdown/src/sl_mx25_flash_shutdown_usart/sl_mx25_flash_shutdown.o
 .debug_aranges
                0x000002b0       0x28 ./gecko_sdk_4.4.6/platform/Device/SiliconLabs/EFR32MG12P/Source/startup_efr32mg12p.o
 .debug_aranges
                0x000002d8       0x68 ./gecko_sdk_4.4.6/platform/Device/SiliconLabs/EFR32MG12P/Source/system_efr32mg12p.o
 .debug_aranges
                0x00000340       0x20 ./gecko_sdk_4.4.6/platform/common/src/sl_assert.o
 .debug_aranges
                0x00000360       0x68 ./gecko_sdk_4.4.6/platform/common/src/sl_syscalls.o
 .debug_aranges
                0x000003c8       0x30 ./gecko_sdk_4.4.6/platform/common/toolchain/src/sl_memory.o
 .debug_aranges
                0x000003f8       0x48 ./gecko_sdk_4.4.6/platform/driver/debug/src/sl_debug_swo.o
 .debug_aranges
                0x00000440      0x1b8 ./gecko_sdk_4.4.6/platform/emlib/src/em_cmu.o
 .debug_aranges
                0x000005f8       0xe8 ./gecko_sdk_4.4.6/platform/emlib/src/em_core.o
 .debug_aranges
                0x000006e0      0x188 ./gecko_sdk_4.4.6/platform/emlib/src/em_emu.o
 .debug_aranges
                0x00000868       0x70 ./gecko_sdk_4.4.6/platform/emlib/src/em_gpio.o
 .debug_aranges
                0x000008d8       0x40 ./gecko_sdk_4.4.6/platform/emlib/src/em_rtcc.o
 .debug_aranges
                0x00000918       0x78 ./gecko_sdk_4.4.6/platform/emlib/src/em_system.o
 .debug_aranges
                0x00000990       0xb8 ./gecko_sdk_4.4.6/platform/emlib/src/em_usart.o
 .debug_aranges
                0x00000a48       0x20 ./gecko_sdk_4.4.6/platform/service/device_init/src/sl_device_init_dcdc_s1.o
 .debug_aranges
                0x00000a68       0x20 ./gecko_sdk_4.4.6/platform/service/device_init/src/sl_device_init_emu_s1.o
 .debug_aranges
                0x00000a88       0x20 ./gecko_sdk_4.4.6/platform/service/device_init/src/sl_device_init_hfxo_s1.o
 .debug_aranges
                0x00000aa8       0x20 ./gecko_sdk_4.4.6/platform/service/device_init/src/sl_device_init_lfxo_s1.o
 .debug_aranges
                0x00000ac8       0x20 ./gecko_sdk_4.4.6/platform/service/device_init/src/sl_device_init_nvic.o
 .debug_aranges
                0x00000ae8      0x120 ./gecko_sdk_4.4.6/platform/service/sleeptimer/src/sl_sleeptimer.o
 .debug_aranges
                0x00000c08       0x88 ./gecko_sdk_4.4.6/platform/service/sleeptimer/src/sl_sleeptimer_hal_rtcc.o
 .debug_aranges
                0x00000c90       0x20 ./gecko_sdk_4.4.6/platform/service/system/src/sl_system_init.o
 .debug_aranges
                0x00000cb0       0x20 ./gecko_sdk_4.4.6/platform/service/system/src/sl_system_process_action.o
 .debug_aranges
                0x00000cd0       0x20 ./gecko_sdk_4.4.6/platform/service/udelay/src/sl_udelay.o
 .debug_aranges
                0x00000cf0       0x20 ./gecko_sdk_4.4.6/platform/service/udelay/src/sl_udelay_armv6m_gcc.o

.debug_ranges   0x00000000     0x1738
 .debug_ranges  0x00000000       0x90 ./app.o
 .debug_ranges  0x00000090       0x10 ./main.o
 .debug_ranges  0x000000a0      0x350 ./nv_optical_flow.o
 .debug_ranges  0x000003f0       0x40 ./nv_usart.o
 .debug_ranges  0x00000430       0x10 ./autogen/sl_board_default_init.o
 .debug_ranges  0x00000440       0x10 ./autogen/sl_device_init_clocks.o
 .debug_ranges  0x00000450       0x50 ./autogen/sl_event_handler.o
 .debug_ranges  0x000004a0       0x60 ./gecko_sdk_4.4.6/hardware/board/src/sl_board_control_gpio.o
 .debug_ranges  0x00000500       0x18 ./gecko_sdk_4.4.6/hardware/board/src/sl_board_init.o
 .debug_ranges  0x00000518       0x40 ./gecko_sdk_4.4.6/hardware/driver/configuration_over_swo/src/sl_cos.o
 .debug_ranges  0x00000558       0x20 ./gecko_sdk_4.4.6/hardware/driver/mx25_flash_shutdown/src/sl_mx25_flash_shutdown_usart/sl_mx25_flash_shutdown.o
 .debug_ranges  0x00000578       0x80 ./gecko_sdk_4.4.6/platform/Device/SiliconLabs/EFR32MG12P/Source/startup_efr32mg12p.o
 .debug_ranges  0x000005f8       0x58 ./gecko_sdk_4.4.6/platform/Device/SiliconLabs/EFR32MG12P/Source/system_efr32mg12p.o
 .debug_ranges  0x00000650       0x10 ./gecko_sdk_4.4.6/platform/common/src/sl_assert.o
 .debug_ranges  0x00000660       0x58 ./gecko_sdk_4.4.6/platform/common/src/sl_syscalls.o
 .debug_ranges  0x000006b8       0x20 ./gecko_sdk_4.4.6/platform/common/toolchain/src/sl_memory.o
 .debug_ranges  0x000006d8       0x38 ./gecko_sdk_4.4.6/platform/driver/debug/src/sl_debug_swo.o
 .debug_ranges  0x00000710      0x498 ./gecko_sdk_4.4.6/platform/emlib/src/em_cmu.o
 .debug_ranges  0x00000ba8      0x198 ./gecko_sdk_4.4.6/platform/emlib/src/em_core.o
 .debug_ranges  0x00000d40      0x468 ./gecko_sdk_4.4.6/platform/emlib/src/em_emu.o
 .debug_ranges  0x000011a8       0xd0 ./gecko_sdk_4.4.6/platform/emlib/src/em_gpio.o
 .debug_ranges  0x00001278       0x48 ./gecko_sdk_4.4.6/platform/emlib/src/em_rtcc.o
 .debug_ranges  0x000012c0       0x68 ./gecko_sdk_4.4.6/platform/emlib/src/em_system.o
 .debug_ranges  0x00001328       0xa8 ./gecko_sdk_4.4.6/platform/emlib/src/em_usart.o
 .debug_ranges  0x000013d0       0x10 ./gecko_sdk_4.4.6/platform/service/device_init/src/sl_device_init_dcdc_s1.o
 .debug_ranges  0x000013e0       0x10 ./gecko_sdk_4.4.6/platform/service/device_init/src/sl_device_init_emu_s1.o
 .debug_ranges  0x000013f0       0x10 ./gecko_sdk_4.4.6/platform/service/device_init/src/sl_device_init_hfxo_s1.o
 .debug_ranges  0x00001400       0x10 ./gecko_sdk_4.4.6/platform/service/device_init/src/sl_device_init_lfxo_s1.o
 .debug_ranges  0x00001410       0x60 ./gecko_sdk_4.4.6/platform/service/device_init/src/sl_device_init_nvic.o
 .debug_ranges  0x00001470      0x1a0 ./gecko_sdk_4.4.6/platform/service/sleeptimer/src/sl_sleeptimer.o
 .debug_ranges  0x00001610       0xf8 ./gecko_sdk_4.4.6/platform/service/sleeptimer/src/sl_sleeptimer_hal_rtcc.o
 .debug_ranges  0x00001708       0x10 ./gecko_sdk_4.4.6/platform/service/system/src/sl_system_init.o
 .debug_ranges  0x00001718       0x10 ./gecko_sdk_4.4.6/platform/service/system/src/sl_system_process_action.o
 .debug_ranges  0x00001728       0x10 ./gecko_sdk_4.4.6/platform/service/udelay/src/sl_udelay.o

.debug_line     0x00000000     0xca4f
 .debug_line    0x00000000      0x4c0 ./app.o
 .debug_line    0x000004c0       0xc0 ./main.o
 .debug_line    0x00000580      0xbc9 ./nv_optical_flow.o
 .debug_line    0x00001149      0x55c ./nv_usart.o
 .debug_line    0x000016a5      0x19e ./autogen/sl_board_default_init.o
 .debug_line    0x00001843      0x214 ./autogen/sl_device_init_clocks.o
 .debug_line    0x00001a57      0x4fc ./autogen/sl_event_handler.o
 .debug_line    0x00001f53      0x3cb ./gecko_sdk_4.4.6/hardware/board/src/sl_board_control_gpio.o
 .debug_line    0x0000231e      0x1ff ./gecko_sdk_4.4.6/hardware/board/src/sl_board_init.o
 .debug_line    0x0000251d      0x3fc ./gecko_sdk_4.4.6/hardware/driver/configuration_over_swo/src/sl_cos.o
 .debug_line    0x00002919      0x397 ./gecko_sdk_4.4.6/hardware/driver/mx25_flash_shutdown/src/sl_mx25_flash_shutdown_usart/sl_mx25_flash_shutdown.o
 .debug_line    0x00002cb0      0x27c ./gecko_sdk_4.4.6/platform/Device/SiliconLabs/EFR32MG12P/Source/startup_efr32mg12p.o
 .debug_line    0x00002f2c      0x3a3 ./gecko_sdk_4.4.6/platform/Device/SiliconLabs/EFR32MG12P/Source/system_efr32mg12p.o
 .debug_line    0x000032cf       0x7f ./gecko_sdk_4.4.6/platform/common/src/sl_assert.o
 .debug_line    0x0000334e      0x17f ./gecko_sdk_4.4.6/platform/common/src/sl_syscalls.o
 .debug_line    0x000034cd      0x283 ./gecko_sdk_4.4.6/platform/common/toolchain/src/sl_memory.o
 .debug_line    0x00003750      0x535 ./gecko_sdk_4.4.6/platform/driver/debug/src/sl_debug_swo.o
 .debug_line    0x00003c85     0x26a3 ./gecko_sdk_4.4.6/platform/emlib/src/em_cmu.o
 .debug_line    0x00006328      0x99f ./gecko_sdk_4.4.6/platform/emlib/src/em_core.o
 .debug_line    0x00006cc7     0x1c71 ./gecko_sdk_4.4.6/platform/emlib/src/em_emu.o
 .debug_line    0x00008938      0x6b8 ./gecko_sdk_4.4.6/platform/emlib/src/em_gpio.o
 .debug_line    0x00008ff0      0x4b7 ./gecko_sdk_4.4.6/platform/emlib/src/em_rtcc.o
 .debug_line    0x000094a7      0x420 ./gecko_sdk_4.4.6/platform/emlib/src/em_system.o
 .debug_line    0x000098c7      0xb4b ./gecko_sdk_4.4.6/platform/emlib/src/em_usart.o
 .debug_line    0x0000a412      0x1c5 ./gecko_sdk_4.4.6/platform/service/device_init/src/sl_device_init_dcdc_s1.o
 .debug_line    0x0000a5d7      0x1e0 ./gecko_sdk_4.4.6/platform/service/device_init/src/sl_device_init_emu_s1.o
 .debug_line    0x0000a7b7      0x271 ./gecko_sdk_4.4.6/platform/service/device_init/src/sl_device_init_hfxo_s1.o
 .debug_line    0x0000aa28      0x1d6 ./gecko_sdk_4.4.6/platform/service/device_init/src/sl_device_init_lfxo_s1.o
 .debug_line    0x0000abfe      0x2a3 ./gecko_sdk_4.4.6/platform/service/device_init/src/sl_device_init_nvic.o
 .debug_line    0x0000aea1      0xfd1 ./gecko_sdk_4.4.6/platform/service/sleeptimer/src/sl_sleeptimer.o
 .debug_line    0x0000be72      0x7b6 ./gecko_sdk_4.4.6/platform/service/sleeptimer/src/sl_sleeptimer_hal_rtcc.o
 .debug_line    0x0000c628       0xbb ./gecko_sdk_4.4.6/platform/service/system/src/sl_system_init.o
 .debug_line    0x0000c6e3       0xc4 ./gecko_sdk_4.4.6/platform/service/system/src/sl_system_process_action.o
 .debug_line    0x0000c7a7      0x236 ./gecko_sdk_4.4.6/platform/service/udelay/src/sl_udelay.o
 .debug_line    0x0000c9dd       0x72 ./gecko_sdk_4.4.6/platform/service/udelay/src/sl_udelay_armv6m_gcc.o

.debug_str      0x00000000     0x6bbb
 .debug_str     0x00000000      0x3f2 ./app.o
                                0x48c (size before relaxing)
 .debug_str     0x000003f2       0x37 ./main.o
                                0x167 (size before relaxing)
 .debug_str     0x00000429      0x17d ./nv_optical_flow.o
                                0x3ea (size before relaxing)
 .debug_str     0x000005a6      0xd8f ./nv_usart.o
                               0x1008 (size before relaxing)
 .debug_str     0x00001335       0x5b ./autogen/sl_board_default_init.o
                                0x207 (size before relaxing)
 .debug_str     0x00001390      0x34d ./autogen/sl_device_init_clocks.o
                                0x888 (size before relaxing)
 .debug_str     0x000016dd      0x277 ./autogen/sl_event_handler.o
                                0x72a (size before relaxing)
 .debug_str     0x00001954      0x287 ./gecko_sdk_4.4.6/hardware/board/src/sl_board_control_gpio.o
                                0x6c7 (size before relaxing)
 .debug_str     0x00001bdb       0x47 ./gecko_sdk_4.4.6/hardware/board/src/sl_board_init.o
                                0x525 (size before relaxing)
 .debug_str     0x00001c22      0x1b1 ./gecko_sdk_4.4.6/hardware/driver/configuration_over_swo/src/sl_cos.o
                                0x3c5 (size before relaxing)
 .debug_str     0x00001dd3      0x237 ./gecko_sdk_4.4.6/hardware/driver/mx25_flash_shutdown/src/sl_mx25_flash_shutdown_usart/sl_mx25_flash_shutdown.o
                                0xbef (size before relaxing)
 .debug_str     0x0000200a      0x145 ./gecko_sdk_4.4.6/platform/Device/SiliconLabs/EFR32MG12P/Source/startup_efr32mg12p.o
                                0x2f8 (size before relaxing)
 .debug_str     0x0000214f      0x18d ./gecko_sdk_4.4.6/platform/Device/SiliconLabs/EFR32MG12P/Source/system_efr32mg12p.o
                                0x66d (size before relaxing)
 .debug_str     0x000022dc       0x37 ./gecko_sdk_4.4.6/platform/common/src/sl_assert.o
                                0x15a (size before relaxing)
 .debug_str     0x00002313       0x7f ./gecko_sdk_4.4.6/platform/common/src/sl_syscalls.o
                                0x23a (size before relaxing)
 .debug_str     0x00002392       0xd1 ./gecko_sdk_4.4.6/platform/common/toolchain/src/sl_memory.o
                                0x294 (size before relaxing)
 .debug_str     0x00002463      0x254 ./gecko_sdk_4.4.6/platform/driver/debug/src/sl_debug_swo.o
                                0xb8d (size before relaxing)