Archive member included to satisfy reference by file (symbol)

d:/simplicitystudio-5/developer/toolchains/gnu_arm/12.2.rel1_2023.7/bin/../lib/gcc/arm-none-eabi/12.2.1/thumb/v7e-m+fp/softfp\libgcc.a(_arm_muldf3.o)
                              ./app.o (__aeabi_dmul)
d:/simplicitystudio-5/developer/toolchains/gnu_arm/12.2.rel1_2023.7/bin/../lib/gcc/arm-none-eabi/12.2.1/thumb/v7e-m+fp/softfp\libgcc.a(_arm_addsubdf3.o)
                              ./app.o (__aeabi_f2d)
d:/simplicitystudio-5/developer/toolchains/gnu_arm/12.2.rel1_2023.7/bin/../lib/gcc/arm-none-eabi/12.2.1/thumb/v7e-m+fp/softfp\libgcc.a(_arm_truncdfsf2.o)
                              ./app.o (__aeabi_d2f)
d:/simplicitystudio-5/developer/toolchains/gnu_arm/12.2.rel1_2023.7/bin/../lib/gcc/arm-none-eabi/12.2.1/thumb/v7e-m+fp/softfp\libgcc.a(_aeabi_ldivmod.o)
                              ./gecko_sdk_4.4.6/platform/emlib/src/em_usart.o (__aeabi_ldivmod)
d:/simplicitystudio-5/developer/toolchains/gnu_arm/12.2.rel1_2023.7/bin/../lib/gcc/arm-none-eabi/12.2.1/thumb/v7e-m+fp/softfp\libgcc.a(_aeabi_uldivmod.o)
                              ./gecko_sdk_4.4.6/platform/emlib/src/em_usart.o (__aeabi_uldivmod)
d:/simplicitystudio-5/developer/toolchains/gnu_arm/12.2.rel1_2023.7/bin/../lib/gcc/arm-none-eabi/12.2.1/thumb/v7e-m+fp/softfp\libgcc.a(_udivmoddi4.o)
                              d:/simplicitystudio-5/developer/toolchains/gnu_arm/12.2.rel1_2023.7/bin/../lib/gcc/arm-none-eabi/12.2.1/thumb/v7e-m+fp/softfp\libgcc.a(_aeabi_ldivmod.o) (__udivmoddi4)
d:/simplicitystudio-5/developer/toolchains/gnu_arm/12.2.rel1_2023.7/bin/../lib/gcc/arm-none-eabi/12.2.1/thumb/v7e-m+fp/softfp\libgcc.a(emutls.o)
                              ./app.o (__emutls_get_address)
d:/simplicitystudio-5/developer/toolchains/gnu_arm/12.2.rel1_2023.7/bin/../lib/gcc/arm-none-eabi/12.2.1/thumb/v7e-m+fp/softfp\libgcc.a(_dvmd_tls.o)
                              d:/simplicitystudio-5/developer/toolchains/gnu_arm/12.2.rel1_2023.7/bin/../lib/gcc/arm-none-eabi/12.2.1/thumb/v7e-m+fp/softfp\libgcc.a(_aeabi_ldivmod.o) (__aeabi_ldiv0)
d:/simplicitystudio-5/developer/toolchains/gnu_arm/12.2.rel1_2023.7/bin/../lib/gcc/arm-none-eabi/12.2.1/thumb/v7e-m+fp/softfp\libc_nano.a(libc_a-abs.o)
                              ./app.o (abs)
d:/simplicitystudio-5/developer/toolchains/gnu_arm/12.2.rel1_2023.7/bin/../lib/gcc/arm-none-eabi/12.2.1/thumb/v7e-m+fp/softfp\libc_nano.a(libc_a-assert.o)
                              ./app.o (__assert_func)
d:/simplicitystudio-5/developer/toolchains/gnu_arm/12.2.rel1_2023.7/bin/../lib/gcc/arm-none-eabi/12.2.1/thumb/v7e-m+fp/softfp\libc_nano.a(libc_a-exit.o)
                              d:/simplicitystudio-5/developer/toolchains/gnu_arm/12.2.rel1_2023.7/bin/../lib/gcc/arm-none-eabi/12.2.1/thumb/v7e-m+fp/softfp/crt0.o (exit)
d:/simplicitystudio-5/developer/toolchains/gnu_arm/12.2.rel1_2023.7/bin/../lib/gcc/arm-none-eabi/12.2.1/thumb/v7e-m+fp/softfp\libc_nano.a(libc_a-malloc.o)
                              ./app.o (malloc)
d:/simplicitystudio-5/developer/toolchains/gnu_arm/12.2.rel1_2023.7/bin/../lib/gcc/arm-none-eabi/12.2.1/thumb/v7e-m+fp/softfp\libc_nano.a(libc_a-mallocr.o)
                              d:/simplicitystudio-5/developer/toolchains/gnu_arm/12.2.rel1_2023.7/bin/../lib/gcc/arm-none-eabi/12.2.1/thumb/v7e-m+fp/softfp\libc_nano.a(libc_a-malloc.o) (_malloc_r)
d:/simplicitystudio-5/developer/toolchains/gnu_arm/12.2.rel1_2023.7/bin/../lib/gcc/arm-none-eabi/12.2.1/thumb/v7e-m+fp/softfp\libc_nano.a(libc_a-mlock.o)
                              d:/simplicitystudio-5/developer/toolchains/gnu_arm/12.2.rel1_2023.7/bin/../lib/gcc/arm-none-eabi/12.2.1/thumb/v7e-m+fp/softfp\libc_nano.a(libc_a-mallocr.o) (__malloc_lock)
d:/simplicitystudio-5/developer/toolchains/gnu_arm/12.2.rel1_2023.7/bin/../lib/gcc/arm-none-eabi/12.2.1/thumb/v7e-m+fp/softfp\libc_nano.a(libc_a-realloc.o)
                              ./app.o (realloc)
d:/simplicitystudio-5/developer/toolchains/gnu_arm/12.2.rel1_2023.7/bin/../lib/gcc/arm-none-eabi/12.2.1/thumb/v7e-m+fp/softfp\libc_nano.a(libc_a-reallocr.o)
                              d:/simplicitystudio-5/developer/toolchains/gnu_arm/12.2.rel1_2023.7/bin/../lib/gcc/arm-none-eabi/12.2.1/thumb/v7e-m+fp/softfp\libc_nano.a(libc_a-realloc.o) (_realloc_r)
d:/simplicitystudio-5/developer/toolchains/gnu_arm/12.2.rel1_2023.7/bin/../lib/gcc/arm-none-eabi/12.2.1/thumb/v7e-m+fp/softfp\libc_nano.a(libc_a-strtol.o)
                              ./app.o (strtol)
d:/simplicitystudio-5/developer/toolchains/gnu_arm/12.2.rel1_2023.7/bin/../lib/gcc/arm-none-eabi/12.2.1/thumb/v7e-m+fp/softfp\libc_nano.a(libc_a-ctype_.o)
                              d:/simplicitystudio-5/developer/toolchains/gnu_arm/12.2.rel1_2023.7/bin/../lib/gcc/arm-none-eabi/12.2.1/thumb/v7e-m+fp/softfp\libc_nano.a(libc_a-strtol.o) (_ctype_)
d:/simplicitystudio-5/developer/toolchains/gnu_arm/12.2.rel1_2023.7/bin/../lib/gcc/arm-none-eabi/12.2.1/thumb/v7e-m+fp/softfp\libc_nano.a(libc_a-findfp.o)
[...]
Memory Configuration

Name             Origin             Length             Attributes
FLASH            0x00000000         0x00180000         xr
RAM              0x20000000         0x0007d000         xrw
*default*        0x00000000         0xffffffff

Linker script and memory map

LOAD d:/simplicitystudio-5/developer/toolchains/gnu_arm/12.2.rel1_2023.7/bin/../lib/gcc/arm-none-eabi/12.2.1/thumb/v7e-m+fp/softfp/crti.o
LOAD d:/simplicitystudio-5/developer/toolchains/gnu_arm/12.2.rel1_2023.7/bin/../lib/gcc/arm-none-eabi/12.2.1/thumb/v7e-m+fp/softfp/crtbegin.o
LOAD d:/simplicitystudio-5/developer/toolchains/gnu_arm/12.2.rel1_2023.7/bin/../lib/gcc/arm-none-eabi/12.2.1/thumb/v7e-m+fp/softfp/crt0.o
START GROUP
LOAD ./app.o
LOAD ./frame1.o
LOAD ./frame2.o
LOAD ./main.o
LOAD ./nv_optical_flow.o
LOAD ./nv_usart.o
LOAD ./autogen/sl_board_default_init.o
LOAD ./autogen/sl_device_init_clocks.o
LOAD ./autogen/sl_event_handler.o
LOAD ./gecko_sdk_4.4.6/hardware/board/src/sl_board_control_gpio.o
LOAD ./gecko_sdk_4.4.6/hardware/board/src/sl_board_init.o
LOAD ./gecko_sdk_4.4.6/hardware/driver/configuration_over_swo/src/sl_cos.o
LOAD ./gecko_sdk_4.4.6/hardware/driver/mx25_flash_shutdown/src/sl_mx25_flash_shutdown_usart/sl_mx25_flash_shutdown.o
LOAD ./gecko_sdk_4.4.6/platform/Device/SiliconLabs/EFR32MG12P/Source/startup_efr32mg12p.o
LOAD ./gecko_sdk_4.4.6/platform/Device/SiliconLabs/EFR32MG12P/Source/system_efr32mg12p.o
LOAD ./gecko_sdk_4.4.6/platform/common/src/sl_assert.o
LOAD ./gecko_sdk_4.4.6/platform/common/src/sl_syscalls.o
LOAD ./gecko_sdk_4.4.6/platform/common/toolchain/src/sl_memory.o
LOAD ./gecko_sdk_4.4.6/platform/driver/debug/src/sl_debug_swo.o
LOAD ./gecko_sdk_4.4.6/platform/emlib/src/em_cmu.o
LOAD ./gecko_sdk_4.4.6/platform/emlib/src/em_core.o
LOAD ./gecko_sdk_4.4.6/platform/emlib/src/em_emu.o
LOAD ./gecko_sdk_4.4.6/platform/emlib/src/em_gpio.o
LOAD ./gecko_sdk_4.4.6/platform/emlib/src/em_msc.o
LOAD ./gecko_sdk_4.4.6/platform/emlib/src/em_rtcc.o
LOAD ./gecko_sdk_4.4.6/platform/emlib/src/em_system.o
LOAD ./gecko_sdk_4.4.6/platform/emlib/src/em_timer.o
LOAD ./gecko_sdk_4.4.6/platform/emlib/src/em_usart.o
LOAD ./gecko_sdk_4.4.6/platform/service/device_init/src/sl_device_init_dcdc_s1.o
LOAD ./gecko_sdk_4.4.6/platform/service/device_init/src/sl_device_init_emu_s1.o
LOAD ./gecko_sdk_4.4.6/platform/service/device_init/src/sl_device_init_hfxo_s1.o
LOAD ./gecko_sdk_4.4.6/platform/service/device_init/src/sl_device_init_lfxo_s1.o
LOAD ./gecko_sdk_4.4.6/platform/service/device_init/src/sl_device_init_nvic.o
LOAD ./gecko_sdk_4.4.6/platform/service/sleeptimer/src/sl_sleeptimer.o
LOAD ./gecko_sdk_4.4.6/platform/service/sleeptimer/src/sl_sleeptimer_hal_rtcc.o
LOAD ./gecko_sdk_4.4.6/platform/service/sleeptimer/src/sl_sleeptimer_hal_timer.o
LOAD ./gecko_sdk_4.4.6/platform/service/system/src/sl_system_init.o
LOAD ./gecko_sdk_4.4.6/platform/service/system/src/sl_system_process_action.o
LOAD ./gecko_sdk_4.4.6/platform/service/udelay/src/sl_udelay.o
LOAD ./gecko_sdk_4.4.6/platform/service/udelay/src/sl_udelay_armv6m_gcc.o
LOAD d:/simplicitystudio-5/developer/toolchains/gnu_arm/12.2.rel1_2023.7/bin/../lib/gcc/arm-none-eabi/12.2.1/thumb/v7e-m+fp/softfp\libgcc.a
LOAD d:/simplicitystudio-5/developer/toolchains/gnu_arm/12.2.rel1_2023.7/bin/../lib/gcc/arm-none-eabi/12.2.1/thumb/v7e-m+fp/softfp\libc_nano.a
LOAD d:/simplicitystudio-5/developer/toolchains/gnu_arm/12.2.rel1_2023.7/bin/../lib/gcc/arm-none-eabi/12.2.1/thumb/v7e-m+fp/softfp\libm.a
LOAD d:/simplicitystudio-5/developer/toolchains/gnu_arm/12.2.rel1_2023.7/bin/../lib/gcc/arm-none-eabi/12.2.1/thumb/v7e-m+fp/softfp\libnosys.a
END GROUP
START GROUP
LOAD d:/simplicitystudio-5/developer/toolchains/gnu_arm/12.2.rel1_2023.7/bin/../lib/gcc/arm-none-eabi/12.2.1/thumb/v7e-m+fp/softfp\libgcc.a
LOAD d:/simplicitystudio-5/developer/toolchains/gnu_arm/12.2.rel1_2023.7/bin/../lib/gcc/arm-none-eabi/12.2.1/thumb/v7e-m+fp/softfp\libc_nano.a
LOAD d:/simplicitystudio-5/developer/toolchains/gnu_arm/12.2.rel1_2023.7/bin/../lib/gcc/arm-none-eabi/12.2.1/thumb/v7e-m+fp/softfp\libnosys.a
END GROUP
START GROUP
LOAD d:/simplicitystudio-5/developer/toolchains/gnu_arm/12.2.rel1_2023.7/bin/../lib/gcc/arm-none-eabi/12.2.1/thumb/v7e-m+fp/softfp\libgcc.a
LOAD d:/simplicitystudio-5/developer/toolchains/gnu_arm/12.2.rel1_2023.7/bin/../lib/gcc/arm-none-eabi/12.2.1/thumb/v7e-m+fp/softfp\libg_nano.a
LOAD d:/simplicitystudio-5/developer/toolchains/gnu_arm/12.2.rel1_2023.7/bin/../lib/gcc/arm-none-eabi/12.2.1/thumb/v7e-m+fp/softfp\libc_nano.a
END GROUP
START GROUP
LOAD d:/simplicitystudio-5/developer/toolchains/gnu_arm/12.2.rel1_2023.7/bin/../lib/gcc/arm-none-eabi/12.2.1/thumb/v7e-m+fp/softfp\libgcc.a
LOAD d:/simplicitystudio-5/developer/toolchains/gnu_arm/12.2.rel1_2023.7/bin/../lib/gcc/arm-none-eabi/12.2.1/thumb/v7e-m+fp/softfp\libc_nano.a
END GROUP
LOAD d:/simplicitystudio-5/developer/toolchains/gnu_arm/12.2.rel1_2023.7/bin/../lib/gcc/arm-none-eabi/12.2.1/thumb/v7e-m+fp/softfp/crtend.o
LOAD d:/simplicitystudio-5/developer/toolchains/gnu_arm/12.2.rel1_2023.7/bin/../lib/gcc/arm-none-eabi/12.2.1/thumb/v7e-m+fp/softfp/crtn.o

.text           0x00000000    0x10198
                0x00000000                linker_vectors_begin = .
 *(.vectors)
 .vectors       0x00000000      0x10c ./gecko_sdk_4.4.6/platform/Device/SiliconLabs/EFR32MG12P/Source/startup_efr32mg12p.o
                0x00000000                __Vectors
                0x0000010c                linker_vectors_end = .
                0x0000010c                __Vectors_End = .
                0x0000010c                __Vectors_Size = (__Vectors_End - __Vectors)
                0x0000010c                linker_code_begin = .
 *(SORT_BY_ALIGNMENT(.text*))
 *fill*         0x0000010c        0x4 
 .text          0x00000110        0x8 ./gecko_sdk_4.4.6/platform/service/udelay/src/sl_udelay_armv6m_gcc.o
                0x00000110                sli_delay_loop
 *fill*         0x00000118        0x8 
 .text          0x00000120       0xa0 d:/simplicitystudio-5/developer/toolchains/gnu_arm/12.2.rel1_2023.7/bin/../lib/gcc/arm-none-eabi/12.2.1/thumb/v7e-m+fp/softfp\libc_nano.a(libc_a-memchr.o)
                0x00000120                memchr
 .text.scalbn   0x000001c0       0xf4 d:/simplicitystudio-5/developer/toolchains/gnu_arm/12.2.rel1_2023.7/bin/../lib/gcc/arm-none-eabi/12.2.1/thumb/v7e-m+fp/softfp\libc_nano.a(libm_a-s_scalbn.o)
                0x000001c0                scalbn
 *fill*         0x000002b4        0x4 
 .text.__ieee754_pow
                0x000002b8      0xba4 d:/simplicitystudio-5/developer/toolchains/gnu_arm/12.2.rel1_2023.7/bin/../lib/gcc/arm-none-eabi/12.2.1/thumb/v7e-m+fp/softfp\libm.a(libm_a-e_pow.o)
                0x000002b8                __ieee754_pow
 .text.deregister_tm_clones
                0x00000e5c       0x1c d:/simplicitystudio-5/developer/toolchains/gnu_arm/12.2.rel1_2023.7/bin/../lib/gcc/arm-none-eabi/12.2.1/thumb/v7e-m+fp/softfp/crtbegin.o
 .text.register_tm_clones
                0x00000e78       0x24 d:/simplicitystudio-5/developer/toolchains/gnu_arm/12.2.rel1_2023.7/bin/../lib/gcc/arm-none-eabi/12.2.1/thumb/v7e-m+fp/softfp/crtbegin.o
 .text.__do_global_dtors_aux
                0x00000e9c       0x28 d:/simplicitystudio-5/developer/toolchains/gnu_arm/12.2.rel1_2023.7/bin/../lib/gcc/arm-none-eabi/12.2.1/thumb/v7e-m+fp/softfp/crtbegin.o
 .text.frame_dummy
                0x00000ec4       0x24 d:/simplicitystudio-5/developer/toolchains/gnu_arm/12.2.rel1_2023.7/bin/../lib/gcc/arm-none-eabi/12.2.1/thumb/v7e-m+fp/softfp/crtbegin.o
 .text          0x00000ee8       0x7c d:/simplicitystudio-5/developer/toolchains/gnu_arm/12.2.rel1_2023.7/bin/../lib/gcc/arm-none-eabi/12.2.1/thumb/v7e-m+fp/softfp/crt0.o
                0x00000ee8                _stack_init
                0x00000ef0                _start
                0x00000ef0                _mainCRTStartup
 .text.stbi__idct_block
                0x00000f64      0x2d0 ./app.o
 .text.stbi__YCbCr_to_RGB_row
                0x00001234       0xac ./app.o
 .text.stbi__hdr_convert
                0x000012e0       0xc0 ./app.o
 .text.rx_callback
                0x000013a0        0xc ./app.o
 .text.stbi__mul2shorts_valid
                0x000013ac       0x40 ./app.o
 .text.stbi__extend_receive
                0x000013ec       0x5c ./app.o
 .text.stbi__jpeg_get_bits
                0x00001448       0x48 ./app.o
 .text.stbi__jpeg_huff_decode
                0x00001490       0xdc ./app.o
 .text.stbi__hdr_test
                0x0000156c       0x40 ./app.o
 .text.stbi__create_png_alpha_expand8
                0x000015ac       0x74 ./app.o
 .text.stbi__shiftsigned
                0x00001620       0x60 ./app.o
 .text.stbi__pnm_getinteger
                0x00001680       0x58 ./app.o
 .text.stbi__pnm_info
                0x000016d8       0xec ./app.o
 .text.stbi__gif_header
                0x000017c4       0xe8 ./app.o
 .text.stbi__readval
                0x000018ac       0x4c ./app.o
 .text.stbi__check_png_header
                0x000018f8       0x3c ./app.o
 .text.stbi__zexpand
                0x00001934       0x5c ./app.o
 .text.stbi__zbuild_huffman
                0x00001990      0x154 ./app.o
 .text.stbi__compute_huffman_codes
                0x00001ae4      0x128 ./app.o
 .text.stbi__parse_zlib
                0x00001c0c      0x2b0 ./app.o
 .text.stbi__jpeg_decode_block
                0x00001ebc      0x17c ./app.o
 .text.stbi__build_huffman
                0x00002038       0xf8 ./app.o
 .text.stbi__process_marker
                0x00002130      0x320 ./app.o
 .text.stbi__gif_load_next.constprop.0
                0x00002450      0x470 ./app.o
 .text.stbi__decode_jpeg_header
                0x000028c0      0x380 ./app.o
 .text.stbi__hdr_load.constprop.0
                0x00002c40      0x314 ./app.o
 .text.stbi__bmp_parse_header.constprop.0
                0x00002f54      0x24c ./app.o
 .text.stbi__convert_format16
                0x000031a0      0x440 ./app.o
 .text.stbi__convert_format
                0x000035e0      0x43c ./app.o
 .text.stbi__bmp_load.constprop.0
                0x00003a1c      0x630 ./app.o
 .text.stbi__jpeg_decode_block_prog_dc
                0x0000404c       0xf0 ./app.o
 .text.stbi__create_png_image_raw
                0x0000413c      0x45c ./app.o
 .text.stbi__parse_png_file
                0x00004598      0x9e0 ./app.o
 .text.stbi__load_main
                0x00004f78     0x1e7c ./app.o
 .text.stbi__load_and_postprocess_8bit
                0x00006df4       0xdc ./app.o
 .text.app_init
                0x00006ed0      0x2c8 ./app.o
                0x00006ed0                app_init
 .text.usart_init
                0x00007198       0x94 ./nv_usart.o
                0x00007198                usart_init
 .text.usart_set_rx_callback
                0x0000722c        0xc ./nv_usart.o
                0x0000722c                usart_set_rx_callback
 .text.usart_send
                0x00007238       0x14 ./nv_usart.o
                0x00007238                usart_send
 .text.USART2_RX_IRQHandler
                0x0000724c       0x18 ./nv_usart.o
                0x0000724c                USART2_RX_IRQHandler
 .text.USART2_TX_IRQHandler
                0x00007264       0x20 ./nv_usart.o
                0x00007264                USART2_TX_IRQHandler
 .text.sl_device_init_clocks
                0x00007284       0x48 ./autogen/sl_device_init_clocks.o
                0x00007284                sl_device_init_clocks
 .text.sl_platform_init
                0x000072cc       0x94 ./autogen/sl_event_handler.o
                0x000072cc                sl_platform_init
 .text.sl_board_init
                0x00007360       0x1c ./gecko_sdk_4.4.6/hardware/board/src/sl_board_init.o
                0x00007360                sl_board_init
 .text.sl_board_preinit
                0x0000737c        0xc ./gecko_sdk_4.4.6/hardware/board/src/sl_board_init.o
                0x0000737c                sl_board_preinit
 .text.cs_high  0x00007388        0xc ./gecko_sdk_4.4.6/hardware/driver/mx25_flash_shutdown/src/sl_mx25_flash_shutdown_usart/sl_mx25_flash_shutdown.o
 .text.cs_low   0x00007394        0xc ./gecko_sdk_4.4.6/hardware/driver/mx25_flash_shutdown/src/sl_mx25_flash_shutdown_usart/sl_mx25_flash_shutdown.o
 .text.sl_mx25_flash_shutdown
                0x000073a0       0xfc ./gecko_sdk_4.4.6/hardware/driver/mx25_flash_shutdown/src/sl_mx25_flash_shutdown_usart/sl_mx25_flash_shutdown.o
                0x000073a0                sl_mx25_flash_shutdown
 .text.Reset_Handler
                0x0000749c       0x60 ./gecko_sdk_4.4.6/platform/Device/SiliconLabs/EFR32MG12P/Source/startup_efr32mg12p.o
                0x0000749c                Reset_Handler
 .text.SystemMaxCoreClockGet
                0x000074fc        0x8 ./gecko_sdk_4.4.6/platform/Device/SiliconLabs/EFR32MG12P/Source/system_efr32mg12p.o
                0x000074fc                SystemMaxCoreClockGet
 .text.SystemHFClockGet
                0x00007504       0x54 ./gecko_sdk_4.4.6/platform/Device/SiliconLabs/EFR32MG12P/Source/system_efr32mg12p.o
                0x00007504                SystemHFClockGet
 .text.SystemCoreClockGet
                0x00007558       0x24 ./gecko_sdk_4.4.6/platform/Device/SiliconLabs/EFR32MG12P/Source/system_efr32mg12p.o
                0x00007558                SystemCoreClockGet
 .text.SystemHFXOClockGet
                0x0000757c        0xc ./gecko_sdk_4.4.6/platform/Device/SiliconLabs/EFR32MG12P/Source/system_efr32mg12p.o
                0x0000757c                SystemHFXOClockGet
 .text.SystemHFXOClockSet
                0x00007588       0x20 ./gecko_sdk_4.4.6/platform/Device/SiliconLabs/EFR32MG12P/Source/system_efr32mg12p.o
                0x00007588                SystemHFXOClockSet
 .text.SystemInit
                0x000075a8       0x1c ./gecko_sdk_4.4.6/platform/Device/SiliconLabs/EFR32MG12P/Source/system_efr32mg12p.o
                0x000075a8                SystemInit
 .text.SystemLFXOClockGet
                0x000075c4        0xc ./gecko_sdk_4.4.6/platform/Device/SiliconLabs/EFR32MG12P/Source/system_efr32mg12p.o
                0x000075c4                SystemLFXOClockGet
 .text._sbrk    0x000075d0       0x20 ./gecko_sdk_4.4.6/platform/common/toolchain/src/sl_memory.o
                0x000075d0                _sbrk
 .text.sl_debug_swo_init
                0x000075f0       0xcc ./gecko_sdk_4.4.6/platform/driver/debug/src/sl_debug_swo.o
                0x000075f0                sl_debug_swo_init
 .text.setHfLeConfig
                0x000076bc       0x44 ./gecko_sdk_4.4.6/platform/emlib/src/em_cmu.o
 .text.flashWaitStateControl
                0x00007700       0x54 ./gecko_sdk_4.4.6/platform/emlib/src/em_cmu.o
 .text.flashWaitStateMax
                0x00007754       0x24 ./gecko_sdk_4.4.6/platform/emlib/src/em_cmu.o
 .text.EMU_VScaleWait
                0x00007778       0x1c ./gecko_sdk_4.4.6/platform/emlib/src/em_cmu.o
 .text.EMU_VScaleGet
                0x00007794       0x14 ./gecko_sdk_4.4.6/platform/emlib/src/em_cmu.o
 .text.syncReg  0x000077a8       0x18 ./gecko_sdk_4.4.6/platform/emlib/src/em_cmu.o
 .text.CMU_UpdateWaitStates
                0x000077c0       0x20 ./gecko_sdk_4.4.6/platform/emlib/src/em_cmu.o
                0x000077c0                CMU_UpdateWaitStates
 .text.CMU_ClockEnable
                0x000077e0       0x9c ./gecko_sdk_4.4.6/platform/emlib/src/em_cmu.o
                0x000077e0                CMU_ClockEnable
 .text.CMU_ClockPrescGet
                0x0000787c       0xec ./gecko_sdk_4.4.6/platform/emlib/src/em_cmu.o
                0x0000787c                CMU_ClockPrescGet
 .text.CMU_ClockSelectGet
                0x00007968       0xd8 ./gecko_sdk_4.4.6/platform/emlib/src/em_cmu.o
                0x00007968                CMU_ClockSelectGet
 .text.lfClkGet
                0x00007a40       0xb8 ./gecko_sdk_4.4.6/platform/emlib/src/em_cmu.o
 .text.CMU_ClockFreqGet
                0x00007af8      0x1d0 ./gecko_sdk_4.4.6/platform/emlib/src/em_cmu.o
                0x00007af8                CMU_ClockFreqGet
 .text.CMU_LFXOPrecisionSet
                0x00007cc8        0xc ./gecko_sdk_4.4.6/platform/emlib/src/em_cmu.o
                0x00007cc8                CMU_LFXOPrecisionSet
 .text.CMU_HFXOPrecisionSet
                0x00007cd4        0xc ./gecko_sdk_4.4.6/platform/emlib/src/em_cmu.o
                0x00007cd4                CMU_HFXOPrecisionSet
 .text.CMU_OscillatorTuningSet
                0x00007ce0      0x120 ./gecko_sdk_4.4.6/platform/emlib/src/em_cmu.o
                0x00007ce0                CMU_OscillatorTuningSet
 .text.CMU_OscillatorTuningWait
                0x00007e00       0x64 ./gecko_sdk_4.4.6/platform/emlib/src/em_cmu.o
                0x00007e00                CMU_OscillatorTuningWait
 .text.CMU_OscillatorTuningOptimize
                0x00007e64       0x38 ./gecko_sdk_4.4.6/platform/emlib/src/em_cmu.o
                0x00007e64                CMU_OscillatorTuningOptimize
 .text.CMU_OscillatorEnable
                0x00007e9c      0x120 ./gecko_sdk_4.4.6/platform/emlib/src/em_cmu.o
                0x00007e9c                CMU_OscillatorEnable
 .text.sli_em_cmu_HFClockSelectHFXO
                0x00007fbc       0x60 ./gecko_sdk_4.4.6/platform/emlib/src/em_cmu.o
                0x00007fbc                sli_em_cmu_HFClockSelectHFXO
 .text.CMU_HFXOInit
                0x0000801c       0xa0 ./gecko_sdk_4.4.6/platform/emlib/src/em_cmu.o
                0x0000801c                CMU_HFXOInit
 .text.CMU_LFXOInit
                0x000080bc       0x58 ./gecko_sdk_4.4.6/platform/emlib/src/em_cmu.o
                0x000080bc                CMU_LFXOInit
 .text.EMU_LDOStatusGet
                0x00008114       0x14 ./gecko_sdk_4.4.6/platform/emlib/src/em_emu.o
 .text.lpGetDevinfoVrefLowHigh
                0x00008128       0x74 ./gecko_sdk_4.4.6/platform/emlib/src/em_emu.o
 .text.EMU_VScaleWait
                0x0000819c       0x18 ./gecko_sdk_4.4.6/platform/emlib/src/em_emu.o
 .text.EMU_EM4Init
                0x000081b4       0x40 ./gecko_sdk_4.4.6/platform/emlib/src/em_emu.o
                0x000081b4                EMU_EM4Init
 .text.EMU_VScaleEM01
                0x000081f4       0x98 ./gecko_sdk_4.4.6/platform/emlib/src/em_emu.o
                0x000081f4                EMU_VScaleEM01
 .text.EMU_VScaleEM01ByClock
                0x0000828c       0x4c ./gecko_sdk_4.4.6/platform/emlib/src/em_emu.o
                0x0000828c                EMU_VScaleEM01ByClock
 .text.EMU_DCDCModeSet
                0x000082d8       0x98 ./gecko_sdk_4.4.6/platform/emlib/src/em_emu.o
                0x000082d8                EMU_DCDCModeSet
 .text.EMU_DCDCOutputVoltageSet
                0x00008370      0x1f0 ./gecko_sdk_4.4.6/platform/emlib/src/em_emu.o
                0x00008370                EMU_DCDCOutputVoltageSet
 .text.EMU_DCDCOptimizeSlice
                0x00008560       0xdc ./gecko_sdk_4.4.6/platform/emlib/src/em_emu.o
                0x00008560                EMU_DCDCOptimizeSlice
 .text.EMU_DCDCLnRcoBandSet
                0x0000863c       0x44 ./gecko_sdk_4.4.6/platform/emlib/src/em_emu.o
                0x0000863c                EMU_DCDCLnRcoBandSet
 .text.EMU_DCDCInit
                0x00008680      0x188 ./gecko_sdk_4.4.6/platform/emlib/src/em_emu.o
                0x00008680                EMU_DCDCInit
 .text.GPIO_PinOutSet
                0x00008808       0x40 ./gecko_sdk_4.4.6/platform/emlib/src/em_gpio.o
 .text.GPIO_PinOutClear
                0x00008848       0x40 ./gecko_sdk_4.4.6/platform/emlib/src/em_gpio.o
 .text.GPIO_DbgLocationSet
                0x00008888       0x2c ./gecko_sdk_4.4.6/platform/emlib/src/em_gpio.o
                0x00008888                GPIO_DbgLocationSet
 .text.GPIO_PinModeSet
                0x000088b4       0x90 ./gecko_sdk_4.4.6/platform/emlib/src/em_gpio.o
                0x000088b4                GPIO_PinModeSet
 .text.RTCC_ChannelInit
                0x00008944       0x58 ./gecko_sdk_4.4.6/platform/emlib/src/em_rtcc.o
                0x00008944                RTCC_ChannelInit
 .text.RTCC_Enable
                0x0000899c        0xc ./gecko_sdk_4.4.6/platform/emlib/src/em_rtcc.o
                0x0000899c                RTCC_Enable
 .text.RTCC_Init
                0x000089a8       0x3c ./gecko_sdk_4.4.6/platform/emlib/src/em_rtcc.o
                0x000089a8                RTCC_Init
 .text.SYSTEM_GetProdRev
                0x000089e4       0x10 ./gecko_sdk_4.4.6/platform/emlib/src/em_system.o
                0x000089e4                SYSTEM_GetProdRev
 .text.USART_BaudrateAsyncSet
                0x000089f4       0xe4 ./gecko_sdk_4.4.6/platform/emlib/src/em_usart.o
                0x000089f4                USART_BaudrateAsyncSet
 .text.USART_BaudrateSyncSet
                0x00008ad8       0x4c ./gecko_sdk_4.4.6/platform/emlib/src/em_usart.o
                0x00008ad8                USART_BaudrateSyncSet
 .text.USART_Reset
                0x00008b24       0x8c ./gecko_sdk_4.4.6/platform/emlib/src/em_usart.o
                0x00008b24                USART_Reset
 .text.USART_InitAsync
                0x00008bb0       0xb0 ./gecko_sdk_4.4.6/platform/emlib/src/em_usart.o
                0x00008bb0                USART_InitAsync
 .text.USART_InitSync
                0x00008c60       0xb0 ./gecko_sdk_4.4.6/platform/emlib/src/em_usart.o
                0x00008c60                USART_InitSync
 .text.sl_device_init_dcdc
                0x00008d10       0x2c ./gecko_sdk_4.4.6/platform/service/device_init/src/sl_device_init_dcdc_s1.o
                0x00008d10                sl_device_init_dcdc
 .text.sl_device_init_hfxo
                0x00008d3c       0x74 ./gecko_sdk_4.4.6/platform/service/device_init/src/sl_device_init_hfxo_s1.o
                0x00008d3c                sl_device_init_hfxo
 .text.sl_device_init_lfxo
                0x00008db0       0x28 ./gecko_sdk_4.4.6/platform/service/device_init/src/sl_device_init_lfxo_s1.o
                0x00008db0                sl_device_init_lfxo
 .text.sl_device_init_nvic
                0x00008dd8       0x3c ./gecko_sdk_4.4.6/platform/service/device_init/src/sl_device_init_nvic.o
                0x00008dd8                sl_device_init_nvic
 .text.delta_list_insert_timer
                0x00008e14       0x40 ./gecko_sdk_4.4.6/platform/service/sleeptimer/src/sl_sleeptimer.o
 .text.update_delta_list
                0x00008e54       0x34 ./gecko_sdk_4.4.6/platform/service/sleeptimer/src/sl_sleeptimer.o
 .text.set_comparator_for_next_timer
                0x00008e88       0x5c ./gecko_sdk_4.4.6/platform/service/sleeptimer/src/sl_sleeptimer.o
 .text.delta_list_remove_timer
                0x00008ee4       0x38 ./gecko_sdk_4.4.6/platform/service/sleeptimer/src/sl_sleeptimer.o
 .text.sl_sleeptimer_init
                0x00008f1c       0x74 ./gecko_sdk_4.4.6/platform/service/sleeptimer/src/sl_sleeptimer.o
                0x00008f1c                sl_sleeptimer_init
 .text.process_timer_irq
                0x00008f90      0x154 ./gecko_sdk_4.4.6/platform/service/sleeptimer/src/sl_sleeptimer.o
                0x00008f90                process_timer_irq
 .text.sleeptimer_hal_init_timer
                0x000090e4       0x8c ./gecko_sdk_4.4.6/platform/service/sleeptimer/src/sl_sleeptimer_hal_rtcc.o
                0x000090e4                sleeptimer_hal_init_timer
 .text.sleeptimer_hal_get_counter
                0x00009170        0xc ./gecko_sdk_4.4.6/platform/service/sleeptimer/src/sl_sleeptimer_hal_rtcc.o
                0x00009170                sleeptimer_hal_get_counter
 .text.sleeptimer_hal_set_compare
                0x0000917c       0x5c ./gecko_sdk_4.4.6/platform/service/sleeptimer/src/sl_sleeptimer_hal_rtcc.o
                0x0000917c                sleeptimer_hal_set_compare
 .text.sleeptimer_hal_enable_int
                0x000091d8       0x1c ./gecko_sdk_4.4.6/platform/service/sleeptimer/src/sl_sleeptimer_hal_rtcc.o
                0x000091d8                sleeptimer_hal_enable_int
 .text.sleeptimer_hal_disable_int
                0x000091f4       0x30 ./gecko_sdk_4.4.6/platform/service/sleeptimer/src/sl_sleeptimer_hal_rtcc.o
                0x000091f4                sleeptimer_hal_disable_int
 .text.sleeptimer_hal_set_int
                0x00009224       0x10 ./gecko_sdk_4.4.6/platform/service/sleeptimer/src/sl_sleeptimer_hal_rtcc.o
                0x00009224                sleeptimer_hal_set_int
 .text.RTCC_IRQHandler
                0x00009234       0x30 ./gecko_sdk_4.4.6/platform/service/sleeptimer/src/sl_sleeptimer_hal_rtcc.o
                0x00009234                RTCC_IRQHandler
 .text.sleeptimer_hal_get_timer_frequency
                0x00009264       0x18 ./gecko_sdk_4.4.6/platform/service/sleeptimer/src/sl_sleeptimer_hal_rtcc.o
                0x00009264                sleeptimer_hal_get_timer_frequency
 .text.sl_udelay_wait
                0x0000927c       0x54 ./gecko_sdk_4.4.6/platform/service/udelay/src/sl_udelay.o
                0x0000927c                sl_udelay_wait
 .text          0x000092d0      0x378 d:/simplicitystudio-5/developer/toolchains/gnu_arm/12.2.rel1_2023.7/bin/../lib/gcc/arm-none-eabi/12.2.1/thumb/v7e-m+fp/softfp\libgcc.a(_arm_addsubdf3.o)
                0x000092d0                __aeabi_drsub
                0x000092d8                __aeabi_dsub
                0x000092d8                __subdf3
                0x000092dc                __aeabi_dadd
                0x000092dc                __adddf3
                0x00009554                __floatunsidf
                0x00009554                __aeabi_ui2d
                0x00009574                __floatsidf
                0x00009574                __aeabi_i2d
                0x00009598                __aeabi_f2d
                0x00009598                __extendsfdf2
                0x000095dc                __floatundidf
                0x000095dc                __aeabi_ul2d
                0x000095ec                __floatdidf
                0x000095ec                __aeabi_l2d
 .text          0x00009648       0xa0 d:/simplicitystudio-5/developer/toolchains/gnu_arm/12.2.rel1_2023.7/bin/../lib/gcc/arm-none-eabi/12.2.1/thumb/v7e-m+fp/softfp\libgcc.a(_arm_truncdfsf2.o)
                0x00009648                __truncdfsf2
                0x00009648                __aeabi_d2f
 .text          0x000096e8       0x30 d:/simplicitystudio-5/developer/toolchains/gnu_arm/12.2.rel1_2023.7/bin/../lib/gcc/arm-none-eabi/12.2.1/thumb/v7e-m+fp/softfp\libgcc.a(_aeabi_uldivmod.o)
                0x000096e8                __aeabi_uldivmod
 .text.__udivmoddi4
                0x00009718      0x2bc d:/simplicitystudio-5/developer/toolchains/gnu_arm/12.2.rel1_2023.7/bin/../lib/gcc/arm-none-eabi/12.2.1/thumb/v7e-m+fp/softfp\libgcc.a(_udivmoddi4.o)
                0x00009718                __udivmoddi4
 .text.__gthread_active_p
                0x000099d4        0x4 d:/simplicitystudio-5/developer/toolchains/gnu_arm/12.2.rel1_2023.7/bin/../lib/gcc/arm-none-eabi/12.2.1/thumb/v7e-m+fp/softfp\libgcc.a(emutls.o)
 .text.emutls_alloc
                0x000099d8       0x58 d:/simplicitystudio-5/developer/toolchains/gnu_arm/12.2.rel1_2023.7/bin/../lib/gcc/arm-none-eabi/12.2.1/thumb/v7e-m+fp/softfp\libgcc.a(emutls.o)
 .text.__emutls_get_address
                0x00009a30       0x1c d:/simplicitystudio-5/developer/toolchains/gnu_arm/12.2.rel1_2023.7/bin/../lib/gcc/arm-none-eabi/12.2.1/thumb/v7e-m+fp/softfp\libgcc.a(emutls.o)
                0x00009a30                __emutls_get_address
 .text          0x00009a4c        0x4 d:/simplicitystudio-5/developer/toolchains/gnu_arm/12.2.rel1_2023.7/bin/../lib/gcc/arm-none-eabi/12.2.1/thumb/v7e-m+fp/softfp\libgcc.a(_dvmd_tls.o)
                0x00009a4c                __aeabi_idiv0
                0x00009a4c                __aeabi_ldiv0
 .text.__assert_func
                0x00009a50       0x3c d:/simplicitystudio-5/developer/toolchains/gnu_arm/12.2.rel1_2023.7/bin/../lib/gcc/arm-none-eabi/12.2.1/thumb/v7e-m+fp/softfp\libc_nano.a(libc_a-assert.o)
                0x00009a50                __assert_func
 .text.exit     0x00009a8c       0x24 d:/simplicitystudio-5/developer/toolchains/gnu_arm/12.2.rel1_2023.7/bin/../lib/gcc/arm-none-eabi/12.2.1/thumb/v7e-m+fp/softfp\libc_nano.a(libc_a-exit.o)
                0x00009a8c                exit
 .text.malloc   0x00009ab0       0x10 d:/simplicitystudio-5/developer/toolchains/gnu_arm/12.2.rel1_2023.7/bin/../lib/gcc/arm-none-eabi/12.2.1/thumb/v7e-m+fp/softfp\libc_nano.a(libc_a-malloc.o)
                0x00009ab0                malloc
 .text.free     0x00009ac0       0x10 d:/simplicitystudio-5/developer/toolchains/gnu_arm/12.2.rel1_2023.7/bin/../lib/gcc/arm-none-eabi/12.2.1/thumb/v7e-m+fp/softfp\libc_nano.a(libc_a-malloc.o)
                0x00009ac0                free
 .text.sbrk_aligned
                0x00009ad0       0x44 d:/simplicitystudio-5/developer/toolchains/gnu_arm/12.2.rel1_2023.7/bin/../lib/gcc/arm-none-eabi/12.2.1/thumb/v7e-m+fp/softfp\libc_nano.a(libc_a-mallocr.o)
 .text._malloc_r
                0x00009b14       0xf0 d:/simplicitystudio-5/developer/toolchains/gnu_arm/12.2.rel1_2023.7/bin/../lib/gcc/arm-none-eabi/12.2.1/thumb/v7e-m+fp/softfp\libc_nano.a(libc_a-mallocr.o)
                0x00009b14                _malloc_r
 .text.__malloc_lock
                0x00009c04        0xc d:/simplicitystudio-5/developer/toolchains/gnu_arm/12.2.rel1_2023.7/bin/../lib/gcc/arm-none-eabi/12.2.1/thumb/v7e-m+fp/softfp\libc_nano.a(libc_a-mlock.o)
                0x00009c04                __malloc_lock
 .text.__malloc_unlock
                0x00009c10        0xc d:/simplicitystudio-5/developer/toolchains/gnu_arm/12.2.rel1_2023.7/bin/../lib/gcc/arm-none-eabi/12.2.1/thumb/v7e-m+fp/softfp\libc_nano.a(libc_a-mlock.o)
                0x00009c10                __malloc_unlock
 .text.realloc  0x00009c1c       0x10 d:/simplicitystudio-5/developer/toolchains/gnu_arm/12.2.rel1_2023.7/bin/../lib/gcc/arm-none-eabi/12.2.1/thumb/v7e-m+fp/softfp\libc_nano.a(libc_a-realloc.o)
                0x00009c1c                realloc
 .text._strtol_l.constprop.0
                0x00009c2c       0xfc d:/simplicitystudio-5/developer/toolchains/gnu_arm/12.2.rel1_2023.7/bin/../lib/gcc/arm-none-eabi/12.2.1/thumb/v7e-m+fp/softfp\libc_nano.a(libc_a-strtol.o)
 .text.strtol   0x00009d28       0x14 d:/simplicitystudio-5/developer/toolchains/gnu_arm/12.2.rel1_2023.7/bin/../lib/gcc/arm-none-eabi/12.2.1/thumb/v7e-m+fp/softfp\libc_nano.a(libc_a-strtol.o)
                0x00009d28                strtol
 .text.std      0x00009d3c       0x6c d:/simplicitystudio-5/developer/toolchains/gnu_arm/12.2.rel1_2023.7/bin/../lib/gcc/arm-none-eabi/12.2.1/thumb/v7e-m+fp/softfp\libc_nano.a(libc_a-findfp.o)
 .text.stdio_exit_handler
                0x00009da8       0x18 d:/simplicitystudio-5/developer/toolchains/gnu_arm/12.2.rel1_2023.7/bin/../lib/gcc/arm-none-eabi/12.2.1/thumb/v7e-m+fp/softfp\libc_nano.a(libc_a-findfp.o)
 .text.cleanup_stdio
                0x00009dc0       0x40 d:/simplicitystudio-5/developer/toolchains/gnu_arm/12.2.rel1_2023.7/bin/../lib/gcc/arm-none-eabi/12.2.1/thumb/v7e-m+fp/softfp\libc_nano.a(libc_a-findfp.o)
 .text.global_stdio_init.part.0
                0x00009e00       0x3c d:/simplicitystudio-5/developer/toolchains/gnu_arm/12.2.rel1_2023.7/bin/../lib/gcc/arm-none-eabi/12.2.1/thumb/v7e-m+fp/softfp\libc_nano.a(libc_a-findfp.o)
 .text.__sfp_lock_acquire
                0x00009e3c        0xc d:/simplicitystudio-5/developer/toolchains/gnu_arm/12.2.rel1_2023.7/bin/../lib/gcc/arm-none-eabi/12.2.1/thumb/v7e-m+fp/softfp\libc_nano.a(libc_a-findfp.o)
                0x00009e3c                __sfp_lock_acquire
 .text.__sfp_lock_release
                0x00009e48        0xc d:/simplicitystudio-5/developer/toolchains/gnu_arm/12.2.rel1_2023.7/bin/../lib/gcc/arm-none-eabi/12.2.1/thumb/v7e-m+fp/softfp\libc_nano.a(libc_a-findfp.o)
                0x00009e48                __sfp_lock_release
 .text.__sinit  0x00009e54       0x30 d:/simplicitystudio-5/developer/toolchains/gnu_arm/12.2.rel1_2023.7/bin/../lib/gcc/arm-none-eabi/12.2.1/thumb/v7e-m+fp/softfp\libc_nano.a(libc_a-findfp.o)
                0x00009e54                __sinit
 .text.fprintf  0x00009e84       0x24 d:/simplicitystudio-5/developer/toolchains/gnu_arm/12.2.rel1_2023.7/bin/../lib/gcc/arm-none-eabi/12.2.1/thumb/v7e-m+fp/softfp\libc_nano.a(libc_a-fprintf.o)
                0x00009e84                fiprintf
                0x00009e84                fprintf
 .text.snprintf
                0x00009ea8       0x68 d:/simplicitystudio-5/developer/toolchains/gnu_arm/12.2.rel1_2023.7/bin/../lib/gcc/arm-none-eabi/12.2.1/thumb/v7e-m+fp/softfp\libc_nano.a(libc_a-snprintf.o)
                0x00009ea8                sniprintf
                0x00009ea8                snprintf
 .text._close_r
                0x00009f10       0x20 d:/simplicitystudio-5/developer/toolchains/gnu_arm/12.2.rel1_2023.7/bin/../lib/gcc/arm-none-eabi/12.2.1/thumb/v7e-m+fp/softfp\libc_nano.a(libc_a-closer.o)
                0x00009f10                _close_r
 .text._lseek_r
                0x00009f30       0x24 d:/simplicitystudio-5/developer/toolchains/gnu_arm/12.2.rel1_2023.7/bin/../lib/gcc/arm-none-eabi/12.2.1/thumb/v7e-m+fp/softfp\libc_nano.a(libc_a-lseekr.o)
                0x00009f30                _lseek_r
 .text._read_r  0x00009f54       0x24 d:/simplicitystudio-5/developer/toolchains/gnu_arm/12.2.rel1_2023.7/bin/../lib/gcc/arm-none-eabi/12.2.1/thumb/v7e-m+fp/softfp\libc_nano.a(libc_a-readr.o)
                0x00009f54                _read_r
 .text._sbrk_r  0x00009f78       0x20 d:/simplicitystudio-5/developer/toolchains/gnu_arm/12.2.rel1_2023.7/bin/../lib/gcc/arm-none-eabi/12.2.1/thumb/v7e-m+fp/softfp\libc_nano.a(libc_a-sbrkr.o)
                0x00009f78                _sbrk_r
 .text._write_r
                0x00009f98       0x24 d:/simplicitystudio-5/developer/toolchains/gnu_arm/12.2.rel1_2023.7/bin/../lib/gcc/arm-none-eabi/12.2.1/thumb/v7e-m+fp/softfp\libc_nano.a(libc_a-writer.o)
                0x00009f98                _write_r
 .text.__errno  0x00009fbc        0xc d:/simplicitystudio-5/developer/toolchains/gnu_arm/12.2.rel1_2023.7/bin/../lib/gcc/arm-none-eabi/12.2.1/thumb/v7e-m+fp/softfp\libc_nano.a(libc_a-errno.o)
                0x00009fbc                __errno
 .text.__libc_init_array
                0x00009fc8       0x48 d:/simplicitystudio-5/developer/toolchains/gnu_arm/12.2.rel1_2023.7/bin/../lib/gcc/arm-none-eabi/12.2.1/thumb/v7e-m+fp/softfp\libc_nano.a(libc_a-init.o)
                0x00009fc8                __libc_init_array
 .text._free_r  0x0000a010       0x94 d:/simplicitystudio-5/developer/toolchains/gnu_arm/12.2.rel1_2023.7/bin/../lib/gcc/arm-none-eabi/12.2.1/thumb/v7e-m+fp/softfp\libc_nano.a(libc_a-freer.o)
                0x0000a010                _free_r
 .text._svfprintf_r
                0x0000a0a4      0x1f8 d:/simplicitystudio-5/developer/toolchains/gnu_arm/12.2.rel1_2023.7/bin/../lib/gcc/arm-none-eabi/12.2.1/thumb/v7e-m+fp/softfp\libc_nano.a(libc_a-nano-svfprintf.o)
                0x0000a0a4                _svfiprintf_r
                0x0000a0a4                _svfprintf_r
 .text._vfprintf_r
                0x0000a29c      0x230 d:/simplicitystudio-5/developer/toolchains/gnu_arm/12.2.rel1_2023.7/bin/../lib/gcc/arm-none-eabi/12.2.1/thumb/v7e-m+fp/softfp\libc_nano.a(libc_a-nano-vfprintf.o)
                0x0000a29c                _vfprintf_r
                0x0000a29c                _vfiprintf_r
 .text._printf_i
                0x0000a4cc      0x258 d:/simplicitystudio-5/developer/toolchains/gnu_arm/12.2.rel1_2023.7/bin/../lib/gcc/arm-none-eabi/12.2.1/thumb/v7e-m+fp/softfp\libc_nano.a(libc_a-nano-vfprintf_i.o)
                0x0000a4cc                _printf_i
 .text.__swsetup_r
                0x0000a724       0xac d:/simplicitystudio-5/developer/toolchains/gnu_arm/12.2.rel1_2023.7/bin/../lib/gcc/arm-none-eabi/12.2.1/thumb/v7e-m+fp/softfp\libc_nano.a(libc_a-wsetup.o)
                0x0000a724                __swsetup_r
 .text.raise    0x0000a7d0       0x10 d:/simplicitystudio-5/developer/toolchains/gnu_arm/12.2.rel1_2023.7/bin/../lib/gcc/arm-none-eabi/12.2.1/thumb/v7e-m+fp/softfp\libc_nano.a(libc_a-signal.o)
                0x0000a7d0                raise
 .text._kill_r  0x0000a7e0       0x24 d:/simplicitystudio-5/developer/toolchains/gnu_arm/12.2.rel1_2023.7/bin/../lib/gcc/arm-none-eabi/12.2.1/thumb/v7e-m+fp/softfp\libc_nano.a(libc_a-signalr.o)
                0x0000a7e0                _kill_r
 .text._fstat_r
                0x0000a804       0x24 d:/simplicitystudio-5/developer/toolchains/gnu_arm/12.2.rel1_2023.7/bin/../lib/gcc/arm-none-eabi/12.2.1/thumb/v7e-m+fp/softfp\libc_nano.a(libc_a-fstatr.o)
                0x0000a804                _fstat_r
 .text._isatty_r
                0x0000a828       0x20 d:/simplicitystudio-5/developer/toolchains/gnu_arm/12.2.rel1_2023.7/bin/../lib/gcc/arm-none-eabi/12.2.1/thumb/v7e-m+fp/softfp\libc_nano.a(libc_a-isattyr.o)
                0x0000a828                _isatty_r
 .text.pow      0x0000a848       0xdc d:/simplicitystudio-5/developer/toolchains/gnu_arm/12.2.rel1_2023.7/bin/../lib/gcc/arm-none-eabi/12.2.1/thumb/v7e-m+fp/softfp\libm.a(libm_a-w_pow.o)
                0x0000a848                pow
 .text.fabs     0x0000a924        0x8 d:/simplicitystudio-5/developer/toolchains/gnu_arm/12.2.rel1_2023.7/bin/../lib/gcc/arm-none-eabi/12.2.1/thumb/v7e-m+fp/softfp\libm.a(libm_a-s_fabs.o)
                0x0000a924                fabs
 .text.with_errno
                0x0000a92c       0x18 d:/simplicitystudio-5/developer/toolchains/gnu_arm/12.2.rel1_2023.7/bin/../lib/gcc/arm-none-eabi/12.2.1/thumb/v7e-m+fp/softfp\libm.a(libm_a-math_err.o)
 .text.xflow    0x0000a944       0x28 d:/simplicitystudio-5/developer/toolchains/gnu_arm/12.2.rel1_2023.7/bin/../lib/gcc/arm-none-eabi/12.2.1/thumb/v7e-m+fp/softfp\libm.a(libm_a-math_err.o)
 .text.__math_uflow
                0x0000a96c        0xc d:/simplicitystudio-5/developer/toolchains/gnu_arm/12.2.rel1_2023.7/bin/../lib/gcc/arm-none-eabi/12.2.1/thumb/v7e-m+fp/softfp\libm.a(libm_a-math_err.o)
                0x0000a96c                __math_uflow
 .text.__math_oflow
                0x0000a978        0xc d:/simplicitystudio-5/developer/toolchains/gnu_arm/12.2.rel1_2023.7/bin/../lib/gcc/arm-none-eabi/12.2.1/thumb/v7e-m+fp/softfp\libm.a(libm_a-math_err.o)
                0x0000a978                __math_oflow
 .text.__ieee754_sqrt
                0x0000a984      0x1dc d:/simplicitystudio-5/developer/toolchains/gnu_arm/12.2.rel1_2023.7/bin/../lib/gcc/arm-none-eabi/12.2.1/thumb/v7e-m+fp/softfp\libm.a(libm_a-e_sqrt.o)
                0x0000a984                __ieee754_sqrt
 .text          0x0000ab60      0x424 d:/simplicitystudio-5/developer/toolchains/gnu_arm/12.2.rel1_2023.7/bin/../lib/gcc/arm-none-eabi/12.2.1/thumb/v7e-m+fp/softfp\libgcc.a(_arm_muldivdf3.o)
                0x0000ab60                __aeabi_dmul
                0x0000ab60                __muldf3
                0x0000adb4                __divdf3
                0x0000adb4                __aeabi_ddiv
 .text          0x0000af84      0x110 d:/simplicitystudio-5/developer/toolchains/gnu_arm/12.2.rel1_2023.7/bin/../lib/gcc/arm-none-eabi/12.2.1/thumb/v7e-m+fp/softfp\libgcc.a(_arm_cmpdf2.o)
                0x0000af84                __gtdf2
                0x0000af84                __gedf2
                0x0000af8c                __ltdf2
                0x0000af8c                __ledf2
                0x0000af94                __nedf2
                0x0000af94                __eqdf2
                0x0000af94                __cmpdf2
                0x0000b010                __aeabi_cdrcmple
                0x0000b020                __aeabi_cdcmpeq
                0x0000b020                __aeabi_cdcmple
                0x0000b030                __aeabi_dcmpeq
                0x0000b044                __aeabi_dcmplt
                0x0000b058                __aeabi_dcmple
                0x0000b06c                __aeabi_dcmpge
                0x0000b080                __aeabi_dcmpgt
 .text          0x0000b094       0x2c d:/simplicitystudio-5/developer/toolchains/gnu_arm/12.2.rel1_2023.7/bin/../lib/gcc/arm-none-eabi/12.2.1/thumb/v7e-m+fp/softfp\libgcc.a(_arm_unorddf2.o)
                0x0000b094                __unorddf2
                0x0000b094                __aeabi_dcmpun
 .text.stbi__mul2sizes_valid
                0x0000b0c0       0x22 ./app.o
 .text.stbi__mad3sizes_valid
                0x0000b0e2       0x34 ./app.o
 .text.stbi__refill_buffer
                0x0000b116       0x48 ./app.o
 .text.stbi__at_eof
                0x0000b15e       0x2a ./app.o
 .text.stbi__clamp
                0x0000b188        0xe ./app.o
 .text.stbi__jpeg_reset
                0x0000b196       0x3e ./app.o
 .text.resample_row_1
                0x0000b1d4        0x4 ./app.o
 .text.stbi__resample_row_v_2
                0x0000b1d8       0x1e ./app.o
 .text.stbi__resample_row_hv_2
                0x0000b1f6       0x62 ./app.o
 .text.stbi__resample_row_generic
                0x0000b258       0x28 ./app.o
 .text.stbi__blinn_8x8
                0x0000b280        0xe ./app.o
 .text.stbi__bitreverse16
                0x0000b28e       0x42 ./app.o
 .text.stbi__zget8
                0x0000b2d0       0x12 ./app.o
 .text.stbi__fill_bits
                0x0000b2e2       0x2a ./app.o
 .text.stbi__zreceive
                0x0000b30c       0x28 ./app.o
 .text.stbi__zhuffman_decode
                0x0000b334       0xa2 ./app.o
 .text.stbi__high_bit
                0x0000b3d6       0x36 ./app.o
 .text.stbi__bitcount
                0x0000b40c       0x2c ./app.o
 .text.stbi__tga_get_comp
                0x0000b438       0x4c ./app.o
 .text.stbi__out_gif_code
                0x0000b484       0xc0 ./app.o
 .text.stbi__getn
                0x0000b544       0x5a ./app.o
 .text.stbi__vertical_flip
                0x0000b59e       0x72 ./app.o
 .text.stbi__malloc_mad3
                0x0000b610       0x20 ./app.o
 .text.stbi__malloc_mad2
                0x0000b630       0x28 ./app.o
 .text.send_string
                0x0000b658       0x12 ./app.o
 .text.stbi__get8
                0x0000b66a       0x28 ./app.o
 .text.stbi__get16be
                0x0000b692       0x16 ./app.o
 .text.stbi__get32be
                0x0000b6a8       0x16 ./app.o
 .text.stbi__get16le
                0x0000b6be       0x16 ./app.o
 .text.stbi__get32le
                0x0000b6d4       0x16 ./app.o
 .text.stbi__tga_read_rgb16
                0x0000b6ea       0x34 ./app.o
 .text.stbi__grow_buffer_unsafe
                0x0000b71e       0x54 ./app.o
 .text.stbi__jpeg_get_bit
                0x0000b772       0x36 ./app.o
 .text.stbi__pic_is4
                0x0000b7a8       0x22 ./app.o
 .text.stbi__gif_test_raw
                0x0000b7ca       0x4c ./app.o
 .text.stbi__gif_parse_colortable
                0x0000b816       0x4a ./app.o
 .text.stbi__hdr_gettoken
                0x0000b860       0x58 ./app.o
 .text.stbi__pnm_skip_whitespace
                0x0000b8b8       0x52 ./app.o
 .text.stbi__skip.part.0
                0x0000b90a       0x30 ./app.o
 .text.stbi__skip
                0x0000b93a       0x16 ./app.o
 .text.stbi__get_marker
                0x0000b950       0x30 ./app.o
 .text.stbi__resample_row_h_2
                0x0000b980       0x8a ./app.o
 .text.stbi__hdr_test_core
                0x0000ba0a       0x30 ./app.o
 .text.stbi__free_jpeg_components.constprop.0
                0x0000ba3a       0x3e ./app.o
 .text.stbi__cleanup_jpeg
                0x0000ba78        0x8 ./app.o
 .text.stbi__mad4sizes_valid.constprop.0
                0x0000ba80       0x2c ./app.o
 .text.stbi__malloc_mad4.constprop.0
                0x0000baac       0x20 ./app.o
 .text.stbi__gif_load.constprop.0
                0x0000bacc       0x82 ./app.o
 .text.stbi_zlib_decode_malloc_guesssize_headerflag
                0x0000bb4e       0x52 ./app.o
                0x0000bb4e                stbi_zlib_decode_malloc_guesssize_headerflag
 .text.stbi_load_from_memory
                0x0000bba0       0x2c ./app.o
                0x0000bba0                stbi_load_from_memory
 .text.app_process_action
                0x0000bbcc        0x2 ./app.o
                0x0000bbcc                app_process_action
 .text.startup.main
                0x0000bbce       0x14 ./main.o
                0x0000bbce                main
 .text.rgb_to_grayscale
                0x0000bbe2       0x86 ./nv_optical_flow.o
                0x0000bbe2                rgb_to_grayscale
 .text.build_image_pyramid
                0x0000bc68       0x54 ./nv_optical_flow.o
                0x0000bc68                build_image_pyramid
 .text.compute_gradient
                0x0000bcbc       0xc2 ./nv_optical_flow.o
                0x0000bcbc                compute_gradient
 .text.find_strong_feature
                0x0000bd7e      0x172 ./nv_optical_flow.o
                0x0000bd7e                find_strong_feature
 .text.lucas_kanade_pyramid
                0x0000bef0       0x24 ./nv_optical_flow.o
                0x0000bef0                lucas_kanade_pyramid
 .text.sl_board_default_init
                0x0000bf14        0x4 ./autogen/sl_board_default_init.o
                0x0000bf14                sl_board_default_init
 .text.sl_driver_init
                0x0000bf18        0xe ./autogen/sl_event_handler.o
                0x0000bf18                sl_driver_init
 .text.sl_service_init
                0x0000bf26        0xe ./autogen/sl_event_handler.o
                0x0000bf26                sl_service_init
 .text.sl_stack_init
                0x0000bf34        0x2 ./autogen/sl_event_handler.o
                0x0000bf34                sl_stack_init
 .text.sl_internal_app_init
                0x0000bf36        0x2 ./autogen/sl_event_handler.o
                0x0000bf36                sl_internal_app_init
 .text.sl_platform_process_action
                0x0000bf38        0x2 ./autogen/sl_event_handler.o
                0x0000bf38                sl_platform_process_action
 .text.sl_service_process_action
                0x0000bf3a        0x2 ./autogen/sl_event_handler.o
                0x0000bf3a                sl_service_process_action
 .text.sl_stack_process_action
                0x0000bf3c        0x2 ./autogen/sl_event_handler.o
                0x0000bf3c                sl_stack_process_action
 .text.sl_internal_app_process_action
                0x0000bf3e        0x2 ./autogen/sl_event_handler.o
                0x0000bf3e                sl_internal_app_process_action
 .text.sl_board_configure_vcom
                0x0000bf40        0x4 ./gecko_sdk_4.4.6/hardware/board/src/sl_board_control_gpio.o
                0x0000bf40                sl_board_configure_vcom
 .text.sl_board_disable_vcom
                0x0000bf44       0x12 ./gecko_sdk_4.4.6/hardware/board/src/sl_board_control_gpio.o
                0x0000bf44                sl_board_disable_vcom
 .text.sl_cos_send_config
                0x0000bf56       0x12 ./gecko_sdk_4.4.6/hardware/driver/configuration_over_swo/src/sl_cos.o
                0x0000bf56                sl_cos_send_config
 .text.Default_Handler
                0x0000bf68        0x2 ./gecko_sdk_4.4.6/platform/Device/SiliconLabs/EFR32MG12P/Source/startup_efr32mg12p.o
                0x0000bf68                DebugMon_Handler
                0x0000bf68                USART0_TX_IRQHandler
                0x0000bf68                I2C0_IRQHandler
                0x0000bf68                HardFault_Handler
                0x0000bf68                SysTick_Handler
                0x0000bf68                USART1_RX_IRQHandler
                0x0000bf68                PendSV_Handler
                0x0000bf68                NMI_Handler
                0x0000bf68                SYNTH_IRQHandler
                0x0000bf68                I2C1_IRQHandler
                0x0000bf68                WTIMER0_IRQHandler
                0x0000bf68                CRYPTO0_IRQHandler
                0x0000bf68                WDOG0_IRQHandler
                0x0000bf68                USART1_TX_IRQHandler
                0x0000bf68                SMU_IRQHandler
                0x0000bf68                MSC_IRQHandler
                0x0000bf68                ADC0_IRQHandler
                0x0000bf68                UsageFault_Handler
                0x0000bf68                WDOG1_IRQHandler
                0x0000bf68                LEUART0_IRQHandler
                0x0000bf68                FPUEH_IRQHandler
                0x0000bf68                WTIMER1_IRQHandler
                0x0000bf68                GPIO_EVEN_IRQHandler
                0x0000bf68                VDAC0_IRQHandler
                0x0000bf68                LDMA_IRQHandler
                0x0000bf68                CSEN_IRQHandler
                0x0000bf68                CRYPTO1_IRQHandler
                0x0000bf68                TIMER0_IRQHandler
                0x0000bf68                PCNT2_IRQHandler
                0x0000bf68                LETIMER0_IRQHandler
                0x0000bf68                TIMER1_IRQHandler
                0x0000bf68                TRNG0_IRQHandler
                0x0000bf68                RFSENSE_IRQHandler
                0x0000bf68                BUFC_IRQHandler
                0x0000bf68                MODEM_IRQHandler
                0x0000bf68                Default_Handler
                0x0000bf68                RAC_SEQ_IRQHandler
                0x0000bf68                FRC_PRI_IRQHandler
                0x0000bf68                EMU_IRQHandler
                0x0000bf68                FRC_IRQHandler
                0x0000bf68                CRYOTIMER_IRQHandler
                0x0000bf68                PCNT0_IRQHandler
                0x0000bf68                AGC_IRQHandler
                0x0000bf68                sl_app_properties
                0x0000bf68                PCNT1_IRQHandler
                0x0000bf68                ACMP0_IRQHandler
                0x0000bf68                USART0_RX_IRQHandler
                0x0000bf68                MemManage_Handler
                0x0000bf68                SVC_Handler
                0x0000bf68                USART3_RX_IRQHandler
                0x0000bf68                CMU_IRQHandler
                0x0000bf68                RAC_RSM_IRQHandler
                0x0000bf68                GPIO_ODD_IRQHandler
                0x0000bf68                LESENSE_IRQHandler
                0x0000bf68                USART3_TX_IRQHandler
                0x0000bf68                PROTIMER_IRQHandler
                0x0000bf68                BusFault_Handler
                0x0000bf68                IDAC0_IRQHandler
 .text.SystemLFRCOClockGet
                0x0000bf6a        0x6 ./gecko_sdk_4.4.6/platform/Device/SiliconLabs/EFR32MG12P/Source/system_efr32mg12p.o
                0x0000bf6a                SystemLFRCOClockGet
 .text.SystemULFRCOClockGet
                0x0000bf70        0x6 ./gecko_sdk_4.4.6/platform/Device/SiliconLabs/EFR32MG12P/Source/system_efr32mg12p.o
                0x0000bf70                SystemULFRCOClockGet
 .text.assertEFM
                0x0000bf76        0x2 ./gecko_sdk_4.4.6/platform/common/src/sl_assert.o
                0x0000bf76                assertEFM
 .text._close   0x0000bf78        0x6 ./gecko_sdk_4.4.6/platform/common/src/sl_syscalls.o
                0x0000bf78                _close
 .text._exit    0x0000bf7e        0x2 ./gecko_sdk_4.4.6/platform/common/src/sl_syscalls.o
                0x0000bf7e                _exit
 .text._fstat   0x0000bf80        0x4 ./gecko_sdk_4.4.6/platform/common/src/sl_syscalls.o
                0x0000bf80                _fstat
 .text._getpid  0x0000bf84        0x4 ./gecko_sdk_4.4.6/platform/common/src/sl_syscalls.o
                0x0000bf84                _getpid
 .text._isatty  0x0000bf88        0x4 ./gecko_sdk_4.4.6/platform/common/src/sl_syscalls.o
                0x0000bf88                _isatty
 .text._kill    0x0000bf8c        0x6 ./gecko_sdk_4.4.6/platform/common/src/sl_syscalls.o
                0x0000bf8c                _kill
 .text._lseek   0x0000bf92        0x4 ./gecko_sdk_4.4.6/platform/common/src/sl_syscalls.o
                0x0000bf92                _lseek
 .text._read    0x0000bf96        0x4 ./gecko_sdk_4.4.6/platform/common/src/sl_syscalls.o
                0x0000bf96                _read
 .text._write   0x0000bf9a        0x4 ./gecko_sdk_4.4.6/platform/common/src/sl_syscalls.o
                0x0000bf9a                _write
 .text.sl_debug_swo_enable_itm
                0x0000bf9e       0x16 ./gecko_sdk_4.4.6/platform/driver/debug/src/sl_debug_swo.o
                0x0000bf9e                sl_debug_swo_enable_itm
 .text.sl_debug_swo_disable_itm
                0x0000bfb4       0x18 ./gecko_sdk_4.4.6/platform/driver/debug/src/sl_debug_swo.o
                0x0000bfb4                sl_debug_swo_disable_itm
 .text.CMU_ClockDivGet
                0x0000bfcc        0xa ./gecko_sdk_4.4.6/platform/emlib/src/em_cmu.o
                0x0000bfcc                CMU_ClockDivGet
 .text.CORE_EnterCritical
                0x0000bfd6        0x8 ./gecko_sdk_4.4.6/platform/emlib/src/em_core.o
                0x0000bfd6                CORE_EnterCritical
 .text.CORE_ExitCritical
                0x0000bfde        0x6 ./gecko_sdk_4.4.6/platform/emlib/src/em_core.o
                0x0000bfde                CORE_ExitCritical
 .text.CORE_EnterAtomic
                0x0000bfe4        0xc ./gecko_sdk_4.4.6/platform/emlib/src/em_core.o
                0x0000bfe4                CORE_EnterAtomic
 .text.CORE_ExitAtomic
                0x0000bff0        0x6 ./gecko_sdk_4.4.6/platform/emlib/src/em_core.o
                0x0000bff0                CORE_ExitAtomic
 .text.BUS_RegMaskedWrite
                0x0000bff6       0x1e ./gecko_sdk_4.4.6/platform/emlib/src/em_gpio.o
 .text.USART_SpiTransfer
                0x0000c014       0x14 ./gecko_sdk_4.4.6/platform/emlib/src/em_usart.o
                0x0000c014                USART_SpiTransfer
 .text.sl_device_init_emu
                0x0000c028       0x1c ./gecko_sdk_4.4.6/platform/service/device_init/src/sl_device_init_emu_s1.o
                0x0000c028                sl_device_init_emu
 .text.CMU_PrescToLog2.constprop.0
                0x0000c044        0x4 ./gecko_sdk_4.4.6/platform/service/sleeptimer/src/sl_sleeptimer_hal_rtcc.o
 .text.sl_system_init
                0x0000c048       0x1a ./gecko_sdk_4.4.6/platform/service/system/src/sl_system_init.o
                0x0000c048                sl_system_init
 .text.sl_system_process_action
                0x0000c062       0x16 ./gecko_sdk_4.4.6/platform/service/system/src/sl_system_process_action.o
                0x0000c062                sl_system_process_action
 .text.abs      0x0000c078        0x8 d:/simplicitystudio-5/developer/toolchains/gnu_arm/12.2.rel1_2023.7/bin/../lib/gcc/arm-none-eabi/12.2.1/thumb/v7e-m+fp/softfp\libc_nano.a(libc_a-abs.o)
                0x0000c078                abs
 .text._realloc_r
                0x0000c080       0x5c d:/simplicitystudio-5/developer/toolchains/gnu_arm/12.2.rel1_2023.7/bin/../lib/gcc/arm-none-eabi/12.2.1/thumb/v7e-m+fp/softfp\libc_nano.a(libc_a-reallocr.o)
                0x0000c080                _realloc_r
 .text._fwalk_sglue
                0x0000c0dc       0x3c d:/simplicitystudio-5/developer/toolchains/gnu_arm/12.2.rel1_2023.7/bin/../lib/gcc/arm-none-eabi/12.2.1/thumb/v7e-m+fp/softfp\libc_nano.a(libc_a-fwalk.o)
                0x0000c0dc                _fwalk_sglue
 .text.__sread  0x0000c118       0x22 d:/simplicitystudio-5/developer/toolchains/gnu_arm/12.2.rel1_2023.7/bin/../lib/gcc/arm-none-eabi/12.2.1/thumb/v7e-m+fp/softfp\libc_nano.a(libc_a-stdio.o)
                0x0000c118                __sread
 .text.__swrite
                0x0000c13a       0x38 d:/simplicitystudio-5/developer/toolchains/gnu_arm/12.2.rel1_2023.7/bin/../lib/gcc/arm-none-eabi/12.2.1/thumb/v7e-m+fp/softfp\libc_nano.a(libc_a-stdio.o)
                0x0000c13a                __swrite
 .text.__sseek  0x0000c172       0x24 d:/simplicitystudio-5/developer/toolchains/gnu_arm/12.2.rel1_2023.7/bin/../lib/gcc/arm-none-eabi/12.2.1/thumb/v7e-m+fp/softfp\libc_nano.a(libc_a-stdio.o)
                0x0000c172                __sseek
 .text.__sclose
                0x0000c196        0x8 d:/simplicitystudio-5/developer/toolchains/gnu_arm/12.2.rel1_2023.7/bin/../lib/gcc/arm-none-eabi/12.2.1/thumb/v7e-m+fp/softfp\libc_nano.a(libc_a-stdio.o)
                0x0000c196                __sclose
 .text.memset   0x0000c19e       0x10 d:/simplicitystudio-5/developer/toolchains/gnu_arm/12.2.rel1_2023.7/bin/../lib/gcc/arm-none-eabi/12.2.1/thumb/v7e-m+fp/softfp\libc_nano.a(libc_a-memset.o)
                0x0000c19e                memset
 .text.strncmp  0x0000c1ae       0x24 d:/simplicitystudio-5/developer/toolchains/gnu_arm/12.2.rel1_2023.7/bin/../lib/gcc/arm-none-eabi/12.2.1/thumb/v7e-m+fp/softfp\libc_nano.a(libc_a-strncmp.o)
                0x0000c1ae                strncmp
 .text.__retarget_lock_init_recursive
                0x0000c1d2        0x2 d:/simplicitystudio-5/developer/toolchains/gnu_arm/12.2.rel1_2023.7/bin/../lib/gcc/arm-none-eabi/12.2.1/thumb/v7e-m+fp/softfp\libc_nano.a(libc_a-lock.o)
                0x0000c1d2                __retarget_lock_init_recursive
 .text.__retarget_lock_acquire_recursive
                0x0000c1d4        0x2 d:/simplicitystudio-5/developer/toolchains/gnu_arm/12.2.rel1_2023.7/bin/../lib/gcc/arm-none-eabi/12.2.1/thumb/v7e-m+fp/softfp\libc_nano.a(libc_a-lock.o)
                0x0000c1d4                __retarget_lock_acquire_recursive
 .text.__retarget_lock_release_recursive
                0x0000c1d6        0x2 d:/simplicitystudio-5/developer/toolchains/gnu_arm/12.2.rel1_2023.7/bin/../lib/gcc/arm-none-eabi/12.2.1/thumb/v7e-m+fp/softfp\libc_nano.a(libc_a-lock.o)
                0x0000c1d6                __retarget_lock_release_recursive
 .text          0x0000c1d8       0x14 d:/simplicitystudio-5/developer/toolchains/gnu_arm/12.2.rel1_2023.7/bin/../lib/gcc/arm-none-eabi/12.2.1/thumb/v7e-m+fp/softfp\libc_nano.a(libc_a-strcmp.o)
                0x0000c1d8                strcmp
 .text.memcpy   0x0000c1ec       0x1c d:/simplicitystudio-5/developer/toolchains/gnu_arm/12.2.rel1_2023.7/bin/../lib/gcc/arm-none-eabi/12.2.1/thumb/v7e-m+fp/softfp\libc_nano.a(libc_a-memcpy-stub.o)
                0x0000c1ec                memcpy
 .text.ldexp    0x0000c208       0x4c d:/simplicitystudio-5/developer/toolchains/gnu_arm/12.2.rel1_2023.7/bin/../lib/gcc/arm-none-eabi/12.2.1/thumb/v7e-m+fp/softfp\libc_nano.a(libm_a-s_ldexp.o)
                0x0000c208                ldexp
 .text.finite   0x0000c254        0xc d:/simplicitystudio-5/developer/toolchains/gnu_arm/12.2.rel1_2023.7/bin/../lib/gcc/arm-none-eabi/12.2.1/thumb/v7e-m+fp/softfp\libc_nano.a(libm_a-s_finite.o)
                0x0000c254                finite
 .text.abort    0x0000c260        0xe d:/simplicitystudio-5/developer/toolchains/gnu_arm/12.2.rel1_2023.7/bin/../lib/gcc/arm-none-eabi/12.2.1/thumb/v7e-m+fp/softfp\libc_nano.a(libc_a-abort.o)
                0x0000c260                abort
 .text._malloc_usable_size_r
                0x0000c26e       0x10 d:/simplicitystudio-5/developer/toolchains/gnu_arm/12.2.rel1_2023.7/bin/../lib/gcc/arm-none-eabi/12.2.1/thumb/v7e-m+fp/softfp\libc_nano.a(libc_a-msizer.o)
                0x0000c26e                _malloc_usable_size_r
 .text.__ssputs_r
                0x0000c27e       0xb6 d:/simplicitystudio-5/developer/toolchains/gnu_arm/12.2.rel1_2023.7/bin/../lib/gcc/arm-none-eabi/12.2.1/thumb/v7e-m+fp/softfp\libc_nano.a(libc_a-nano-svfprintf.o)
                0x0000c27e                __ssputs_r
 .text.__sfputc_r
                0x0000c334       0x2e d:/simplicitystudio-5/developer/toolchains/gnu_arm/12.2.rel1_2023.7/bin/../lib/gcc/arm-none-eabi/12.2.1/thumb/v7e-m+fp/softfp\libc_nano.a(libc_a-nano-vfprintf.o)
 .text.__sfputs_r
                0x0000c362       0x24 d:/simplicitystudio-5/developer/toolchains/gnu_arm/12.2.rel1_2023.7/bin/../lib/gcc/arm-none-eabi/12.2.1/thumb/v7e-m+fp/softfp\libc_nano.a(libc_a-nano-vfprintf.o)
                0x0000c362                __sfputs_r
 .text._printf_common
                0x0000c386       0xda d:/simplicitystudio-5/developer/toolchains/gnu_arm/12.2.rel1_2023.7/bin/../lib/gcc/arm-none-eabi/12.2.1/thumb/v7e-m+fp/softfp\libc_nano.a(libc_a-nano-vfprintf_i.o)
                0x0000c386                _printf_common
 .text.__sflush_r
                0x0000c460      0x108 d:/simplicitystudio-5/developer/toolchains/gnu_arm/12.2.rel1_2023.7/bin/../lib/gcc/arm-none-eabi/12.2.1/thumb/v7e-m+fp/softfp\libc_nano.a(libc_a-fflush.o)
                0x0000c460                __sflush_r
 .text._fflush_r
                0x0000c568       0x50 d:/simplicitystudio-5/developer/toolchains/gnu_arm/12.2.rel1_2023.7/bin/../lib/gcc/arm-none-eabi/12.2.1/thumb/v7e-m+fp/softfp\libc_nano.a(libc_a-fflush.o)
                0x0000c568                _fflush_r
 .text.__swbuf_r
                0x0000c5b8       0x7c d:/simplicitystudio-5/developer/toolchains/gnu_arm/12.2.rel1_2023.7/bin/../lib/gcc/arm-none-eabi/12.2.1/thumb/v7e-m+fp/softfp\libc_nano.a(libc_a-wbuf.o)
                0x0000c5b8                __swbuf_r
 .text.memmove  0x0000c634       0x34 d:/simplicitystudio-5/developer/toolchains/gnu_arm/12.2.rel1_2023.7/bin/../lib/gcc/arm-none-eabi/12.2.1/thumb/v7e-m+fp/softfp\libc_nano.a(libc_a-memmove.o)
                0x0000c634                memmove
 .text._raise_r
                0x0000c668       0x50 d:/simplicitystudio-5/developer/toolchains/gnu_arm/12.2.rel1_2023.7/bin/../lib/gcc/arm-none-eabi/12.2.1/thumb/v7e-m+fp/softfp\libc_nano.a(libc_a-signal.o)
                0x0000c668                _raise_r
 .text._getpid_r
                0x0000c6b8        0x4 d:/simplicitystudio-5/developer/toolchains/gnu_arm/12.2.rel1_2023.7/bin/../lib/gcc/arm-none-eabi/12.2.1/thumb/v7e-m+fp/softfp\libc_nano.a(libc_a-signalr.o)
                0x0000c6b8                _getpid_r
 .text.__swhatbuf_r
                0x0000c6bc       0x4c d:/simplicitystudio-5/developer/toolchains/gnu_arm/12.2.rel1_2023.7/bin/../lib/gcc/arm-none-eabi/12.2.1/thumb/v7e-m+fp/softfp\libc_nano.a(libc_a-makebuf.o)
                0x0000c6bc                __swhatbuf_r
 .text.__smakebuf_r
                0x0000c708       0x78 d:/simplicitystudio-5/developer/toolchains/gnu_arm/12.2.rel1_2023.7/bin/../lib/gcc/arm-none-eabi/12.2.1/thumb/v7e-m+fp/softfp\libc_nano.a(libc_a-makebuf.o)
                0x0000c708                __smakebuf_r
                0x0000c780                . = ALIGN (0x20)
                0x0000c780                linker_code_end = .
 *(.init)
 .init          0x0000c780        0x4 d:/simplicitystudio-5/developer/toolchains/gnu_arm/12.2.rel1_2023.7/bin/../lib/gcc/arm-none-eabi/12.2.1/thumb/v7e-m+fp/softfp/crti.o
                0x0000c780                _init
 .init          0x0000c784        0x8 d:/simplicitystudio-5/developer/toolchains/gnu_arm/12.2.rel1_2023.7/bin/../lib/gcc/arm-none-eabi/12.2.1/thumb/v7e-m+fp/softfp/crtn.o
 *(.fini)
 .fini          0x0000c78c        0x4 d:/simplicitystudio-5/developer/toolchains/gnu_arm/12.2.rel1_2023.7/bin/../lib/gcc/arm-none-eabi/12.2.1/thumb/v7e-m+fp/softfp/crti.o
                0x0000c78c                _fini
 .fini          0x0000c790        0x8 d:/simplicitystudio-5/developer/toolchains/gnu_arm/12.2.rel1_2023.7/bin/../lib/gcc/arm-none-eabi/12.2.1/thumb/v7e-m+fp/softfp/crtn.o
 *crtbegin.o(.ctors)
 *crtbegin?.o(.ctors)
 *(EXCLUDE_FILE(*crtend.o *crtend?.o) .ctors)
 *(SORT_BY_NAME(.ctors.*))
 *(.ctors)
 *crtbegin.o(.dtors)
 *crtbegin?.o(.dtors)
 *(EXCLUDE_FILE(*crtend.o *crtend?.o) .dtors)
 *(SORT_BY_NAME(.dtors.*))
 *(.dtors)
                0x0000c798                __code_classification_validator_start__ = .
                0x0000c7b8                . = (. + 0x20)
 *fill*         0x0000c798       0x20 
 *(code_classification_validator)
                0x0000c7c0                . = ALIGN (0x20)
 *fill*         0x0000c7b8        0x8 
                0x0000c7c0                __code_classification_validator_end__ = .
 *(.rodata*)
 .rodata.rx_callback.str1.1
                0x0000c7c0        0x4 ./app.o
 .rodata.stbi__jpeg_huff_decode.str1.1
                0x0000c7c4       0x61 ./app.o
 .rodata.stbi__hdr_test.str1.1
                0x0000c825       0x14 ./app.o
 .rodata.stbi__hdr_info.str1.1
                0x0000c839       0x1f ./app.o
 .rodata.stbi__create_png_alpha_expand8.str1.1
                0x0000c858        0xb ./app.o
 .rodata.stbi__shiftsigned.str1.1
                0x0000c863       0x1f ./app.o
 .rodata.stbi__pnm_getinteger.str1.1
                0x0000c882       0x17 ./app.o
 .rodata.stbi__pnm_info.str1.1
                0x0000c899       0x20 ./app.o
 .rodata.stbi__load_gif_main_outofmem.str1.1
                0x0000c8b9        0x9 ./app.o
 .rodata.stbi__gif_header.str1.1
                0x0000c8c2       0x12 ./app.o
                                 0x13 (size before relaxing)
 .rodata.stbi__readval.str1.1
                0x0000c8d4        0x9 ./app.o
 .rodata.stbi__check_png_header.str1.1
                0x0000c8dd        0xc ./app.o
 .rodata.stbi__zexpand.str1.1
                0x0000c8e9       0x14 ./app.o
 .rodata.stbi__zbuild_huffman.str1.1
                0x0000c8fd       0x1a ./app.o
 .rodata.stbi__parse_zlib.str1.1
                0x0000c917       0x76 ./app.o
 .rodata.stbi__jpeg_decode_block.str1.1
                0x0000c98d       0x20 ./app.o
 .rodata.stbi__build_huffman.str1.1
                0x0000c9ad       0x1f ./app.o
 .rodata.stbi__process_marker.str1.1
                0x0000c9cc       0x6d ./app.o
 .rodata.stbi__gif_load_next.constprop.0.str1.1
                0x0000ca39       0x6a ./app.o
 .rodata.stbi__decode_jpeg_header.str1.1
                0x0000caa3       0x65 ./app.o
 .rodata.stbi__hdr_load.constprop.0.str1.1
                0x0000cb08       0x65 ./app.o
                                 0x6d (size before relaxing)
 .rodata.stbi__bmp_parse_header.constprop.0.str1.1
                0x0000cb6d       0x31 ./app.o
 .rodata.stbi__convert_format16.str1.1
                0x0000cb9e       0x21 ./app.o
 .rodata.stbi__bmp_load.constprop.0.str1.1
                0x0000cbbf       0x30 ./app.o
 .rodata.stbi__create_png_image_raw.str1.1
                0x0000cbef       0x66 ./app.o
 .rodata.stbi__parse_png_file.str1.1
                0x0000cc55      0x12d ./app.o
 .rodata.stbi__load_main.str1.1
                0x0000cd82      0x125 ./app.o
 .rodata.stbi__load_and_postprocess_16bit.str1.1
                0x0000cea7       0x36 ./app.o
 .rodata.app_init.str1.1
                0x0000cedd      0x10c ./app.o
 .rodata.length_dezigzag.0
                0x0000cfe9       0x13 ./app.o
 .rodata.__func__.2
                0x0000cffc       0x20 ./app.o
 .rodata.__func__.3
                0x0000d01c        0xf ./app.o
 .rodata.__func__.4
                0x0000d02b       0x17 ./app.o
 .rodata.rgb.5  0x0000d042        0x3 ./app.o
 .rodata.tag.6  0x0000d045        0x6 ./app.o
 .rodata.tag.7  0x0000d04b        0x5 ./app.o
 .rodata.shift_table.8
                0x0000d050       0x24 ./app.o
 .rodata.mul_table.9
                0x0000d074       0x24 ./app.o
 .rodata.__func__.10
                0x0000d098       0x12 ./app.o
 .rodata.__func__.11
                0x0000d0aa       0x17 ./app.o
 .rodata.__func__.12
                0x0000d0c1       0x15 ./app.o
 .rodata.__func__.13
                0x0000d0d6       0x10 ./app.o
 .rodata.__func__.14
                0x0000d0e6       0x1b ./app.o
 .rodata.__func__.15
                0x0000d101       0x1d ./app.o
 .rodata.__func__.16
                0x0000d11e       0x1f ./app.o
 .rodata.__func__.17
                0x0000d13d       0x1b ./app.o
 .rodata.png_sig.19
                0x0000d158        0x8 ./app.o
 .rodata.stbi__depth_scale_table
                0x0000d160        0x9 ./app.o
 .rodata.first_row_filter
                0x0000d169        0x5 ./app.o
 .rodata.stbi__zdefault_distance
                0x0000d16e       0x20 ./app.o
 .rodata.stbi__zdefault_length
                0x0000d18e      0x120 ./app.o
 *fill*         0x0000d2ae        0x2 
 .rodata.stbi__zdist_extra
                0x0000d2b0       0x80 ./app.o
 .rodata.stbi__zdist_base
                0x0000d330       0x80 ./app.o
 .rodata.stbi__zlength_extra
                0x0000d3b0       0x7c ./app.o
 .rodata.stbi__zlength_base
                0x0000d42c       0x7c ./app.o
 .rodata.stbi__jpeg_dezigzag
                0x0000d4a8       0x4f ./app.o
 *fill*         0x0000d4f7        0x1 
 .rodata.stbi__jbias
                0x0000d4f8       0x40 ./app.o
 .rodata.stbi__bmask
                0x0000d538       0x44 ./app.o
 .rodata        0x0000d57c       0x7c ./app.o
 .rodata.frame1_jpg_len
                0x0000d5f8        0x4 ./frame1.o
                0x0000d5f8                frame1_jpg_len
 .rodata.frame1_jpg
                0x0000d5fc     0x13d3 ./frame1.o
                0x0000d5fc                frame1_jpg
 *fill*         0x0000e9cf        0x1 
 .rodata.frame2_jpg_len
                0x0000e9d0        0x4 ./frame2.o
                0x0000e9d0                frame2_jpg_len
 .rodata.frame2_jpg
                0x0000e9d4     0x1417 ./frame2.o
                0x0000e9d4                frame2_jpg
 *fill*         0x0000fdeb        0x1 
 .rodata        0x0000fdec       0x1c ./nv_usart.o
 .rodata        0x0000fe08       0x1c ./gecko_sdk_4.4.6/hardware/driver/mx25_flash_shutdown/src/sl_mx25_flash_shutdown_usart/sl_mx25_flash_shutdown.o
 .rodata.flashWaitStateControl.str1.1
                0x0000fe24       0x29 ./gecko_sdk_4.4.6/platform/emlib/src/em_cmu.o
 *fill*         0x0000fe4d        0x1 
 .rodata.CSWTCH.79
                0x0000fe4e        0xa ./gecko_sdk_4.4.6/platform/emlib/src/em_cmu.o
 .rodata.CSWTCH.78
                0x0000fe58        0xa ./gecko_sdk_4.4.6/platform/emlib/src/em_cmu.o
 .rodata.CSWTCH.77
                0x0000fe62        0x5 ./gecko_sdk_4.4.6/platform/emlib/src/em_cmu.o
 .rodata.CSWTCH.76
                0x0000fe67        0x5 ./gecko_sdk_4.4.6/platform/emlib/src/em_cmu.o
 .rodata.flashWsTable
                0x0000fe6c       0x28 ./gecko_sdk_4.4.6/platform/emlib/src/em_cmu.o
 .rodata.vmonCalibratedThreshold.str1.1
                0x0000fe94       0x29 ./gecko_sdk_4.4.6/platform/emlib/src/em_emu.o
 .rodata.GPIO_PinOutSet.str1.1
                0x0000febd       0x2a ./gecko_sdk_4.4.6/platform/emlib/src/em_gpio.o
 .rodata.GPIO_DbgLocationSet.str1.1
                0x0000fee7       0x2a ./gecko_sdk_4.4.6/platform/emlib/src/em_gpio.o
 *fill*         0x0000ff11        0x1 
 .rodata.CSWTCH.78
                0x0000ff12       0x16 ./gecko_sdk_4.4.6/platform/emlib/src/em_gpio.o
 .rodata.RTCC_ChannelInit.str1.1
                0x0000ff28       0x2a ./gecko_sdk_4.4.6/platform/emlib/src/em_rtcc.o
 .rodata.USART_BaudrateAsyncSet.str1.1
                0x0000ff52       0x2b ./gecko_sdk_4.4.6/platform/emlib/src/em_usart.o
 *fill*         0x0000ff7d        0x1 
 .rodata        0x0000ff7e       0x10 ./gecko_sdk_4.4.6/platform/service/device_init/src/sl_device_init_dcdc_s1.o
 .rodata        0x0000ff8e       0x12 ./gecko_sdk_4.4.6/platform/service/device_init/src/sl_device_init_hfxo_s1.o
 .rodata        0x0000ffa0        0x4 ./gecko_sdk_4.4.6/platform/service/device_init/src/sl_device_init_lfxo_s1.o
 .rodata.process_timer_irq.str1.1
                0x0000ffa4       0x3d ./gecko_sdk_4.4.6/platform/service/sleeptimer/src/sl_sleeptimer.o
 .rodata        0x0000ffe1       0x10 ./gecko_sdk_4.4.6/platform/service/sleeptimer/src/sl_sleeptimer_hal_rtcc.o
 .rodata.sl_udelay_wait.str1.1
                0x0000fff1       0x35 ./gecko_sdk_4.4.6/platform/service/udelay/src/sl_udelay.o
 .rodata.__assert_func.str1.1
                0x00010026       0x3c d:/simplicitystudio-5/developer/toolchains/gnu_arm/12.2.rel1_2023.7/bin/../lib/gcc/arm-none-eabi/12.2.1/thumb/v7e-m+fp/softfp\libc_nano.a(libc_a-assert.o)
                                 0x3d (size before relaxing)
 .rodata._ctype_
                0x00010062      0x101 d:/simplicitystudio-5/developer/toolchains/gnu_arm/12.2.rel1_2023.7/bin/../lib/gcc/arm-none-eabi/12.2.1/thumb/v7e-m+fp/softfp\libc_nano.a(libc_a-ctype_.o)
                0x00010062                _ctype_
 .rodata._svfprintf_r.str1.1
                0x00010163       0x11 d:/simplicitystudio-5/developer/toolchains/gnu_arm/12.2.rel1_2023.7/bin/../lib/gcc/arm-none-eabi/12.2.1/thumb/v7e-m+fp/softfp\libc_nano.a(libc_a-nano-svfprintf.o)
 .rodata._vfprintf_r.str1.1
                0x00010174       0x11 d:/simplicitystudio-5/developer/toolchains/gnu_arm/12.2.rel1_2023.7/bin/../lib/gcc/arm-none-eabi/12.2.1/thumb/v7e-m+fp/softfp\libc_nano.a(libc_a-nano-vfprintf.o)
 .rodata._printf_i.str1.1
                0x00010174       0x22 d:/simplicitystudio-5/developer/toolchains/gnu_arm/12.2.rel1_2023.7/bin/../lib/gcc/arm-none-eabi/12.2.1/thumb/v7e-m+fp/softfp\libc_nano.a(libc_a-nano-vfprintf_i.o)
 *(.eh_frame*)
 *fill*         0x00010196        0x2 
 .eh_frame      0x00010198        0x0 d:/simplicitystudio-5/developer/toolchains/gnu_arm/12.2.rel1_2023.7/bin/../lib/gcc/arm-none-eabi/12.2.1/thumb/v7e-m+fp/softfp/crtbegin.o

.glue_7         0x00010198        0x0
 .glue_7        0x00010198        0x0 linker stubs

.glue_7t        0x00010198        0x0
 .glue_7t       0x00010198        0x0 linker stubs

.vfp11_veneer   0x00010198        0x0
 .vfp11_veneer  0x00010198        0x0 linker stubs

.v4_bx          0x00010198        0x0
 .v4_bx         0x00010198        0x0 linker stubs

.iplt           0x00010198        0x0
 .iplt          0x00010198        0x0 d:/simplicitystudio-5/developer/toolchains/gnu_arm/12.2.rel1_2023.7/bin/../lib/gcc/arm-none-eabi/12.2.1/thumb/v7e-m+fp/softfp/crtbegin.o

.ARM.extab
 *(.ARM.extab* .gnu.linkonce.armextab.*)
                0x00010198                __exidx_start = .

.ARM.exidx      0x00010198        0x8
 *(.ARM.exidx* .gnu.linkonce.armexidx.*)
 .ARM.exidx     0x00010198        0x8 d:/simplicitystudio-5/developer/toolchains/gnu_arm/12.2.rel1_2023.7/bin/../lib/gcc/arm-none-eabi/12.2.1/thumb/v7e-m+fp/softfp/crt0.o
                                 0x10 (size before relaxing)
 .ARM.exidx.text.__udivmoddi4
                0x000101a0        0x0 d:/simplicitystudio-5/developer/toolchains/gnu_arm/12.2.rel1_2023.7/bin/../lib/gcc/arm-none-eabi/12.2.1/thumb/v7e-m+fp/softfp\libgcc.a(_udivmoddi4.o)
                                  0x8 (size before relaxing)
 .ARM.exidx.text.__gthread_active_p
                0x000101a0        0x0 d:/simplicitystudio-5/developer/toolchains/gnu_arm/12.2.rel1_2023.7/bin/../lib/gcc/arm-none-eabi/12.2.1/thumb/v7e-m+fp/softfp\libgcc.a(emutls.o)
                                  0x8 (size before relaxing)
 .ARM.exidx.text.emutls_alloc
                0x000101a0        0x0 d:/simplicitystudio-5/developer/toolchains/gnu_arm/12.2.rel1_2023.7/bin/../lib/gcc/arm-none-eabi/12.2.1/thumb/v7e-m+fp/softfp\libgcc.a(emutls.o)
                                  0x8 (size before relaxing)
 .ARM.exidx.text.__emutls_get_address
                0x000101a0        0x0 d:/simplicitystudio-5/developer/toolchains/gnu_arm/12.2.rel1_2023.7/bin/../lib/gcc/arm-none-eabi/12.2.1/thumb/v7e-m+fp/softfp\libgcc.a(emutls.o)
                                  0x8 (size before relaxing)
                0x000101a0                __exidx_end = .

.rel.dyn        0x000101a0        0x0
 .rel.iplt      0x000101a0        0x0 d:/simplicitystudio-5/developer/toolchains/gnu_arm/12.2.rel1_2023.7/bin/../lib/gcc/arm-none-eabi/12.2.1/thumb/v7e-m+fp/softfp/crtbegin.o

.copy.table     0x000101a0        0xc
                0x000101a0                . = ALIGN (0x4)
                0x000101a0                __copy_table_start__ = .
                0x000101a0        0x4 LONG 0x101ac __etext
                0x000101a4        0x4 LONG 0x20001000 __data_start__
                0x000101a8        0x4 LONG 0x49 ((__data_end__ - __data_start__) / 0x4)
                0x000101ac                __copy_table_end__ = .

.zero.table     0x000101ac        0x0
                0x000101ac                . = ALIGN (0x4)
                0x000101ac                __zero_table_start__ = .
                0x000101ac                __zero_table_end__ = .
                0x000101ac                __etext = .
                0x20000000                . = ORIGIN (RAM)

.stack          0x20000000     0x1000
                0x20000000                __StackLimit = .
 *(.stack*)
 .stack         0x20000000     0x1000 ./gecko_sdk_4.4.6/platform/common/toolchain/src/sl_memory.o
                0x20001000                . = ALIGN (0x4)
                0x20001000                __StackTop = .
                0x20001000                PROVIDE (__stack = __StackTop)

.noinit
 *(.noinit*)

.data           0x20001000      0x124 load address 0x000101ac
                0x20001000                . = ALIGN (0x4)
                0x20001000                __data_start__ = .
 *(vtable)
 *(SORT_BY_ALIGNMENT(.data*))
 .data.tiny     0x20001000        0x8 d:/simplicitystudio-5/developer/toolchains/gnu_arm/12.2.rel1_2023.7/bin/../lib/gcc/arm-none-eabi/12.2.1/thumb/v7e-m+fp/softfp\libm.a(libm_a-e_sqrt.o)
 .data.one      0x20001008        0x8 d:/simplicitystudio-5/developer/toolchains/gnu_arm/12.2.rel1_2023.7/bin/../lib/gcc/arm-none-eabi/12.2.1/thumb/v7e-m+fp/softfp\libm.a(libm_a-e_sqrt.o)
 .data.__emutls_v.stbi__g_failure_reason
                0x20001010       0x10 ./app.o
 .data.__emutls_v.stbi__vertically_flip_on_load_local
                0x20001020       0x10 ./app.o
 .data.__emutls_v.stbi__vertically_flip_on_load_set
                0x20001030       0x10 ./app.o
 .data.__emutls_v.stbi__unpremultiply_on_load_local
                0x20001040       0x10 ./app.o
 .data.__emutls_v.stbi__unpremultiply_on_load_set
                0x20001050       0x10 ./app.o
 .data.__emutls_v.stbi__de_iphone_flag_local
                0x20001060       0x10 ./app.o
 .data.__emutls_v.stbi__de_iphone_flag_set
                0x20001070       0x10 ./app.o
 .data.stbi__h2l_scale_i
                0x20001080        0x4 ./app.o
 .data.stbi__h2l_gamma_i
                0x20001084        0x4 ./app.o
 .data.SystemHfrcoFreq
                0x20001088        0x4 ./gecko_sdk_4.4.6/platform/Device/SiliconLabs/EFR32MG12P/Source/system_efr32mg12p.o
                0x20001088                SystemHfrcoFreq
 .data.SystemCoreClock
                0x2000108c        0x4 ./gecko_sdk_4.4.6/platform/Device/SiliconLabs/EFR32MG12P/Source/system_efr32mg12p.o
                0x2000108c                SystemCoreClock
 .data.SystemLFXOClock
                0x20001090        0x4 ./gecko_sdk_4.4.6/platform/Device/SiliconLabs/EFR32MG12P/Source/system_efr32mg12p.o
 .data.SystemHFXOClock
                0x20001094        0x4 ./gecko_sdk_4.4.6/platform/Device/SiliconLabs/EFR32MG12P/Source/system_efr32mg12p.o
 .data.heap_end.0
                0x20001098        0x4 ./gecko_sdk_4.4.6/platform/common/toolchain/src/sl_memory.o
 .data.auxHfrcoFreq
                0x2000109c        0x4 ./gecko_sdk_4.4.6/platform/emlib/src/em_cmu.o
 .data.__sglue  0x200010a0        0xc d:/simplicitystudio-5/developer/toolchains/gnu_arm/12.2.rel1_2023.7/bin/../lib/gcc/arm-none-eabi/12.2.1/thumb/v7e-m+fp/softfp\libc_nano.a(libc_a-findfp.o)
                0x200010a0                __sglue
 .data._impure_ptr
                0x200010ac        0x4 d:/simplicitystudio-5/developer/toolchains/gnu_arm/12.2.rel1_2023.7/bin/../lib/gcc/arm-none-eabi/12.2.1/thumb/v7e-m+fp/softfp\libc_nano.a(libc_a-impure.o)
                0x200010ac                _impure_ptr
 .data._impure_data
                0x200010b0       0x4c d:/simplicitystudio-5/developer/toolchains/gnu_arm/12.2.rel1_2023.7/bin/../lib/gcc/arm-none-eabi/12.2.1/thumb/v7e-m+fp/softfp\libc_nano.a(libc_a-impure.o)
                0x200010b0                _impure_data
 .data.hfxo_precision
                0x200010fc        0x2 ./gecko_sdk_4.4.6/platform/emlib/src/em_cmu.o
 .data.lfxo_precision
                0x200010fe        0x2 ./gecko_sdk_4.4.6/platform/emlib/src/em_cmu.o
 .data.invalid_chunk.18
                0x20001100       0x19 ./app.o
 .data.cc_disabled
                0x20001119        0x1 ./gecko_sdk_4.4.6/platform/service/sleeptimer/src/sl_sleeptimer_hal_rtcc.o
                0x2000111c                . = ALIGN (0x4)
 *fill*         0x2000111a        0x2 
                [!provide]                PROVIDE (__ram_func_section_start = .)
 *(.ram)
                [!provide]                PROVIDE (__ram_func_section_end = .)
                0x2000111c                . = ALIGN (0x4)
                0x2000111c                PROVIDE (__preinit_array_start = .)
 *(.preinit_array)
                0x2000111c                PROVIDE (__preinit_array_end = .)
                0x2000111c                . = ALIGN (0x4)
                0x2000111c                PROVIDE (__init_array_start = .)
 *(SORT_BY_NAME(.init_array.*))
 *(.init_array)
 .init_array    0x2000111c        0x4 d:/simplicitystudio-5/developer/toolchains/gnu_arm/12.2.rel1_2023.7/bin/../lib/gcc/arm-none-eabi/12.2.1/thumb/v7e-m+fp/softfp/crtbegin.o
                0x20001120                PROVIDE (__init_array_end = .)
                0x20001120                . = ALIGN (0x4)
                [!provide]                PROVIDE (__fini_array_start = .)
 *(SORT_BY_NAME(.fini_array.*))
 *(.fini_array)
 .fini_array    0x20001120        0x4 d:/simplicitystudio-5/developer/toolchains/gnu_arm/12.2.rel1_2023.7/bin/../lib/gcc/arm-none-eabi/12.2.1/thumb/v7e-m+fp/softfp/crtbegin.o
                [!provide]                PROVIDE (__fini_array_end = .)
                0x20001124                . = ALIGN (0x4)
                0x20001124                __data_end__ = .

.tm_clone_table
                0x20001124        0x0 load address 0x000102d0
 .tm_clone_table
                0x20001124        0x0 d:/simplicitystudio-5/developer/toolchains/gnu_arm/12.2.rel1_2023.7/bin/../lib/gcc/arm-none-eabi/12.2.1/thumb/v7e-m+fp/softfp/crtbegin.o
 .tm_clone_table
                0x20001124        0x0 d:/simplicitystudio-5/developer/toolchains/gnu_arm/12.2.rel1_2023.7/bin/../lib/gcc/arm-none-eabi/12.2.1/thumb/v7e-m+fp/softfp/crtend.o

.igot.plt       0x20001124        0x0 load address 0x000102d0
 .igot.plt      0x20001124        0x0 d:/simplicitystudio-5/developer/toolchains/gnu_arm/12.2.rel1_2023.7/bin/../lib/gcc/arm-none-eabi/12.2.1/thumb/v7e-m+fp/softfp/crtbegin.o

.bss            0x20001124     0xf0a4 load address 0x000102d0
                0x20001124                . = ALIGN (0x4)
                0x20001124                __bss_start__ = .
 *(SORT_BY_ALIGNMENT(.bss*))
 .bss.object.0  0x20001124       0x18 d:/simplicitystudio-5/developer/toolchains/gnu_arm/12.2.rel1_2023.7/bin/../lib/gcc/arm-none-eabi/12.2.1/thumb/v7e-m+fp/softfp/crtbegin.o
 .bss.stbi__de_iphone_flag_global
                0x2000113c        0x4 ./app.o
 .bss.stbi__unpremultiply_on_load_global
                0x20001140        0x4 ./app.o
 .bss.stbi__vertically_flip_on_load_global
                0x20001144        0x4 ./app.o
 .bss.tx_callback
                0x20001148        0x4 ./nv_usart.o
 .bss.rx_callback
                0x2000114c        0x4 ./nv_usart.o
 .bss.max_millisecond_conversion
                0x20001150        0x4 ./gecko_sdk_4.4.6/platform/service/sleeptimer/src/sl_sleeptimer.o
 .bss.last_delta_update_count
                0x20001154        0x4 ./gecko_sdk_4.4.6/platform/service/sleeptimer/src/sl_sleeptimer.o
 .bss.timer_head
                0x20001158        0x4 ./gecko_sdk_4.4.6/platform/service/sleeptimer/src/sl_sleeptimer.o
 .bss.timer_frequency
                0x2000115c        0x4 ./gecko_sdk_4.4.6/platform/service/sleeptimer/src/sl_sleeptimer.o
 .bss.__malloc_sbrk_start
                0x20001160        0x4 d:/simplicitystudio-5/developer/toolchains/gnu_arm/12.2.rel1_2023.7/bin/../lib/gcc/arm-none-eabi/12.2.1/thumb/v7e-m+fp/softfp\libc_nano.a(libc_a-mallocr.o)
                0x20001160                __malloc_sbrk_start
 .bss.__malloc_free_list
                0x20001164        0x4 d:/simplicitystudio-5/developer/toolchains/gnu_arm/12.2.rel1_2023.7/bin/../lib/gcc/arm-none-eabi/12.2.1/thumb/v7e-m+fp/softfp\libc_nano.a(libc_a-mallocr.o)
                0x20001164                __malloc_free_list
 .bss.__sf      0x20001168      0x138 d:/simplicitystudio-5/developer/toolchains/gnu_arm/12.2.rel1_2023.7/bin/../lib/gcc/arm-none-eabi/12.2.1/thumb/v7e-m+fp/softfp\libc_nano.a(libc_a-findfp.o)
                0x20001168                __sf
 .bss.__stdio_exit_handler
                0x200012a0        0x4 d:/simplicitystudio-5/developer/toolchains/gnu_arm/12.2.rel1_2023.7/bin/../lib/gcc/arm-none-eabi/12.2.1/thumb/v7e-m+fp/softfp\libc_nano.a(libc_a-findfp.o)
                0x200012a0                __stdio_exit_handler
 .bss.errno     0x200012a4        0x4 d:/simplicitystudio-5/developer/toolchains/gnu_arm/12.2.rel1_2023.7/bin/../lib/gcc/arm-none-eabi/12.2.1/thumb/v7e-m+fp/softfp\libc_nano.a(libc_a-reent.o)
                0x200012a4                errno
 .bss.grad_buffer
                0x200012a8     0x7080 ./app.o
 .bss.dcdcReverseCurrentControl
                0x20008328        0x2 ./gecko_sdk_4.4.6/platform/emlib/src/em_emu.o
 .bss.dcdcEm01LoadCurrent_mA
                0x2000832a        0x2 ./gecko_sdk_4.4.6/platform/emlib/src/em_emu.o
 .bss.dcdcMaxCurrent_mA
                0x2000832c        0x2 ./gecko_sdk_4.4.6/platform/emlib/src/em_emu.o
 .bss.overflow_counter
                0x2000832e        0x2 ./gecko_sdk_4.4.6/platform/service/sleeptimer/src/sl_sleeptimer.o
 .bss.completed.1
                0x20008330        0x1 d:/simplicitystudio-5/developer/toolchains/gnu_arm/12.2.rel1_2023.7/bin/../lib/gcc/arm-none-eabi/12.2.1/thumb/v7e-m+fp/softfp/crtbegin.o
 .bss.gray_buffer
                0x20008331     0x3840 ./app.o
 .bss.pyr_buffer
                0x2000bb71     0x4650 ./app.o
 .bss.vScaleEM01Config
                0x200101c1        0x1 ./gecko_sdk_4.4.6/platform/emlib/src/em_emu.o
 .bss.sleep_on_isr_exit
                0x200101c2        0x1 ./gecko_sdk_4.4.6/platform/service/sleeptimer/src/sl_sleeptimer.o
 .bss.next_timer_to_expire_is_power_manager
                0x200101c3        0x1 ./gecko_sdk_4.4.6/platform/service/sleeptimer/src/sl_sleeptimer.o
 .bss.is_sleeptimer_initialized
                0x200101c4        0x1 ./gecko_sdk_4.4.6/platform/service/sleeptimer/src/sl_sleeptimer.o
 .bss.__lock___malloc_recursive_mutex
                0x200101c5        0x1 d:/simplicitystudio-5/developer/toolchains/gnu_arm/12.2.rel1_2023.7/bin/../lib/gcc/arm-none-eabi/12.2.1/thumb/v7e-m+fp/softfp\libc_nano.a(libc_a-lock.o)
                0x200101c5                __lock___malloc_recursive_mutex
 .bss.__lock___sfp_recursive_mutex
                0x200101c6        0x1 d:/simplicitystudio-5/developer/toolchains/gnu_arm/12.2.rel1_2023.7/bin/../lib/gcc/arm-none-eabi/12.2.1/thumb/v7e-m+fp/softfp\libc_nano.a(libc_a-lock.o)
                0x200101c6                __lock___sfp_recursive_mutex
 *(COMMON)
                0x200101c8                . = ALIGN (0x4)
 *fill*         0x200101c7        0x1 
                0x200101c8                __bss_end__ = .
                0x200101c8                __ramfuncs_start__ = .
                0x200101c8                __vma_ramfuncs_start__ = .
                0x000102d0                __lma_ramfuncs_start__ = (__etext + SIZEOF (.data))
                0x00000000                __text_application_ram_offset__ = (. - __vma_ramfuncs_start__)

text_application_ram
                0x200101c8        0x0 load address 0x000102d0
                0x200101c8                . = ALIGN (0x4)
                0x200101c8                __text_application_ram_start__ = .
 *(text_application_ram)
                0x200101c8                . = ALIGN (0x4)
                0x200101c8                __text_application_ram_end__ = .
                0x200101c8                . = ALIGN (0x4)
                0x200101c8                __vma_ramfuncs_end__ = .
                0x000102d0                __lma_ramfuncs_end__ = ((__lma_ramfuncs_start__ + __text_application_ram_offset__) + SIZEOF (text_application_ram))
                0x200101c8                __ramfuncs_end__ = .

.heap           0x200101c8      0x800
                0x200101c8                __HeapBase = .
                0x200101c8                __end__ = .
                0x200101c8                end = __end__
                0x200101c8                _end = __end__
 *(.heap*)
 .heap          0x200101c8      0x800 ./gecko_sdk_4.4.6/platform/common/toolchain/src/sl_memory.o
                0x2007d000                __HeapLimit = (ORIGIN (RAM) + LENGTH (RAM))
                0x0006ce38                __heap_size = (__HeapLimit - __HeapBase)
                0x2007d000                __ram_end__ = 0x2007d000
                0x00180000                __main_flash_end__ = 0x180000

.internal_storage
 *(.internal_storage*)

.nvm
 *(.simee*)
                0x00180000                linker_nvm_end = __main_flash_end__
                0x00180000                linker_nvm_begin = (linker_nvm_end - SIZEOF (.nvm))
                0x00000000                linker_nvm_size = SIZEOF (.nvm)
                0x00180000                linker_storage_end = linker_nvm_begin
                0x00180000                __nvm3Base = linker_nvm_begin
                0x00180000                linker_storage_begin = (linker_storage_end - SIZEOF (.internal_storage))
                0x00000000                linker_storage_size = SIZEOF (.internal_storage)
                0x00000001                ASSERT ((linker_storage_begin >= (__etext + SIZEOF (.data))), FLASH memory overflowed !)
OUTPUT(silmotion_xG12.axf elf32-littlearm)
LOAD linker stubs

.ARM.attributes
                0x00000000       0x2e
 .ARM.attributes
                0x00000000       0x22 d:/simplicitystudio-5/developer/toolchains/gnu_arm/12.2.rel1_2023.7/bin/../lib/gcc/arm-none-eabi/12.2.1/thumb/v7e-m+fp/softfp/crti.o
 .ARM.attributes
                0x00000022       0x32 d:/simplicitystudio-5/developer/toolchains/gnu_arm/12.2.rel1_2023.7/bin/../lib/gcc/arm-none-eabi/12.2.1/thumb/v7e-m+fp/softfp/crtbegin.o
 .ARM.attributes
                0x00000054       0x20 d:/simplicitystudio-5/developer/toolchains/gnu_arm/12.2.rel1_2023.7/bin/../lib/gcc/arm-none-eabi/12.2.1/thumb/v7e-m+fp/softfp/crt0.o
 .ARM.attributes
                0x00000074       0x32 ./app.o
 .ARM.attributes
                0x000000a6       0x32 ./frame1.o
 .ARM.attributes
                0x000000d8       0x32 ./frame2.o
 .ARM.attributes
                0x0000010a       0x32 ./main.o
 .ARM.attributes
                0x0000013c       0x32 ./nv_optical_flow.o
 .ARM.attributes
                0x0000016e       0x32 ./nv_usart.o
 .ARM.attributes
                0x000001a0       0x32 ./autogen/sl_board_default_init.o
 .ARM.attributes
                0x000001d2       0x32 ./autogen/sl_device_init_clocks.o
 .ARM.attributes
                0x00000204       0x32 ./autogen/sl_event_handler.o
 .ARM.attributes
                0x00000236       0x32 ./gecko_sdk_4.4.6/hardware/board/src/sl_board_control_gpio.o
 .ARM.attributes
                0x00000268       0x32 ./gecko_sdk_4.4.6/hardware/board/src/sl_board_init.o
 .ARM.attributes
                0x0000029a       0x32 ./gecko_sdk_4.4.6/hardware/driver/configuration_over_swo/src/sl_cos.o
 .ARM.attributes
                0x000002cc       0x32 ./gecko_sdk_4.4.6/hardware/driver/mx25_flash_shutdown/src/sl_mx25_flash_shutdown_usart/sl_mx25_flash_shutdown.o
 .ARM.attributes
                0x000002fe       0x32 ./gecko_sdk_4.4.6/platform/Device/SiliconLabs/EFR32MG12P/Source/startup_efr32mg12p.o
 .ARM.attributes
                0x00000330       0x32 ./gecko_sdk_4.4.6/platform/Device/SiliconLabs/EFR32MG12P/Source/system_efr32mg12p.o
 .ARM.attributes
                0x00000362       0x32 ./gecko_sdk_4.4.6/platform/common/src/sl_assert.o
 .ARM.attributes
                0x00000394       0x32 ./gecko_sdk_4.4.6/platform/common/src/sl_syscalls.o
 .ARM.attributes
                0x000003c6       0x32 ./gecko_sdk_4.4.6/platform/common/toolchain/src/sl_memory.o
 .ARM.attributes
                0x000003f8       0x32 ./gecko_sdk_4.4.6/platform/driver/debug/src/sl_debug_swo.o
 .ARM.attributes
                0x0000042a       0x32 ./gecko_sdk_4.4.6/platform/emlib/src/em_cmu.o
 .ARM.attributes
                0x0000045c       0x32 ./gecko_sdk_4.4.6/platform/emlib/src/em_core.o
 .ARM.attributes
                0x0000048e       0x32 ./gecko_sdk_4.4.6/platform/emlib/src/em_emu.o
 .ARM.attributes
                0x000004c0       0x32 ./gecko_sdk_4.4.6/platform/emlib/src/em_gpio.o
 .ARM.attributes
                0x000004f2       0x32 ./gecko_sdk_4.4.6/platform/emlib/src/em_rtcc.o
 .ARM.attributes
                0x00000524       0x32 ./gecko_sdk_4.4.6/platform/emlib/src/em_system.o
 .ARM.attributes
                0x00000556       0x32 ./gecko_sdk_4.4.6/platform/emlib/src/em_usart.o
 .ARM.attributes
                0x00000588       0x32 ./gecko_sdk_4.4.6/platform/service/device_init/src/sl_device_init_dcdc_s1.o
 .ARM.attributes
                0x000005ba       0x32 ./gecko_sdk_4.4.6/platform/service/device_init/src/sl_device_init_emu_s1.o
 .ARM.attributes
                0x000005ec       0x32 ./gecko_sdk_4.4.6/platform/service/device_init/src/sl_device_init_hfxo_s1.o
 .ARM.attributes
                0x0000061e       0x32 ./gecko_sdk_4.4.6/platform/service/device_init/src/sl_device_init_lfxo_s1.o
 .ARM.attributes
                0x00000650       0x32 ./gecko_sdk_4.4.6/platform/service/device_init/src/sl_device_init_nvic.o
 .ARM.attributes
                0x00000682       0x32 ./gecko_sdk_4.4.6/platform/service/sleeptimer/src/sl_sleeptimer.o
 .ARM.attributes
                0x000006b4       0x32 ./gecko_sdk_4.4.6/platform/service/sleeptimer/src/sl_sleeptimer_hal_rtcc.o
 .ARM.attributes
                0x000006e6       0x32 ./gecko_sdk_4.4.6/platform/service/system/src/sl_system_init.o
 .ARM.attributes
                0x00000718       0x32 ./gecko_sdk_4.4.6/platform/service/system/src/sl_system_process_action.o
 .ARM.attributes
                0x0000074a       0x32 ./gecko_sdk_4.4.6/platform/service/udelay/src/sl_udelay.o
 .ARM.attributes
                0x0000077c       0x20 ./gecko_sdk_4.4.6/platform/service/udelay/src/sl_udelay_armv6m_gcc.o
 .ARM.attributes
                0x0000079c       0x22 d:/simplicitystudio-5/developer/toolchains/gnu_arm/12.2.rel1_2023.7/bin/../lib/gcc/arm-none-eabi/12.2.1/thumb/v7e-m+fp/softfp\libgcc.a(_arm_addsubdf3.o)
 .ARM.attributes
                0x000007be       0x22 d:/simplicitystudio-5/developer/toolchains/gnu_arm/12.2.rel1_2023.7/bin/../lib/gcc/arm-none-eabi/12.2.1/thumb/v7e-m+fp/softfp\libgcc.a(_arm_truncdfsf2.o)
 .ARM.attributes