Archive member included to satisfy reference by file (symbol)

d:/simplicitystudio-5/developer/toolchains/gnu_arm/12.2.rel1_2023.7/bin/../lib/gcc/arm-none-eabi/12.2.1/thumb/v7e-m+fp/softfp\libgcc.a(_arm_addsubdf3.o)
                              ./nv_optical_flow.o (__aeabi_f2d)
d:/simplicitystudio-5/developer/toolchains/gnu_arm/12.2.rel1_2023.7/bin/../lib/gcc/arm-none-eabi/12.2.1/thumb/v7e-m+fp/softfp\libgcc.a(_arm_cmpdf2.o)
                              ./nv_optical_flow.o (__aeabi_dcmplt)
d:/simplicitystudio-5/developer/toolchains/gnu_arm/12.2.rel1_2023.7/bin/../lib/gcc/arm-none-eabi/12.2.1/thumb/v7e-m+fp/softfp\libgcc.a(_aeabi_ldivmod.o)
                              ./gecko_sdk_4.4.6/platform/emlib/src/em_usart.o (__aeabi_ldivmod)
d:/simplicitystudio-5/developer/toolchains/gnu_arm/12.2.rel1_2023.7/bin/../lib/gcc/arm-none-eabi/12.2.1/thumb/v7e-m+fp/softfp\libgcc.a(_aeabi_uldivmod.o)
                              ./gecko_sdk_4.4.6/platform/emlib/src/em_usart.o (__aeabi_uldivmod)
d:/simplicitystudio-5/developer/toolchains/gnu_arm/12.2.rel1_2023.7/bin/../lib/gcc/arm-none-eabi/12.2.1/thumb/v7e-m+fp/softfp\libgcc.a(_udivmoddi4.o)
                              d:/simplicitystudio-5/developer/toolchains/gnu_arm/12.2.rel1_2023.7/bin/../lib/gcc/arm-none-eabi/12.2.1/thumb/v7e-m+fp/softfp\libgcc.a(_aeabi_ldivmod.o) (__udivmoddi4)
d:/simplicitystudio-5/developer/toolchains/gnu_arm/12.2.rel1_2023.7/bin/../lib/gcc/arm-none-eabi/12.2.1/thumb/v7e-m+fp/softfp\libgcc.a(_dvmd_tls.o)
                              d:/simplicitystudio-5/developer/toolchains/gnu_arm/12.2.rel1_2023.7/bin/../lib/gcc/arm-none-eabi/12.2.1/thumb/v7e-m+fp/softfp\libgcc.a(_aeabi_ldivmod.o) (__aeabi_ldiv0)
d:/simplicitystudio-5/developer/toolchains/gnu_arm/12.2.rel1_2023.7/bin/../lib/gcc/arm-none-eabi/12.2.1/thumb/v7e-m+fp/softfp\libc_nano.a(libc_a-abs.o)
                              ./nv_optical_flow.o (abs)
d:/simplicitystudio-5/developer/toolchains/gnu_arm/12.2.rel1_2023.7/bin/../lib/gcc/arm-none-eabi/12.2.1/thumb/v7e-m+fp/softfp\libc_nano.a(libc_a-exit.o)
                              d:/simplicitystudio-5/developer/toolchains/gnu_arm/12.2.rel1_2023.7/bin/../lib/gcc/arm-none-eabi/12.2.1/thumb/v7e-m+fp/softfp/crt0.o (exit)
d:/simplicitystudio-5/developer/toolchains/gnu_arm/12.2.rel1_2023.7/bin/../lib/gcc/arm-none-eabi/12.2.1/thumb/v7e-m+fp/softfp\libc_nano.a(libc_a-malloc.o)
                              ./nv_optical_flow.o (malloc)
d:/simplicitystudio-5/developer/toolchains/gnu_arm/12.2.rel1_2023.7/bin/../lib/gcc/arm-none-eabi/12.2.1/thumb/v7e-m+fp/softfp\libc_nano.a(libc_a-mallocr.o)
                              d:/simplicitystudio-5/developer/toolchains/gnu_arm/12.2.rel1_2023.7/bin/../lib/gcc/arm-none-eabi/12.2.1/thumb/v7e-m+fp/softfp\libc_nano.a(libc_a-malloc.o) (_malloc_r)
d:/simplicitystudio-5/developer/toolchains/gnu_arm/12.2.rel1_2023.7/bin/../lib/gcc/arm-none-eabi/12.2.1/thumb/v7e-m+fp/softfp\libc_nano.a(libc_a-mlock.o)
                              d:/simplicitystudio-5/developer/toolchains/gnu_arm/12.2.rel1_2023.7/bin/../lib/gcc/arm-none-eabi/12.2.1/thumb/v7e-m+fp/softfp\libc_nano.a(libc_a-mallocr.o) (__malloc_lock)
d:/simplicitystudio-5/developer/toolchains/gnu_arm/12.2.rel1_2023.7/bin/../lib/gcc/arm-none-eabi/12.2.1/thumb/v7e-m+fp/softfp\libc_nano.a(libc_a-findfp.o)
                              d:/simplicitystudio-5/developer/toolchains/gnu_arm/12.2.rel1_2023.7/bin/../lib/gcc/arm-none-eabi/12.2.1/thumb/v7e-m+fp/softfp\libc_nano.a(libc_a-exit.o) (__stdio_exit_handler)
d:/simplicitystudio-5/developer/toolchains/gnu_arm/12.2.rel1_2023.7/bin/../lib/gcc/arm-none-eabi/12.2.1/thumb/v7e-m+fp/softfp\libc_nano.a(libc_a-fwalk.o)
                              d:/simplicitystudio-5/developer/toolchains/gnu_arm/12.2.rel1_2023.7/bin/../lib/gcc/arm-none-eabi/12.2.1/thumb/v7e-m+fp/softfp\libc_nano.a(libc_a-findfp.o) (_fwalk_sglue)
d:/simplicitystudio-5/developer/toolchains/gnu_arm/12.2.rel1_2023.7/bin/../lib/gcc/arm-none-eabi/12.2.1/thumb/v7e-m+fp/softfp\libc_nano.a(libc_a-stdio.o)
                              d:/simplicitystudio-5/developer/toolchains/gnu_arm/12.2.rel1_2023.7/bin/../lib/gcc/arm-none-eabi/12.2.1/thumb/v7e-m+fp/softfp\libc_nano.a(libc_a-findfp.o) (__sread)
d:/simplicitystudio-5/developer/toolchains/gnu_arm/12.2.rel1_2023.7/bin/../lib/gcc/arm-none-eabi/12.2.1/thumb/v7e-m+fp/softfp\libc_nano.a(libc_a-memset.o)
                              d:/simplicitystudio-5/developer/toolchains/gnu_arm/12.2.rel1_2023.7/bin/../lib/gcc/arm-none-eabi/12.2.1/thumb/v7e-m+fp/softfp/crt0.o (memset)
d:/simplicitystudio-5/developer/toolchains/gnu_arm/12.2.rel1_2023.7/bin/../lib/gcc/arm-none-eabi/12.2.1/thumb/v7e-m+fp/softfp\libc_nano.a(libc_a-closer.o)
                              d:/simplicitystudio-5/developer/toolchains/gnu_arm/12.2.rel1_2023.7/bin/../lib/gcc/arm-none-eabi/12.2.1/thumb/v7e-m+fp/softfp\libc_nano.a(libc_a-stdio.o) (_close_r)
[...]
Memory Configuration

Name             Origin             Length             Attributes
FLASH            0x00000000         0x00100000         xr
RAM              0x20000000         0x00040000         xrw
*default*        0x00000000         0xffffffff

Linker script and memory map

LOAD d:/simplicitystudio-5/developer/toolchains/gnu_arm/12.2.rel1_2023.7/bin/../lib/gcc/arm-none-eabi/12.2.1/thumb/v7e-m+fp/softfp/crti.o
LOAD d:/simplicitystudio-5/developer/toolchains/gnu_arm/12.2.rel1_2023.7/bin/../lib/gcc/arm-none-eabi/12.2.1/thumb/v7e-m+fp/softfp/crtbegin.o
LOAD d:/simplicitystudio-5/developer/toolchains/gnu_arm/12.2.rel1_2023.7/bin/../lib/gcc/arm-none-eabi/12.2.1/thumb/v7e-m+fp/softfp/crt0.o
START GROUP
LOAD ./app.o
LOAD ./main.o
LOAD ./nv_optical_flow.o
LOAD ./nv_usart.o
LOAD ./autogen/sl_board_default_init.o
LOAD ./autogen/sl_device_init_clocks.o
LOAD ./autogen/sl_event_handler.o
LOAD ./gecko_sdk_4.4.6/hardware/board/src/sl_board_control_gpio.o
LOAD ./gecko_sdk_4.4.6/hardware/board/src/sl_board_init.o
LOAD ./gecko_sdk_4.4.6/hardware/driver/configuration_over_swo/src/sl_cos.o
LOAD ./gecko_sdk_4.4.6/hardware/driver/mx25_flash_shutdown/src/sl_mx25_flash_shutdown_usart/sl_mx25_flash_shutdown.o
LOAD ./gecko_sdk_4.4.6/platform/Device/SiliconLabs/EFR32MG12P/Source/startup_efr32mg12p.o
LOAD ./gecko_sdk_4.4.6/platform/Device/SiliconLabs/EFR32MG12P/Source/system_efr32mg12p.o
LOAD ./gecko_sdk_4.4.6/platform/common/src/sl_assert.o
LOAD ./gecko_sdk_4.4.6/platform/common/src/sl_syscalls.o
LOAD ./gecko_sdk_4.4.6/platform/common/toolchain/src/sl_memory.o
LOAD ./gecko_sdk_4.4.6/platform/driver/debug/src/sl_debug_swo.o
LOAD ./gecko_sdk_4.4.6/platform/emlib/src/em_cmu.o
LOAD ./gecko_sdk_4.4.6/platform/emlib/src/em_core.o
LOAD ./gecko_sdk_4.4.6/platform/emlib/src/em_emu.o
LOAD ./gecko_sdk_4.4.6/platform/emlib/src/em_gpio.o
LOAD ./gecko_sdk_4.4.6/platform/emlib/src/em_msc.o
LOAD ./gecko_sdk_4.4.6/platform/emlib/src/em_rtcc.o
LOAD ./gecko_sdk_4.4.6/platform/emlib/src/em_system.o
LOAD ./gecko_sdk_4.4.6/platform/emlib/src/em_timer.o
LOAD ./gecko_sdk_4.4.6/platform/emlib/src/em_usart.o
LOAD ./gecko_sdk_4.4.6/platform/service/device_init/src/sl_device_init_dcdc_s1.o
LOAD ./gecko_sdk_4.4.6/platform/service/device_init/src/sl_device_init_emu_s1.o
LOAD ./gecko_sdk_4.4.6/platform/service/device_init/src/sl_device_init_hfxo_s1.o
LOAD ./gecko_sdk_4.4.6/platform/service/device_init/src/sl_device_init_lfxo_s1.o
LOAD ./gecko_sdk_4.4.6/platform/service/device_init/src/sl_device_init_nvic.o
LOAD ./gecko_sdk_4.4.6/platform/service/sleeptimer/src/sl_sleeptimer.o
LOAD ./gecko_sdk_4.4.6/platform/service/sleeptimer/src/sl_sleeptimer_hal_rtcc.o
LOAD ./gecko_sdk_4.4.6/platform/service/sleeptimer/src/sl_sleeptimer_hal_timer.o
LOAD ./gecko_sdk_4.4.6/platform/service/system/src/sl_system_init.o
LOAD ./gecko_sdk_4.4.6/platform/service/system/src/sl_system_process_action.o
LOAD ./gecko_sdk_4.4.6/platform/service/udelay/src/sl_udelay.o
LOAD ./gecko_sdk_4.4.6/platform/service/udelay/src/sl_udelay_armv6m_gcc.o
LOAD d:/simplicitystudio-5/developer/toolchains/gnu_arm/12.2.rel1_2023.7/bin/../lib/gcc/arm-none-eabi/12.2.1/thumb/v7e-m+fp/softfp\libgcc.a
LOAD d:/simplicitystudio-5/developer/toolchains/gnu_arm/12.2.rel1_2023.7/bin/../lib/gcc/arm-none-eabi/12.2.1/thumb/v7e-m+fp/softfp\libc_nano.a
LOAD d:/simplicitystudio-5/developer/toolchains/gnu_arm/12.2.rel1_2023.7/bin/../lib/gcc/arm-none-eabi/12.2.1/thumb/v7e-m+fp/softfp\libm.a
LOAD d:/simplicitystudio-5/developer/toolchains/gnu_arm/12.2.rel1_2023.7/bin/../lib/gcc/arm-none-eabi/12.2.1/thumb/v7e-m+fp/softfp\libnosys.a
END GROUP
START GROUP
LOAD d:/simplicitystudio-5/developer/toolchains/gnu_arm/12.2.rel1_2023.7/bin/../lib/gcc/arm-none-eabi/12.2.1/thumb/v7e-m+fp/softfp\libgcc.a
LOAD d:/simplicitystudio-5/developer/toolchains/gnu_arm/12.2.rel1_2023.7/bin/../lib/gcc/arm-none-eabi/12.2.1/thumb/v7e-m+fp/softfp\libc_nano.a
LOAD d:/simplicitystudio-5/developer/toolchains/gnu_arm/12.2.rel1_2023.7/bin/../lib/gcc/arm-none-eabi/12.2.1/thumb/v7e-m+fp/softfp\libnosys.a
END GROUP
START GROUP
LOAD d:/simplicitystudio-5/developer/toolchains/gnu_arm/12.2.rel1_2023.7/bin/../lib/gcc/arm-none-eabi/12.2.1/thumb/v7e-m+fp/softfp\libgcc.a
LOAD d:/simplicitystudio-5/developer/toolchains/gnu_arm/12.2.rel1_2023.7/bin/../lib/gcc/arm-none-eabi/12.2.1/thumb/v7e-m+fp/softfp\libg_nano.a
LOAD d:/simplicitystudio-5/developer/toolchains/gnu_arm/12.2.rel1_2023.7/bin/../lib/gcc/arm-none-eabi/12.2.1/thumb/v7e-m+fp/softfp\libc_nano.a
END GROUP
START GROUP
LOAD d:/simplicitystudio-5/developer/toolchains/gnu_arm/12.2.rel1_2023.7/bin/../lib/gcc/arm-none-eabi/12.2.1/thumb/v7e-m+fp/softfp\libgcc.a
LOAD d:/simplicitystudio-5/developer/toolchains/gnu_arm/12.2.rel1_2023.7/bin/../lib/gcc/arm-none-eabi/12.2.1/thumb/v7e-m+fp/softfp\libc_nano.a
END GROUP
LOAD d:/simplicitystudio-5/developer/toolchains/gnu_arm/12.2.rel1_2023.7/bin/../lib/gcc/arm-none-eabi/12.2.1/thumb/v7e-m+fp/softfp/crtend.o
LOAD d:/simplicitystudio-5/developer/toolchains/gnu_arm/12.2.rel1_2023.7/bin/../lib/gcc/arm-none-eabi/12.2.1/thumb/v7e-m+fp/softfp/crtn.o

.text           0x00000000     0x2c04
                0x00000000                linker_vectors_begin = .
 *(.vectors)
 .vectors       0x00000000      0x10c ./gecko_sdk_4.4.6/platform/Device/SiliconLabs/EFR32MG12P/Source/startup_efr32mg12p.o
                0x00000000                __Vectors
                0x0000010c                linker_vectors_end = .
                0x0000010c                __Vectors_End = .
                0x0000010c                __Vectors_Size = (__Vectors_End - __Vectors)
                0x0000010c                linker_code_begin = .
 *(SORT_BY_ALIGNMENT(.text*))
 *fill*         0x0000010c        0x4 
 .text          0x00000110        0x8 ./gecko_sdk_4.4.6/platform/service/udelay/src/sl_udelay_armv6m_gcc.o
                0x00000110                sli_delay_loop
 .text.deregister_tm_clones
                0x00000118       0x1c d:/simplicitystudio-5/developer/toolchains/gnu_arm/12.2.rel1_2023.7/bin/../lib/gcc/arm-none-eabi/12.2.1/thumb/v7e-m+fp/softfp/crtbegin.o
 .text.register_tm_clones
                0x00000134       0x24 d:/simplicitystudio-5/developer/toolchains/gnu_arm/12.2.rel1_2023.7/bin/../lib/gcc/arm-none-eabi/12.2.1/thumb/v7e-m+fp/softfp/crtbegin.o
 .text.__do_global_dtors_aux
                0x00000158       0x28 d:/simplicitystudio-5/developer/toolchains/gnu_arm/12.2.rel1_2023.7/bin/../lib/gcc/arm-none-eabi/12.2.1/thumb/v7e-m+fp/softfp/crtbegin.o
 .text.frame_dummy
                0x00000180       0x24 d:/simplicitystudio-5/developer/toolchains/gnu_arm/12.2.rel1_2023.7/bin/../lib/gcc/arm-none-eabi/12.2.1/thumb/v7e-m+fp/softfp/crtbegin.o
 .text          0x000001a4       0x7c d:/simplicitystudio-5/developer/toolchains/gnu_arm/12.2.rel1_2023.7/bin/../lib/gcc/arm-none-eabi/12.2.1/thumb/v7e-m+fp/softfp/crt0.o
                0x000001a4                _stack_init
                0x000001ac                _start
                0x000001ac                _mainCRTStartup
 .text.app_process_action
                0x00000220       0x20 ./app.o
                0x00000220                app_process_action
 .text.usart_init
                0x00000240       0x94 ./nv_usart.o
                0x00000240                usart_init
 .text.usart_send
                0x000002d4       0x14 ./nv_usart.o
                0x000002d4                usart_send
 .text.USART2_RX_IRQHandler
                0x000002e8       0x18 ./nv_usart.o
                0x000002e8                USART2_RX_IRQHandler
 .text.USART2_TX_IRQHandler
                0x00000300       0x20 ./nv_usart.o
                0x00000300                USART2_TX_IRQHandler
 .text.sl_device_init_clocks
                0x00000320       0x48 ./autogen/sl_device_init_clocks.o
                0x00000320                sl_device_init_clocks
 .text.sl_platform_init
                0x00000368       0x94 ./autogen/sl_event_handler.o
                0x00000368                sl_platform_init
 .text.sl_board_init
                0x000003fc       0x1c ./gecko_sdk_4.4.6/hardware/board/src/sl_board_init.o
                0x000003fc                sl_board_init
 .text.sl_board_preinit
                0x00000418        0xc ./gecko_sdk_4.4.6/hardware/board/src/sl_board_init.o
                0x00000418                sl_board_preinit
 .text.cs_high  0x00000424        0xc ./gecko_sdk_4.4.6/hardware/driver/mx25_flash_shutdown/src/sl_mx25_flash_shutdown_usart/sl_mx25_flash_shutdown.o
 .text.cs_low   0x00000430        0xc ./gecko_sdk_4.4.6/hardware/driver/mx25_flash_shutdown/src/sl_mx25_flash_shutdown_usart/sl_mx25_flash_shutdown.o
 .text.sl_mx25_flash_shutdown
                0x0000043c       0xfc ./gecko_sdk_4.4.6/hardware/driver/mx25_flash_shutdown/src/sl_mx25_flash_shutdown_usart/sl_mx25_flash_shutdown.o
                0x0000043c                sl_mx25_flash_shutdown
 .text.Reset_Handler
                0x00000538       0x60 ./gecko_sdk_4.4.6/platform/Device/SiliconLabs/EFR32MG12P/Source/startup_efr32mg12p.o
                0x00000538                Reset_Handler
 .text.SystemMaxCoreClockGet
                0x00000598        0x8 ./gecko_sdk_4.4.6/platform/Device/SiliconLabs/EFR32MG12P/Source/system_efr32mg12p.o
                0x00000598                SystemMaxCoreClockGet
 .text.SystemHFClockGet
                0x000005a0       0x54 ./gecko_sdk_4.4.6/platform/Device/SiliconLabs/EFR32MG12P/Source/system_efr32mg12p.o
                0x000005a0                SystemHFClockGet
 .text.SystemCoreClockGet
                0x000005f4       0x24 ./gecko_sdk_4.4.6/platform/Device/SiliconLabs/EFR32MG12P/Source/system_efr32mg12p.o
                0x000005f4                SystemCoreClockGet
 .text.SystemHFXOClockGet
                0x00000618        0xc ./gecko_sdk_4.4.6/platform/Device/SiliconLabs/EFR32MG12P/Source/system_efr32mg12p.o
                0x00000618                SystemHFXOClockGet
 .text.SystemHFXOClockSet
                0x00000624       0x20 ./gecko_sdk_4.4.6/platform/Device/SiliconLabs/EFR32MG12P/Source/system_efr32mg12p.o
                0x00000624                SystemHFXOClockSet
 .text.SystemInit
                0x00000644       0x1c ./gecko_sdk_4.4.6/platform/Device/SiliconLabs/EFR32MG12P/Source/system_efr32mg12p.o
                0x00000644                SystemInit
 .text.SystemLFXOClockGet
                0x00000660        0xc ./gecko_sdk_4.4.6/platform/Device/SiliconLabs/EFR32MG12P/Source/system_efr32mg12p.o
                0x00000660                SystemLFXOClockGet
 .text.sl_debug_swo_init
                0x0000066c       0xcc ./gecko_sdk_4.4.6/platform/driver/debug/src/sl_debug_swo.o
                0x0000066c                sl_debug_swo_init
 .text.setHfLeConfig
                0x00000738       0x44 ./gecko_sdk_4.4.6/platform/emlib/src/em_cmu.o
 .text.flashWaitStateControl
                0x0000077c       0x54 ./gecko_sdk_4.4.6/platform/emlib/src/em_cmu.o
 .text.flashWaitStateMax
                0x000007d0       0x24 ./gecko_sdk_4.4.6/platform/emlib/src/em_cmu.o
 .text.EMU_VScaleWait
                0x000007f4       0x1c ./gecko_sdk_4.4.6/platform/emlib/src/em_cmu.o
 .text.EMU_VScaleGet
                0x00000810       0x14 ./gecko_sdk_4.4.6/platform/emlib/src/em_cmu.o
 .text.syncReg  0x00000824       0x18 ./gecko_sdk_4.4.6/platform/emlib/src/em_cmu.o
 .text.CMU_UpdateWaitStates
                0x0000083c       0x20 ./gecko_sdk_4.4.6/platform/emlib/src/em_cmu.o
                0x0000083c                CMU_UpdateWaitStates
 .text.CMU_ClockEnable
                0x0000085c       0x9c ./gecko_sdk_4.4.6/platform/emlib/src/em_cmu.o
                0x0000085c                CMU_ClockEnable
 .text.CMU_ClockPrescGet
                0x000008f8       0xec ./gecko_sdk_4.4.6/platform/emlib/src/em_cmu.o
                0x000008f8                CMU_ClockPrescGet
 .text.CMU_ClockSelectGet
                0x000009e4       0xd8 ./gecko_sdk_4.4.6/platform/emlib/src/em_cmu.o
                0x000009e4                CMU_ClockSelectGet
 .text.lfClkGet
                0x00000abc       0xb8 ./gecko_sdk_4.4.6/platform/emlib/src/em_cmu.o
 .text.CMU_ClockFreqGet
                0x00000b74      0x1d0 ./gecko_sdk_4.4.6/platform/emlib/src/em_cmu.o
                0x00000b74                CMU_ClockFreqGet
 .text.CMU_LFXOPrecisionSet
                0x00000d44        0xc ./gecko_sdk_4.4.6/platform/emlib/src/em_cmu.o
                0x00000d44                CMU_LFXOPrecisionSet
 .text.CMU_HFXOPrecisionSet
                0x00000d50        0xc ./gecko_sdk_4.4.6/platform/emlib/src/em_cmu.o
                0x00000d50                CMU_HFXOPrecisionSet
 .text.CMU_OscillatorTuningSet
                0x00000d5c      0x120 ./gecko_sdk_4.4.6/platform/emlib/src/em_cmu.o
                0x00000d5c                CMU_OscillatorTuningSet
 .text.CMU_OscillatorTuningWait
                0x00000e7c       0x64 ./gecko_sdk_4.4.6/platform/emlib/src/em_cmu.o
                0x00000e7c                CMU_OscillatorTuningWait
 .text.CMU_OscillatorTuningOptimize
                0x00000ee0       0x38 ./gecko_sdk_4.4.6/platform/emlib/src/em_cmu.o
                0x00000ee0                CMU_OscillatorTuningOptimize
 .text.CMU_OscillatorEnable
                0x00000f18      0x120 ./gecko_sdk_4.4.6/platform/emlib/src/em_cmu.o
                0x00000f18                CMU_OscillatorEnable
 .text.sli_em_cmu_HFClockSelectHFXO
                0x00001038       0x60 ./gecko_sdk_4.4.6/platform/emlib/src/em_cmu.o
                0x00001038                sli_em_cmu_HFClockSelectHFXO
 .text.CMU_HFXOInit
                0x00001098       0xa0 ./gecko_sdk_4.4.6/platform/emlib/src/em_cmu.o
                0x00001098                CMU_HFXOInit
 .text.CMU_LFXOInit
                0x00001138       0x58 ./gecko_sdk_4.4.6/platform/emlib/src/em_cmu.o
                0x00001138                CMU_LFXOInit
 .text.EMU_LDOStatusGet
                0x00001190       0x14 ./gecko_sdk_4.4.6/platform/emlib/src/em_emu.o
 .text.lpGetDevinfoVrefLowHigh
                0x000011a4       0x74 ./gecko_sdk_4.4.6/platform/emlib/src/em_emu.o
 .text.EMU_VScaleWait
                0x00001218       0x18 ./gecko_sdk_4.4.6/platform/emlib/src/em_emu.o
 .text.EMU_EM4Init
                0x00001230       0x40 ./gecko_sdk_4.4.6/platform/emlib/src/em_emu.o
                0x00001230                EMU_EM4Init
 .text.EMU_VScaleEM01
                0x00001270       0x98 ./gecko_sdk_4.4.6/platform/emlib/src/em_emu.o
                0x00001270                EMU_VScaleEM01
 .text.EMU_VScaleEM01ByClock
                0x00001308       0x4c ./gecko_sdk_4.4.6/platform/emlib/src/em_emu.o
                0x00001308                EMU_VScaleEM01ByClock
 .text.EMU_DCDCModeSet
                0x00001354       0x98 ./gecko_sdk_4.4.6/platform/emlib/src/em_emu.o
                0x00001354                EMU_DCDCModeSet
 .text.EMU_DCDCOutputVoltageSet
                0x000013ec      0x1f0 ./gecko_sdk_4.4.6/platform/emlib/src/em_emu.o
                0x000013ec                EMU_DCDCOutputVoltageSet
 .text.EMU_DCDCOptimizeSlice
                0x000015dc       0xdc ./gecko_sdk_4.4.6/platform/emlib/src/em_emu.o
                0x000015dc                EMU_DCDCOptimizeSlice
 .text.EMU_DCDCLnRcoBandSet
                0x000016b8       0x44 ./gecko_sdk_4.4.6/platform/emlib/src/em_emu.o
                0x000016b8                EMU_DCDCLnRcoBandSet
 .text.EMU_DCDCInit
                0x000016fc      0x188 ./gecko_sdk_4.4.6/platform/emlib/src/em_emu.o
                0x000016fc                EMU_DCDCInit
 .text.GPIO_PinOutSet
                0x00001884       0x40 ./gecko_sdk_4.4.6/platform/emlib/src/em_gpio.o
 .text.GPIO_PinOutClear
                0x000018c4       0x40 ./gecko_sdk_4.4.6/platform/emlib/src/em_gpio.o
 .text.GPIO_DbgLocationSet
                0x00001904       0x2c ./gecko_sdk_4.4.6/platform/emlib/src/em_gpio.o
                0x00001904                GPIO_DbgLocationSet
 .text.GPIO_PinModeSet
                0x00001930       0x90 ./gecko_sdk_4.4.6/platform/emlib/src/em_gpio.o
                0x00001930                GPIO_PinModeSet
 .text.RTCC_ChannelInit
                0x000019c0       0x58 ./gecko_sdk_4.4.6/platform/emlib/src/em_rtcc.o
                0x000019c0                RTCC_ChannelInit
 .text.RTCC_Enable
                0x00001a18        0xc ./gecko_sdk_4.4.6/platform/emlib/src/em_rtcc.o
                0x00001a18                RTCC_Enable
 .text.RTCC_Init
                0x00001a24       0x3c ./gecko_sdk_4.4.6/platform/emlib/src/em_rtcc.o
                0x00001a24                RTCC_Init
 .text.SYSTEM_GetProdRev
                0x00001a60       0x10 ./gecko_sdk_4.4.6/platform/emlib/src/em_system.o
                0x00001a60                SYSTEM_GetProdRev
 .text.USART_BaudrateAsyncSet
                0x00001a70       0xe4 ./gecko_sdk_4.4.6/platform/emlib/src/em_usart.o
                0x00001a70                USART_BaudrateAsyncSet
 .text.USART_BaudrateSyncSet
                0x00001b54       0x4c ./gecko_sdk_4.4.6/platform/emlib/src/em_usart.o
                0x00001b54                USART_BaudrateSyncSet
 .text.USART_Reset
                0x00001ba0       0x8c ./gecko_sdk_4.4.6/platform/emlib/src/em_usart.o
                0x00001ba0                USART_Reset
 .text.USART_InitAsync
                0x00001c2c       0xb0 ./gecko_sdk_4.4.6/platform/emlib/src/em_usart.o
                0x00001c2c                USART_InitAsync
 .text.USART_InitSync
                0x00001cdc       0xb0 ./gecko_sdk_4.4.6/platform/emlib/src/em_usart.o
                0x00001cdc                USART_InitSync
 .text.sl_device_init_dcdc
                0x00001d8c       0x2c ./gecko_sdk_4.4.6/platform/service/device_init/src/sl_device_init_dcdc_s1.o
                0x00001d8c                sl_device_init_dcdc
 .text.sl_device_init_hfxo
                0x00001db8       0x74 ./gecko_sdk_4.4.6/platform/service/device_init/src/sl_device_init_hfxo_s1.o
                0x00001db8                sl_device_init_hfxo
 .text.sl_device_init_lfxo
                0x00001e2c       0x28 ./gecko_sdk_4.4.6/platform/service/device_init/src/sl_device_init_lfxo_s1.o
                0x00001e2c                sl_device_init_lfxo
 .text.sl_device_init_nvic
                0x00001e54       0x3c ./gecko_sdk_4.4.6/platform/service/device_init/src/sl_device_init_nvic.o
                0x00001e54                sl_device_init_nvic
 .text.delta_list_insert_timer
                0x00001e90       0x40 ./gecko_sdk_4.4.6/platform/service/sleeptimer/src/sl_sleeptimer.o
 .text.update_delta_list
                0x00001ed0       0x34 ./gecko_sdk_4.4.6/platform/service/sleeptimer/src/sl_sleeptimer.o
 .text.set_comparator_for_next_timer
                0x00001f04       0x5c ./gecko_sdk_4.4.6/platform/service/sleeptimer/src/sl_sleeptimer.o
 .text.create_timer
                0x00001f60       0x88 ./gecko_sdk_4.4.6/platform/service/sleeptimer/src/sl_sleeptimer.o
 .text.delta_list_remove_timer
                0x00001fe8       0x38 ./gecko_sdk_4.4.6/platform/service/sleeptimer/src/sl_sleeptimer.o
 .text.sl_sleeptimer_init
                0x00002020       0x74 ./gecko_sdk_4.4.6/platform/service/sleeptimer/src/sl_sleeptimer.o
                0x00002020                sl_sleeptimer_init
 .text.sl_sleeptimer_is_timer_running
                0x00002094       0x3c ./gecko_sdk_4.4.6/platform/service/sleeptimer/src/sl_sleeptimer.o
                0x00002094                sl_sleeptimer_is_timer_running
 .text.sl_sleeptimer_ms_to_tick
                0x000020d0       0x24 ./gecko_sdk_4.4.6/platform/service/sleeptimer/src/sl_sleeptimer.o
                0x000020d0                sl_sleeptimer_ms_to_tick
 .text.sl_sleeptimer_delay_millisecond
                0x000020f4       0x38 ./gecko_sdk_4.4.6/platform/service/sleeptimer/src/sl_sleeptimer.o
                0x000020f4                sl_sleeptimer_delay_millisecond
 .text.process_timer_irq
                0x0000212c      0x154 ./gecko_sdk_4.4.6/platform/service/sleeptimer/src/sl_sleeptimer.o
                0x0000212c                process_timer_irq
 .text.sleeptimer_hal_init_timer
                0x00002280       0x8c ./gecko_sdk_4.4.6/platform/service/sleeptimer/src/sl_sleeptimer_hal_rtcc.o
                0x00002280                sleeptimer_hal_init_timer
 .text.sleeptimer_hal_get_counter
                0x0000230c        0xc ./gecko_sdk_4.4.6/platform/service/sleeptimer/src/sl_sleeptimer_hal_rtcc.o
                0x0000230c                sleeptimer_hal_get_counter
 .text.sleeptimer_hal_set_compare
                0x00002318       0x5c ./gecko_sdk_4.4.6/platform/service/sleeptimer/src/sl_sleeptimer_hal_rtcc.o
                0x00002318                sleeptimer_hal_set_compare
 .text.sleeptimer_hal_enable_int
                0x00002374       0x1c ./gecko_sdk_4.4.6/platform/service/sleeptimer/src/sl_sleeptimer_hal_rtcc.o
                0x00002374                sleeptimer_hal_enable_int
 .text.sleeptimer_hal_disable_int
                0x00002390       0x30 ./gecko_sdk_4.4.6/platform/service/sleeptimer/src/sl_sleeptimer_hal_rtcc.o
                0x00002390                sleeptimer_hal_disable_int
 .text.sleeptimer_hal_set_int
                0x000023c0       0x10 ./gecko_sdk_4.4.6/platform/service/sleeptimer/src/sl_sleeptimer_hal_rtcc.o
                0x000023c0                sleeptimer_hal_set_int
 .text.RTCC_IRQHandler
                0x000023d0       0x30 ./gecko_sdk_4.4.6/platform/service/sleeptimer/src/sl_sleeptimer_hal_rtcc.o
                0x000023d0                RTCC_IRQHandler
 .text.sleeptimer_hal_get_timer_frequency
                0x00002400       0x18 ./gecko_sdk_4.4.6/platform/service/sleeptimer/src/sl_sleeptimer_hal_rtcc.o
                0x00002400                sleeptimer_hal_get_timer_frequency
 .text.sl_udelay_wait
                0x00002418       0x54 ./gecko_sdk_4.4.6/platform/service/udelay/src/sl_udelay.o
                0x00002418                sl_udelay_wait
 .text          0x0000246c       0x30 d:/simplicitystudio-5/developer/toolchains/gnu_arm/12.2.rel1_2023.7/bin/../lib/gcc/arm-none-eabi/12.2.1/thumb/v7e-m+fp/softfp\libgcc.a(_aeabi_uldivmod.o)
                0x0000246c                __aeabi_uldivmod
 .text.__udivmoddi4
                0x0000249c      0x2bc d:/simplicitystudio-5/developer/toolchains/gnu_arm/12.2.rel1_2023.7/bin/../lib/gcc/arm-none-eabi/12.2.1/thumb/v7e-m+fp/softfp\libgcc.a(_udivmoddi4.o)
                0x0000249c                __udivmoddi4
 .text          0x00002758        0x4 d:/simplicitystudio-5/developer/toolchains/gnu_arm/12.2.rel1_2023.7/bin/../lib/gcc/arm-none-eabi/12.2.1/thumb/v7e-m+fp/softfp\libgcc.a(_dvmd_tls.o)
                0x00002758                __aeabi_idiv0
                0x00002758                __aeabi_ldiv0
 .text.exit     0x0000275c       0x24 d:/simplicitystudio-5/developer/toolchains/gnu_arm/12.2.rel1_2023.7/bin/../lib/gcc/arm-none-eabi/12.2.1/thumb/v7e-m+fp/softfp\libc_nano.a(libc_a-exit.o)
                0x0000275c                exit
 .text.__libc_init_array
                0x00002780       0x48 d:/simplicitystudio-5/developer/toolchains/gnu_arm/12.2.rel1_2023.7/bin/../lib/gcc/arm-none-eabi/12.2.1/thumb/v7e-m+fp/softfp\libc_nano.a(libc_a-init.o)
                0x00002780                __libc_init_array
 .text.app_init
                0x000027c8        0x4 ./app.o
                0x000027c8                app_init
 .text.startup.main
                0x000027cc       0x14 ./main.o
                0x000027cc                main
 .text.sl_board_default_init
                0x000027e0        0x4 ./autogen/sl_board_default_init.o
                0x000027e0                sl_board_default_init
 .text.sl_driver_init
                0x000027e4        0xe ./autogen/sl_event_handler.o
                0x000027e4                sl_driver_init
 .text.sl_service_init
                0x000027f2        0xe ./autogen/sl_event_handler.o
                0x000027f2                sl_service_init
 .text.sl_stack_init
                0x00002800        0x2 ./autogen/sl_event_handler.o
                0x00002800                sl_stack_init
 .text.sl_internal_app_init
                0x00002802        0x2 ./autogen/sl_event_handler.o
                0x00002802                sl_internal_app_init
 .text.sl_platform_process_action
                0x00002804        0x2 ./autogen/sl_event_handler.o
                0x00002804                sl_platform_process_action
 .text.sl_service_process_action
                0x00002806        0x2 ./autogen/sl_event_handler.o
                0x00002806                sl_service_process_action
 .text.sl_stack_process_action
                0x00002808        0x2 ./autogen/sl_event_handler.o
                0x00002808                sl_stack_process_action
 .text.sl_internal_app_process_action
                0x0000280a        0x2 ./autogen/sl_event_handler.o
                0x0000280a                sl_internal_app_process_action
 .text.sl_board_configure_vcom
                0x0000280c        0x4 ./gecko_sdk_4.4.6/hardware/board/src/sl_board_control_gpio.o
                0x0000280c                sl_board_configure_vcom
 .text.sl_board_disable_vcom
                0x00002810       0x12 ./gecko_sdk_4.4.6/hardware/board/src/sl_board_control_gpio.o
                0x00002810                sl_board_disable_vcom
 .text.sl_cos_send_config
                0x00002822       0x12 ./gecko_sdk_4.4.6/hardware/driver/configuration_over_swo/src/sl_cos.o
                0x00002822                sl_cos_send_config
 .text.Default_Handler
                0x00002834        0x2 ./gecko_sdk_4.4.6/platform/Device/SiliconLabs/EFR32MG12P/Source/startup_efr32mg12p.o
                0x00002834                DebugMon_Handler
                0x00002834                USART0_TX_IRQHandler
                0x00002834                I2C0_IRQHandler
                0x00002834                HardFault_Handler
                0x00002834                SysTick_Handler
                0x00002834                USART1_RX_IRQHandler
                0x00002834                PendSV_Handler
                0x00002834                NMI_Handler
                0x00002834                SYNTH_IRQHandler
                0x00002834                I2C1_IRQHandler
                0x00002834                WTIMER0_IRQHandler
                0x00002834                CRYPTO0_IRQHandler
                0x00002834                WDOG0_IRQHandler
                0x00002834                USART1_TX_IRQHandler
                0x00002834                SMU_IRQHandler
                0x00002834                MSC_IRQHandler
                0x00002834                ADC0_IRQHandler
                0x00002834                UsageFault_Handler
                0x00002834                WDOG1_IRQHandler
                0x00002834                LEUART0_IRQHandler
                0x00002834                FPUEH_IRQHandler
                0x00002834                WTIMER1_IRQHandler
                0x00002834                GPIO_EVEN_IRQHandler
                0x00002834                VDAC0_IRQHandler
                0x00002834                LDMA_IRQHandler
                0x00002834                CSEN_IRQHandler
                0x00002834                CRYPTO1_IRQHandler
                0x00002834                TIMER0_IRQHandler
                0x00002834                PCNT2_IRQHandler
                0x00002834                LETIMER0_IRQHandler
                0x00002834                TIMER1_IRQHandler
                0x00002834                TRNG0_IRQHandler
                0x00002834                RFSENSE_IRQHandler
                0x00002834                BUFC_IRQHandler
                0x00002834                MODEM_IRQHandler
                0x00002834                Default_Handler
                0x00002834                RAC_SEQ_IRQHandler
                0x00002834                FRC_PRI_IRQHandler
                0x00002834                EMU_IRQHandler
                0x00002834                FRC_IRQHandler
                0x00002834                CRYOTIMER_IRQHandler
                0x00002834                PCNT0_IRQHandler
                0x00002834                AGC_IRQHandler
                0x00002834                sl_app_properties
                0x00002834                PCNT1_IRQHandler
                0x00002834                ACMP0_IRQHandler
                0x00002834                USART0_RX_IRQHandler
                0x00002834                MemManage_Handler
                0x00002834                SVC_Handler
                0x00002834                USART3_RX_IRQHandler
                0x00002834                CMU_IRQHandler
                0x00002834                RAC_RSM_IRQHandler
                0x00002834                GPIO_ODD_IRQHandler
                0x00002834                LESENSE_IRQHandler
                0x00002834                USART3_TX_IRQHandler
                0x00002834                PROTIMER_IRQHandler
                0x00002834                BusFault_Handler
                0x00002834                IDAC0_IRQHandler
 .text.SystemLFRCOClockGet
                0x00002836        0x6 ./gecko_sdk_4.4.6/platform/Device/SiliconLabs/EFR32MG12P/Source/system_efr32mg12p.o
                0x00002836                SystemLFRCOClockGet
 .text.SystemULFRCOClockGet
                0x0000283c        0x6 ./gecko_sdk_4.4.6/platform/Device/SiliconLabs/EFR32MG12P/Source/system_efr32mg12p.o
                0x0000283c                SystemULFRCOClockGet
 .text.assertEFM
                0x00002842        0x2 ./gecko_sdk_4.4.6/platform/common/src/sl_assert.o
                0x00002842                assertEFM
 .text._exit    0x00002844        0x2 ./gecko_sdk_4.4.6/platform/common/src/sl_syscalls.o
                0x00002844                _exit
 .text.sl_debug_swo_enable_itm
                0x00002846       0x16 ./gecko_sdk_4.4.6/platform/driver/debug/src/sl_debug_swo.o
                0x00002846                sl_debug_swo_enable_itm
 .text.sl_debug_swo_disable_itm
                0x0000285c       0x18 ./gecko_sdk_4.4.6/platform/driver/debug/src/sl_debug_swo.o
                0x0000285c                sl_debug_swo_disable_itm
 .text.CMU_ClockDivGet
                0x00002874        0xa ./gecko_sdk_4.4.6/platform/emlib/src/em_cmu.o
                0x00002874                CMU_ClockDivGet
 .text.CORE_EnterCritical
                0x0000287e        0x8 ./gecko_sdk_4.4.6/platform/emlib/src/em_core.o
                0x0000287e                CORE_EnterCritical
 .text.CORE_ExitCritical
                0x00002886        0x6 ./gecko_sdk_4.4.6/platform/emlib/src/em_core.o
                0x00002886                CORE_ExitCritical
 .text.CORE_EnterAtomic
                0x0000288c        0xc ./gecko_sdk_4.4.6/platform/emlib/src/em_core.o
                0x0000288c                CORE_EnterAtomic
 .text.CORE_ExitAtomic
                0x00002898        0x6 ./gecko_sdk_4.4.6/platform/emlib/src/em_core.o
                0x00002898                CORE_ExitAtomic
 .text.BUS_RegMaskedWrite
                0x0000289e       0x1e ./gecko_sdk_4.4.6/platform/emlib/src/em_gpio.o
 .text.USART_SpiTransfer
                0x000028bc       0x14 ./gecko_sdk_4.4.6/platform/emlib/src/em_usart.o
                0x000028bc                USART_SpiTransfer
 .text.sl_device_init_emu
                0x000028d0       0x1c ./gecko_sdk_4.4.6/platform/service/device_init/src/sl_device_init_emu_s1.o
                0x000028d0                sl_device_init_emu
 .text.delay_callback
                0x000028ec        0x6 ./gecko_sdk_4.4.6/platform/service/sleeptimer/src/sl_sleeptimer.o
 .text.sl_sleeptimer_start_timer
                0x000028f2       0x48 ./gecko_sdk_4.4.6/platform/service/sleeptimer/src/sl_sleeptimer.o
                0x000028f2                sl_sleeptimer_start_timer
 .text.CMU_PrescToLog2.constprop.0
                0x0000293a        0x4 ./gecko_sdk_4.4.6/platform/service/sleeptimer/src/sl_sleeptimer_hal_rtcc.o
 .text.sl_system_init
                0x0000293e       0x1a ./gecko_sdk_4.4.6/platform/service/system/src/sl_system_init.o
                0x0000293e                sl_system_init
 .text.sl_system_process_action
                0x00002958       0x16 ./gecko_sdk_4.4.6/platform/service/system/src/sl_system_process_action.o
                0x00002958                sl_system_process_action
 .text.memset   0x0000296e       0x10 d:/simplicitystudio-5/developer/toolchains/gnu_arm/12.2.rel1_2023.7/bin/../lib/gcc/arm-none-eabi/12.2.1/thumb/v7e-m+fp/softfp\libc_nano.a(libc_a-memset.o)
                0x0000296e                memset
                0x00002980                . = ALIGN (0x20)
 *fill*         0x0000297e        0x2 
                0x00002980                linker_code_end = .
 *(.init)
 .init          0x00002980        0x4 d:/simplicitystudio-5/developer/toolchains/gnu_arm/12.2.rel1_2023.7/bin/../lib/gcc/arm-none-eabi/12.2.1/thumb/v7e-m+fp/softfp/crti.o
                0x00002980                _init
 .init          0x00002984        0x8 d:/simplicitystudio-5/developer/toolchains/gnu_arm/12.2.rel1_2023.7/bin/../lib/gcc/arm-none-eabi/12.2.1/thumb/v7e-m+fp/softfp/crtn.o
 *(.fini)
 .fini          0x0000298c        0x4 d:/simplicitystudio-5/developer/toolchains/gnu_arm/12.2.rel1_2023.7/bin/../lib/gcc/arm-none-eabi/12.2.1/thumb/v7e-m+fp/softfp/crti.o
                0x0000298c                _fini
 .fini          0x00002990        0x8 d:/simplicitystudio-5/developer/toolchains/gnu_arm/12.2.rel1_2023.7/bin/../lib/gcc/arm-none-eabi/12.2.1/thumb/v7e-m+fp/softfp/crtn.o
 *crtbegin.o(.ctors)
 *crtbegin?.o(.ctors)
 *(EXCLUDE_FILE(*crtend.o *crtend?.o) .ctors)
 *(SORT_BY_NAME(.ctors.*))
 *(.ctors)
 *crtbegin.o(.dtors)
 *crtbegin?.o(.dtors)
 *(EXCLUDE_FILE(*crtend.o *crtend?.o) .dtors)
 *(SORT_BY_NAME(.dtors.*))
 *(.dtors)
                0x00002998                __code_classification_validator_start__ = .
                0x000029b8                . = (. + 0x20)
 *fill*         0x00002998       0x20 
 *(code_classification_validator)
                0x000029c0                . = ALIGN (0x20)
 *fill*         0x000029b8        0x8 
                0x000029c0                __code_classification_validator_end__ = .
 *(.rodata*)
 .rodata.app_process_action.str1.1
                0x000029c0        0x6 ./app.o
 *fill*         0x000029c6        0x2 
 .rodata        0x000029c8       0x1c ./nv_usart.o
 .rodata        0x000029e4       0x1c ./gecko_sdk_4.4.6/hardware/driver/mx25_flash_shutdown/src/sl_mx25_flash_shutdown_usart/sl_mx25_flash_shutdown.o
 .rodata.flashWaitStateControl.str1.1
                0x00002a00       0x29 ./gecko_sdk_4.4.6/platform/emlib/src/em_cmu.o
 *fill*         0x00002a29        0x1 
 .rodata.CSWTCH.79
                0x00002a2a        0xa ./gecko_sdk_4.4.6/platform/emlib/src/em_cmu.o
 .rodata.CSWTCH.78
                0x00002a34        0xa ./gecko_sdk_4.4.6/platform/emlib/src/em_cmu.o
 .rodata.CSWTCH.77
                0x00002a3e        0x5 ./gecko_sdk_4.4.6/platform/emlib/src/em_cmu.o
 .rodata.CSWTCH.76
                0x00002a43        0x5 ./gecko_sdk_4.4.6/platform/emlib/src/em_cmu.o
 .rodata.flashWsTable
                0x00002a48       0x28 ./gecko_sdk_4.4.6/platform/emlib/src/em_cmu.o
 .rodata.vmonCalibratedThreshold.str1.1
                0x00002a70       0x29 ./gecko_sdk_4.4.6/platform/emlib/src/em_emu.o
 .rodata.GPIO_PinOutSet.str1.1
                0x00002a99       0x2a ./gecko_sdk_4.4.6/platform/emlib/src/em_gpio.o
 .rodata.GPIO_DbgLocationSet.str1.1
                0x00002ac3       0x2a ./gecko_sdk_4.4.6/platform/emlib/src/em_gpio.o
 *fill*         0x00002aed        0x1 
 .rodata.CSWTCH.78
                0x00002aee       0x16 ./gecko_sdk_4.4.6/platform/emlib/src/em_gpio.o
 .rodata.RTCC_ChannelInit.str1.1
                0x00002b04       0x2a ./gecko_sdk_4.4.6/platform/emlib/src/em_rtcc.o
 .rodata.USART_BaudrateAsyncSet.str1.1
                0x00002b2e       0x2b ./gecko_sdk_4.4.6/platform/emlib/src/em_usart.o
 *fill*         0x00002b59        0x1 
 .rodata        0x00002b5a       0x10 ./gecko_sdk_4.4.6/platform/service/device_init/src/sl_device_init_dcdc_s1.o
 .rodata        0x00002b6a       0x12 ./gecko_sdk_4.4.6/platform/service/device_init/src/sl_device_init_hfxo_s1.o
 .rodata        0x00002b7c        0x4 ./gecko_sdk_4.4.6/platform/service/device_init/src/sl_device_init_lfxo_s1.o
 .rodata.process_timer_irq.str1.1
                0x00002b80       0x3d ./gecko_sdk_4.4.6/platform/service/sleeptimer/src/sl_sleeptimer.o
 .rodata        0x00002bbd       0x10 ./gecko_sdk_4.4.6/platform/service/sleeptimer/src/sl_sleeptimer_hal_rtcc.o
 .rodata.sl_udelay_wait.str1.1
                0x00002bcd       0x35 ./gecko_sdk_4.4.6/platform/service/udelay/src/sl_udelay.o
 *(.eh_frame*)
 *fill*         0x00002c02        0x2 
 .eh_frame      0x00002c04        0x0 d:/simplicitystudio-5/developer/toolchains/gnu_arm/12.2.rel1_2023.7/bin/../lib/gcc/arm-none-eabi/12.2.1/thumb/v7e-m+fp/softfp/crtbegin.o

.glue_7         0x00002c04        0x0
 .glue_7        0x00002c04        0x0 linker stubs

.glue_7t        0x00002c04        0x0
 .glue_7t       0x00002c04        0x0 linker stubs

.vfp11_veneer   0x00002c04        0x0
 .vfp11_veneer  0x00002c04        0x0 linker stubs

.v4_bx          0x00002c04        0x0
 .v4_bx         0x00002c04        0x0 linker stubs

.iplt           0x00002c04        0x0
 .iplt          0x00002c04        0x0 d:/simplicitystudio-5/developer/toolchains/gnu_arm/12.2.rel1_2023.7/bin/../lib/gcc/arm-none-eabi/12.2.1/thumb/v7e-m+fp/softfp/crtbegin.o

.ARM.extab
 *(.ARM.extab* .gnu.linkonce.armextab.*)
                0x00002c04                __exidx_start = .

.ARM.exidx      0x00002c04        0x8
 *(.ARM.exidx* .gnu.linkonce.armexidx.*)
 .ARM.exidx     0x00002c04        0x8 d:/simplicitystudio-5/developer/toolchains/gnu_arm/12.2.rel1_2023.7/bin/../lib/gcc/arm-none-eabi/12.2.1/thumb/v7e-m+fp/softfp/crt0.o
                                 0x10 (size before relaxing)
 .ARM.exidx.text.__udivmoddi4
                0x00002c0c        0x0 d:/simplicitystudio-5/developer/toolchains/gnu_arm/12.2.rel1_2023.7/bin/../lib/gcc/arm-none-eabi/12.2.1/thumb/v7e-m+fp/softfp\libgcc.a(_udivmoddi4.o)
                                  0x8 (size before relaxing)
                0x00002c0c                __exidx_end = .

.rel.dyn        0x00002c0c        0x0
 .rel.iplt      0x00002c0c        0x0 d:/simplicitystudio-5/developer/toolchains/gnu_arm/12.2.rel1_2023.7/bin/../lib/gcc/arm-none-eabi/12.2.1/thumb/v7e-m+fp/softfp/crtbegin.o

.copy.table     0x00002c0c        0xc
                0x00002c0c                . = ALIGN (0x4)
                0x00002c0c                __copy_table_start__ = .
                0x00002c0c        0x4 LONG 0x2c18 __etext
                0x00002c10        0x4 LONG 0x20001000 __data_start__
                0x00002c14        0x4 LONG 0x9 ((__data_end__ - __data_start__) / 0x4)
                0x00002c18                __copy_table_end__ = .

.zero.table     0x00002c18        0x0
                0x00002c18                . = ALIGN (0x4)
                0x00002c18                __zero_table_start__ = .
                0x00002c18                __zero_table_end__ = .
                0x00002c18                __etext = .
                0x20000000                . = ORIGIN (RAM)

.stack          0x20000000     0x1000
                0x20000000                __StackLimit = .
 *(.stack*)
 .stack         0x20000000     0x1000 ./gecko_sdk_4.4.6/platform/common/toolchain/src/sl_memory.o
                0x20001000                . = ALIGN (0x4)
                0x20001000                __StackTop = .
                0x20001000                PROVIDE (__stack = __StackTop)

.noinit
 *(.noinit*)

.data           0x20001000       0x24 load address 0x00002c18
                0x20001000                . = ALIGN (0x4)
                0x20001000                __data_start__ = .
 *(vtable)
 *(SORT_BY_ALIGNMENT(.data*))
 .data.SystemHfrcoFreq
                0x20001000        0x4 ./gecko_sdk_4.4.6/platform/Device/SiliconLabs/EFR32MG12P/Source/system_efr32mg12p.o
                0x20001000                SystemHfrcoFreq
 .data.SystemCoreClock
                0x20001004        0x4 ./gecko_sdk_4.4.6/platform/Device/SiliconLabs/EFR32MG12P/Source/system_efr32mg12p.o
                0x20001004                SystemCoreClock
 .data.SystemLFXOClock
                0x20001008        0x4 ./gecko_sdk_4.4.6/platform/Device/SiliconLabs/EFR32MG12P/Source/system_efr32mg12p.o
 .data.SystemHFXOClock
                0x2000100c        0x4 ./gecko_sdk_4.4.6/platform/Device/SiliconLabs/EFR32MG12P/Source/system_efr32mg12p.o
 .data.auxHfrcoFreq
                0x20001010        0x4 ./gecko_sdk_4.4.6/platform/emlib/src/em_cmu.o
 .data.hfxo_precision
                0x20001014        0x2 ./gecko_sdk_4.4.6/platform/emlib/src/em_cmu.o
 .data.lfxo_precision
                0x20001016        0x2 ./gecko_sdk_4.4.6/platform/emlib/src/em_cmu.o
 .data.cc_disabled
                0x20001018        0x1 ./gecko_sdk_4.4.6/platform/service/sleeptimer/src/sl_sleeptimer_hal_rtcc.o
                0x2000101c                . = ALIGN (0x4)
 *fill*         0x20001019        0x3 
                [!provide]                PROVIDE (__ram_func_section_start = .)
 *(.ram)
                [!provide]                PROVIDE (__ram_func_section_end = .)
                0x2000101c                . = ALIGN (0x4)
                0x2000101c                PROVIDE (__preinit_array_start = .)
 *(.preinit_array)
                0x2000101c                PROVIDE (__preinit_array_end = .)
                0x2000101c                . = ALIGN (0x4)
                0x2000101c                PROVIDE (__init_array_start = .)
 *(SORT_BY_NAME(.init_array.*))
 *(.init_array)
 .init_array    0x2000101c        0x4 d:/simplicitystudio-5/developer/toolchains/gnu_arm/12.2.rel1_2023.7/bin/../lib/gcc/arm-none-eabi/12.2.1/thumb/v7e-m+fp/softfp/crtbegin.o
                0x20001020                PROVIDE (__init_array_end = .)
                0x20001020                . = ALIGN (0x4)
                [!provide]                PROVIDE (__fini_array_start = .)
 *(SORT_BY_NAME(.fini_array.*))
 *(.fini_array)
 .fini_array    0x20001020        0x4 d:/simplicitystudio-5/developer/toolchains/gnu_arm/12.2.rel1_2023.7/bin/../lib/gcc/arm-none-eabi/12.2.1/thumb/v7e-m+fp/softfp/crtbegin.o
                [!provide]                PROVIDE (__fini_array_end = .)
                0x20001024                . = ALIGN (0x4)
                0x20001024                __data_end__ = .

.tm_clone_table
                0x20001024        0x0 load address 0x00002c3c
 .tm_clone_table
                0x20001024        0x0 d:/simplicitystudio-5/developer/toolchains/gnu_arm/12.2.rel1_2023.7/bin/../lib/gcc/arm-none-eabi/12.2.1/thumb/v7e-m+fp/softfp/crtbegin.o
 .tm_clone_table
                0x20001024        0x0 d:/simplicitystudio-5/developer/toolchains/gnu_arm/12.2.rel1_2023.7/bin/../lib/gcc/arm-none-eabi/12.2.1/thumb/v7e-m+fp/softfp/crtend.o

.igot.plt       0x20001024        0x0 load address 0x00002c3c
 .igot.plt      0x20001024        0x0 d:/simplicitystudio-5/developer/toolchains/gnu_arm/12.2.rel1_2023.7/bin/../lib/gcc/arm-none-eabi/12.2.1/thumb/v7e-m+fp/softfp/crtbegin.o

.bss            0x20001024       0x44 load address 0x00002c3c
                0x20001024                . = ALIGN (0x4)
                0x20001024                __bss_start__ = .
 *(SORT_BY_ALIGNMENT(.bss*))
 .bss.object.0  0x20001024       0x18 d:/simplicitystudio-5/developer/toolchains/gnu_arm/12.2.rel1_2023.7/bin/../lib/gcc/arm-none-eabi/12.2.1/thumb/v7e-m+fp/softfp/crtbegin.o
 .bss.tx_callback
                0x2000103c        0x4 ./nv_usart.o
 .bss.rx_callback
                0x20001040        0x4 ./nv_usart.o
 .bss.max_millisecond_conversion
                0x20001044        0x4 ./gecko_sdk_4.4.6/platform/service/sleeptimer/src/sl_sleeptimer.o
 .bss.last_delta_update_count
                0x20001048        0x4 ./gecko_sdk_4.4.6/platform/service/sleeptimer/src/sl_sleeptimer.o
 .bss.timer_head
                0x2000104c        0x4 ./gecko_sdk_4.4.6/platform/service/sleeptimer/src/sl_sleeptimer.o
 .bss.timer_frequency
                0x20001050        0x4 ./gecko_sdk_4.4.6/platform/service/sleeptimer/src/sl_sleeptimer.o
 .bss.__stdio_exit_handler
                0x20001054        0x4 d:/simplicitystudio-5/developer/toolchains/gnu_arm/12.2.rel1_2023.7/bin/../lib/gcc/arm-none-eabi/12.2.1/thumb/v7e-m+fp/softfp\libc_nano.a(libc_a-findfp.o)
                0x20001054                __stdio_exit_handler
 .bss.dcdcReverseCurrentControl
                0x20001058        0x2 ./gecko_sdk_4.4.6/platform/emlib/src/em_emu.o
 .bss.dcdcEm01LoadCurrent_mA
                0x2000105a        0x2 ./gecko_sdk_4.4.6/platform/emlib/src/em_emu.o
 .bss.dcdcMaxCurrent_mA
                0x2000105c        0x2 ./gecko_sdk_4.4.6/platform/emlib/src/em_emu.o
 .bss.overflow_counter
                0x2000105e        0x2 ./gecko_sdk_4.4.6/platform/service/sleeptimer/src/sl_sleeptimer.o
 .bss.completed.1
                0x20001060        0x1 d:/simplicitystudio-5/developer/toolchains/gnu_arm/12.2.rel1_2023.7/bin/../lib/gcc/arm-none-eabi/12.2.1/thumb/v7e-m+fp/softfp/crtbegin.o
 .bss.vScaleEM01Config
                0x20001061        0x1 ./gecko_sdk_4.4.6/platform/emlib/src/em_emu.o
 .bss.sleep_on_isr_exit
                0x20001062        0x1 ./gecko_sdk_4.4.6/platform/service/sleeptimer/src/sl_sleeptimer.o
 .bss.next_timer_to_expire_is_power_manager
                0x20001063        0x1 ./gecko_sdk_4.4.6/platform/service/sleeptimer/src/sl_sleeptimer.o
 .bss.is_sleeptimer_initialized
                0x20001064        0x1 ./gecko_sdk_4.4.6/platform/service/sleeptimer/src/sl_sleeptimer.o
 *(COMMON)
                0x20001068                . = ALIGN (0x4)
 *fill*         0x20001065        0x3 
                0x20001068                __bss_end__ = .
                0x20001068                __ramfuncs_start__ = .
                0x20001068                __vma_ramfuncs_start__ = .
                0x00002c3c                __lma_ramfuncs_start__ = (__etext + SIZEOF (.data))
                0x00000000                __text_application_ram_offset__ = (. - __vma_ramfuncs_start__)

text_application_ram
                0x20001068        0x0 load address 0x00002c3c
                0x20001068                . = ALIGN (0x4)
                0x20001068                __text_application_ram_start__ = .
 *(text_application_ram)
                0x20001068                . = ALIGN (0x4)
                0x20001068                __text_application_ram_end__ = .
                0x20001068                . = ALIGN (0x4)
                0x20001068                __vma_ramfuncs_end__ = .
                0x00002c3c                __lma_ramfuncs_end__ = ((__lma_ramfuncs_start__ + __text_application_ram_offset__) + SIZEOF (text_application_ram))
                0x20001068                __ramfuncs_end__ = .

.heap           0x20001068      0x800
                0x20001068                __HeapBase = .
                0x20001068                __end__ = .
                0x20001068                end = __end__
                0x20001068                _end = __end__
 *(.heap*)
 .heap          0x20001068      0x800 ./gecko_sdk_4.4.6/platform/common/toolchain/src/sl_memory.o
                0x20040000                __HeapLimit = (ORIGIN (RAM) + LENGTH (RAM))
                0x0003ef98                __heap_size = (__HeapLimit - __HeapBase)
                0x20040000                __ram_end__ = 0x20040000
                0x00100000                __main_flash_end__ = 0x100000

.internal_storage
 *(.internal_storage*)

.nvm
 *(.simee*)
                0x00100000                linker_nvm_end = __main_flash_end__
                0x00100000                linker_nvm_begin = (linker_nvm_end - SIZEOF (.nvm))
                0x00000000                linker_nvm_size = SIZEOF (.nvm)
                0x00100000                linker_storage_end = linker_nvm_begin
                0x00100000                __nvm3Base = linker_nvm_begin
                0x00100000                linker_storage_begin = (linker_storage_end - SIZEOF (.internal_storage))
                0x00000000                linker_storage_size = SIZEOF (.internal_storage)
                0x00000001                ASSERT ((linker_storage_begin >= (__etext + SIZEOF (.data))), FLASH memory overflowed !)
OUTPUT(silmotion_xG12.axf elf32-littlearm)
LOAD linker stubs

.ARM.attributes
                0x00000000       0x2e
 .ARM.attributes
                0x00000000       0x22 d:/simplicitystudio-5/developer/toolchains/gnu_arm/12.2.rel1_2023.7/bin/../lib/gcc/arm-none-eabi/12.2.1/thumb/v7e-m+fp/softfp/crti.o
 .ARM.attributes
                0x00000022       0x32 d:/simplicitystudio-5/developer/toolchains/gnu_arm/12.2.rel1_2023.7/bin/../lib/gcc/arm-none-eabi/12.2.1/thumb/v7e-m+fp/softfp/crtbegin.o
 .ARM.attributes
                0x00000054       0x20 d:/simplicitystudio-5/developer/toolchains/gnu_arm/12.2.rel1_2023.7/bin/../lib/gcc/arm-none-eabi/12.2.1/thumb/v7e-m+fp/softfp/crt0.o
 .ARM.attributes
                0x00000074       0x32 ./app.o
 .ARM.attributes
                0x000000a6       0x32 ./main.o
 .ARM.attributes
                0x000000d8       0x32 ./nv_usart.o
 .ARM.attributes
                0x0000010a       0x32 ./autogen/sl_board_default_init.o
 .ARM.attributes
                0x0000013c       0x32 ./autogen/sl_device_init_clocks.o
 .ARM.attributes
                0x0000016e       0x32 ./autogen/sl_event_handler.o
 .ARM.attributes
                0x000001a0       0x32 ./gecko_sdk_4.4.6/hardware/board/src/sl_board_control_gpio.o
 .ARM.attributes
                0x000001d2       0x32 ./gecko_sdk_4.4.6/hardware/board/src/sl_board_init.o
 .ARM.attributes
                0x00000204       0x32 ./gecko_sdk_4.4.6/hardware/driver/configuration_over_swo/src/sl_cos.o
 .ARM.attributes
                0x00000236       0x32 ./gecko_sdk_4.4.6/hardware/driver/mx25_flash_shutdown/src/sl_mx25_flash_shutdown_usart/sl_mx25_flash_shutdown.o
 .ARM.attributes
                0x00000268       0x32 ./gecko_sdk_4.4.6/platform/Device/SiliconLabs/EFR32MG12P/Source/startup_efr32mg12p.o
 .ARM.attributes
                0x0000029a       0x32 ./gecko_sdk_4.4.6/platform/Device/SiliconLabs/EFR32MG12P/Source/system_efr32mg12p.o
 .ARM.attributes
                0x000002cc       0x32 ./gecko_sdk_4.4.6/platform/common/src/sl_assert.o
 .ARM.attributes
                0x000002fe       0x32 ./gecko_sdk_4.4.6/platform/common/src/sl_syscalls.o
 .ARM.attributes
                0x00000330       0x32 ./gecko_sdk_4.4.6/platform/common/toolchain/src/sl_memory.o
 .ARM.attributes
                0x00000362       0x32 ./gecko_sdk_4.4.6/platform/driver/debug/src/sl_debug_swo.o
 .ARM.attributes
                0x00000394       0x32 ./gecko_sdk_4.4.6/platform/emlib/src/em_cmu.o
 .ARM.attributes
                0x000003c6       0x32 ./gecko_sdk_4.4.6/platform/emlib/src/em_core.o
 .ARM.attributes
                0x000003f8       0x32 ./gecko_sdk_4.4.6/platform/emlib/src/em_emu.o
 .ARM.attributes
                0x0000042a       0x32 ./gecko_sdk_4.4.6/platform/emlib/src/em_gpio.o
 .ARM.attributes
                0x0000045c       0x32 ./gecko_sdk_4.4.6/platform/emlib/src/em_rtcc.o
 .ARM.attributes
                0x0000048e       0x32 ./gecko_sdk_4.4.6/platform/emlib/src/em_system.o
 .ARM.attributes
                0x000004c0       0x32 ./gecko_sdk_4.4.6/platform/emlib/src/em_usart.o
 .ARM.attributes
                0x000004f2       0x32 ./gecko_sdk_4.4.6/platform/service/device_init/src/sl_device_init_dcdc_s1.o
 .ARM.attributes
                0x00000524       0x32 ./gecko_sdk_4.4.6/platform/service/device_init/src/sl_device_init_emu_s1.o
 .ARM.attributes
                0x00000556       0x32 ./gecko_sdk_4.4.6/platform/service/device_init/src/sl_device_init_hfxo_s1.o
 .ARM.attributes
                0x00000588       0x32 ./gecko_sdk_4.4.6/platform/service/device_init/src/sl_device_init_lfxo_s1.o
 .ARM.attributes
                0x000005ba       0x32 ./gecko_sdk_4.4.6/platform/service/device_init/src/sl_device_init_nvic.o
 .ARM.attributes
                0x000005ec       0x32 ./gecko_sdk_4.4.6/platform/service/sleeptimer/src/sl_sleeptimer.o
 .ARM.attributes
                0x0000061e       0x32 ./gecko_sdk_4.4.6/platform/service/sleeptimer/src/sl_sleeptimer_hal_rtcc.o
 .ARM.attributes
                0x00000650       0x32 ./gecko_sdk_4.4.6/platform/service/system/src/sl_system_init.o
 .ARM.attributes
                0x00000682       0x32 ./gecko_sdk_4.4.6/platform/service/system/src/sl_system_process_action.o
 .ARM.attributes
                0x000006b4       0x32 ./gecko_sdk_4.4.6/platform/service/udelay/src/sl_udelay.o
 .ARM.attributes
                0x000006e6       0x20 ./gecko_sdk_4.4.6/platform/service/udelay/src/sl_udelay_armv6m_gcc.o
 .ARM.attributes
                0x00000706       0x22 d:/simplicitystudio-5/developer/toolchains/gnu_arm/12.2.rel1_2023.7/bin/../lib/gcc/arm-none-eabi/12.2.1/thumb/v7e-m+fp/softfp\libgcc.a(_aeabi_uldivmod.o)
 .ARM.attributes
                0x00000728       0x32 d:/simplicitystudio-5/developer/toolchains/gnu_arm/12.2.rel1_2023.7/bin/../lib/gcc/arm-none-eabi/12.2.1/thumb/v7e-m+fp/softfp\libgcc.a(_udivmoddi4.o)
 .ARM.attributes
                0x0000075a       0x22 d:/simplicitystudio-5/developer/toolchains/gnu_arm/12.2.rel1_2023.7/bin/../lib/gcc/arm-none-eabi/12.2.1/thumb/v7e-m+fp/softfp\libgcc.a(_dvmd_tls.o)
 .ARM.attributes
                0x0000077c       0x32 d:/simplicitystudio-5/developer/toolchains/gnu_arm/12.2.rel1_2023.7/bin/../lib/gcc/arm-none-eabi/12.2.1/thumb/v7e-m+fp/softfp\libc_nano.a(libc_a-exit.o)
 .ARM.attributes
                0x000007ae       0x32 d:/simplicitystudio-5/developer/toolchains/gnu_arm/12.2.rel1_2023.7/bin/../lib/gcc/arm-none-eabi/12.2.1/thumb/v7e-m+fp/softfp\libc_nano.a(libc_a-findfp.o)
 .ARM.attributes
                0x000007e0       0x32 d:/simplicitystudio-5/developer/toolchains/gnu_arm/12.2.rel1_2023.7/bin/../lib/gcc/arm-none-eabi/12.2.1/thumb/v7e-m+fp/softfp\libc_nano.a(libc_a-memset.o)
 .ARM.attributes
                0x00000812       0x32 d:/simplicitystudio-5/developer/toolchains/gnu_arm/12.2.rel1_2023.7/bin/../lib/gcc/arm-none-eabi/12.2.1/thumb/v7e-m+fp/softfp\libc_nano.a(libc_a-init.o)
 .ARM.attributes
                0x00000844       0x32 d:/simplicitystudio-5/developer/toolchains/gnu_arm/12.2.rel1_2023.7/bin/../lib/gcc/arm-none-eabi/12.2.1/thumb/v7e-m+fp/softfp/crtend.o
 .ARM.attributes
                0x00000876       0x22 d:/simplicitystudio-5/developer/toolchains/gnu_arm/12.2.rel1_2023.7/bin/../lib/gcc/arm-none-eabi/12.2.1/thumb/v7e-m+fp/softfp/crtn.o

.comment        0x00000000       0x45
 .comment       0x00000000       0x45 ./app.o
                                 0x46 (size before relaxing)
 .comment       0x00000045       0x46 ./main.o
 .comment       0x00000045       0x46 ./nv_usart.o
 .comment       0x00000045       0x46 ./autogen/sl_board_default_init.o
 .comment       0x00000045       0x46 ./autogen/sl_device_init_clocks.o
 .comment       0x00000045       0x46 ./autogen/sl_event_handler.o
 .comment       0x00000045       0x46 ./gecko_sdk_4.4.6/hardware/board/src/sl_board_control_gpio.o
 .comment       0x00000045       0x46 ./gecko_sdk_4.4.6/hardware/board/src/sl_board_init.o
 .comment       0x00000045       0x46 ./gecko_sdk_4.4.6/hardware/driver/configuration_over_swo/src/sl_cos.o
 .comment       0x00000045       0x46 ./gecko_sdk_4.4.6/hardware/driver/mx25_flash_shutdown/src/sl_mx25_flash_shutdown_usart/sl_mx25_flash_shutdown.o
 .comment       0x00000045       0x46 ./gecko_sdk_4.4.6/platform/Device/SiliconLabs/EFR32MG12P/Source/startup_efr32mg12p.o
 .comment       0x00000045       0x46 ./gecko_sdk_4.4.6/platform/Device/SiliconLabs/EFR32MG12P/Source/system_efr32mg12p.o
 .comment       0x00000045       0x46 ./gecko_sdk_4.4.6/platform/common/src/sl_assert.o
 .comment       0x00000045       0x46 ./gecko_sdk_4.4.6/platform/common/src/sl_syscalls.o
 .comment       0x00000045       0x46 ./gecko_sdk_4.4.6/platform/common/toolchain/src/sl_memory.o
 .comment       0x00000045       0x46 ./gecko_sdk_4.4.6/platform/driver/debug/src/sl_debug_swo.o
 .comment       0x00000045       0x46 ./gecko_sdk_4.4.6/platform/emlib/src/em_cmu.o
 .comment       0x00000045       0x46 ./gecko_sdk_4.4.6/platform/emlib/src/em_core.o
 .comment       0x00000045       0x46 ./gecko_sdk_4.4.6/platform/emlib/src/em_emu.o
 .comment       0x00000045       0x46 ./gecko_sdk_4.4.6/platform/emlib/src/em_gpio.o
 .comment       0x00000045       0x46 ./gecko_sdk_4.4.6/platform/emlib/src/em_rtcc.o
 .comment       0x00000045       0x46 ./gecko_sdk_4.4.6/platform/emlib/src/em_system.o
 .comment       0x00000045       0x46 ./gecko_sdk_4.4.6/platform/emlib/src/em_usart.o
 .comment       0x00000045       0x46 ./gecko_sdk_4.4.6/platform/service/device_init/src/sl_device_init_dcdc_s1.o
 .comment       0x00000045       0x46 ./gecko_sdk_4.4.6/platform/service/device_init/src/sl_device_init_emu_s1.o
 .comment       0x00000045       0x46 ./gecko_sdk_4.4.6/platform/service/device_init/src/sl_device_init_hfxo_s1.o
 .comment       0x00000045       0x46 ./gecko_sdk_4.4.6/platform/service/device_init/src/sl_device_init_lfxo_s1.o
 .comment       0x00000045       0x46 ./gecko_sdk_4.4.6/platform/service/device_init/src/sl_device_init_nvic.o
 .comment       0x00000045       0x46 ./gecko_sdk_4.4.6/platform/service/sleeptimer/src/sl_sleeptimer.o
 .comment       0x00000045       0x46 ./gecko_sdk_4.4.6/platform/service/sleeptimer/src/sl_sleeptimer_hal_rtcc.o
 .comment       0x00000045       0x46 ./gecko_sdk_4.4.6/platform/service/system/src/sl_system_init.o
 .comment       0x00000045       0x46 ./gecko_sdk_4.4.6/platform/service/system/src/sl_system_process_action.o
 .comment       0x00000045       0x46 ./gecko_sdk_4.4.6/platform/service/udelay/src/sl_udelay.o

.debug_line_str
                0x00000000      0x1bc
 .debug_line_str
                0x00000000       0xe5 d:/simplicitystudio-5/developer/toolchains/gnu_arm/12.2.rel1_2023.7/bin/../lib/gcc/arm-none-eabi/12.2.1/thumb/v7e-m+fp/softfp/crt0.o
 .debug_line_str
                0x000000e5       0xcb d:/simplicitystudio-5/developer/toolchains/gnu_arm/12.2.rel1_2023.7/bin/../lib/gcc/arm-none-eabi/12.2.1/thumb/v7e-m+fp/softfp\libgcc.a(_aeabi_uldivmod.o)
 .debug_line_str
                0x000001b0        0xc d:/simplicitystudio-5/developer/toolchains/gnu_arm/12.2.rel1_2023.7/bin/../lib/gcc/arm-none-eabi/12.2.1/thumb/v7e-m+fp/softfp\libgcc.a(_dvmd_tls.o)
                                 0xcf (size before relaxing)

.debug_info     0x00000000    0x17dee
 .debug_info    0x00000000      0x171 ./app.o
 .debug_info    0x00000171       0xa1 ./main.o
 .debug_info    0x00000212      0xfdc ./nv_usart.o
 .debug_info    0x000011ee       0xc5 ./autogen/sl_board_default_init.o
 .debug_info    0x000012b3      0x888 ./autogen/sl_device_init_clocks.o
 .debug_info    0x00001b3b      0x9b3 ./autogen/sl_event_handler.o
 .debug_info    0x000024ee      0x5d1 ./gecko_sdk_4.4.6/hardware/board/src/sl_board_control_gpio.o
 .debug_info    0x00002abf      0x2f3 ./gecko_sdk_4.4.6/hardware/board/src/sl_board_init.o
 .debug_info    0x00002db2      0x4d4 ./gecko_sdk_4.4.6/hardware/driver/configuration_over_swo/src/sl_cos.o
 .debug_info    0x00003286      0xe59 ./gecko_sdk_4.4.6/hardware/driver/mx25_flash_shutdown/src/sl_mx25_flash_shutdown_usart/sl_mx25_flash_shutdown.o
 .debug_info    0x000040df      0x322 ./gecko_sdk_4.4.6/platform/Device/SiliconLabs/EFR32MG12P/Source/startup_efr32mg12p.o
 .debug_info    0x00004401      0x9c5 ./gecko_sdk_4.4.6/platform/Device/SiliconLabs/EFR32MG12P/Source/system_efr32mg12p.o
 .debug_info    0x00004dc6       0x86 ./gecko_sdk_4.4.6/platform/common/src/sl_assert.o
 .debug_info    0x00004e4c      0x306 ./gecko_sdk_4.4.6/platform/common/src/sl_syscalls.o
 .debug_info    0x00005152      0x205 ./gecko_sdk_4.4.6/platform/common/toolchain/src/sl_memory.o
 .debug_info    0x00005357     0x1005 ./gecko_sdk_4.4.6/platform/driver/debug/src/sl_debug_swo.o
 .debug_info    0x0000635c     0x47be ./gecko_sdk_4.4.6/platform/emlib/src/em_cmu.o
 .debug_info    0x0000ab1a     0x11b4 ./gecko_sdk_4.4.6/platform/emlib/src/em_core.o
 .debug_info    0x0000bcce     0x3b90 ./gecko_sdk_4.4.6/platform/emlib/src/em_emu.o
 .debug_info    0x0000f85e      0xfb9 ./gecko_sdk_4.4.6/platform/emlib/src/em_gpio.o
 .debug_info    0x00010817      0xc96 ./gecko_sdk_4.4.6/platform/emlib/src/em_rtcc.o
 .debug_info    0x000114ad      0xc37 ./gecko_sdk_4.4.6/platform/emlib/src/em_system.o
 .debug_info    0x000120e4     0x1578 ./gecko_sdk_4.4.6/platform/emlib/src/em_usart.o
 .debug_info    0x0001365c      0x281 ./gecko_sdk_4.4.6/platform/service/device_init/src/sl_device_init_dcdc_s1.o
 .debug_info    0x000138dd      0x1ed ./gecko_sdk_4.4.6/platform/service/device_init/src/sl_device_init_emu_s1.o
 .debug_info    0x00013aca      0x8d7 ./gecko_sdk_4.4.6/platform/service/device_init/src/sl_device_init_hfxo_s1.o
 .debug_info    0x000143a1      0x1dd ./gecko_sdk_4.4.6/platform/service/device_init/src/sl_device_init_lfxo_s1.o
 .debug_info    0x0001457e      0x601 ./gecko_sdk_4.4.6/platform/service/device_init/src/sl_device_init_nvic.o
 .debug_info    0x00014b7f     0x1a68 ./gecko_sdk_4.4.6/platform/service/sleeptimer/src/sl_sleeptimer.o
 .debug_info    0x000165e7     0x1529 ./gecko_sdk_4.4.6/platform/service/sleeptimer/src/sl_sleeptimer_hal_rtcc.o
 .debug_info    0x00017b10       0xa7 ./gecko_sdk_4.4.6/platform/service/system/src/sl_system_init.o
 .debug_info    0x00017bb7       0x93 ./gecko_sdk_4.4.6/platform/service/system/src/sl_system_process_action.o
 .debug_info    0x00017c4a      0x17e ./gecko_sdk_4.4.6/platform/service/udelay/src/sl_udelay.o
 .debug_info    0x00017dc8       0x26 ./gecko_sdk_4.4.6/platform/service/udelay/src/sl_udelay_armv6m_gcc.o

.debug_abbrev   0x00000000     0x43b3
 .debug_abbrev  0x00000000      0x11f ./app.o
 .debug_abbrev  0x0000011f       0x5d ./main.o
 .debug_abbrev  0x0000017c      0x2ca ./nv_usart.o
 .debug_abbrev  0x00000446       0x87 ./autogen/sl_board_default_init.o
 .debug_abbrev  0x000004cd      0x145 ./autogen/sl_device_init_clocks.o
 .debug_abbrev  0x00000612      0x172 ./autogen/sl_event_handler.o
 .debug_abbrev  0x00000784      0x187 ./gecko_sdk_4.4.6/hardware/board/src/sl_board_control_gpio.o
 .debug_abbrev  0x0000090b      0x11f ./gecko_sdk_4.4.6/hardware/board/src/sl_board_init.o
 .debug_abbrev  0x00000a2a      0x20f ./gecko_sdk_4.4.6/hardware/driver/configuration_over_swo/src/sl_cos.o
 .debug_abbrev  0x00000c39      0x287 ./gecko_sdk_4.4.6/hardware/driver/mx25_flash_shutdown/src/sl_mx25_flash_shutdown_usart/sl_mx25_flash_shutdown.o
 .debug_abbrev  0x00000ec0      0x1c8 ./gecko_sdk_4.4.6/platform/Device/SiliconLabs/EFR32MG12P/Source/startup_efr32mg12p.o
 .debug_abbrev  0x00001088      0x231 ./gecko_sdk_4.4.6/platform/Device/SiliconLabs/EFR32MG12P/Source/system_efr32mg12p.o
 .debug_abbrev  0x000012b9       0x6c ./gecko_sdk_4.4.6/platform/common/src/sl_assert.o
 .debug_abbrev  0x00001325      0x143 ./gecko_sdk_4.4.6/platform/common/src/sl_syscalls.o
 .debug_abbrev  0x00001468      0x11e ./gecko_sdk_4.4.6/platform/common/toolchain/src/sl_memory.o
 .debug_abbrev  0x00001586      0x2fc ./gecko_sdk_4.4.6/platform/driver/debug/src/sl_debug_swo.o
 .debug_abbrev  0x00001882      0x59d ./gecko_sdk_4.4.6/platform/emlib/src/em_cmu.o
 .debug_abbrev  0x00001e1f      0x33e ./gecko_sdk_4.4.6/platform/emlib/src/em_core.o
 .debug_abbrev  0x0000215d      0x60b ./gecko_sdk_4.4.6/platform/emlib/src/em_emu.o
 .debug_abbrev  0x00002768      0x32e ./gecko_sdk_4.4.6/platform/emlib/src/em_gpio.o
 .debug_abbrev  0x00002a96      0x275 ./gecko_sdk_4.4.6/platform/emlib/src/em_rtcc.o
 .debug_abbrev  0x00002d0b      0x26a ./gecko_sdk_4.4.6/platform/emlib/src/em_system.o
 .debug_abbrev  0x00002f75      0x336 ./gecko_sdk_4.4.6/platform/emlib/src/em_usart.o
 .debug_abbrev  0x000032ab      0x10b ./gecko_sdk_4.4.6/platform/service/device_init/src/sl_device_init_dcdc_s1.o
 .debug_abbrev  0x000033b6      0x109 ./gecko_sdk_4.4.6/platform/service/device_init/src/sl_device_init_emu_s1.o
 .debug_abbrev  0x000034bf      0x178 ./gecko_sdk_4.4.6/platform/service/device_init/src/sl_device_init_hfxo_s1.o
 .debug_abbrev  0x00003637      0x105 ./gecko_sdk_4.4.6/platform/service/device_init/src/sl_device_init_lfxo_s1.o
 .debug_abbrev  0x0000373c      0x15a ./gecko_sdk_4.4.6/platform/service/device_init/src/sl_device_init_nvic.o
 .debug_abbrev  0x00003896      0x495 ./gecko_sdk_4.4.6/platform/service/sleeptimer/src/sl_sleeptimer.o
 .debug_abbrev  0x00003d2b      0x4c9 ./gecko_sdk_4.4.6/platform/service/sleeptimer/src/sl_sleeptimer_hal_rtcc.o
 .debug_abbrev  0x000041f4       0x5c ./gecko_sdk_4.4.6/platform/service/system/src/sl_system_init.o
 .debug_abbrev  0x00004250       0x5c ./gecko_sdk_4.4.6/platform/service/system/src/sl_system_process_action.o
 .debug_abbrev  0x000042ac       0xf3 ./gecko_sdk_4.4.6/platform/service/udelay/src/sl_udelay.o
 .debug_abbrev  0x0000439f       0x14 ./gecko_sdk_4.4.6/platform/service/udelay/src/sl_udelay_armv6m_gcc.o

.debug_loc      0x00000000     0xb00b
 .debug_loc     0x00000000       0xa2 ./app.o
 .debug_loc     0x000000a2       0x20 ./main.o
 .debug_loc     0x000000c2      0x1d2 ./nv_usart.o
 .debug_loc     0x00000294       0x20 ./autogen/sl_device_init_clocks.o
 .debug_loc     0x000002b4       0x99 ./autogen/sl_event_handler.o
 .debug_loc     0x0000034d      0x2ee ./gecko_sdk_4.4.6/hardware/board/src/sl_board_control_gpio.o
 .debug_loc     0x0000063b       0x2c ./gecko_sdk_4.4.6/hardware/board/src/sl_board_init.o
 .debug_loc     0x00000667      0x31e ./gecko_sdk_4.4.6/hardware/driver/configuration_over_swo/src/sl_cos.o
 .debug_loc     0x00000985      0x124 ./gecko_sdk_4.4.6/hardware/driver/mx25_flash_shutdown/src/sl_mx25_flash_shutdown_usart/sl_mx25_flash_shutdown.o
 .debug_loc     0x00000aa9       0x8e ./gecko_sdk_4.4.6/platform/Device/SiliconLabs/EFR32MG12P/Source/startup_efr32mg12p.o
 .debug_loc     0x00000b37       0xd8 ./gecko_sdk_4.4.6/platform/Device/SiliconLabs/EFR32MG12P/Source/system_efr32mg12p.o
 .debug_loc     0x00000c0f       0x2a ./gecko_sdk_4.4.6/platform/common/src/sl_assert.o
 .debug_loc     0x00000c39      0x118 ./gecko_sdk_4.4.6/platform/common/src/sl_syscalls.o
 .debug_loc     0x00000d51       0x98 ./gecko_sdk_4.4.6/platform/common/toolchain/src/sl_memory.o
 .debug_loc     0x00000de9      0x293 ./gecko_sdk_4.4.6/platform/driver/debug/src/sl_debug_swo.o
 .debug_loc     0x0000107c     0x384d ./gecko_sdk_4.4.6/platform/emlib/src/em_cmu.o
 .debug_loc     0x000048c9      0x926 ./gecko_sdk_4.4.6/platform/emlib/src/em_core.o
 .debug_loc     0x000051ef     0x23b1 ./gecko_sdk_4.4.6/platform/emlib/src/em_emu.o
 .debug_loc     0x000075a0      0xa89 ./gecko_sdk_4.4.6/platform/emlib/src/em_gpio.o
 .debug_loc     0x00008029      0x18d ./gecko_sdk_4.4.6/platform/emlib/src/em_rtcc.o
 .debug_loc     0x000081b6      0x19b ./gecko_sdk_4.4.6/platform/emlib/src/em_system.o
 .debug_loc     0x00008351      0xab0 ./gecko_sdk_4.4.6/platform/emlib/src/em_usart.o
 .debug_loc     0x00008e01       0x2c ./gecko_sdk_4.4.6/platform/service/device_init/src/sl_device_init_dcdc_s1.o
 .debug_loc     0x00008e2d       0x2c ./gecko_sdk_4.4.6/platform/service/device_init/src/sl_device_init_emu_s1.o
 .debug_loc     0x00008e59       0x77 ./gecko_sdk_4.4.6/platform/service/device_init/src/sl_device_init_hfxo_s1.o
 .debug_loc     0x00008ed0       0x2c ./gecko_sdk_4.4.6/platform/service/device_init/src/sl_device_init_lfxo_s1.o
 .debug_loc     0x00008efc       0x79 ./gecko_sdk_4.4.6/platform/service/device_init/src/sl_device_init_nvic.o
 .debug_loc     0x00008f75     0x1981 ./gecko_sdk_4.4.6/platform/service/sleeptimer/src/sl_sleeptimer.o
 .debug_loc     0x0000a8f6      0x518 ./gecko_sdk_4.4.6/platform/service/sleeptimer/src/sl_sleeptimer_hal_rtcc.o
 .debug_loc     0x0000ae0e       0x2c ./gecko_sdk_4.4.6/platform/service/system/src/sl_system_init.o
 .debug_loc     0x0000ae3a       0x2c ./gecko_sdk_4.4.6/platform/service/system/src/sl_system_process_action.o
 .debug_loc     0x0000ae66      0x1a5 ./gecko_sdk_4.4.6/platform/service/udelay/src/sl_udelay.o

.debug_aranges  0x00000000      0xc90
 .debug_aranges
                0x00000000       0x28 ./app.o
 .debug_aranges
                0x00000028       0x20 ./main.o
 .debug_aranges
                0x00000048       0x48 ./nv_usart.o
 .debug_aranges
                0x00000090       0x20 ./autogen/sl_board_default_init.o
 .debug_aranges
                0x000000b0       0x20 ./autogen/sl_device_init_clocks.o
 .debug_aranges
                0x000000d0       0x60 ./autogen/sl_event_handler.o
 .debug_aranges
                0x00000130       0x70 ./gecko_sdk_4.4.6/hardware/board/src/sl_board_control_gpio.o
 .debug_aranges
                0x000001a0       0x28 ./gecko_sdk_4.4.6/hardware/board/src/sl_board_init.o
 .debug_aranges
                0x000001c8       0x38 ./gecko_sdk_4.4.6/hardware/driver/configuration_over_swo/src/sl_cos.o
 .debug_aranges
                0x00000200       0x30 ./gecko_sdk_4.4.6/hardware/driver/mx25_flash_shutdown/src/sl_mx25_flash_shutdown_usart/sl_mx25_flash_shutdown.o
 .debug_aranges
                0x00000230       0x28 ./gecko_sdk_4.4.6/platform/Device/SiliconLabs/EFR32MG12P/Source/startup_efr32mg12p.o
 .debug_aranges
                0x00000258       0x68 ./gecko_sdk_4.4.6/platform/Device/SiliconLabs/EFR32MG12P/Source/system_efr32mg12p.o
 .debug_aranges
                0x000002c0       0x20 ./gecko_sdk_4.4.6/platform/common/src/sl_assert.o
 .debug_aranges
                0x000002e0       0x68 ./gecko_sdk_4.4.6/platform/common/src/sl_syscalls.o
 .debug_aranges
                0x00000348       0x30 ./gecko_sdk_4.4.6/platform/common/toolchain/src/sl_memory.o
 .debug_aranges
                0x00000378       0x48 ./gecko_sdk_4.4.6/platform/driver/debug/src/sl_debug_swo.o
 .debug_aranges
                0x000003c0      0x1b8 ./gecko_sdk_4.4.6/platform/emlib/src/em_cmu.o
 .debug_aranges
                0x00000578       0xe8 ./gecko_sdk_4.4.6/platform/emlib/src/em_core.o
 .debug_aranges
                0x00000660      0x188 ./gecko_sdk_4.4.6/platform/emlib/src/em_emu.o
 .debug_aranges
                0x000007e8       0x70 ./gecko_sdk_4.4.6/platform/emlib/src/em_gpio.o
 .debug_aranges
                0x00000858       0x40 ./gecko_sdk_4.4.6/platform/emlib/src/em_rtcc.o
 .debug_aranges
                0x00000898       0x78 ./gecko_sdk_4.4.6/platform/emlib/src/em_system.o
 .debug_aranges
                0x00000910       0xb8 ./gecko_sdk_4.4.6/platform/emlib/src/em_usart.o
 .debug_aranges
                0x000009c8       0x20 ./gecko_sdk_4.4.6/platform/service/device_init/src/sl_device_init_dcdc_s1.o
 .debug_aranges
                0x000009e8       0x20 ./gecko_sdk_4.4.6/platform/service/device_init/src/sl_device_init_emu_s1.o
 .debug_aranges
                0x00000a08       0x20 ./gecko_sdk_4.4.6/platform/service/device_init/src/sl_device_init_hfxo_s1.o
 .debug_aranges
                0x00000a28       0x20 ./gecko_sdk_4.4.6/platform/service/device_init/src/sl_device_init_lfxo_s1.o
 .debug_aranges
                0x00000a48       0x20 ./gecko_sdk_4.4.6/platform/service/device_init/src/sl_device_init_nvic.o
 .debug_aranges
                0x00000a68      0x120 ./gecko_sdk_4.4.6/platform/service/sleeptimer/src/sl_sleeptimer.o
 .debug_aranges
                0x00000b88       0x88 ./gecko_sdk_4.4.6/platform/service/sleeptimer/src/sl_sleeptimer_hal_rtcc.o
 .debug_aranges
                0x00000c10       0x20 ./gecko_sdk_4.4.6/platform/service/system/src/sl_system_init.o
 .debug_aranges
                0x00000c30       0x20 ./gecko_sdk_4.4.6/platform/service/system/src/sl_system_process_action.o
 .debug_aranges
                0x00000c50       0x20 ./gecko_sdk_4.4.6/platform/service/udelay/src/sl_udelay.o
 .debug_aranges
                0x00000c70       0x20 ./gecko_sdk_4.4.6/platform/service/udelay/src/sl_udelay_armv6m_gcc.o

.debug_ranges   0x00000000     0x1380
 .debug_ranges  0x00000000       0x30 ./app.o
 .debug_ranges  0x00000030       0x10 ./main.o
 .debug_ranges  0x00000040       0x38 ./nv_usart.o
 .debug_ranges  0x00000078       0x10 ./autogen/sl_board_default_init.o
 .debug_ranges  0x00000088       0x10 ./autogen/sl_device_init_clocks.o
 .debug_ranges  0x00000098       0x50 ./autogen/sl_event_handler.o
 .debug_ranges  0x000000e8       0x60 ./gecko_sdk_4.4.6/hardware/board/src/sl_board_control_gpio.o
 .debug_ranges  0x00000148       0x18 ./gecko_sdk_4.4.6/hardware/board/src/sl_board_init.o
 .debug_ranges  0x00000160       0x40 ./gecko_sdk_4.4.6/hardware/driver/configuration_over_swo/src/sl_cos.o
 .debug_ranges  0x000001a0       0x20 ./gecko_sdk_4.4.6/hardware/driver/mx25_flash_shutdown/src/sl_mx25_flash_shutdown_usart/sl_mx25_flash_shutdown.o
 .debug_ranges  0x000001c0       0x80 ./gecko_sdk_4.4.6/platform/Device/SiliconLabs/EFR32MG12P/Source/startup_efr32mg12p.o
 .debug_ranges  0x00000240       0x58 ./gecko_sdk_4.4.6/platform/Device/SiliconLabs/EFR32MG12P/Source/system_efr32mg12p.o
 .debug_ranges  0x00000298       0x10 ./gecko_sdk_4.4.6/platform/common/src/sl_assert.o
 .debug_ranges  0x000002a8       0x58 ./gecko_sdk_4.4.6/platform/common/src/sl_syscalls.o
 .debug_ranges  0x00000300       0x20 ./gecko_sdk_4.4.6/platform/common/toolchain/src/sl_memory.o
 .debug_ranges  0x00000320       0x38 ./gecko_sdk_4.4.6/platform/driver/debug/src/sl_debug_swo.o
 .debug_ranges  0x00000358      0x498 ./gecko_sdk_4.4.6/platform/emlib/src/em_cmu.o
 .debug_ranges  0x000007f0      0x198 ./gecko_sdk_4.4.6/platform/emlib/src/em_core.o
 .debug_ranges  0x00000988      0x468 ./gecko_sdk_4.4.6/platform/emlib/src/em_emu.o
 .debug_ranges  0x00000df0       0xd0 ./gecko_sdk_4.4.6/platform/emlib/src/em_gpio.o
 .debug_ranges  0x00000ec0       0x48 ./gecko_sdk_4.4.6/platform/emlib/src/em_rtcc.o
 .debug_ranges  0x00000f08       0x68 ./gecko_sdk_4.4.6/platform/emlib/src/em_system.o
 .debug_ranges  0x00000f70       0xa8 ./gecko_sdk_4.4.6/platform/emlib/src/em_usart.o
 .debug_ranges  0x00001018       0x10 ./gecko_sdk_4.4.6/platform/service/device_init/src/sl_device_init_dcdc_s1.o
 .debug_ranges  0x00001028       0x10 ./gecko_sdk_4.4.6/platform/service/device_init/src/sl_device_init_emu_s1.o
 .debug_ranges  0x00001038       0x10 ./gecko_sdk_4.4.6/platform/service/device_init/src/sl_device_init_hfxo_s1.o
 .debug_ranges  0x00001048       0x10 ./gecko_sdk_4.4.6/platform/service/device_init/src/sl_device_init_lfxo_s1.o
 .debug_ranges  0x00001058       0x60 ./gecko_sdk_4.4.6/platform/service/device_init/src/sl_device_init_nvic.o
 .debug_ranges  0x000010b8      0x1a0 ./gecko_sdk_4.4.6/platform/service/sleeptimer/src/sl_sleeptimer.o
 .debug_ranges  0x00001258       0xf8 ./gecko_sdk_4.4.6/platform/service/sleeptimer/src/sl_sleeptimer_hal_rtcc.o
 .debug_ranges  0x00001350       0x10 ./gecko_sdk_4.4.6/platform/service/system/src/sl_system_init.o
 .debug_ranges  0x00001360       0x10 ./gecko_sdk_4.4.6/platform/service/system/src/sl_system_process_action.o
 .debug_ranges  0x00001370       0x10 ./gecko_sdk_4.4.6/platform/service/udelay/src/sl_udelay.o

.debug_line     0x00000000     0xba8b
 .debug_line    0x00000000      0x1f7 ./app.o
 .debug_line    0x000001f7       0xc0 ./main.o
 .debug_line    0x000002b7      0x3fe ./nv_usart.o
 .debug_line    0x000006b5      0x19e ./autogen/sl_board_default_init.o
 .debug_line    0x00000853      0x214 ./autogen/sl_device_init_clocks.o
 .debug_line    0x00000a67      0x4fc ./autogen/sl_event_handler.o
 .debug_line    0x00000f63      0x3cb ./gecko_sdk_4.4.6/hardware/board/src/sl_board_control_gpio.o
 .debug_line    0x0000132e      0x1ff ./gecko_sdk_4.4.6/hardware/board/src/sl_board_init.o
 .debug_line    0x0000152d      0x3fc ./gecko_sdk_4.4.6/hardware/driver/configuration_over_swo/src/sl_cos.o
 .debug_line    0x00001929      0x397 ./gecko_sdk_4.4.6/hardware/driver/mx25_flash_shutdown/src/sl_mx25_flash_shutdown_usart/sl_mx25_flash_shutdown.o
 .debug_line    0x00001cc0      0x27c ./gecko_sdk_4.4.6/platform/Device/SiliconLabs/EFR32MG12P/Source/startup_efr32mg12p.o
 .debug_line    0x00001f3c      0x3a3 ./gecko_sdk_4.4.6/platform/Device/SiliconLabs/EFR32MG12P/Source/system_efr32mg12p.o
 .debug_line    0x000022df       0x7f ./gecko_sdk_4.4.6/platform/common/src/sl_assert.o
 .debug_line    0x0000235e      0x17f ./gecko_sdk_4.4.6/platform/common/src/sl_syscalls.o
 .debug_line    0x000024dd      0x283 ./gecko_sdk_4.4.6/platform/common/toolchain/src/sl_memory.o
 .debug_line    0x00002760      0x535 ./gecko_sdk_4.4.6/platform/driver/debug/src/sl_debug_swo.o
 .debug_line    0x00002c95     0x26a3 ./gecko_sdk_4.4.6/platform/emlib/src/em_cmu.o
 .debug_line    0x00005338      0x99f ./gecko_sdk_4.4.6/platform/emlib/src/em_core.o
 .debug_line    0x00005cd7     0x1c71 ./gecko_sdk_4.4.6/platform/emlib/src/em_emu.o
 .debug_line    0x00007948      0x6b8 ./gecko_sdk_4.4.6/platform/emlib/src/em_gpio.o
 .debug_line    0x00008000      0x4b7 ./gecko_sdk_4.4.6/platform/emlib/src/em_rtcc.o
 .debug_line    0x000084b7      0x420 ./gecko_sdk_4.4.6/platform/emlib/src/em_system.o
 .debug_line    0x000088d7      0xb4b ./gecko_sdk_4.4.6/platform/emlib/src/em_usart.o
 .debug_line    0x00009422      0x1c5 ./gecko_sdk_4.4.6/platform/service/device_init/src/sl_device_init_dcdc_s1.o
 .debug_line    0x000095e7      0x1e0 ./gecko_sdk_4.4.6/platform/service/device_init/src/sl_device_init_emu_s1.o
 .debug_line    0x000097c7      0x271 ./gecko_sdk_4.4.6/platform/service/device_init/src/sl_device_init_hfxo_s1.o
 .debug_line    0x00009a38      0x1d6 ./gecko_sdk_4.4.6/platform/service/device_init/src/sl_device_init_lfxo_s1.o
 .debug_line    0x00009c0e      0x2a3 ./gecko_sdk_4.4.6/platform/service/device_init/src/sl_device_init_nvic.o
 .debug_line    0x00009eb1      0xfd1 ./gecko_sdk_4.4.6/platform/service/sleeptimer/src/sl_sleeptimer.o
 .debug_line    0x0000ae82      0x7b6 ./gecko_sdk_4.4.6/platform/service/sleeptimer/src/sl_sleeptimer_hal_rtcc.o
 .debug_line    0x0000b638       0xd1 ./gecko_sdk_4.4.6/platform/service/system/src/sl_system_init.o
 .debug_line    0x0000b709       0xda ./gecko_sdk_4.4.6/platform/service/system/src/sl_system_process_action.o
 .debug_line    0x0000b7e3      0x236 ./gecko_sdk_4.4.6/platform/service/udelay/src/sl_udelay.o
 .debug_line    0x0000ba19       0x72 ./gecko_sdk_4.4.6/platform/service/udelay/src/sl_udelay_armv6m_gcc.o

.debug_str      0x00000000     0x6820
 .debug_str     0x00000000      0x1d4 ./app.o
                                0x23a (size before relaxing)
 .debug_str     0x000001d4       0x37 ./main.o
                                0x17d (size before relaxing)
 .debug_str     0x0000020b      0xd84 ./nv_usart.o
                                0xfc7 (size before relaxing)
 .debug_str     0x00000f8f       0x5b ./autogen/sl_board_default_init.o
                                0x21d (size before relaxing)
 .debug_str     0x00000fea      0x34d ./autogen/sl_device_init_clocks.o
                                0x89e (size before relaxing)
 .debug_str     0x00001337      0x277 ./autogen/sl_event_handler.o
                                0x740 (size before relaxing)
 .debug_str     0x000015ae      0x287 ./gecko_sdk_4.4.6/hardware/board/src/sl_board_control_gpio.o
                                0x6dd (size before relaxing)
 .debug_str     0x00001835       0x47 ./gecko_sdk_4.4.6/hardware/board/src/sl_board_init.o
                                0x53b (size before relaxing)
 .debug_str     0x0000187c      0x1bf ./gecko_sdk_4.4.6/hardware/driver/configuration_over_swo/src/sl_cos.o
                                0x3db (size before relaxing)
 .debug_str     0x00001a3b      0x237 ./gecko_sdk_4.4.6/hardware/driver/mx25_flash_shutdown/src/sl_mx25_flash_shutdown_usart/sl_mx25_flash_shutdown.o
                                0xc05 (size before relaxing)
 .debug_str     0x00001c72      0x145 ./gecko_sdk_4.4.6/platform/Device/SiliconLabs/EFR32MG12P/Source/startup_efr32mg12p.o
                                0x30e (size before relaxing)
 .debug_str     0x00001db7      0x18d ./gecko_sdk_4.4.6/platform/Device/SiliconLabs/EFR32MG12P/Source/system_efr32mg12p.o
                                0x683 (size before relaxing)
 .debug_str     0x00001f44       0x37 ./gecko_sdk_4.4.6/platform/common/src/sl_assert.o
                                0x170 (size before relaxing)
 .debug_str     0x00001f7b       0x7f ./gecko_sdk_4.4.6/platform/common/src/sl_syscalls.o
                                0x250 (size before relaxing)
 .debug_str     0x00001ffa       0xd1 ./gecko_sdk_4.4.6/platform/common/toolchain/src/sl_memory.o
                                0x2aa (size before relaxing)
 .debug_str     0x000020cb      0x254 ./gecko_sdk_4.4.6/platform/driver/debug/src/sl_debug_swo.o
                                0xba3 (size before relaxing)
 .debug_str     0x0000231f     0x125b ./gecko_sdk_4.4.6/platform/emlib/src/em_cmu.o
                               0x1cef (size before relaxing)
 .debug_str     0x0000357a      0x35d ./gecko_sdk_4.4.6/platform/emlib/src/em_core.o
                                0x91f (size before relaxing)
 .debug_str     0x000038d7     0x1045 ./gecko_sdk_4.4.6/platform/emlib/src/em_emu.o
                               0x20cc (size before relaxing)
 .debug_str     0x0000491c      0x128 ./gecko_sdk_4.4.6/platform/emlib/src/em_gpio.o
                                0x832 (size before relaxing)
 .debug_str     0x00004a44      0x520 ./gecko_sdk_4.4.6/platform/emlib/src/em_rtcc.o
                                0xa1f (size before relaxing)
 .debug_str     0x00004f64      0x891 ./gecko_sdk_4.4.6/platform/emlib/src/em_system.o
                                0xe7f (size before relaxing)
 .debug_str     0x000057f5      0x3d7 ./gecko_sdk_4.4.6/platform/emlib/src/em_usart.o
                                0xde5 (size before relaxing)
 .debug_str     0x00005bcc       0x47 ./gecko_sdk_4.4.6/platform/service/device_init/src/sl_device_init_dcdc_s1.o
                                0x45e (size before relaxing)
 .debug_str     0x00005c13       0x4f ./gecko_sdk_4.4.6/platform/service/device_init/src/sl_device_init_emu_s1.o
                                0x37f (size before relaxing)
 .debug_str     0x00005c62       0x47 ./gecko_sdk_4.4.6/platform/service/device_init/src/sl_device_init_hfxo_s1.o
                                0x7b5 (size before relaxing)
 .debug_str     0x00005ca9       0x47 ./gecko_sdk_4.4.6/platform/service/device_init/src/sl_device_init_lfxo_s1.o
                                0x316 (size before relaxing)
 .debug_str     0x00005cf0       0x60 ./gecko_sdk_4.4.6/platform/service/device_init/src/sl_device_init_nvic.o
                                0x615 (size before relaxing)
 .debug_str     0x00005d50      0x81e ./gecko_sdk_4.4.6/platform/service/sleeptimer/src/sl_sleeptimer.o
                                0xbcd (size before relaxing)
 .debug_str     0x0000656e      0x182 ./gecko_sdk_4.4.6/platform/service/sleeptimer/src/sl_sleeptimer_hal_rtcc.o
                               0x113a (size before relaxing)
 .debug_str     0x000066f0       0x3a ./gecko_sdk_4.4.6/platform/service/system/src/sl_system_init.o
                                0x1c6 (size before relaxing)
 .debug_str     0x0000672a       0x44 ./gecko_sdk_4.4.6/platform/service/system/src/sl_system_process_action.o
                                0x1f3 (size before relaxing)
 .debug_str     0x0000676e       0x64 ./gecko_sdk_4.4.6/platform/service/udelay/src/sl_udelay.o
                                0x257 (size before relaxing)
 .debug_str     0x000067d2       0x4e ./gecko_sdk_4.4.6/platform/service/udelay/src/sl_udelay_armv6m_gcc.o
                                 0xa0 (size before relaxing)

.debug_frame    0x00000000     0x201c
 .debug_frame   0x00000000       0x40 ./app.o
 .debug_frame   0x00000040       0x28 ./main.o
 .debug_frame   0x00000068       0x80 ./nv_usart.o
 .debug_frame   0x000000e8       0x20 ./autogen/sl_board_default_init.o
 .debug_frame   0x00000108       0x2c ./autogen/sl_device_init_clocks.o
 .debug_frame   0x00000134       0xc8 ./autogen/sl_event_handler.o
 .debug_frame   0x000001fc      0x110 ./gecko_sdk_4.4.6/hardware/board/src/sl_board_control_gpio.o
 .debug_frame   0x0000030c       0x3c ./gecko_sdk_4.4.6/hardware/board/src/sl_board_init.o
 .debug_frame   0x00000348       0x84 ./gecko_sdk_4.4.6/hardware/driver/configuration_over_swo/src/sl_cos.o
 .debug_frame   0x000003cc       0x54 ./gecko_sdk_4.4.6/hardware/driver/mx25_flash_shutdown/src/sl_mx25_flash_shutdown_usart/sl_mx25_flash_shutdown.o
 .debug_frame   0x00000420       0x38 ./gecko_sdk_4.4.6/platform/Device/SiliconLabs/EFR32MG12P/Source/startup_efr32mg12p.o
 .debug_frame   0x00000458       0xb8 ./gecko_sdk_4.4.6/platform/Device/SiliconLabs/EFR32MG12P/Source/system_efr32mg12p.o
 .debug_frame   0x00000510       0x20 ./gecko_sdk_4.4.6/platform/common/src/sl_assert.o
 .debug_frame   0x00000530       0xb0 ./gecko_sdk_4.4.6/platform/common/src/sl_syscalls.o
 .debug_frame   0x000005e0       0x40 ./gecko_sdk_4.4.6/platform/common/toolchain/src/sl_memory.o
 .debug_frame   0x00000620       0x9c ./gecko_sdk_4.4.6/platform/driver/debug/src/sl_debug_swo.o
 .debug_frame   0x000006bc      0x5a4 ./gecko_sdk_4.4.6/platform/emlib/src/em_cmu.o
 .debug_frame   0x00000c60      0x240 ./gecko_sdk_4.4.6/platform/emlib/src/em_core.o
 .debug_frame   0x00000ea0      0x454 ./gecko_sdk_4.4.6/platform/emlib/src/em_emu.o
 .debug_frame   0x000012f4      0x190 ./gecko_sdk_4.4.6/platform/emlib/src/em_gpio.o
 .debug_frame   0x00001484       0x74 ./gecko_sdk_4.4.6/platform/emlib/src/em_rtcc.o
 .debug_frame   0x000014f8       0xe0 ./gecko_sdk_4.4.6/platform/emlib/src/em_system.o
 .debug_frame   0x000015d8      0x1ec ./gecko_sdk_4.4.6/platform/emlib/src/em_usart.o
 .debug_frame   0x000017c4       0x30 ./gecko_sdk_4.4.6/platform/service/device_init/src/sl_device_init_dcdc_s1.o
 .debug_frame   0x000017f4       0x2c ./gecko_sdk_4.4.6/platform/service/device_init/src/sl_device_init_emu_s1.o
 .debug_frame   0x00001820       0x34 ./gecko_sdk_4.4.6/platform/service/device_init/src/sl_device_init_hfxo_s1.o
 .debug_frame   0x00001854       0x28 ./gecko_sdk_4.4.6/platform/service/device_init/src/sl_device_init_lfxo_s1.o
 .debug_frame   0x0000187c       0x28 ./gecko_sdk_4.4.6/platform/service/device_init/src/sl_device_init_nvic.o
 .debug_frame   0x000018a4      0x3ac ./gecko_sdk_4.4.6/platform/service/sleeptimer/src/sl_sleeptimer.o
 .debug_frame   0x00001c50      0x124 ./gecko_sdk_4.4.6/platform/service/sleeptimer/src/sl_sleeptimer_hal_rtcc.o
 .debug_frame   0x00001d74       0x2c ./gecko_sdk_4.4.6/platform/service/system/src/sl_system_init.o
 .debug_frame   0x00001da0       0x2c ./gecko_sdk_4.4.6/platform/service/system/src/sl_system_process_action.o
 .debug_frame   0x00001dcc       0x38 ./gecko_sdk_4.4.6/platform/service/udelay/src/sl_udelay.o
 .debug_frame   0x00001e04       0x2c d:/simplicitystudio-5/developer/toolchains/gnu_arm/12.2.rel1_2023.7/bin/../lib/gcc/arm-none-eabi/12.2.1/thumb/v7e-m+fp/softfp\libgcc.a(_aeabi_uldivmod.o)
 .debug_frame   0x00001e30       0x34 d:/simplicitystudio-5/developer/toolchains/gnu_arm/12.2.rel1_2023.7/bin/../lib/gcc/arm-none-eabi/12.2.1/thumb/v7e-m+fp/softfp\libgcc.a(_udivmoddi4.o)
 .debug_frame   0x00001e64       0x28 d:/simplicitystudio-5/developer/toolchains/gnu_arm/12.2.rel1_2023.7/bin/../lib/gcc/arm-none-eabi/12.2.1/thumb/v7e-m+fp/softfp\libc_nano.a(libc_a-exit.o)
 .debug_frame   0x00001e8c      0x144 d:/simplicitystudio-5/developer/toolchains/gnu_arm/12.2.rel1_2023.7/bin/../lib/gcc/arm-none-eabi/12.2.1/thumb/v7e-m+fp/softfp\libc_nano.a(libc_a-findfp.o)
 .debug_frame   0x00001fd0       0x20 d:/simplicitystudio-5/developer/toolchains/gnu_arm/12.2.rel1_2023.7/bin/../lib/gcc/arm-none-eabi/12.2.1/thumb/v7e-m+fp/softfp\libc_nano.a(libc_a-memset.o)
 .debug_frame   0x00001ff0       0x2c d:/simplicitystudio-5/developer/toolchains/gnu_arm/12.2.rel1_2023.7/bin/../lib/gcc/arm-none-eabi/12.2.1/thumb/v7e-m+fp/softfp\libc_nano.a(libc_a-init.o)
