Archive member included to satisfy reference by file (symbol)

d:/simplicitystudio-5/developer/toolchains/gnu_arm/12.2.rel1_2023.7/bin/../lib/gcc/arm-none-eabi/12.2.1/thumb/v8-m.main+fp/hard\libgcc.a(_arm_addsubdf3.o)
                              ./nv_optical_flow.o (__aeabi_f2d)
d:/simplicitystudio-5/developer/toolchains/gnu_arm/12.2.rel1_2023.7/bin/../lib/gcc/arm-none-eabi/12.2.1/thumb/v8-m.main+fp/hard\libgcc.a(_arm_cmpdf2.o)
                              ./nv_optical_flow.o (__aeabi_dcmplt)
d:/simplicitystudio-5/developer/toolchains/gnu_arm/12.2.rel1_2023.7/bin/../lib/gcc/arm-none-eabi/12.2.1/thumb/v8-m.main+fp/hard\libgcc.a(_aeabi_ldivmod.o)
                              ./gecko_sdk_4.4.6/platform/emlib/src/em_eusart.o (__aeabi_ldivmod)
d:/simplicitystudio-5/developer/toolchains/gnu_arm/12.2.rel1_2023.7/bin/../lib/gcc/arm-none-eabi/12.2.1/thumb/v8-m.main+fp/hard\libgcc.a(_aeabi_uldivmod.o)
                              ./gecko_sdk_4.4.6/platform/emlib/src/em_eusart.o (__aeabi_uldivmod)
d:/simplicitystudio-5/developer/toolchains/gnu_arm/12.2.rel1_2023.7/bin/../lib/gcc/arm-none-eabi/12.2.1/thumb/v8-m.main+fp/hard\libgcc.a(_udivmoddi4.o)
                              d:/simplicitystudio-5/developer/toolchains/gnu_arm/12.2.rel1_2023.7/bin/../lib/gcc/arm-none-eabi/12.2.1/thumb/v8-m.main+fp/hard\libgcc.a(_aeabi_ldivmod.o) (__udivmoddi4)
d:/simplicitystudio-5/developer/toolchains/gnu_arm/12.2.rel1_2023.7/bin/../lib/gcc/arm-none-eabi/12.2.1/thumb/v8-m.main+fp/hard\libgcc.a(_dvmd_tls.o)
                              d:/simplicitystudio-5/developer/toolchains/gnu_arm/12.2.rel1_2023.7/bin/../lib/gcc/arm-none-eabi/12.2.1/thumb/v8-m.main+fp/hard\libgcc.a(_aeabi_ldivmod.o) (__aeabi_ldiv0)
d:/simplicitystudio-5/developer/toolchains/gnu_arm/12.2.rel1_2023.7/bin/../lib/gcc/arm-none-eabi/12.2.1/thumb/v8-m.main+fp/hard\libc_nano.a(libc_a-abs.o)
                              ./nv_optical_flow.o (abs)
d:/simplicitystudio-5/developer/toolchains/gnu_arm/12.2.rel1_2023.7/bin/../lib/gcc/arm-none-eabi/12.2.1/thumb/v8-m.main+fp/hard\libc_nano.a(libc_a-exit.o)
                              d:/simplicitystudio-5/developer/toolchains/gnu_arm/12.2.rel1_2023.7/bin/../lib/gcc/arm-none-eabi/12.2.1/thumb/v8-m.main+fp/hard/crt0.o (exit)
d:/simplicitystudio-5/developer/toolchains/gnu_arm/12.2.rel1_2023.7/bin/../lib/gcc/arm-none-eabi/12.2.1/thumb/v8-m.main+fp/hard\libc_nano.a(libc_a-malloc.o)
                              ./nv_optical_flow.o (malloc)
d:/simplicitystudio-5/developer/toolchains/gnu_arm/12.2.rel1_2023.7/bin/../lib/gcc/arm-none-eabi/12.2.1/thumb/v8-m.main+fp/hard\libc_nano.a(libc_a-mallocr.o)
                              d:/simplicitystudio-5/developer/toolchains/gnu_arm/12.2.rel1_2023.7/bin/../lib/gcc/arm-none-eabi/12.2.1/thumb/v8-m.main+fp/hard\libc_nano.a(libc_a-malloc.o) (_malloc_r)
d:/simplicitystudio-5/developer/toolchains/gnu_arm/12.2.rel1_2023.7/bin/../lib/gcc/arm-none-eabi/12.2.1/thumb/v8-m.main+fp/hard\libc_nano.a(libc_a-mlock.o)
                              d:/simplicitystudio-5/developer/toolchains/gnu_arm/12.2.rel1_2023.7/bin/../lib/gcc/arm-none-eabi/12.2.1/thumb/v8-m.main+fp/hard\libc_nano.a(libc_a-mallocr.o) (__malloc_lock)
d:/simplicitystudio-5/developer/toolchains/gnu_arm/12.2.rel1_2023.7/bin/../lib/gcc/arm-none-eabi/12.2.1/thumb/v8-m.main+fp/hard\libc_nano.a(libc_a-findfp.o)
                              d:/simplicitystudio-5/developer/toolchains/gnu_arm/12.2.rel1_2023.7/bin/../lib/gcc/arm-none-eabi/12.2.1/thumb/v8-m.main+fp/hard\libc_nano.a(libc_a-exit.o) (__stdio_exit_handler)
d:/simplicitystudio-5/developer/toolchains/gnu_arm/12.2.rel1_2023.7/bin/../lib/gcc/arm-none-eabi/12.2.1/thumb/v8-m.main+fp/hard\libc_nano.a(libc_a-fwalk.o)
                              d:/simplicitystudio-5/developer/toolchains/gnu_arm/12.2.rel1_2023.7/bin/../lib/gcc/arm-none-eabi/12.2.1/thumb/v8-m.main+fp/hard\libc_nano.a(libc_a-findfp.o) (_fwalk_sglue)
d:/simplicitystudio-5/developer/toolchains/gnu_arm/12.2.rel1_2023.7/bin/../lib/gcc/arm-none-eabi/12.2.1/thumb/v8-m.main+fp/hard\libc_nano.a(libc_a-stdio.o)
                              d:/simplicitystudio-5/developer/toolchains/gnu_arm/12.2.rel1_2023.7/bin/../lib/gcc/arm-none-eabi/12.2.1/thumb/v8-m.main+fp/hard\libc_nano.a(libc_a-findfp.o) (__sread)
d:/simplicitystudio-5/developer/toolchains/gnu_arm/12.2.rel1_2023.7/bin/../lib/gcc/arm-none-eabi/12.2.1/thumb/v8-m.main+fp/hard\libc_nano.a(libc_a-memset.o)
                              d:/simplicitystudio-5/developer/toolchains/gnu_arm/12.2.rel1_2023.7/bin/../lib/gcc/arm-none-eabi/12.2.1/thumb/v8-m.main+fp/hard/crt0.o (memset)
d:/simplicitystudio-5/developer/toolchains/gnu_arm/12.2.rel1_2023.7/bin/../lib/gcc/arm-none-eabi/12.2.1/thumb/v8-m.main+fp/hard\libc_nano.a(libc_a-closer.o)
                              d:/simplicitystudio-5/developer/toolchains/gnu_arm/12.2.rel1_2023.7/bin/../lib/gcc/arm-none-eabi/12.2.1/thumb/v8-m.main+fp/hard\libc_nano.a(libc_a-stdio.o) (_close_r)
[...]
Memory Configuration

Name             Origin             Length             Attributes
FLASH            0x08000000         0x0017e000         xr
RAM              0x20000000         0x00040000         xrw
*default*        0x00000000         0xffffffff

Linker script and memory map

LOAD d:/simplicitystudio-5/developer/toolchains/gnu_arm/12.2.rel1_2023.7/bin/../lib/gcc/arm-none-eabi/12.2.1/thumb/v8-m.main+fp/hard/crti.o
LOAD d:/simplicitystudio-5/developer/toolchains/gnu_arm/12.2.rel1_2023.7/bin/../lib/gcc/arm-none-eabi/12.2.1/thumb/v8-m.main+fp/hard/crtbegin.o
LOAD d:/simplicitystudio-5/developer/toolchains/gnu_arm/12.2.rel1_2023.7/bin/../lib/gcc/arm-none-eabi/12.2.1/thumb/v8-m.main+fp/hard/crt0.o
START GROUP
LOAD ./app.o
LOAD ./main.o
LOAD ./nv_eusart.o
LOAD ./nv_optical_flow.o
LOAD ./autogen/sl_board_default_init.o
LOAD ./autogen/sl_device_init_clocks.o
LOAD ./autogen/sl_event_handler.o
LOAD ./gecko_sdk_4.4.6/hardware/board/src/sl_board_control_gpio.o
LOAD ./gecko_sdk_4.4.6/hardware/board/src/sl_board_init.o
LOAD ./gecko_sdk_4.4.6/hardware/driver/mx25_flash_shutdown/src/sl_mx25_flash_shutdown_usart/sl_mx25_flash_shutdown.o
LOAD ./gecko_sdk_4.4.6/platform/Device/SiliconLabs/EFR32MG24/Source/startup_efr32mg24.o
LOAD ./gecko_sdk_4.4.6/platform/Device/SiliconLabs/EFR32MG24/Source/system_efr32mg24.o
LOAD ./gecko_sdk_4.4.6/platform/common/src/sl_assert.o
LOAD ./gecko_sdk_4.4.6/platform/common/src/sl_syscalls.o
LOAD ./gecko_sdk_4.4.6/platform/common/toolchain/src/sl_memory.o
LOAD ./gecko_sdk_4.4.6/platform/emlib/src/em_burtc.o
LOAD ./gecko_sdk_4.4.6/platform/emlib/src/em_cmu.o
LOAD ./gecko_sdk_4.4.6/platform/emlib/src/em_core.o
LOAD ./gecko_sdk_4.4.6/platform/emlib/src/em_emu.o
LOAD ./gecko_sdk_4.4.6/platform/emlib/src/em_eusart.o
LOAD ./gecko_sdk_4.4.6/platform/emlib/src/em_gpio.o
LOAD ./gecko_sdk_4.4.6/platform/emlib/src/em_msc.o
LOAD ./gecko_sdk_4.4.6/platform/emlib/src/em_prs.o
LOAD ./gecko_sdk_4.4.6/platform/emlib/src/em_system.o
LOAD ./gecko_sdk_4.4.6/platform/emlib/src/em_timer.o
LOAD ./gecko_sdk_4.4.6/platform/emlib/src/em_usart.o
LOAD ./gecko_sdk_4.4.6/platform/peripheral/src/peripheral_sysrtc.o
LOAD ./gecko_sdk_4.4.6/platform/service/device_init/src/sl_device_init_dcdc_s2.o
LOAD ./gecko_sdk_4.4.6/platform/service/device_init/src/sl_device_init_emu_s2.o
LOAD ./gecko_sdk_4.4.6/platform/service/device_init/src/sl_device_init_hfxo_s2.o
LOAD ./gecko_sdk_4.4.6/platform/service/device_init/src/sl_device_init_lfxo_s2.o
LOAD ./gecko_sdk_4.4.6/platform/service/device_init/src/sl_device_init_nvic.o
LOAD ./gecko_sdk_4.4.6/platform/service/sleeptimer/src/sl_sleeptimer.o
LOAD ./gecko_sdk_4.4.6/platform/service/sleeptimer/src/sl_sleeptimer_hal_burtc.o
LOAD ./gecko_sdk_4.4.6/platform/service/sleeptimer/src/sl_sleeptimer_hal_sysrtc.o
LOAD ./gecko_sdk_4.4.6/platform/service/sleeptimer/src/sl_sleeptimer_hal_timer.o
LOAD ./gecko_sdk_4.4.6/platform/service/system/src/sl_system_init.o
LOAD ./gecko_sdk_4.4.6/platform/service/system/src/sl_system_process_action.o
LOAD ./gecko_sdk_4.4.6/platform/service/udelay/src/sl_udelay.o
LOAD ./gecko_sdk_4.4.6/platform/service/udelay/src/sl_udelay_armv6m_gcc.o
LOAD d:/simplicitystudio-5/developer/toolchains/gnu_arm/12.2.rel1_2023.7/bin/../lib/gcc/arm-none-eabi/12.2.1/thumb/v8-m.main+fp/hard\libgcc.a
LOAD d:/simplicitystudio-5/developer/toolchains/gnu_arm/12.2.rel1_2023.7/bin/../lib/gcc/arm-none-eabi/12.2.1/thumb/v8-m.main+fp/hard\libc_nano.a
LOAD d:/simplicitystudio-5/developer/toolchains/gnu_arm/12.2.rel1_2023.7/bin/../lib/gcc/arm-none-eabi/12.2.1/thumb/v8-m.main+fp/hard\libm.a
LOAD d:/simplicitystudio-5/developer/toolchains/gnu_arm/12.2.rel1_2023.7/bin/../lib/gcc/arm-none-eabi/12.2.1/thumb/v8-m.main+fp/hard\libnosys.a
END GROUP
START GROUP
LOAD d:/simplicitystudio-5/developer/toolchains/gnu_arm/12.2.rel1_2023.7/bin/../lib/gcc/arm-none-eabi/12.2.1/thumb/v8-m.main+fp/hard\libgcc.a
LOAD d:/simplicitystudio-5/developer/toolchains/gnu_arm/12.2.rel1_2023.7/bin/../lib/gcc/arm-none-eabi/12.2.1/thumb/v8-m.main+fp/hard\libc_nano.a
LOAD d:/simplicitystudio-5/developer/toolchains/gnu_arm/12.2.rel1_2023.7/bin/../lib/gcc/arm-none-eabi/12.2.1/thumb/v8-m.main+fp/hard\libnosys.a
END GROUP
START GROUP
LOAD d:/simplicitystudio-5/developer/toolchains/gnu_arm/12.2.rel1_2023.7/bin/../lib/gcc/arm-none-eabi/12.2.1/thumb/v8-m.main+fp/hard\libgcc.a
LOAD d:/simplicitystudio-5/developer/toolchains/gnu_arm/12.2.rel1_2023.7/bin/../lib/gcc/arm-none-eabi/12.2.1/thumb/v8-m.main+fp/hard\libg_nano.a
LOAD d:/simplicitystudio-5/developer/toolchains/gnu_arm/12.2.rel1_2023.7/bin/../lib/gcc/arm-none-eabi/12.2.1/thumb/v8-m.main+fp/hard\libc_nano.a
END GROUP
START GROUP
LOAD d:/simplicitystudio-5/developer/toolchains/gnu_arm/12.2.rel1_2023.7/bin/../lib/gcc/arm-none-eabi/12.2.1/thumb/v8-m.main+fp/hard\libgcc.a
LOAD d:/simplicitystudio-5/developer/toolchains/gnu_arm/12.2.rel1_2023.7/bin/../lib/gcc/arm-none-eabi/12.2.1/thumb/v8-m.main+fp/hard\libc_nano.a
END GROUP
LOAD d:/simplicitystudio-5/developer/toolchains/gnu_arm/12.2.rel1_2023.7/bin/../lib/gcc/arm-none-eabi/12.2.1/thumb/v8-m.main+fp/hard/crtend.o
LOAD d:/simplicitystudio-5/developer/toolchains/gnu_arm/12.2.rel1_2023.7/bin/../lib/gcc/arm-none-eabi/12.2.1/thumb/v8-m.main+fp/hard/crtn.o

.text           0x08000000     0x317c
                0x08000000                linker_vectors_begin = .
 *(.vectors)
 .vectors       0x08000000      0x170 ./gecko_sdk_4.4.6/platform/Device/SiliconLabs/EFR32MG24/Source/startup_efr32mg24.o
                0x08000000                __Vectors
                0x08000170                linker_vectors_end = .
                0x08000170                __Vectors_End = .
                0x08000170                __Vectors_Size = (__Vectors_End - __Vectors)
                0x08000170                linker_code_begin = .
 *(SORT_BY_ALIGNMENT(.text*))
 .text          0x08000170        0x8 ./gecko_sdk_4.4.6/platform/service/udelay/src/sl_udelay_armv6m_gcc.o
                0x08000170                sli_delay_loop
 .text.deregister_tm_clones
                0x08000178       0x1c d:/simplicitystudio-5/developer/toolchains/gnu_arm/12.2.rel1_2023.7/bin/../lib/gcc/arm-none-eabi/12.2.1/thumb/v8-m.main+fp/hard/crtbegin.o
 .text.register_tm_clones
                0x08000194       0x28 d:/simplicitystudio-5/developer/toolchains/gnu_arm/12.2.rel1_2023.7/bin/../lib/gcc/arm-none-eabi/12.2.1/thumb/v8-m.main+fp/hard/crtbegin.o
 .text.__do_global_dtors_aux
                0x080001bc       0x28 d:/simplicitystudio-5/developer/toolchains/gnu_arm/12.2.rel1_2023.7/bin/../lib/gcc/arm-none-eabi/12.2.1/thumb/v8-m.main+fp/hard/crtbegin.o
 .text.frame_dummy
                0x080001e4       0x24 d:/simplicitystudio-5/developer/toolchains/gnu_arm/12.2.rel1_2023.7/bin/../lib/gcc/arm-none-eabi/12.2.1/thumb/v8-m.main+fp/hard/crtbegin.o
 .text          0x08000208       0x7c d:/simplicitystudio-5/developer/toolchains/gnu_arm/12.2.rel1_2023.7/bin/../lib/gcc/arm-none-eabi/12.2.1/thumb/v8-m.main+fp/hard/crt0.o
                0x08000208                _stack_init
                0x08000210                _start
                0x08000210                _mainCRTStartup
 .text.app_process_action
                0x08000284       0x20 ./app.o
                0x08000284                app_process_action
 .text.eusart_init
                0x080002a4       0xa0 ./nv_eusart.o
                0x080002a4                eusart_init
 .text.eusart_send
                0x08000344       0x14 ./nv_eusart.o
                0x08000344                eusart_send
 .text.EUSART1_RX_IRQHandler
                0x08000358       0x44 ./nv_eusart.o
                0x08000358                EUSART1_RX_IRQHandler
 .text.EUSART1_TX_IRQHandler
                0x0800039c       0x20 ./nv_eusart.o
                0x0800039c                EUSART1_TX_IRQHandler
 .text.sl_device_init_clocks
                0x080003bc       0xac ./autogen/sl_device_init_clocks.o
                0x080003bc                sl_device_init_clocks
 .text.cs_high  0x08000468       0x10 ./gecko_sdk_4.4.6/hardware/driver/mx25_flash_shutdown/src/sl_mx25_flash_shutdown_usart/sl_mx25_flash_shutdown.o
 .text.cs_low   0x08000478       0x10 ./gecko_sdk_4.4.6/hardware/driver/mx25_flash_shutdown/src/sl_mx25_flash_shutdown_usart/sl_mx25_flash_shutdown.o
 .text.sl_mx25_flash_shutdown
                0x08000488      0x118 ./gecko_sdk_4.4.6/hardware/driver/mx25_flash_shutdown/src/sl_mx25_flash_shutdown_usart/sl_mx25_flash_shutdown.o
                0x08000488                sl_mx25_flash_shutdown
 .text.CopyRamFuncs
                0x080005a0       0x1c ./gecko_sdk_4.4.6/platform/Device/SiliconLabs/EFR32MG24/Source/startup_efr32mg24.o
                0x080005a0                CopyRamFuncs
 .text.Reset_Handler
                0x080005bc       0x64 ./gecko_sdk_4.4.6/platform/Device/SiliconLabs/EFR32MG24/Source/startup_efr32mg24.o
                0x080005bc                Reset_Handler
 .text.SystemInit
                0x08000620       0x68 ./gecko_sdk_4.4.6/platform/Device/SiliconLabs/EFR32MG24/Source/system_efr32mg24.o
                0x08000620                SystemInit
 .text.SystemHFRCODPLLClockGet
                0x08000688        0xc ./gecko_sdk_4.4.6/platform/Device/SiliconLabs/EFR32MG24/Source/system_efr32mg24.o
                0x08000688                SystemHFRCODPLLClockGet
 .text.SystemSYSCLKGet
                0x08000694       0x34 ./gecko_sdk_4.4.6/platform/Device/SiliconLabs/EFR32MG24/Source/system_efr32mg24.o
                0x08000694                SystemSYSCLKGet
 .text.SystemHCLKGet
                0x080006c8       0x24 ./gecko_sdk_4.4.6/platform/Device/SiliconLabs/EFR32MG24/Source/system_efr32mg24.o
                0x080006c8                SystemHCLKGet
 .text.SystemMaxCoreClockGet
                0x080006ec        0x8 ./gecko_sdk_4.4.6/platform/Device/SiliconLabs/EFR32MG24/Source/system_efr32mg24.o
                0x080006ec                SystemMaxCoreClockGet
 .text.SystemHFXOClockGet
                0x080006f4        0xc ./gecko_sdk_4.4.6/platform/Device/SiliconLabs/EFR32MG24/Source/system_efr32mg24.o
                0x080006f4                SystemHFXOClockGet
 .text.SystemHFXOClockSet
                0x08000700       0x20 ./gecko_sdk_4.4.6/platform/Device/SiliconLabs/EFR32MG24/Source/system_efr32mg24.o
                0x08000700                SystemHFXOClockSet
 .text.SystemFSRCOClockGet
                0x08000720        0x8 ./gecko_sdk_4.4.6/platform/Device/SiliconLabs/EFR32MG24/Source/system_efr32mg24.o
                0x08000720                SystemFSRCOClockGet
 .text.SystemHFRCOEM23ClockGet
                0x08000728       0x84 ./gecko_sdk_4.4.6/platform/Device/SiliconLabs/EFR32MG24/Source/system_efr32mg24.o
                0x08000728                SystemHFRCOEM23ClockGet
 .text.SystemLFXOClockGet
                0x080007ac        0xc ./gecko_sdk_4.4.6/platform/Device/SiliconLabs/EFR32MG24/Source/system_efr32mg24.o
                0x080007ac                SystemLFXOClockGet
 .text.EMU_VScaleGet
                0x080007b8       0x18 ./gecko_sdk_4.4.6/platform/emlib/src/em_cmu.o
 .text.traceClkGet
                0x080007d0       0x54 ./gecko_sdk_4.4.6/platform/emlib/src/em_cmu.o
 .text.em01GrpaClkGet
                0x08000824       0x74 ./gecko_sdk_4.4.6/platform/emlib/src/em_cmu.o
 .text.em01GrpcClkGet
                0x08000898       0x70 ./gecko_sdk_4.4.6/platform/emlib/src/em_cmu.o
 .text.iadcClkGet
                0x08000908       0x60 ./gecko_sdk_4.4.6/platform/emlib/src/em_cmu.o
 .text.eusart0ClkGet
                0x08000968       0x74 ./gecko_sdk_4.4.6/platform/emlib/src/em_cmu.o
 .text.em23GrpaClkGet
                0x080009dc       0x48 ./gecko_sdk_4.4.6/platform/emlib/src/em_cmu.o
 .text.vdac0ClkGet
                0x08000a24       0x70 ./gecko_sdk_4.4.6/platform/emlib/src/em_cmu.o
 .text.vdac1ClkGet
                0x08000a94       0x70 ./gecko_sdk_4.4.6/platform/emlib/src/em_cmu.o
 .text.pcnt0ClkGet
                0x08000b04       0x4c ./gecko_sdk_4.4.6/platform/emlib/src/em_cmu.o
 .text.wdog0ClkGet
                0x08000b50       0x64 ./gecko_sdk_4.4.6/platform/emlib/src/em_cmu.o
 .text.wdog1ClkGet
                0x08000bb4       0x64 ./gecko_sdk_4.4.6/platform/emlib/src/em_cmu.o
 .text.sysrtcClkGet
                0x08000c18       0x48 ./gecko_sdk_4.4.6/platform/emlib/src/em_cmu.o
 .text.em4GrpaClkGet
                0x08000c60       0x48 ./gecko_sdk_4.4.6/platform/emlib/src/em_cmu.o
 .text.CMU_ClockDivGet
                0x08000ca8       0x78 ./gecko_sdk_4.4.6/platform/emlib/src/em_cmu.o
                0x08000ca8                CMU_ClockDivGet
 .text.flashWaitStateControl
                0x08000d20       0x58 ./gecko_sdk_4.4.6/platform/emlib/src/em_cmu.o
 .text.CMU_ClockEnable
                0x08000d78       0x50 ./gecko_sdk_4.4.6/platform/emlib/src/em_cmu.o
                0x08000d78                CMU_ClockEnable
 .text.CMU_ClockFreqGet
                0x08000dc8      0x204 ./gecko_sdk_4.4.6/platform/emlib/src/em_cmu.o
                0x08000dc8                CMU_ClockFreqGet
 .text.rhclkPrescOptimize
                0x08000fcc       0x20 ./gecko_sdk_4.4.6/platform/emlib/src/em_cmu.o
 .text.CMU_ClockSelectGet
                0x08000fec      0x22c ./gecko_sdk_4.4.6/platform/emlib/src/em_cmu.o
                0x08000fec                CMU_ClockSelectGet
 .text.sli_em_cmu_HFXOSetForceEnable
                0x08001218       0x1c ./gecko_sdk_4.4.6/platform/emlib/src/em_cmu.o
                0x08001218                sli_em_cmu_HFXOSetForceEnable
 .text.CMU_HFXOInit
                0x08001234      0x224 ./gecko_sdk_4.4.6/platform/emlib/src/em_cmu.o
                0x08001234                CMU_HFXOInit
 .text.CMU_HFXOCTuneDeltaGet
                0x08001458        0xc ./gecko_sdk_4.4.6/platform/emlib/src/em_cmu.o
                0x08001458                CMU_HFXOCTuneDeltaGet
 .text.CMU_LFXOInit
                0x08001464       0xc4 ./gecko_sdk_4.4.6/platform/emlib/src/em_cmu.o
                0x08001464                CMU_LFXOInit
 .text.CMU_LFXOPrecisionSet
                0x08001528        0xc ./gecko_sdk_4.4.6/platform/emlib/src/em_cmu.o
                0x08001528                CMU_LFXOPrecisionSet
 .text.CMU_HFXOPrecisionSet
                0x08001534        0xc ./gecko_sdk_4.4.6/platform/emlib/src/em_cmu.o
                0x08001534                CMU_HFXOPrecisionSet
 .text.CMU_ClockDivSet
                0x08001540      0x12c ./gecko_sdk_4.4.6/platform/emlib/src/em_cmu.o
                0x08001540                CMU_ClockDivSet
 .text.sli_em_cmu_SYSCLKInitPreClockSelect
                0x0800166c       0x20 ./gecko_sdk_4.4.6/platform/emlib/src/em_cmu.o
                0x0800166c                sli_em_cmu_SYSCLKInitPreClockSelect
 .text.pclkDivOptimize
                0x0800168c       0x24 ./gecko_sdk_4.4.6/platform/emlib/src/em_cmu.o
 .text.EMU_DCDCSync
                0x080016b0       0x10 ./gecko_sdk_4.4.6/platform/emlib/src/em_emu.o
 .text.EMU_EM4Init
                0x080016c0       0x14 ./gecko_sdk_4.4.6/platform/emlib/src/em_emu.o
                0x080016c0                EMU_EM4Init
 .text.EMU_VScaleEM01
                0x080016d4       0xa8 ./gecko_sdk_4.4.6/platform/emlib/src/em_emu.o
                0x080016d4                EMU_VScaleEM01
 .text.EMU_VScaleEM01ByClock
                0x0800177c       0x30 ./gecko_sdk_4.4.6/platform/emlib/src/em_emu.o
                0x0800177c                EMU_VScaleEM01ByClock
 .text.EMU_DCDCModeSet
                0x080017ac       0xac ./gecko_sdk_4.4.6/platform/emlib/src/em_emu.o
                0x080017ac                EMU_DCDCModeSet
 .text.EMU_DCDCInit
                0x08001858       0x70 ./gecko_sdk_4.4.6/platform/emlib/src/em_emu.o
                0x08001858                EMU_DCDCInit
 .text.EMU_DCDCSetPFMXModePeakCurrent
                0x080018c8       0x6c ./gecko_sdk_4.4.6/platform/emlib/src/em_emu.o
                0x080018c8                EMU_DCDCSetPFMXModePeakCurrent
 .text.EUSART_Reset
                0x08001934       0x54 ./gecko_sdk_4.4.6/platform/emlib/src/em_eusart.o
                0x08001934                EUSART_Reset
 .text.EUSART_Enable
                0x08001988       0x6c ./gecko_sdk_4.4.6/platform/emlib/src/em_eusart.o
                0x08001988                EUSART_Enable
 .text.EUSART_BaudrateSet
                0x080019f4      0x1cc ./gecko_sdk_4.4.6/platform/emlib/src/em_eusart.o
                0x080019f4                EUSART_BaudrateSet
 .text.EUSART_AsyncInitCommon
                0x08001bc0      0x23c ./gecko_sdk_4.4.6/platform/emlib/src/em_eusart.o
 .text.EUSART_UartInitHf
                0x08001dfc       0x5c ./gecko_sdk_4.4.6/platform/emlib/src/em_eusart.o
                0x08001dfc                EUSART_UartInitHf
 .text.GPIO_PinOutSet
                0x08001e58       0x3c ./gecko_sdk_4.4.6/platform/emlib/src/em_gpio.o
 .text.GPIO_PinOutClear
                0x08001e94       0x3c ./gecko_sdk_4.4.6/platform/emlib/src/em_gpio.o
 .text.GPIO_PinModeSet
                0x08001ed0       0x94 ./gecko_sdk_4.4.6/platform/emlib/src/em_gpio.o
                0x08001ed0                GPIO_PinModeSet
 .text.USART_BaudrateSyncSet
                0x08001f64       0x48 ./gecko_sdk_4.4.6/platform/emlib/src/em_usart.o
                0x08001f64                USART_BaudrateSyncSet
 .text.USART_Reset
                0x08001fac       0x58 ./gecko_sdk_4.4.6/platform/emlib/src/em_usart.o
                0x08001fac                USART_Reset
 .text.USART_InitSync
                0x08002004       0xac ./gecko_sdk_4.4.6/platform/emlib/src/em_usart.o
                0x08002004                USART_InitSync
 .text.sl_hal_sysrtc_wait_sync
                0x080020b0       0x14 ./gecko_sdk_4.4.6/platform/peripheral/src/peripheral_sysrtc.o
                0x080020b0                sl_hal_sysrtc_wait_sync
 .text.sl_hal_sysrtc_wait_ready
                0x080020c4       0x1c ./gecko_sdk_4.4.6/platform/peripheral/src/peripheral_sysrtc.o
                0x080020c4                sl_hal_sysrtc_wait_ready
 .text.sl_hal_sysrtc_stop
                0x080020e0       0x14 ./gecko_sdk_4.4.6/platform/peripheral/src/peripheral_sysrtc.o
                0x080020e0                sl_hal_sysrtc_stop
 .text.sl_hal_sysrtc_enable
                0x080020f4       0x18 ./gecko_sdk_4.4.6/platform/peripheral/src/peripheral_sysrtc.o
                0x080020f4                sl_hal_sysrtc_enable
 .text.sl_hal_sysrtc_disable
                0x0800210c       0x1c ./gecko_sdk_4.4.6/platform/peripheral/src/peripheral_sysrtc.o
                0x0800210c                sl_hal_sysrtc_disable
 .text.sl_hal_sysrtc_init
                0x08002128       0x20 ./gecko_sdk_4.4.6/platform/peripheral/src/peripheral_sysrtc.o
                0x08002128                sl_hal_sysrtc_init
 .text.sl_hal_sysrtc_init_group
                0x08002148       0x48 ./gecko_sdk_4.4.6/platform/peripheral/src/peripheral_sysrtc.o
                0x08002148                sl_hal_sysrtc_init_group
 .text.sl_hal_sysrtc_enable_group_interrupts
                0x08002190       0x1c ./gecko_sdk_4.4.6/platform/peripheral/src/peripheral_sysrtc.o
                0x08002190                sl_hal_sysrtc_enable_group_interrupts
 .text.sl_hal_sysrtc_disable_group_interrupts
                0x080021ac       0x1c ./gecko_sdk_4.4.6/platform/peripheral/src/peripheral_sysrtc.o
                0x080021ac                sl_hal_sysrtc_disable_group_interrupts
 .text.sl_hal_sysrtc_clear_group_interrupts
                0x080021c8       0x1c ./gecko_sdk_4.4.6/platform/peripheral/src/peripheral_sysrtc.o
                0x080021c8                sl_hal_sysrtc_clear_group_interrupts
 .text.sl_hal_sysrtc_get_group_interrupts
                0x080021e4       0x20 ./gecko_sdk_4.4.6/platform/peripheral/src/peripheral_sysrtc.o
                0x080021e4                sl_hal_sysrtc_get_group_interrupts
 .text.sl_hal_sysrtc_get_group_compare_channel_value
                0x08002204       0x30 ./gecko_sdk_4.4.6/platform/peripheral/src/peripheral_sysrtc.o
                0x08002204                sl_hal_sysrtc_get_group_compare_channel_value
 .text.sl_hal_sysrtc_set_group_compare_channel_value
                0x08002234       0x28 ./gecko_sdk_4.4.6/platform/peripheral/src/peripheral_sysrtc.o
                0x08002234                sl_hal_sysrtc_set_group_compare_channel_value
 .text.sl_device_init_dcdc
                0x0800225c       0x2c ./gecko_sdk_4.4.6/platform/service/device_init/src/sl_device_init_dcdc_s2.o
                0x0800225c                sl_device_init_dcdc
 .text.sl_device_init_emu
                0x08002288       0x24 ./gecko_sdk_4.4.6/platform/service/device_init/src/sl_device_init_emu_s2.o
                0x08002288                sl_device_init_emu
 .text.sl_device_init_hfxo
                0x080022ac       0x70 ./gecko_sdk_4.4.6/platform/service/device_init/src/sl_device_init_hfxo_s2.o
                0x080022ac                sl_device_init_hfxo
 .text.sl_device_init_lfxo
                0x0800231c       0x2c ./gecko_sdk_4.4.6/platform/service/device_init/src/sl_device_init_lfxo_s2.o
                0x0800231c                sl_device_init_lfxo
 .text.sl_device_init_nvic
                0x08002348       0x3c ./gecko_sdk_4.4.6/platform/service/device_init/src/sl_device_init_nvic.o
                0x08002348                sl_device_init_nvic
 .text.delta_list_insert_timer
                0x08002384       0x40 ./gecko_sdk_4.4.6/platform/service/sleeptimer/src/sl_sleeptimer.o
 .text.update_delta_list
                0x080023c4       0x34 ./gecko_sdk_4.4.6/platform/service/sleeptimer/src/sl_sleeptimer.o
 .text.set_comparator_for_next_timer
                0x080023f8       0x5c ./gecko_sdk_4.4.6/platform/service/sleeptimer/src/sl_sleeptimer.o
 .text.create_timer
                0x08002454       0x88 ./gecko_sdk_4.4.6/platform/service/sleeptimer/src/sl_sleeptimer.o
 .text.delta_list_remove_timer
                0x080024dc       0x38 ./gecko_sdk_4.4.6/platform/service/sleeptimer/src/sl_sleeptimer.o
 .text.sl_sleeptimer_init
                0x08002514       0x74 ./gecko_sdk_4.4.6/platform/service/sleeptimer/src/sl_sleeptimer.o
                0x08002514                sl_sleeptimer_init
 .text.sl_sleeptimer_is_timer_running
                0x08002588       0x3c ./gecko_sdk_4.4.6/platform/service/sleeptimer/src/sl_sleeptimer.o
                0x08002588                sl_sleeptimer_is_timer_running
 .text.sl_sleeptimer_ms_to_tick
                0x080025c4       0x24 ./gecko_sdk_4.4.6/platform/service/sleeptimer/src/sl_sleeptimer.o
                0x080025c4                sl_sleeptimer_ms_to_tick
 .text.sl_sleeptimer_delay_millisecond
                0x080025e8       0x38 ./gecko_sdk_4.4.6/platform/service/sleeptimer/src/sl_sleeptimer.o
                0x080025e8                sl_sleeptimer_delay_millisecond
 .text.process_timer_irq
                0x08002620      0x154 ./gecko_sdk_4.4.6/platform/service/sleeptimer/src/sl_sleeptimer.o
                0x08002620                process_timer_irq
 .text.sleeptimer_hal_init_timer
                0x08002774       0x64 ./gecko_sdk_4.4.6/platform/service/sleeptimer/src/sl_sleeptimer_hal_sysrtc.o
                0x08002774                sleeptimer_hal_init_timer
 .text.sleeptimer_hal_get_counter
                0x080027d8       0x10 ./gecko_sdk_4.4.6/platform/service/sleeptimer/src/sl_sleeptimer_hal_sysrtc.o
                0x080027d8                sleeptimer_hal_get_counter
 .text.sleeptimer_hal_set_compare
                0x080027e8       0x70 ./gecko_sdk_4.4.6/platform/service/sleeptimer/src/sl_sleeptimer_hal_sysrtc.o
                0x080027e8                sleeptimer_hal_set_compare
 .text.sleeptimer_hal_disable_int
                0x08002858       0x24 ./gecko_sdk_4.4.6/platform/service/sleeptimer/src/sl_sleeptimer_hal_sysrtc.o
                0x08002858                sleeptimer_hal_disable_int
 .text.sleeptimer_hal_set_int
                0x0800287c       0x10 ./gecko_sdk_4.4.6/platform/service/sleeptimer/src/sl_sleeptimer_hal_sysrtc.o
                0x0800287c                sleeptimer_hal_set_int
 .text.sl_udelay_wait
                0x0800288c       0x58 ./gecko_sdk_4.4.6/platform/service/udelay/src/sl_udelay.o
                0x0800288c                sl_udelay_wait
 .text          0x080028e4       0x30 d:/simplicitystudio-5/developer/toolchains/gnu_arm/12.2.rel1_2023.7/bin/../lib/gcc/arm-none-eabi/12.2.1/thumb/v8-m.main+fp/hard\libgcc.a(_aeabi_uldivmod.o)
                0x080028e4                __aeabi_uldivmod
 .text.__udivmoddi4
                0x08002914      0x2ec d:/simplicitystudio-5/developer/toolchains/gnu_arm/12.2.rel1_2023.7/bin/../lib/gcc/arm-none-eabi/12.2.1/thumb/v8-m.main+fp/hard\libgcc.a(_udivmoddi4.o)
                0x08002914                __udivmoddi4
 .text          0x08002c00        0x4 d:/simplicitystudio-5/developer/toolchains/gnu_arm/12.2.rel1_2023.7/bin/../lib/gcc/arm-none-eabi/12.2.1/thumb/v8-m.main+fp/hard\libgcc.a(_dvmd_tls.o)
                0x08002c00                __aeabi_idiv0
                0x08002c00                __aeabi_ldiv0
 .text.exit     0x08002c04       0x24 d:/simplicitystudio-5/developer/toolchains/gnu_arm/12.2.rel1_2023.7/bin/../lib/gcc/arm-none-eabi/12.2.1/thumb/v8-m.main+fp/hard\libc_nano.a(libc_a-exit.o)
                0x08002c04                exit
 .text.__libc_init_array
                0x08002c28       0x48 d:/simplicitystudio-5/developer/toolchains/gnu_arm/12.2.rel1_2023.7/bin/../lib/gcc/arm-none-eabi/12.2.1/thumb/v8-m.main+fp/hard\libc_nano.a(libc_a-init.o)
                0x08002c28                __libc_init_array
 .text.app_init
                0x08002c70        0x4 ./app.o
                0x08002c70                app_init
 .text.startup.main
                0x08002c74       0x14 ./main.o
                0x08002c74                main
 .text.sl_board_default_init
                0x08002c88        0x2 ./autogen/sl_board_default_init.o
                0x08002c88                sl_board_default_init
 .text.sl_platform_init
                0x08002c8a       0x26 ./autogen/sl_event_handler.o
                0x08002c8a                sl_platform_init
 .text.sl_driver_init
                0x08002cb0        0x2 ./autogen/sl_event_handler.o
                0x08002cb0                sl_driver_init
 .text.sl_service_init
                0x08002cb2        0xe ./autogen/sl_event_handler.o
                0x08002cb2                sl_service_init
 .text.sl_stack_init
                0x08002cc0        0x2 ./autogen/sl_event_handler.o
                0x08002cc0                sl_stack_init
 .text.sl_internal_app_init
                0x08002cc2        0x2 ./autogen/sl_event_handler.o
                0x08002cc2                sl_internal_app_init
 .text.sl_platform_process_action
                0x08002cc4        0x2 ./autogen/sl_event_handler.o
                0x08002cc4                sl_platform_process_action
 .text.sl_service_process_action
                0x08002cc6        0x2 ./autogen/sl_event_handler.o
                0x08002cc6                sl_service_process_action
 .text.sl_stack_process_action
                0x08002cc8        0x2 ./autogen/sl_event_handler.o
                0x08002cc8                sl_stack_process_action
 .text.sl_internal_app_process_action
                0x08002cca        0x2 ./autogen/sl_event_handler.o
                0x08002cca                sl_internal_app_process_action
 .text.sl_board_configure_vcom
                0x08002ccc        0x4 ./gecko_sdk_4.4.6/hardware/board/src/sl_board_control_gpio.o
                0x08002ccc                sl_board_configure_vcom
 .text.sl_board_init
                0x08002cd0       0x16 ./gecko_sdk_4.4.6/hardware/board/src/sl_board_init.o
                0x08002cd0                sl_board_init
 .text.sl_board_preinit
                0x08002ce6        0x8 ./gecko_sdk_4.4.6/hardware/board/src/sl_board_init.o
                0x08002ce6                sl_board_preinit
 .text.Default_Handler
                0x08002cee        0x2 ./gecko_sdk_4.4.6/platform/Device/SiliconLabs/EFR32MG24/Source/startup_efr32mg24.o
                0x08002cee                ULFRCO_IRQHandler
                0x08002cee                AHB2AHB1_IRQHandler
                0x08002cee                SW2_IRQHandler
                0x08002cee                TIMER2_IRQHandler
                0x08002cee                DebugMon_Handler
                0x08002cee                USART0_TX_IRQHandler
                0x08002cee                IADC_IRQHandler
                0x08002cee                EUSART0_TX_IRQHandler
                0x08002cee                I2C0_IRQHandler
                0x08002cee                LFXO_IRQHandler
                0x08002cee                HardFault_Handler
                0x08002cee                SMU_SECURE_IRQHandler
                0x08002cee                SysTick_Handler
                0x08002cee                SYSRTC_SEQ_IRQHandler
                0x08002cee                EMUEFP_IRQHandler
                0x08002cee                PendSV_Handler
                0x08002cee                NMI_Handler
                0x08002cee                SYNTH_IRQHandler
                0x08002cee                HOSTMAILBOX_IRQHandler
                0x08002cee                HFXO0_IRQHandler
                0x08002cee                I2C1_IRQHandler
                0x08002cee                WDOG0_IRQHandler
                0x08002cee                TIMER3_IRQHandler
                0x08002cee                SYSCFG_IRQHandler
                0x08002cee                RFECA1_IRQHandler
                0x08002cee                EMUDG_IRQHandler
                0x08002cee                MSC_IRQHandler
                0x08002cee                DPLL0_IRQHandler
                0x08002cee                UsageFault_Handler
                0x08002cee                WDOG1_IRQHandler
                0x08002cee                M33CTI1_IRQHandler
                0x08002cee                TIMER4_IRQHandler
                0x08002cee                GPIO_EVEN_IRQHandler
                0x08002cee                VDAC0_IRQHandler
                0x08002cee                LDMA_IRQHandler
                0x08002cee                SEMBTX_IRQHandler
                0x08002cee                SW0_IRQHandler
                0x08002cee                TIMER0_IRQHandler
                0x08002cee                MVP_IRQHandler
                0x08002cee                LETIMER0_IRQHandler
                0x08002cee                TIMER1_IRQHandler
                0x08002cee                HFRCO0_IRQHandler
                0x08002cee                SecureFault_Handler
                0x08002cee                BUFC_IRQHandler
                0x08002cee                DCDC_IRQHandler
                0x08002cee                MODEM_IRQHandler
                0x08002cee                Default_Handler
                0x08002cee                RAC_SEQ_IRQHandler
                0x08002cee                FRC_PRI_IRQHandler
                0x08002cee                EMU_IRQHandler
                0x08002cee                SW3_IRQHandler
                0x08002cee                KERNEL0_IRQHandler
                0x08002cee                FRC_IRQHandler
                0x08002cee                PCNT0_IRQHandler
                0x08002cee                KERNEL1_IRQHandler
                0x08002cee                AGC_IRQHandler
                0x08002cee                KEYSCAN_IRQHandler
                0x08002cee                sl_app_properties
                0x08002cee                HFRCOEM23_IRQHandler
                0x08002cee                BURTC_IRQHandler
                0x08002cee                SEMBRX_IRQHandler
                0x08002cee                RFECA0_IRQHandler
                0x08002cee                LFRCO_IRQHandler
                0x08002cee                VDAC1_IRQHandler
                0x08002cee                ACMP0_IRQHandler
                0x08002cee                USART0_RX_IRQHandler
                0x08002cee                MemManage_Handler
                0x08002cee                AHB2AHB0_IRQHandler
                0x08002cee                SVC_Handler
                0x08002cee                SMU_S_PRIVILEGED_IRQHandler
                0x08002cee                SW1_IRQHandler
                0x08002cee                CMU_IRQHandler
                0x08002cee                EUSART0_RX_IRQHandler
                0x08002cee                RAC_RSM_IRQHandler
                0x08002cee                SETAMPERHOST_IRQHandler
                0x08002cee                GPIO_ODD_IRQHandler
                0x08002cee                AES_IRQHandler
                0x08002cee                M33CTI0_IRQHandler
                0x08002cee                ICACHE0_IRQHandler
                0x08002cee                SMU_NS_PRIVILEGED_IRQHandler
                0x08002cee                FPUEXH_IRQHandler
                0x08002cee                PROTIMER_IRQHandler
                0x08002cee                ACMP1_IRQHandler
                0x08002cee                BusFault_Handler
                0x08002cee                MPAHBRAM_IRQHandler
 .text.FlashToRamCopy
                0x08002cf0       0x16 ./gecko_sdk_4.4.6/platform/Device/SiliconLabs/EFR32MG24/Source/system_efr32mg24.o
                0x08002cf0                FlashToRamCopy
 .text.SystemCLKIN0Get
                0x08002d06        0x4 ./gecko_sdk_4.4.6/platform/Device/SiliconLabs/EFR32MG24/Source/system_efr32mg24.o
                0x08002d06                SystemCLKIN0Get
 .text.SystemLFRCOClockGet
                0x08002d0a        0x6 ./gecko_sdk_4.4.6/platform/Device/SiliconLabs/EFR32MG24/Source/system_efr32mg24.o
                0x08002d0a                SystemLFRCOClockGet
 .text.SystemULFRCOClockGet
                0x08002d10        0x6 ./gecko_sdk_4.4.6/platform/Device/SiliconLabs/EFR32MG24/Source/system_efr32mg24.o
                0x08002d10                SystemULFRCOClockGet
 .text.assertEFM
                0x08002d16        0x2 ./gecko_sdk_4.4.6/platform/common/src/sl_assert.o
                0x08002d16                assertEFM
 .text._exit    0x08002d18        0x2 ./gecko_sdk_4.4.6/platform/common/src/sl_syscalls.o
                0x08002d18                _exit
 .text.BUS_RegMaskedWrite
                0x08002d1a       0x1e ./gecko_sdk_4.4.6/platform/emlib/src/em_cmu.o
 .text.waitStateMax
                0x08002d38       0x10 ./gecko_sdk_4.4.6/platform/emlib/src/em_cmu.o
 .text.CMU_UpdateWaitStates
                0x08002d48        0xc ./gecko_sdk_4.4.6/platform/emlib/src/em_cmu.o
                0x08002d48                CMU_UpdateWaitStates
 .text.pclkDivMax
                0x08002d54        0xa ./gecko_sdk_4.4.6/platform/emlib/src/em_cmu.o
 .text.sli_em_cmu_SYSCLKInitPostClockSelect
                0x08002d5e       0x2a ./gecko_sdk_4.4.6/platform/emlib/src/em_cmu.o
                0x08002d5e                sli_em_cmu_SYSCLKInitPostClockSelect
 .text.CORE_EnterCritical
                0x08002d88        0x8 ./gecko_sdk_4.4.6/platform/emlib/src/em_core.o
                0x08002d88                CORE_EnterCritical
 .text.CORE_ExitCritical
                0x08002d90        0x6 ./gecko_sdk_4.4.6/platform/emlib/src/em_core.o
                0x08002d90                CORE_ExitCritical
 .text.CORE_EnterAtomic
                0x08002d96        0xc ./gecko_sdk_4.4.6/platform/emlib/src/em_core.o
                0x08002d96                CORE_EnterAtomic
 .text.CORE_ExitAtomic
                0x08002da2        0x6 ./gecko_sdk_4.4.6/platform/emlib/src/em_core.o
                0x08002da2                CORE_ExitAtomic
 .text.EMU_EFPEM01VScale
                0x08002da8        0x2 ./gecko_sdk_4.4.6/platform/emlib/src/em_emu.o
                0x08002da8                EMU_EFPEM01VScale
 .text.EMU_DCDCUpdatedHook
                0x08002daa        0x2 ./gecko_sdk_4.4.6/platform/emlib/src/em_emu.o
                0x08002daa                EMU_DCDCUpdatedHook
 .text.eusart_sync
                0x08002dac        0x8 ./gecko_sdk_4.4.6/platform/emlib/src/em_eusart.o
 .text.EUSART_Disable
                0x08002db4       0x34 ./gecko_sdk_4.4.6/platform/emlib/src/em_eusart.o
 .text.BUS_RegMaskedWrite
                0x08002de8       0x1e ./gecko_sdk_4.4.6/platform/emlib/src/em_gpio.o
 .text.USART_SpiTransfer
                0x08002e06       0x14 ./gecko_sdk_4.4.6/platform/emlib/src/em_usart.o
                0x08002e06                USART_SpiTransfer
 .text.delay_callback
                0x08002e1a        0x6 ./gecko_sdk_4.4.6/platform/service/sleeptimer/src/sl_sleeptimer.o
 .text.sl_sleeptimer_start_timer
                0x08002e20       0x48 ./gecko_sdk_4.4.6/platform/service/sleeptimer/src/sl_sleeptimer.o
                0x08002e20                sl_sleeptimer_start_timer
 .text.sleeptimer_hal_get_compare
                0x08002e68        0x8 ./gecko_sdk_4.4.6/platform/service/sleeptimer/src/sl_sleeptimer_hal_sysrtc.o
                0x08002e68                sleeptimer_hal_get_compare
 .text.sleeptimer_hal_enable_int
                0x08002e70       0x12 ./gecko_sdk_4.4.6/platform/service/sleeptimer/src/sl_sleeptimer_hal_sysrtc.o
                0x08002e70                sleeptimer_hal_enable_int
 .text.SYSRTC_APP_IRQHandler
                0x08002e82       0x34 ./gecko_sdk_4.4.6/platform/service/sleeptimer/src/sl_sleeptimer_hal_sysrtc.o
                0x08002e82                SYSRTC_APP_IRQHandler
 .text.sleeptimer_hal_get_timer_frequency
                0x08002eb6        0x6 ./gecko_sdk_4.4.6/platform/service/sleeptimer/src/sl_sleeptimer_hal_sysrtc.o
                0x08002eb6                sleeptimer_hal_get_timer_frequency
 .text.sl_system_init
                0x08002ebc       0x1a ./gecko_sdk_4.4.6/platform/service/system/src/sl_system_init.o
                0x08002ebc                sl_system_init
 .text.sl_system_process_action
                0x08002ed6       0x16 ./gecko_sdk_4.4.6/platform/service/system/src/sl_system_process_action.o
                0x08002ed6                sl_system_process_action
 .text.memset   0x08002eec       0x10 d:/simplicitystudio-5/developer/toolchains/gnu_arm/12.2.rel1_2023.7/bin/../lib/gcc/arm-none-eabi/12.2.1/thumb/v8-m.main+fp/hard\libc_nano.a(libc_a-memset.o)
                0x08002eec                memset
                0x08002f00                . = ALIGN (0x20)
 *fill*         0x08002efc        0x4 
                0x08002f00                linker_code_end = .
 *(.init)
 .init          0x08002f00        0x4 d:/simplicitystudio-5/developer/toolchains/gnu_arm/12.2.rel1_2023.7/bin/../lib/gcc/arm-none-eabi/12.2.1/thumb/v8-m.main+fp/hard/crti.o
                0x08002f00                _init
 .init          0x08002f04        0x8 d:/simplicitystudio-5/developer/toolchains/gnu_arm/12.2.rel1_2023.7/bin/../lib/gcc/arm-none-eabi/12.2.1/thumb/v8-m.main+fp/hard/crtn.o
 *(.fini)
 .fini          0x08002f0c        0x4 d:/simplicitystudio-5/developer/toolchains/gnu_arm/12.2.rel1_2023.7/bin/../lib/gcc/arm-none-eabi/12.2.1/thumb/v8-m.main+fp/hard/crti.o
                0x08002f0c                _fini
 .fini          0x08002f10        0x8 d:/simplicitystudio-5/developer/toolchains/gnu_arm/12.2.rel1_2023.7/bin/../lib/gcc/arm-none-eabi/12.2.1/thumb/v8-m.main+fp/hard/crtn.o
 *crtbegin.o(.ctors)
 *crtbegin?.o(.ctors)
 *(EXCLUDE_FILE(*crtend.o *crtend?.o) .ctors)
 *(SORT_BY_NAME(.ctors.*))
 *(.ctors)
 *crtbegin.o(.dtors)
 *crtbegin?.o(.dtors)
 *(EXCLUDE_FILE(*crtend.o *crtend?.o) .dtors)
 *(SORT_BY_NAME(.dtors.*))
 *(.dtors)
                0x08002f18                __code_classification_validator_start__ = .
                0x08002f38                . = (. + 0x20)
 *fill*         0x08002f18       0x20 
 *(code_classification_validator)
                0x08002f40                . = ALIGN (0x20)
 *fill*         0x08002f38        0x8 
                0x08002f40                __code_classification_validator_end__ = .
 *(.rodata*)
 .rodata.app_process_action.str1.1
                0x08002f40        0x6 ./app.o
 *fill*         0x08002f46        0x2 
 .rodata        0x08002f48       0x20 ./nv_eusart.o
 .rodata        0x08002f68       0x1c ./gecko_sdk_4.4.6/hardware/driver/mx25_flash_shutdown/src/sl_mx25_flash_shutdown_usart/sl_mx25_flash_shutdown.o
 .rodata.HFRCODPLLDevinfoGet.str1.1
                0x08002f84       0x29 ./gecko_sdk_4.4.6/platform/emlib/src/em_cmu.o
 .rodata.EMU_VScaleEM01.str1.1
                0x08002fad       0x29 ./gecko_sdk_4.4.6/platform/emlib/src/em_emu.o
 .rodata.EUSART_Enable.str1.1
                0x08002fd6       0x2c ./gecko_sdk_4.4.6/platform/emlib/src/em_eusart.o
 .rodata.GPIO_PinOutSet.str1.1
                0x08003002       0x2a ./gecko_sdk_4.4.6/platform/emlib/src/em_gpio.o
 .rodata.GPIO_ExtIntConfig.str1.1
                0x0800302c       0x2a ./gecko_sdk_4.4.6/platform/emlib/src/em_gpio.o
 .rodata.CSWTCH.31
                0x08003056        0x8 ./gecko_sdk_4.4.6/platform/emlib/src/em_gpio.o
 .rodata.USART_BaudrateAsyncSet.str1.1
                0x0800305e       0x2b ./gecko_sdk_4.4.6/platform/emlib/src/em_usart.o
 .rodata.sl_hal_sysrtc_init_group.str1.1
                0x08003089       0x39 ./gecko_sdk_4.4.6/platform/peripheral/src/peripheral_sysrtc.o
 .rodata        0x080030c2        0x7 ./gecko_sdk_4.4.6/platform/service/device_init/src/sl_device_init_dcdc_s2.o
 *fill*         0x080030c9        0x3 
 .rodata        0x080030cc       0x28 ./gecko_sdk_4.4.6/platform/service/device_init/src/sl_device_init_hfxo_s2.o
 .rodata        0x080030f4       0x14 ./gecko_sdk_4.4.6/platform/service/device_init/src/sl_device_init_lfxo_s2.o
 .rodata.process_timer_irq.str1.1
                0x08003108       0x3d ./gecko_sdk_4.4.6/platform/service/sleeptimer/src/sl_sleeptimer.o
 .rodata.sl_udelay_wait.str1.1
                0x08003145       0x35 ./gecko_sdk_4.4.6/platform/service/udelay/src/sl_udelay.o
 *(.eh_frame*)
 *fill*         0x0800317a        0x2 
 .eh_frame      0x0800317c        0x0 d:/simplicitystudio-5/developer/toolchains/gnu_arm/12.2.rel1_2023.7/bin/../lib/gcc/arm-none-eabi/12.2.1/thumb/v8-m.main+fp/hard/crtbegin.o

.glue_7         0x0800317c        0x0
 .glue_7        0x0800317c        0x0 linker stubs

.glue_7t        0x0800317c        0x0
 .glue_7t       0x0800317c        0x0 linker stubs

.vfp11_veneer   0x0800317c        0x0
 .vfp11_veneer  0x0800317c        0x0 linker stubs

.v4_bx          0x0800317c        0x0
 .v4_bx         0x0800317c        0x0 linker stubs

.iplt           0x0800317c        0x0
 .iplt          0x0800317c        0x0 d:/simplicitystudio-5/developer/toolchains/gnu_arm/12.2.rel1_2023.7/bin/../lib/gcc/arm-none-eabi/12.2.1/thumb/v8-m.main+fp/hard/crtbegin.o

.ARM.extab
 *(.ARM.extab* .gnu.linkonce.armextab.*)
                0x0800317c                __exidx_start = .

.ARM.exidx      0x0800317c        0x8
 *(.ARM.exidx* .gnu.linkonce.armexidx.*)
 .ARM.exidx     0x0800317c        0x8 d:/simplicitystudio-5/developer/toolchains/gnu_arm/12.2.rel1_2023.7/bin/../lib/gcc/arm-none-eabi/12.2.1/thumb/v8-m.main+fp/hard/crt0.o
                                 0x10 (size before relaxing)
 .ARM.exidx.text.__udivmoddi4
                0x08003184        0x0 d:/simplicitystudio-5/developer/toolchains/gnu_arm/12.2.rel1_2023.7/bin/../lib/gcc/arm-none-eabi/12.2.1/thumb/v8-m.main+fp/hard\libgcc.a(_udivmoddi4.o)
                                  0x8 (size before relaxing)
                0x08003184                __exidx_end = .

.rel.dyn        0x08003184        0x0
 .rel.iplt      0x08003184        0x0 d:/simplicitystudio-5/developer/toolchains/gnu_arm/12.2.rel1_2023.7/bin/../lib/gcc/arm-none-eabi/12.2.1/thumb/v8-m.main+fp/hard/crtbegin.o

.copy.table     0x08003184        0xc
                0x08003184                . = ALIGN (0x4)
                0x08003184                __copy_table_start__ = .
                0x08003184        0x4 LONG 0x8003190 __etext
                0x08003188        0x4 LONG 0x20001000 __data_start__
                0x0800318c        0x4 LONG 0x8 ((__data_end__ - __data_start__) / 0x4)
                0x08003190                __copy_table_end__ = .

.zero.table     0x08003190        0x0
                0x08003190                . = ALIGN (0x4)
                0x08003190                __zero_table_start__ = .
                0x08003190                __zero_table_end__ = .
                0x08003190                __etext = .
                0x20000000                . = ORIGIN (RAM)

.stack          0x20000000     0x1000
                0x20000000                __StackLimit = .
 *(.stack*)
 .stack         0x20000000     0x1000 ./gecko_sdk_4.4.6/platform/common/toolchain/src/sl_memory.o
                0x20001000                . = ALIGN (0x4)
                0x20001000                __StackTop = .
                0x20001000                PROVIDE (__stack = __StackTop)

.noinit
 *(.noinit*)

.data           0x20001000       0x20 load address 0x08003190
                0x20001000                . = ALIGN (0x4)
                0x20001000                __data_start__ = .
 *(vtable)
 *(SORT_BY_ALIGNMENT(.data*))
 .data.SystemCoreClock
                0x20001000        0x4 ./gecko_sdk_4.4.6/platform/Device/SiliconLabs/EFR32MG24/Source/system_efr32mg24.o
                0x20001000                SystemCoreClock
 .data.SystemHFRCODPLLClock
                0x20001004        0x4 ./gecko_sdk_4.4.6/platform/Device/SiliconLabs/EFR32MG24/Source/system_efr32mg24.o
 .data.SystemLFXOClock
                0x20001008        0x4 ./gecko_sdk_4.4.6/platform/Device/SiliconLabs/EFR32MG24/Source/system_efr32mg24.o
 .data.SystemHFXOClock
                0x2000100c        0x4 ./gecko_sdk_4.4.6/platform/Device/SiliconLabs/EFR32MG24/Source/system_efr32mg24.o
 .data.hfxo_precision
                0x20001010        0x2 ./gecko_sdk_4.4.6/platform/emlib/src/em_cmu.o
 .data.lfxo_precision
                0x20001012        0x2 ./gecko_sdk_4.4.6/platform/emlib/src/em_cmu.o
 .data.ctuneDelta
                0x20001014        0x1 ./gecko_sdk_4.4.6/platform/emlib/src/em_cmu.o
 .data.cc_disabled
                0x20001015        0x1 ./gecko_sdk_4.4.6/platform/service/sleeptimer/src/sl_sleeptimer_hal_sysrtc.o
                0x20001018                . = ALIGN (0x4)
 *fill*         0x20001016        0x2 
                [!provide]                PROVIDE (__ram_func_section_start = .)
 *(.ram)
                [!provide]                PROVIDE (__ram_func_section_end = .)
                0x20001018                . = ALIGN (0x4)
                0x20001018                PROVIDE (__preinit_array_start = .)
 *(.preinit_array)
                0x20001018                PROVIDE (__preinit_array_end = .)
                0x20001018                . = ALIGN (0x4)
                0x20001018                PROVIDE (__init_array_start = .)
 *(SORT_BY_NAME(.init_array.*))
 *(.init_array)
 .init_array    0x20001018        0x4 d:/simplicitystudio-5/developer/toolchains/gnu_arm/12.2.rel1_2023.7/bin/../lib/gcc/arm-none-eabi/12.2.1/thumb/v8-m.main+fp/hard/crtbegin.o
                0x2000101c                PROVIDE (__init_array_end = .)
                0x2000101c                . = ALIGN (0x4)
                [!provide]                PROVIDE (__fini_array_start = .)
 *(SORT_BY_NAME(.fini_array.*))
 *(.fini_array)
 .fini_array    0x2000101c        0x4 d:/simplicitystudio-5/developer/toolchains/gnu_arm/12.2.rel1_2023.7/bin/../lib/gcc/arm-none-eabi/12.2.1/thumb/v8-m.main+fp/hard/crtbegin.o
                [!provide]                PROVIDE (__fini_array_end = .)
                0x20001020                . = ALIGN (0x4)
                0x20001020                __data_end__ = .

.tm_clone_table
                0x20001020        0x0 load address 0x080031b0
 .tm_clone_table
                0x20001020        0x0 d:/simplicitystudio-5/developer/toolchains/gnu_arm/12.2.rel1_2023.7/bin/../lib/gcc/arm-none-eabi/12.2.1/thumb/v8-m.main+fp/hard/crtbegin.o
 .tm_clone_table
                0x20001020        0x0 d:/simplicitystudio-5/developer/toolchains/gnu_arm/12.2.rel1_2023.7/bin/../lib/gcc/arm-none-eabi/12.2.1/thumb/v8-m.main+fp/hard/crtend.o

.igot.plt       0x20001020        0x0 load address 0x080031b0
 .igot.plt      0x20001020        0x0 d:/simplicitystudio-5/developer/toolchains/gnu_arm/12.2.rel1_2023.7/bin/../lib/gcc/arm-none-eabi/12.2.1/thumb/v8-m.main+fp/hard/crtbegin.o

.bss            0x20001020     0x1044 load address 0x080031b0
                0x20001020                . = ALIGN (0x4)
                0x20001020                __bss_start__ = .
 *(SORT_BY_ALIGNMENT(.bss*))
 .bss.object.0  0x20001020       0x18 d:/simplicitystudio-5/developer/toolchains/gnu_arm/12.2.rel1_2023.7/bin/../lib/gcc/arm-none-eabi/12.2.1/thumb/v8-m.main+fp/hard/crtbegin.o
 .bss.tx_callback
                0x20001038        0x4 ./nv_eusart.o
 .bss.rx_read_index
                0x2000103c        0x4 ./nv_eusart.o
 .bss.rx_write_index
                0x20001040        0x4 ./nv_eusart.o
 .bss.max_millisecond_conversion
                0x20001044        0x4 ./gecko_sdk_4.4.6/platform/service/sleeptimer/src/sl_sleeptimer.o
 .bss.last_delta_update_count
                0x20001048        0x4 ./gecko_sdk_4.4.6/platform/service/sleeptimer/src/sl_sleeptimer.o
 .bss.timer_head
                0x2000104c        0x4 ./gecko_sdk_4.4.6/platform/service/sleeptimer/src/sl_sleeptimer.o
 .bss.timer_frequency
                0x20001050        0x4 ./gecko_sdk_4.4.6/platform/service/sleeptimer/src/sl_sleeptimer.o
 .bss.__stdio_exit_handler
                0x20001054        0x4 d:/simplicitystudio-5/developer/toolchains/gnu_arm/12.2.rel1_2023.7/bin/../lib/gcc/arm-none-eabi/12.2.1/thumb/v8-m.main+fp/hard\libc_nano.a(libc_a-findfp.o)
                0x20001054                __stdio_exit_handler
 .bss.overflow_counter
                0x20001058        0x2 ./gecko_sdk_4.4.6/platform/service/sleeptimer/src/sl_sleeptimer.o
 .bss.completed.1
                0x2000105a        0x1 d:/simplicitystudio-5/developer/toolchains/gnu_arm/12.2.rel1_2023.7/bin/../lib/gcc/arm-none-eabi/12.2.1/thumb/v8-m.main+fp/hard/crtbegin.o
 .bss.rx_buffer
                0x2000105b     0x1000 ./nv_eusart.o
 .bss.vScaleEM01Config
                0x2000205b        0x1 ./gecko_sdk_4.4.6/platform/emlib/src/em_emu.o
 .bss.dali_rx_nb_packets
                0x2000205c        0x2 ./gecko_sdk_4.4.6/platform/emlib/src/em_eusart.o
 .bss.dali_tx_nb_packets
                0x2000205e        0x2 ./gecko_sdk_4.4.6/platform/emlib/src/em_eusart.o
 .bss.sleep_on_isr_exit
                0x20002060        0x1 ./gecko_sdk_4.4.6/platform/service/sleeptimer/src/sl_sleeptimer.o
 .bss.next_timer_to_expire_is_power_manager
                0x20002061        0x1 ./gecko_sdk_4.4.6/platform/service/sleeptimer/src/sl_sleeptimer.o
 .bss.is_sleeptimer_initialized
                0x20002062        0x1 ./gecko_sdk_4.4.6/platform/service/sleeptimer/src/sl_sleeptimer.o
 *(COMMON)
                0x20002064                . = ALIGN (0x4)
 *fill*         0x20002063        0x1 
                0x20002064                __bss_end__ = .
                0x20002064                __ramfuncs_start__ = .
                0x20002064                __vma_ramfuncs_start__ = .
                0x080031b0                __lma_ramfuncs_start__ = (__etext + SIZEOF (.data))
                0x00000000                __text_application_ram_offset__ = (. - __vma_ramfuncs_start__)

text_application_ram
                0x20002064        0x0 load address 0x080031b0
                0x20002064                . = ALIGN (0x4)
                0x20002064                __text_application_ram_start__ = .
 *(text_application_ram)
                0x20002064                . = ALIGN (0x4)
                0x20002064                __text_application_ram_end__ = .
                0x20002064                . = ALIGN (0x4)
                0x20002064                __vma_ramfuncs_end__ = .
                0x080031b0                __lma_ramfuncs_end__ = ((__lma_ramfuncs_start__ + __text_application_ram_offset__) + SIZEOF (text_application_ram))
                0x20002064                __ramfuncs_end__ = .

.heap           0x20002068      0x800
                0x20002068                __HeapBase = .
                0x20002068                __end__ = .
                0x20002068                end = __end__
                0x20002068                _end = __end__
 *(.heap*)
 .heap          0x20002068      0x800 ./gecko_sdk_4.4.6/platform/common/toolchain/src/sl_memory.o
                0x20040000                __HeapLimit = (ORIGIN (RAM) + LENGTH (RAM))
                0x0003df98                __heap_size = (__HeapLimit - __HeapBase)
                0x20040000                __ram_end__ = 0x20040000
                0x0817e000                __main_flash_end__ = 0x817e000

.internal_storage
 *(.internal_storage*)

.nvm
 *(.simee*)
                0x0817e000                linker_nvm_end = __main_flash_end__
                0x0817e000                linker_nvm_begin = (linker_nvm_end - SIZEOF (.nvm))
                0x00000000                linker_nvm_size = SIZEOF (.nvm)
                0x0817e000                linker_storage_end = linker_nvm_begin
                0x0817e000                __nvm3Base = linker_nvm_begin
                0x0817e000                linker_storage_begin = (linker_storage_end - SIZEOF (.internal_storage))
                0x00000000                linker_storage_size = SIZEOF (.internal_storage)
                0x00000001                ASSERT ((linker_storage_begin >= (__etext + SIZEOF (.data))), FLASH memory overflowed !)
                0x0817e000                app_flash_end = 0x817e000
                0x00000001                ASSERT (((linker_nvm_begin + SIZEOF (.nvm)) <= app_flash_end), NVM3 is excessing the flash size !)
OUTPUT(silmotion.axf elf32-littlearm)
LOAD linker stubs

.ARM.attributes
                0x00000000       0x36
 .ARM.attributes
                0x00000000       0x26 d:/simplicitystudio-5/developer/toolchains/gnu_arm/12.2.rel1_2023.7/bin/../lib/gcc/arm-none-eabi/12.2.1/thumb/v8-m.main+fp/hard/crti.o
 .ARM.attributes
                0x00000026       0x38 d:/simplicitystudio-5/developer/toolchains/gnu_arm/12.2.rel1_2023.7/bin/../lib/gcc/arm-none-eabi/12.2.1/thumb/v8-m.main+fp/hard/crtbegin.o
 .ARM.attributes
                0x0000005e       0x24 d:/simplicitystudio-5/developer/toolchains/gnu_arm/12.2.rel1_2023.7/bin/../lib/gcc/arm-none-eabi/12.2.1/thumb/v8-m.main+fp/hard/crt0.o
 .ARM.attributes
                0x00000082       0x3a ./app.o
 .ARM.attributes
                0x000000bc       0x3a ./main.o
 .ARM.attributes
                0x000000f6       0x3a ./nv_eusart.o
 .ARM.attributes
                0x00000130       0x3a ./autogen/sl_board_default_init.o
 .ARM.attributes
                0x0000016a       0x3a ./autogen/sl_device_init_clocks.o
 .ARM.attributes
                0x000001a4       0x3a ./autogen/sl_event_handler.o
 .ARM.attributes
                0x000001de       0x3a ./gecko_sdk_4.4.6/hardware/board/src/sl_board_control_gpio.o
 .ARM.attributes
                0x00000218       0x3a ./gecko_sdk_4.4.6/hardware/board/src/sl_board_init.o
 .ARM.attributes
                0x00000252       0x3a ./gecko_sdk_4.4.6/hardware/driver/mx25_flash_shutdown/src/sl_mx25_flash_shutdown_usart/sl_mx25_flash_shutdown.o
 .ARM.attributes
                0x0000028c       0x3a ./gecko_sdk_4.4.6/platform/Device/SiliconLabs/EFR32MG24/Source/startup_efr32mg24.o
 .ARM.attributes
                0x000002c6       0x3a ./gecko_sdk_4.4.6/platform/Device/SiliconLabs/EFR32MG24/Source/system_efr32mg24.o
 .ARM.attributes
                0x00000300       0x3a ./gecko_sdk_4.4.6/platform/common/src/sl_assert.o
 .ARM.attributes
                0x0000033a       0x3a ./gecko_sdk_4.4.6/platform/common/src/sl_syscalls.o
 .ARM.attributes
                0x00000374       0x3a ./gecko_sdk_4.4.6/platform/common/toolchain/src/sl_memory.o
 .ARM.attributes
                0x000003ae       0x3a ./gecko_sdk_4.4.6/platform/emlib/src/em_cmu.o
 .ARM.attributes
                0x000003e8       0x3a ./gecko_sdk_4.4.6/platform/emlib/src/em_core.o
 .ARM.attributes
                0x00000422       0x3a ./gecko_sdk_4.4.6/platform/emlib/src/em_emu.o
 .ARM.attributes
                0x0000045c       0x3a ./gecko_sdk_4.4.6/platform/emlib/src/em_eusart.o
 .ARM.attributes
                0x00000496       0x3a ./gecko_sdk_4.4.6/platform/emlib/src/em_gpio.o
 .ARM.attributes
                0x000004d0       0x3a ./gecko_sdk_4.4.6/platform/emlib/src/em_usart.o
 .ARM.attributes
                0x0000050a       0x3a ./gecko_sdk_4.4.6/platform/peripheral/src/peripheral_sysrtc.o
 .ARM.attributes
                0x00000544       0x3a ./gecko_sdk_4.4.6/platform/service/device_init/src/sl_device_init_dcdc_s2.o
 .ARM.attributes
                0x0000057e       0x3a ./gecko_sdk_4.4.6/platform/service/device_init/src/sl_device_init_emu_s2.o
 .ARM.attributes
                0x000005b8       0x3a ./gecko_sdk_4.4.6/platform/service/device_init/src/sl_device_init_hfxo_s2.o
 .ARM.attributes
                0x000005f2       0x3a ./gecko_sdk_4.4.6/platform/service/device_init/src/sl_device_init_lfxo_s2.o
 .ARM.attributes
                0x0000062c       0x3a ./gecko_sdk_4.4.6/platform/service/device_init/src/sl_device_init_nvic.o
 .ARM.attributes
                0x00000666       0x3a ./gecko_sdk_4.4.6/platform/service/sleeptimer/src/sl_sleeptimer.o
 .ARM.attributes
                0x000006a0       0x3a ./gecko_sdk_4.4.6/platform/service/sleeptimer/src/sl_sleeptimer_hal_sysrtc.o
 .ARM.attributes
                0x000006da       0x3a ./gecko_sdk_4.4.6/platform/service/system/src/sl_system_init.o
 .ARM.attributes
                0x00000714       0x3a ./gecko_sdk_4.4.6/platform/service/system/src/sl_system_process_action.o
 .ARM.attributes
                0x0000074e       0x3a ./gecko_sdk_4.4.6/platform/service/udelay/src/sl_udelay.o
 .ARM.attributes
                0x00000788       0x26 ./gecko_sdk_4.4.6/platform/service/udelay/src/sl_udelay_armv6m_gcc.o
 .ARM.attributes
                0x000007ae       0x26 d:/simplicitystudio-5/developer/toolchains/gnu_arm/12.2.rel1_2023.7/bin/../lib/gcc/arm-none-eabi/12.2.1/thumb/v8-m.main+fp/hard\libgcc.a(_aeabi_uldivmod.o)
 .ARM.attributes
                0x000007d4       0x38 d:/simplicitystudio-5/developer/toolchains/gnu_arm/12.2.rel1_2023.7/bin/../lib/gcc/arm-none-eabi/12.2.1/thumb/v8-m.main+fp/hard\libgcc.a(_udivmoddi4.o)
 .ARM.attributes
                0x0000080c       0x26 d:/simplicitystudio-5/developer/toolchains/gnu_arm/12.2.rel1_2023.7/bin/../lib/gcc/arm-none-eabi/12.2.1/thumb/v8-m.main+fp/hard\libgcc.a(_dvmd_tls.o)
 .ARM.attributes
                0x00000832       0x38 d:/simplicitystudio-5/developer/toolchains/gnu_arm/12.2.rel1_2023.7/bin/../lib/gcc/arm-none-eabi/12.2.1/thumb/v8-m.main+fp/hard\libc_nano.a(libc_a-exit.o)
 .ARM.attributes
                0x0000086a       0x38 d:/simplicitystudio-5/developer/toolchains/gnu_arm/12.2.rel1_2023.7/bin/../lib/gcc/arm-none-eabi/12.2.1/thumb/v8-m.main+fp/hard\libc_nano.a(libc_a-findfp.o)
 .ARM.attributes
                0x000008a2       0x38 d:/simplicitystudio-5/developer/toolchains/gnu_arm/12.2.rel1_2023.7/bin/../lib/gcc/arm-none-eabi/12.2.1/thumb/v8-m.main+fp/hard\libc_nano.a(libc_a-memset.o)
 .ARM.attributes
                0x000008da       0x38 d:/simplicitystudio-5/developer/toolchains/gnu_arm/12.2.rel1_2023.7/bin/../lib/gcc/arm-none-eabi/12.2.1/thumb/v8-m.main+fp/hard\libc_nano.a(libc_a-init.o)
 .ARM.attributes
                0x00000912       0x38 d:/simplicitystudio-5/developer/toolchains/gnu_arm/12.2.rel1_2023.7/bin/../lib/gcc/arm-none-eabi/12.2.1/thumb/v8-m.main+fp/hard/crtend.o
 .ARM.attributes
                0x0000094a       0x26 d:/simplicitystudio-5/developer/toolchains/gnu_arm/12.2.rel1_2023.7/bin/../lib/gcc/arm-none-eabi/12.2.1/thumb/v8-m.main+fp/hard/crtn.o

.comment        0x00000000       0x45
 .comment       0x00000000       0x45 ./app.o
                                 0x46 (size before relaxing)
 .comment       0x00000045       0x46 ./main.o
 .comment       0x00000045       0x46 ./nv_eusart.o
 .comment       0x00000045       0x46 ./autogen/sl_board_default_init.o
 .comment       0x00000045       0x46 ./autogen/sl_device_init_clocks.o
 .comment       0x00000045       0x46 ./autogen/sl_event_handler.o
 .comment       0x00000045       0x46 ./gecko_sdk_4.4.6/hardware/board/src/sl_board_control_gpio.o
 .comment       0x00000045       0x46 ./gecko_sdk_4.4.6/hardware/board/src/sl_board_init.o
 .comment       0x00000045       0x46 ./gecko_sdk_4.4.6/hardware/driver/mx25_flash_shutdown/src/sl_mx25_flash_shutdown_usart/sl_mx25_flash_shutdown.o
 .comment       0x00000045       0x46 ./gecko_sdk_4.4.6/platform/Device/SiliconLabs/EFR32MG24/Source/startup_efr32mg24.o
 .comment       0x00000045       0x46 ./gecko_sdk_4.4.6/platform/Device/SiliconLabs/EFR32MG24/Source/system_efr32mg24.o
 .comment       0x00000045       0x46 ./gecko_sdk_4.4.6/platform/common/src/sl_assert.o
 .comment       0x00000045       0x46 ./gecko_sdk_4.4.6/platform/common/src/sl_syscalls.o
 .comment       0x00000045       0x46 ./gecko_sdk_4.4.6/platform/common/toolchain/src/sl_memory.o
 .comment       0x00000045       0x46 ./gecko_sdk_4.4.6/platform/emlib/src/em_cmu.o
 .comment       0x00000045       0x46 ./gecko_sdk_4.4.6/platform/emlib/src/em_core.o
 .comment       0x00000045       0x46 ./gecko_sdk_4.4.6/platform/emlib/src/em_emu.o
 .comment       0x00000045       0x46 ./gecko_sdk_4.4.6/platform/emlib/src/em_eusart.o
 .comment       0x00000045       0x46 ./gecko_sdk_4.4.6/platform/emlib/src/em_gpio.o
 .comment       0x00000045       0x46 ./gecko_sdk_4.4.6/platform/emlib/src/em_usart.o
 .comment       0x00000045       0x46 ./gecko_sdk_4.4.6/platform/peripheral/src/peripheral_sysrtc.o
 .comment       0x00000045       0x46 ./gecko_sdk_4.4.6/platform/service/device_init/src/sl_device_init_dcdc_s2.o
 .comment       0x00000045       0x46 ./gecko_sdk_4.4.6/platform/service/device_init/src/sl_device_init_emu_s2.o
 .comment       0x00000045       0x46 ./gecko_sdk_4.4.6/platform/service/device_init/src/sl_device_init_hfxo_s2.o
 .comment       0x00000045       0x46 ./gecko_sdk_4.4.6/platform/service/device_init/src/sl_device_init_lfxo_s2.o
 .comment       0x00000045       0x46 ./gecko_sdk_4.4.6/platform/service/device_init/src/sl_device_init_nvic.o
 .comment       0x00000045       0x46 ./gecko_sdk_4.4.6/platform/service/sleeptimer/src/sl_sleeptimer.o
 .comment       0x00000045       0x46 ./gecko_sdk_4.4.6/platform/service/sleeptimer/src/sl_sleeptimer_hal_sysrtc.o
 .comment       0x00000045       0x46 ./gecko_sdk_4.4.6/platform/service/system/src/sl_system_init.o
 .comment       0x00000045       0x46 ./gecko_sdk_4.4.6/platform/service/system/src/sl_system_process_action.o
 .comment       0x00000045       0x46 ./gecko_sdk_4.4.6/platform/service/udelay/src/sl_udelay.o

.debug_line_str
                0x00000000      0x1c0
 .debug_line_str
                0x00000000       0xe7 d:/simplicitystudio-5/developer/toolchains/gnu_arm/12.2.rel1_2023.7/bin/../lib/gcc/arm-none-eabi/12.2.1/thumb/v8-m.main+fp/hard/crt0.o
 .debug_line_str
                0x000000e7       0xcd d:/simplicitystudio-5/developer/toolchains/gnu_arm/12.2.rel1_2023.7/bin/../lib/gcc/arm-none-eabi/12.2.1/thumb/v8-m.main+fp/hard\libgcc.a(_aeabi_uldivmod.o)
 .debug_line_str
                0x000001b4        0xc d:/simplicitystudio-5/developer/toolchains/gnu_arm/12.2.rel1_2023.7/bin/../lib/gcc/arm-none-eabi/12.2.1/thumb/v8-m.main+fp/hard\libgcc.a(_dvmd_tls.o)
                                 0xd1 (size before relaxing)

.debug_info     0x00000000    0x2de00
 .debug_info    0x00000000      0x171 ./app.o
 .debug_info    0x00000171       0xa1 ./main.o
 .debug_info    0x00000212     0x2d8b ./nv_eusart.o
 .debug_info    0x00002f9d       0x86 ./autogen/sl_board_default_init.o
 .debug_info    0x00003023     0x1415 ./autogen/sl_device_init_clocks.o
 .debug_info    0x00004438      0x219 ./autogen/sl_event_handler.o
 .debug_info    0x00004651      0x3c2 ./gecko_sdk_4.4.6/hardware/board/src/sl_board_control_gpio.o
 .debug_info    0x00004a13      0x2fb ./gecko_sdk_4.4.6/hardware/board/src/sl_board_init.o
 .debug_info    0x00004d0e     0x2538 ./gecko_sdk_4.4.6/hardware/driver/mx25_flash_shutdown/src/sl_mx25_flash_shutdown_usart/sl_mx25_flash_shutdown.o
 .debug_info    0x00007246      0x3a9 ./gecko_sdk_4.4.6/platform/Device/SiliconLabs/EFR32MG24/Source/startup_efr32mg24.o
 .debug_info    0x000075ef     0x2478 ./gecko_sdk_4.4.6/platform/Device/SiliconLabs/EFR32MG24/Source/system_efr32mg24.o
 .debug_info    0x00009a67       0x86 ./gecko_sdk_4.4.6/platform/common/src/sl_assert.o
 .debug_info    0x00009aed      0x306 ./gecko_sdk_4.4.6/platform/common/src/sl_syscalls.o
 .debug_info    0x00009df3      0x205 ./gecko_sdk_4.4.6/platform/common/toolchain/src/sl_memory.o
 .debug_info    0x00009ff8     0xa8af ./gecko_sdk_4.4.6/platform/emlib/src/em_cmu.o
 .debug_info    0x000148a7     0x1416 ./gecko_sdk_4.4.6/platform/emlib/src/em_core.o
 .debug_info    0x00015cbd     0x5065 ./gecko_sdk_4.4.6/platform/emlib/src/em_emu.o
 .debug_info    0x0001ad22     0x5a8e ./gecko_sdk_4.4.6/platform/emlib/src/em_eusart.o
 .debug_info    0x000207b0     0x2777 ./gecko_sdk_4.4.6/platform/emlib/src/em_gpio.o
 .debug_info    0x00022f27     0x4a3f ./gecko_sdk_4.4.6/platform/emlib/src/em_usart.o
 .debug_info    0x00027966      0xde0 ./gecko_sdk_4.4.6/platform/peripheral/src/peripheral_sysrtc.o
 .debug_info    0x00028746      0x370 ./gecko_sdk_4.4.6/platform/service/device_init/src/sl_device_init_dcdc_s2.o
 .debug_info    0x00028ab6      0xb44 ./gecko_sdk_4.4.6/platform/service/device_init/src/sl_device_init_emu_s2.o
 .debug_info    0x000295fa      0x8c8 ./gecko_sdk_4.4.6/platform/service/device_init/src/sl_device_init_hfxo_s2.o
 .debug_info    0x00029ec2      0x29e ./gecko_sdk_4.4.6/platform/service/device_init/src/sl_device_init_lfxo_s2.o
 .debug_info    0x0002a160      0x847 ./gecko_sdk_4.4.6/platform/service/device_init/src/sl_device_init_nvic.o
 .debug_info    0x0002a9a7     0x1a68 ./gecko_sdk_4.4.6/platform/service/sleeptimer/src/sl_sleeptimer.o
 .debug_info    0x0002c40f     0x16eb ./gecko_sdk_4.4.6/platform/service/sleeptimer/src/sl_sleeptimer_hal_sysrtc.o
 .debug_info    0x0002dafa       0xa7 ./gecko_sdk_4.4.6/platform/service/system/src/sl_system_init.o
 .debug_info    0x0002dba1       0x93 ./gecko_sdk_4.4.6/platform/service/system/src/sl_system_process_action.o
 .debug_info    0x0002dc34      0x1a6 ./gecko_sdk_4.4.6/platform/service/udelay/src/sl_udelay.o
 .debug_info    0x0002ddda       0x26 ./gecko_sdk_4.4.6/platform/service/udelay/src/sl_udelay_armv6m_gcc.o

.debug_abbrev   0x00000000     0x3fe6
 .debug_abbrev  0x00000000      0x11f ./app.o
 .debug_abbrev  0x0000011f       0x5d ./main.o
 .debug_abbrev  0x0000017c      0x345 ./nv_eusart.o
 .debug_abbrev  0x000004c1       0x46 ./autogen/sl_board_default_init.o
 .debug_abbrev  0x00000507       0xde ./autogen/sl_device_init_clocks.o
 .debug_abbrev  0x000005e5       0xec ./autogen/sl_event_handler.o
 .debug_abbrev  0x000006d1      0x185 ./gecko_sdk_4.4.6/hardware/board/src/sl_board_control_gpio.o
 .debug_abbrev  0x00000856      0x116 ./gecko_sdk_4.4.6/hardware/board/src/sl_board_init.o
 .debug_abbrev  0x0000096c      0x238 ./gecko_sdk_4.4.6/hardware/driver/mx25_flash_shutdown/src/sl_mx25_flash_shutdown_usart/sl_mx25_flash_shutdown.o
 .debug_abbrev  0x00000ba4      0x22e ./gecko_sdk_4.4.6/platform/Device/SiliconLabs/EFR32MG24/Source/startup_efr32mg24.o
 .debug_abbrev  0x00000dd2      0x34d ./gecko_sdk_4.4.6/platform/Device/SiliconLabs/EFR32MG24/Source/system_efr32mg24.o
 .debug_abbrev  0x0000111f       0x6c ./gecko_sdk_4.4.6/platform/common/src/sl_assert.o
 .debug_abbrev  0x0000118b      0x143 ./gecko_sdk_4.4.6/platform/common/src/sl_syscalls.o
 .debug_abbrev  0x000012ce      0x11e ./gecko_sdk_4.4.6/platform/common/toolchain/src/sl_memory.o
 .debug_abbrev  0x000013ec      0x5b2 ./gecko_sdk_4.4.6/platform/emlib/src/em_cmu.o
 .debug_abbrev  0x0000199e      0x32f ./gecko_sdk_4.4.6/platform/emlib/src/em_core.o
 .debug_abbrev  0x00001ccd      0x4d0 ./gecko_sdk_4.4.6/platform/emlib/src/em_emu.o
 .debug_abbrev  0x0000219d      0x437 ./gecko_sdk_4.4.6/platform/emlib/src/em_eusart.o
 .debug_abbrev  0x000025d4      0x336 ./gecko_sdk_4.4.6/platform/emlib/src/em_gpio.o
 .debug_abbrev  0x0000290a      0x345 ./gecko_sdk_4.4.6/platform/emlib/src/em_usart.o
 .debug_abbrev  0x00002c4f      0x282 ./gecko_sdk_4.4.6/platform/peripheral/src/peripheral_sysrtc.o
 .debug_abbrev  0x00002ed1      0x11a ./gecko_sdk_4.4.6/platform/service/device_init/src/sl_device_init_dcdc_s2.o
 .debug_abbrev  0x00002feb      0x149 ./gecko_sdk_4.4.6/platform/service/device_init/src/sl_device_init_emu_s2.o
 .debug_abbrev  0x00003134      0x196 ./gecko_sdk_4.4.6/platform/service/device_init/src/sl_device_init_hfxo_s2.o
 .debug_abbrev  0x000032ca      0x105 ./gecko_sdk_4.4.6/platform/service/device_init/src/sl_device_init_lfxo_s2.o
 .debug_abbrev  0x000033cf      0x14b ./gecko_sdk_4.4.6/platform/service/device_init/src/sl_device_init_nvic.o
 .debug_abbrev  0x0000351a      0x495 ./gecko_sdk_4.4.6/platform/service/sleeptimer/src/sl_sleeptimer.o
 .debug_abbrev  0x000039af      0x44d ./gecko_sdk_4.4.6/platform/service/sleeptimer/src/sl_sleeptimer_hal_sysrtc.o
 .debug_abbrev  0x00003dfc       0x5c ./gecko_sdk_4.4.6/platform/service/system/src/sl_system_init.o
 .debug_abbrev  0x00003e58       0x5c ./gecko_sdk_4.4.6/platform/service/system/src/sl_system_process_action.o
 .debug_abbrev  0x00003eb4      0x11e ./gecko_sdk_4.4.6/platform/service/udelay/src/sl_udelay.o
 .debug_abbrev  0x00003fd2       0x14 ./gecko_sdk_4.4.6/platform/service/udelay/src/sl_udelay_armv6m_gcc.o

.debug_loc      0x00000000     0xb838
 .debug_loc     0x00000000       0xa2 ./app.o
 .debug_loc     0x000000a2       0x20 ./main.o
 .debug_loc     0x000000c2      0x254 ./nv_eusart.o
 .debug_loc     0x00000316       0x20 ./autogen/sl_device_init_clocks.o
 .debug_loc     0x00000336       0x58 ./autogen/sl_event_handler.o
 .debug_loc     0x0000038e      0x20a ./gecko_sdk_4.4.6/hardware/board/src/sl_board_control_gpio.o
 .debug_loc     0x00000598       0x2c ./gecko_sdk_4.4.6/hardware/board/src/sl_board_init.o
 .debug_loc     0x000005c4       0x90 ./gecko_sdk_4.4.6/hardware/driver/mx25_flash_shutdown/src/sl_mx25_flash_shutdown_usart/sl_mx25_flash_shutdown.o
 .debug_loc     0x00000654       0x8e ./gecko_sdk_4.4.6/platform/Device/SiliconLabs/EFR32MG24/Source/startup_efr32mg24.o
 .debug_loc     0x000006e2      0x2c0 ./gecko_sdk_4.4.6/platform/Device/SiliconLabs/EFR32MG24/Source/system_efr32mg24.o
 .debug_loc     0x000009a2       0x2a ./gecko_sdk_4.4.6/platform/common/src/sl_assert.o
 .debug_loc     0x000009cc      0x118 ./gecko_sdk_4.4.6/platform/common/src/sl_syscalls.o
 .debug_loc     0x00000ae4       0xa9 ./gecko_sdk_4.4.6/platform/common/toolchain/src/sl_memory.o
 .debug_loc     0x00000b8d     0x4b25 ./gecko_sdk_4.4.6/platform/emlib/src/em_cmu.o
 .debug_loc     0x000056b2      0x9a9 ./gecko_sdk_4.4.6/platform/emlib/src/em_core.o
 .debug_loc     0x0000605b      0x95e ./gecko_sdk_4.4.6/platform/emlib/src/em_emu.o
 .debug_loc     0x000069b9     0x1348 ./gecko_sdk_4.4.6/platform/emlib/src/em_eusart.o
 .debug_loc     0x00007d01      0x941 ./gecko_sdk_4.4.6/platform/emlib/src/em_gpio.o
 .debug_loc     0x00008642      0xa7f ./gecko_sdk_4.4.6/platform/emlib/src/em_usart.o
 .debug_loc     0x000090c1      0x582 ./gecko_sdk_4.4.6/platform/peripheral/src/peripheral_sysrtc.o
 .debug_loc     0x00009643       0x2c ./gecko_sdk_4.4.6/platform/service/device_init/src/sl_device_init_dcdc_s2.o
 .debug_loc     0x0000966f       0x2c ./gecko_sdk_4.4.6/platform/service/device_init/src/sl_device_init_emu_s2.o
 .debug_loc     0x0000969b       0xbd ./gecko_sdk_4.4.6/platform/service/device_init/src/sl_device_init_hfxo_s2.o
 .debug_loc     0x00009758       0x38 ./gecko_sdk_4.4.6/platform/service/device_init/src/sl_device_init_lfxo_s2.o
 .debug_loc     0x00009790       0x79 ./gecko_sdk_4.4.6/platform/service/device_init/src/sl_device_init_nvic.o
 .debug_loc     0x00009809     0x197f ./gecko_sdk_4.4.6/platform/service/sleeptimer/src/sl_sleeptimer.o
 .debug_loc     0x0000b188      0x4c3 ./gecko_sdk_4.4.6/platform/service/sleeptimer/src/sl_sleeptimer_hal_sysrtc.o
 .debug_loc     0x0000b64b       0x2c ./gecko_sdk_4.4.6/platform/service/system/src/sl_system_init.o
 .debug_loc     0x0000b677       0x2c ./gecko_sdk_4.4.6/platform/service/system/src/sl_system_process_action.o
 .debug_loc     0x0000b6a3      0x195 ./gecko_sdk_4.4.6/platform/service/udelay/src/sl_udelay.o

.debug_aranges  0x00000000      0xd28
 .debug_aranges
                0x00000000       0x28 ./app.o
 .debug_aranges
                0x00000028       0x20 ./main.o
 .debug_aranges
                0x00000048       0x50 ./nv_eusart.o
 .debug_aranges
                0x00000098       0x20 ./autogen/sl_board_default_init.o
 .debug_aranges
                0x000000b8       0x20 ./autogen/sl_device_init_clocks.o
 .debug_aranges
                0x000000d8       0x60 ./autogen/sl_event_handler.o
 .debug_aranges
                0x00000138       0x70 ./gecko_sdk_4.4.6/hardware/board/src/sl_board_control_gpio.o
 .debug_aranges
                0x000001a8       0x28 ./gecko_sdk_4.4.6/hardware/board/src/sl_board_init.o
 .debug_aranges
                0x000001d0       0x30 ./gecko_sdk_4.4.6/hardware/driver/mx25_flash_shutdown/src/sl_mx25_flash_shutdown_usart/sl_mx25_flash_shutdown.o
 .debug_aranges
                0x00000200       0x30 ./gecko_sdk_4.4.6/platform/Device/SiliconLabs/EFR32MG24/Source/startup_efr32mg24.o
 .debug_aranges
                0x00000230       0x98 ./gecko_sdk_4.4.6/platform/Device/SiliconLabs/EFR32MG24/Source/system_efr32mg24.o
 .debug_aranges
                0x000002c8       0x20 ./gecko_sdk_4.4.6/platform/common/src/sl_assert.o
 .debug_aranges
                0x000002e8       0x68 ./gecko_sdk_4.4.6/platform/common/src/sl_syscalls.o
 .debug_aranges
                0x00000350       0x30 ./gecko_sdk_4.4.6/platform/common/toolchain/src/sl_memory.o
 .debug_aranges
                0x00000380      0x200 ./gecko_sdk_4.4.6/platform/emlib/src/em_cmu.o
 .debug_aranges
                0x00000580       0xe8 ./gecko_sdk_4.4.6/platform/emlib/src/em_core.o
 .debug_aranges
                0x00000668      0x138 ./gecko_sdk_4.4.6/platform/emlib/src/em_emu.o
 .debug_aranges
                0x000007a0       0xc8 ./gecko_sdk_4.4.6/platform/emlib/src/em_eusart.o
 .debug_aranges
                0x00000868       0x68 ./gecko_sdk_4.4.6/platform/emlib/src/em_gpio.o
 .debug_aranges
                0x000008d0       0xb8 ./gecko_sdk_4.4.6/platform/emlib/src/em_usart.o
 .debug_aranges
                0x00000988       0xd0 ./gecko_sdk_4.4.6/platform/peripheral/src/peripheral_sysrtc.o
 .debug_aranges
                0x00000a58       0x20 ./gecko_sdk_4.4.6/platform/service/device_init/src/sl_device_init_dcdc_s2.o
 .debug_aranges
                0x00000a78       0x20 ./gecko_sdk_4.4.6/platform/service/device_init/src/sl_device_init_emu_s2.o
 .debug_aranges
                0x00000a98       0x20 ./gecko_sdk_4.4.6/platform/service/device_init/src/sl_device_init_hfxo_s2.o
 .debug_aranges
                0x00000ab8       0x20 ./gecko_sdk_4.4.6/platform/service/device_init/src/sl_device_init_lfxo_s2.o
 .debug_aranges
                0x00000ad8       0x20 ./gecko_sdk_4.4.6/platform/service/device_init/src/sl_device_init_nvic.o
 .debug_aranges
                0x00000af8      0x120 ./gecko_sdk_4.4.6/platform/service/sleeptimer/src/sl_sleeptimer.o
 .debug_aranges
                0x00000c18       0x90 ./gecko_sdk_4.4.6/platform/service/sleeptimer/src/sl_sleeptimer_hal_sysrtc.o
 .debug_aranges
                0x00000ca8       0x20 ./gecko_sdk_4.4.6/platform/service/system/src/sl_system_init.o
 .debug_aranges
                0x00000cc8       0x20 ./gecko_sdk_4.4.6/platform/service/system/src/sl_system_process_action.o
 .debug_aranges
                0x00000ce8       0x20 ./gecko_sdk_4.4.6/platform/service/udelay/src/sl_udelay.o
 .debug_aranges
                0x00000d08       0x20 ./gecko_sdk_4.4.6/platform/service/udelay/src/sl_udelay_armv6m_gcc.o

.debug_ranges   0x00000000     0x12d0
 .debug_ranges  0x00000000       0x30 ./app.o
 .debug_ranges  0x00000030       0x10 ./main.o
 .debug_ranges  0x00000040       0x78 ./nv_eusart.o
 .debug_ranges  0x000000b8       0x10 ./autogen/sl_board_default_init.o
 .debug_ranges  0x000000c8       0x10 ./autogen/sl_device_init_clocks.o
 .debug_ranges  0x000000d8       0x50 ./autogen/sl_event_handler.o
 .debug_ranges  0x00000128       0x60 ./gecko_sdk_4.4.6/hardware/board/src/sl_board_control_gpio.o
 .debug_ranges  0x00000188       0x18 ./gecko_sdk_4.4.6/hardware/board/src/sl_board_init.o
 .debug_ranges  0x000001a0       0x20 ./gecko_sdk_4.4.6/hardware/driver/mx25_flash_shutdown/src/sl_mx25_flash_shutdown_usart/sl_mx25_flash_shutdown.o
 .debug_ranges  0x000001c0       0x88 ./gecko_sdk_4.4.6/platform/Device/SiliconLabs/EFR32MG24/Source/startup_efr32mg24.o
 .debug_ranges  0x00000248       0xa0 ./gecko_sdk_4.4.6/platform/Device/SiliconLabs/EFR32MG24/Source/system_efr32mg24.o
 .debug_ranges  0x000002e8       0x10 ./gecko_sdk_4.4.6/platform/common/src/sl_assert.o
 .debug_ranges  0x000002f8       0x58 ./gecko_sdk_4.4.6/platform/common/src/sl_syscalls.o
 .debug_ranges  0x00000350       0x20 ./gecko_sdk_4.4.6/platform/common/toolchain/src/sl_memory.o
 .debug_ranges  0x00000370      0x3e0 ./gecko_sdk_4.4.6/platform/emlib/src/em_cmu.o
 .debug_ranges  0x00000750      0x1a0 ./gecko_sdk_4.4.6/platform/emlib/src/em_core.o
 .debug_ranges  0x000008f0      0x2d0 ./gecko_sdk_4.4.6/platform/emlib/src/em_emu.o
 .debug_ranges  0x00000bc0      0x1c0 ./gecko_sdk_4.4.6/platform/emlib/src/em_eusart.o
 .debug_ranges  0x00000d80       0x88 ./gecko_sdk_4.4.6/platform/emlib/src/em_gpio.o
 .debug_ranges  0x00000e08       0xa8 ./gecko_sdk_4.4.6/platform/emlib/src/em_usart.o
 .debug_ranges  0x00000eb0       0xc0 ./gecko_sdk_4.4.6/platform/peripheral/src/peripheral_sysrtc.o
 .debug_ranges  0x00000f70       0x10 ./gecko_sdk_4.4.6/platform/service/device_init/src/sl_device_init_dcdc_s2.o
 .debug_ranges  0x00000f80       0x10 ./gecko_sdk_4.4.6/platform/service/device_init/src/sl_device_init_emu_s2.o
 .debug_ranges  0x00000f90       0x10 ./gecko_sdk_4.4.6/platform/service/device_init/src/sl_device_init_hfxo_s2.o
 .debug_ranges  0x00000fa0       0x10 ./gecko_sdk_4.4.6/platform/service/device_init/src/sl_device_init_lfxo_s2.o
 .debug_ranges  0x00000fb0       0x58 ./gecko_sdk_4.4.6/platform/service/device_init/src/sl_device_init_nvic.o
 .debug_ranges  0x00001008      0x1a0 ./gecko_sdk_4.4.6/platform/service/sleeptimer/src/sl_sleeptimer.o
 .debug_ranges  0x000011a8       0xe0 ./gecko_sdk_4.4.6/platform/service/sleeptimer/src/sl_sleeptimer_hal_sysrtc.o
 .debug_ranges  0x00001288       0x10 ./gecko_sdk_4.4.6/platform/service/system/src/sl_system_init.o
 .debug_ranges  0x00001298       0x10 ./gecko_sdk_4.4.6/platform/service/system/src/sl_system_process_action.o
 .debug_ranges  0x000012a8       0x28 ./gecko_sdk_4.4.6/platform/service/udelay/src/sl_udelay.o

.debug_line     0x00000000     0xc08a
 .debug_line    0x00000000      0x1c1 ./app.o
 .debug_line    0x000001c1       0xc0 ./main.o
 .debug_line    0x00000281      0x553 ./nv_eusart.o
 .debug_line    0x000007d4       0x55 ./autogen/sl_board_default_init.o
 .debug_line    0x00000829      0x227 ./autogen/sl_device_init_clocks.o
 .debug_line    0x00000a50      0x381 ./autogen/sl_event_handler.o
 .debug_line    0x00000dd1      0x369 ./gecko_sdk_4.4.6/hardware/board/src/sl_board_control_gpio.o
 .debug_line    0x0000113a      0x1ff ./gecko_sdk_4.4.6/hardware/board/src/sl_board_init.o
 .debug_line    0x00001339      0x3a5 ./gecko_sdk_4.4.6/hardware/driver/mx25_flash_shutdown/src/sl_mx25_flash_shutdown_usart/sl_mx25_flash_shutdown.o
 .debug_line    0x000016de      0x29c ./gecko_sdk_4.4.6/platform/Device/SiliconLabs/EFR32MG24/Source/startup_efr32mg24.o
 .debug_line    0x0000197a      0x593 ./gecko_sdk_4.4.6/platform/Device/SiliconLabs/EFR32MG24/Source/system_efr32mg24.o
 .debug_line    0x00001f0d       0x7f ./gecko_sdk_4.4.6/platform/common/src/sl_assert.o
 .debug_line    0x00001f8c      0x17f ./gecko_sdk_4.4.6/platform/common/src/sl_syscalls.o
 .debug_line    0x0000210b      0x27f ./gecko_sdk_4.4.6/platform/common/toolchain/src/sl_memory.o
 .debug_line    0x0000238a     0x31bb ./gecko_sdk_4.4.6/platform/emlib/src/em_cmu.o
 .debug_line    0x00005545      0x9b1 ./gecko_sdk_4.4.6/platform/emlib/src/em_core.o
 .debug_line    0x00005ef6      0xe6f ./gecko_sdk_4.4.6/platform/emlib/src/em_emu.o
 .debug_line    0x00006d65     0x14e8 ./gecko_sdk_4.4.6/platform/emlib/src/em_eusart.o
 .debug_line    0x0000824d      0x607 ./gecko_sdk_4.4.6/platform/emlib/src/em_gpio.o
 .debug_line    0x00008854      0xb82 ./gecko_sdk_4.4.6/platform/emlib/src/em_usart.o
 .debug_line    0x000093d6      0x720 ./gecko_sdk_4.4.6/platform/peripheral/src/peripheral_sysrtc.o
 .debug_line    0x00009af6      0x1ce ./gecko_sdk_4.4.6/platform/service/device_init/src/sl_device_init_dcdc_s2.o
 .debug_line    0x00009cc4      0x22c ./gecko_sdk_4.4.6/platform/service/device_init/src/sl_device_init_emu_s2.o
 .debug_line    0x00009ef0      0x27c ./gecko_sdk_4.4.6/platform/service/device_init/src/sl_device_init_hfxo_s2.o
 .debug_line    0x0000a16c      0x1d8 ./gecko_sdk_4.4.6/platform/service/device_init/src/sl_device_init_lfxo_s2.o
 .debug_line    0x0000a344      0x295 ./gecko_sdk_4.4.6/platform/service/device_init/src/sl_device_init_nvic.o
 .debug_line    0x0000a5d9      0xff3 ./gecko_sdk_4.4.6/platform/service/sleeptimer/src/sl_sleeptimer.o
 .debug_line    0x0000b5cc      0x689 ./gecko_sdk_4.4.6/platform/service/sleeptimer/src/sl_sleeptimer_hal_sysrtc.o
 .debug_line    0x0000bc55       0xb6 ./gecko_sdk_4.4.6/platform/service/system/src/sl_system_init.o
 .debug_line    0x0000bd0b       0xbf ./gecko_sdk_4.4.6/platform/service/system/src/sl_system_process_action.o
 .debug_line    0x0000bdca      0x24e ./gecko_sdk_4.4.6/platform/service/udelay/src/sl_udelay.o
 .debug_line    0x0000c018       0x72 ./gecko_sdk_4.4.6/platform/service/udelay/src/sl_udelay_armv6m_gcc.o

.debug_str      0x00000000     0xbde0
 .debug_str     0x00000000      0x1c9 ./app.o
                                0x22f (size before relaxing)
 .debug_str     0x000001c9       0x37 ./main.o
                                0x170 (size before relaxing)
 .debug_str     0x00000200     0x246c ./nv_eusart.o
                               0x289b (size before relaxing)
 .debug_str     0x0000266c       0x39 ./autogen/sl_board_default_init.o
                                0x1da (size before relaxing)
 .debug_str     0x000026a5      0x94d ./autogen/sl_device_init_clocks.o
                                0xdfc (size before relaxing)
 .debug_str     0x00002ff2      0x194 ./autogen/sl_event_handler.o
                                0x36b (size before relaxing)
 .debug_str     0x00003186      0x296 ./gecko_sdk_4.4.6/hardware/board/src/sl_board_control_gpio.o
                                0x494 (size before relaxing)
 .debug_str     0x0000341c       0x47 ./gecko_sdk_4.4.6/hardware/board/src/sl_board_init.o
                                0x6ac (size before relaxing)
 .debug_str     0x00003463      0x4ef ./gecko_sdk_4.4.6/hardware/driver/mx25_flash_shutdown/src/sl_mx25_flash_shutdown_usart/sl_mx25_flash_shutdown.o
                               0x1d31 (size before relaxing)
 .debug_str     0x00003952      0x1a3 ./gecko_sdk_4.4.6/platform/Device/SiliconLabs/EFR32MG24/Source/startup_efr32mg24.o
                                0x35f (size before relaxing)
 .debug_str     0x00003af5      0x60a ./gecko_sdk_4.4.6/platform/Device/SiliconLabs/EFR32MG24/Source/system_efr32mg24.o
                               0x1751 (size before relaxing)
 .debug_str     0x000040ff       0x37 ./gecko_sdk_4.4.6/platform/common/src/sl_assert.o
                                0x163 (size before relaxing)
 .debug_str     0x00004136       0x80 ./gecko_sdk_4.4.6/platform/common/src/sl_syscalls.o
                                0x243 (size before relaxing)
 .debug_str     0x000041b6       0xd1 ./gecko_sdk_4.4.6/platform/common/toolchain/src/sl_memory.o
                                0x29d (size before relaxing)
 .debug_str     0x00004287     0x434b ./gecko_sdk_4.4.6/platform/emlib/src/em_cmu.o
                               0x653d (size before relaxing)
 .debug_str     0x000085d2      0x317 ./gecko_sdk_4.4.6/platform/emlib/src/em_core.o
                                0xb0d (size before relaxing)
 .debug_str     0x000088e9      0xc89 ./gecko_sdk_4.4.6/platform/emlib/src/em_emu.o
                               0x2dab (size before relaxing)
 .debug_str     0x00009572      0xb83 ./gecko_sdk_4.4.6/platform/emlib/src/em_eusart.o
                               0x53b9 (size before relaxing)
 .debug_str     0x0000a0f5       0xf8 ./gecko_sdk_4.4.6/platform/emlib/src/em_gpio.o
                               0x1693 (size before relaxing)
 .debug_str     0x0000a1ed      0x33e ./gecko_sdk_4.4.6/platform/emlib/src/em_usart.o
                               0x4548 (size before relaxing)
 .debug_str     0x0000a52b      0x680 ./gecko_sdk_4.4.6/platform/peripheral/src/peripheral_sysrtc.o
                                0xad2 (size before relaxing)
 .debug_str     0x0000abab       0x47 ./gecko_sdk_4.4.6/platform/service/device_init/src/sl_device_init_dcdc_s2.o
                                0x8ca (size before relaxing)
 .debug_str     0x0000abf2       0x4f ./gecko_sdk_4.4.6/platform/service/device_init/src/sl_device_init_emu_s2.o
                                0x921 (size before relaxing)
 .debug_str     0x0000ac41      0x4fd ./gecko_sdk_4.4.6/platform/service/device_init/src/sl_device_init_hfxo_s2.o
                                0xbdb (size before relaxing)
 .debug_str     0x0000b13e      0x1bc ./gecko_sdk_4.4.6/platform/service/device_init/src/sl_device_init_lfxo_s2.o
                                0x497 (size before relaxing)
 .debug_str     0x0000b2fa       0x60 ./gecko_sdk_4.4.6/platform/service/device_init/src/sl_device_init_nvic.o
                                0x803 (size before relaxing)
 .debug_str     0x0000b35a      0x81e ./gecko_sdk_4.4.6/platform/service/sleeptimer/src/sl_sleeptimer.o
                                0xbc0 (size before relaxing)
 .debug_str     0x0000bb78      0x13f ./gecko_sdk_4.4.6/platform/service/sleeptimer/src/sl_sleeptimer_hal_sysrtc.o
                               0x15f0 (size before relaxing)
 .debug_str     0x0000bcb7       0x3a ./gecko_sdk_4.4.6/platform/service/system/src/sl_system_init.o
                                0x1b9 (size before relaxing)
 .debug_str     0x0000bcf1       0x44 ./gecko_sdk_4.4.6/platform/service/system/src/sl_system_process_action.o
                                0x1e6 (size before relaxing)
 .debug_str     0x0000bd35       0x5d ./gecko_sdk_4.4.6/platform/service/udelay/src/sl_udelay.o
                                0x258 (size before relaxing)
 .debug_str     0x0000bd92       0x4e ./gecko_sdk_4.4.6/platform/service/udelay/src/sl_udelay_armv6m_gcc.o
                                 0x85 (size before relaxing)

.debug_frame    0x00000000     0x2238
 .debug_frame   0x00000000       0x40 ./app.o
 .debug_frame   0x00000040       0x28 ./main.o
 .debug_frame   0x00000068       0xa0 ./nv_eusart.o
 .debug_frame   0x00000108       0x20 ./autogen/sl_board_default_init.o
 .debug_frame   0x00000128       0x28 ./autogen/sl_device_init_clocks.o
 .debug_frame   0x00000150       0xb8 ./autogen/sl_event_handler.o
 .debug_frame   0x00000208       0xf0 ./gecko_sdk_4.4.6/hardware/board/src/sl_board_control_gpio.o
 .debug_frame   0x000002f8       0x3c ./gecko_sdk_4.4.6/hardware/board/src/sl_board_init.o
 .debug_frame   0x00000334       0x54 ./gecko_sdk_4.4.6/hardware/driver/mx25_flash_shutdown/src/sl_mx25_flash_shutdown_usart/sl_mx25_flash_shutdown.o
 .debug_frame   0x00000388       0x48 ./gecko_sdk_4.4.6/platform/Device/SiliconLabs/EFR32MG24/Source/startup_efr32mg24.o
 .debug_frame   0x000003d0      0x128 ./gecko_sdk_4.4.6/platform/Device/SiliconLabs/EFR32MG24/Source/system_efr32mg24.o
 .debug_frame   0x000004f8       0x20 ./gecko_sdk_4.4.6/platform/common/src/sl_assert.o
 .debug_frame   0x00000518       0xb0 ./gecko_sdk_4.4.6/platform/common/src/sl_syscalls.o
 .debug_frame   0x000005c8       0x40 ./gecko_sdk_4.4.6/platform/common/toolchain/src/sl_memory.o
 .debug_frame   0x00000608      0x66c ./gecko_sdk_4.4.6/platform/emlib/src/em_cmu.o
 .debug_frame   0x00000c74      0x250 ./gecko_sdk_4.4.6/platform/emlib/src/em_core.o
 .debug_frame   0x00000ec4      0x30c ./gecko_sdk_4.4.6/platform/emlib/src/em_emu.o
 .debug_frame   0x000011d0      0x2a4 ./gecko_sdk_4.4.6/platform/emlib/src/em_eusart.o
 .debug_frame   0x00001474      0x168 ./gecko_sdk_4.4.6/platform/emlib/src/em_gpio.o
 .debug_frame   0x000015dc      0x1ec ./gecko_sdk_4.4.6/platform/emlib/src/em_usart.o
 .debug_frame   0x000017c8      0x1d8 ./gecko_sdk_4.4.6/platform/peripheral/src/peripheral_sysrtc.o
 .debug_frame   0x000019a0       0x28 ./gecko_sdk_4.4.6/platform/service/device_init/src/sl_device_init_dcdc_s2.o
 .debug_frame   0x000019c8       0x2c ./gecko_sdk_4.4.6/platform/service/device_init/src/sl_device_init_emu_s2.o
 .debug_frame   0x000019f4       0x34 ./gecko_sdk_4.4.6/platform/service/device_init/src/sl_device_init_hfxo_s2.o
 .debug_frame   0x00001a28       0x30 ./gecko_sdk_4.4.6/platform/service/device_init/src/sl_device_init_lfxo_s2.o
 .debug_frame   0x00001a58       0x28 ./gecko_sdk_4.4.6/platform/service/device_init/src/sl_device_init_nvic.o
 .debug_frame   0x00001a80      0x3ac ./gecko_sdk_4.4.6/platform/service/sleeptimer/src/sl_sleeptimer.o
 .debug_frame   0x00001e2c      0x160 ./gecko_sdk_4.4.6/platform/service/sleeptimer/src/sl_sleeptimer_hal_sysrtc.o
 .debug_frame   0x00001f8c       0x2c ./gecko_sdk_4.4.6/platform/service/system/src/sl_system_init.o
 .debug_frame   0x00001fb8       0x2c ./gecko_sdk_4.4.6/platform/service/system/src/sl_system_process_action.o
 .debug_frame   0x00001fe4       0x38 ./gecko_sdk_4.4.6/platform/service/udelay/src/sl_udelay.o
 .debug_frame   0x0000201c       0x2c d:/simplicitystudio-5/developer/toolchains/gnu_arm/12.2.rel1_2023.7/bin/../lib/gcc/arm-none-eabi/12.2.1/thumb/v8-m.main+fp/hard\libgcc.a(_aeabi_uldivmod.o)
 .debug_frame   0x00002048       0x38 d:/simplicitystudio-5/developer/toolchains/gnu_arm/12.2.rel1_2023.7/bin/../lib/gcc/arm-none-eabi/12.2.1/thumb/v8-m.main+fp/hard\libgcc.a(_udivmoddi4.o)
 .debug_frame   0x00002080       0x28 d:/simplicitystudio-5/developer/toolchains/gnu_arm/12.2.rel1_2023.7/bin/../lib/gcc/arm-none-eabi/12.2.1/thumb/v8-m.main+fp/hard\libc_nano.a(libc_a-exit.o)
 .debug_frame   0x000020a8      0x144 d:/simplicitystudio-5/developer/toolchains/gnu_arm/12.2.rel1_2023.7/bin/../lib/gcc/arm-none-eabi/12.2.1/thumb/v8-m.main+fp/hard\libc_nano.a(libc_a-findfp.o)
 .debug_frame   0x000021ec       0x20 d:/simplicitystudio-5/developer/toolchains/gnu_arm/12.2.rel1_2023.7/bin/../lib/gcc/arm-none-eabi/12.2.1/thumb/v8-m.main+fp/hard\libc_nano.a(libc_a-memset.o)
 .debug_frame   0x0000220c       0x2c d:/simplicitystudio-5/developer/toolchains/gnu_arm/12.2.rel1_2023.7/bin/../lib/gcc/arm-none-eabi/12.2.1/thumb/v8-m.main+fp/hard\libc_nano.a(libc_a-init.o)
