Archive member included to satisfy reference by file (symbol)

d:/simplicitystudio-5/developer/toolchains/gnu_arm/12.2.rel1_2023.7/bin/../lib/gcc/arm-none-eabi/12.2.1/thumb/v8-m.main+fp/hard\libgcc.a(_aeabi_ldivmod.o)
                              ./simplicity_sdk_2024.12.2/platform/emlib/src/em_eusart.o (__aeabi_ldivmod)
d:/simplicitystudio-5/developer/toolchains/gnu_arm/12.2.rel1_2023.7/bin/../lib/gcc/arm-none-eabi/12.2.1/thumb/v8-m.main+fp/hard\libgcc.a(_aeabi_uldivmod.o)
                              ./simplicity_sdk_2024.12.2/platform/emlib/src/em_eusart.o (__aeabi_uldivmod)
d:/simplicitystudio-5/developer/toolchains/gnu_arm/12.2.rel1_2023.7/bin/../lib/gcc/arm-none-eabi/12.2.1/thumb/v8-m.main+fp/hard\libgcc.a(_udivmoddi4.o)
                              d:/simplicitystudio-5/developer/toolchains/gnu_arm/12.2.rel1_2023.7/bin/../lib/gcc/arm-none-eabi/12.2.1/thumb/v8-m.main+fp/hard\libgcc.a(_aeabi_ldivmod.o) (__udivmoddi4)
d:/simplicitystudio-5/developer/toolchains/gnu_arm/12.2.rel1_2023.7/bin/../lib/gcc/arm-none-eabi/12.2.1/thumb/v8-m.main+fp/hard\libgcc.a(_dvmd_tls.o)
                              d:/simplicitystudio-5/developer/toolchains/gnu_arm/12.2.rel1_2023.7/bin/../lib/gcc/arm-none-eabi/12.2.1/thumb/v8-m.main+fp/hard\libgcc.a(_aeabi_ldivmod.o) (__aeabi_ldiv0)
d:/simplicitystudio-5/developer/toolchains/gnu_arm/12.2.rel1_2023.7/bin/../lib/gcc/arm-none-eabi/12.2.1/thumb/v8-m.main+fp/hard\libc_nano.a(libc_a-exit.o)
                              d:/simplicitystudio-5/developer/toolchains/gnu_arm/12.2.rel1_2023.7/bin/../lib/gcc/arm-none-eabi/12.2.1/thumb/v8-m.main+fp/hard/crt0.o (exit)
d:/simplicitystudio-5/developer/toolchains/gnu_arm/12.2.rel1_2023.7/bin/../lib/gcc/arm-none-eabi/12.2.1/thumb/v8-m.main+fp/hard\libc_nano.a(libc_a-findfp.o)
                              d:/simplicitystudio-5/developer/toolchains/gnu_arm/12.2.rel1_2023.7/bin/../lib/gcc/arm-none-eabi/12.2.1/thumb/v8-m.main+fp/hard\libc_nano.a(libc_a-exit.o) (__stdio_exit_handler)
d:/simplicitystudio-5/developer/toolchains/gnu_arm/12.2.rel1_2023.7/bin/../lib/gcc/arm-none-eabi/12.2.1/thumb/v8-m.main+fp/hard\libc_nano.a(libc_a-fwalk.o)
                              d:/simplicitystudio-5/developer/toolchains/gnu_arm/12.2.rel1_2023.7/bin/../lib/gcc/arm-none-eabi/12.2.1/thumb/v8-m.main+fp/hard\libc_nano.a(libc_a-findfp.o) (_fwalk_sglue)
d:/simplicitystudio-5/developer/toolchains/gnu_arm/12.2.rel1_2023.7/bin/../lib/gcc/arm-none-eabi/12.2.1/thumb/v8-m.main+fp/hard\libc_nano.a(libc_a-stdio.o)
                              d:/simplicitystudio-5/developer/toolchains/gnu_arm/12.2.rel1_2023.7/bin/../lib/gcc/arm-none-eabi/12.2.1/thumb/v8-m.main+fp/hard\libc_nano.a(libc_a-findfp.o) (__sread)
d:/simplicitystudio-5/developer/toolchains/gnu_arm/12.2.rel1_2023.7/bin/../lib/gcc/arm-none-eabi/12.2.1/thumb/v8-m.main+fp/hard\libc_nano.a(libc_a-memset.o)
                              d:/simplicitystudio-5/developer/toolchains/gnu_arm/12.2.rel1_2023.7/bin/../lib/gcc/arm-none-eabi/12.2.1/thumb/v8-m.main+fp/hard/crt0.o (memset)
d:/simplicitystudio-5/developer/toolchains/gnu_arm/12.2.rel1_2023.7/bin/../lib/gcc/arm-none-eabi/12.2.1/thumb/v8-m.main+fp/hard\libc_nano.a(libc_a-closer.o)
                              d:/simplicitystudio-5/developer/toolchains/gnu_arm/12.2.rel1_2023.7/bin/../lib/gcc/arm-none-eabi/12.2.1/thumb/v8-m.main+fp/hard\libc_nano.a(libc_a-stdio.o) (_close_r)
d:/simplicitystudio-5/developer/toolchains/gnu_arm/12.2.rel1_2023.7/bin/../lib/gcc/arm-none-eabi/12.2.1/thumb/v8-m.main+fp/hard\libc_nano.a(libc_a-reent.o)
                              d:/simplicitystudio-5/developer/toolchains/gnu_arm/12.2.rel1_2023.7/bin/../lib/gcc/arm-none-eabi/12.2.1/thumb/v8-m.main+fp/hard\libc_nano.a(libc_a-closer.o) (errno)
d:/simplicitystudio-5/developer/toolchains/gnu_arm/12.2.rel1_2023.7/bin/../lib/gcc/arm-none-eabi/12.2.1/thumb/v8-m.main+fp/hard\libc_nano.a(libc_a-impure.o)
                              d:/simplicitystudio-5/developer/toolchains/gnu_arm/12.2.rel1_2023.7/bin/../lib/gcc/arm-none-eabi/12.2.1/thumb/v8-m.main+fp/hard\libc_nano.a(libc_a-reent.o) (_impure_ptr)
d:/simplicitystudio-5/developer/toolchains/gnu_arm/12.2.rel1_2023.7/bin/../lib/gcc/arm-none-eabi/12.2.1/thumb/v8-m.main+fp/hard\libc_nano.a(libc_a-lseekr.o)
                              d:/simplicitystudio-5/developer/toolchains/gnu_arm/12.2.rel1_2023.7/bin/../lib/gcc/arm-none-eabi/12.2.1/thumb/v8-m.main+fp/hard\libc_nano.a(libc_a-stdio.o) (_lseek_r)
d:/simplicitystudio-5/developer/toolchains/gnu_arm/12.2.rel1_2023.7/bin/../lib/gcc/arm-none-eabi/12.2.1/thumb/v8-m.main+fp/hard\libc_nano.a(libc_a-readr.o)
                              d:/simplicitystudio-5/developer/toolchains/gnu_arm/12.2.rel1_2023.7/bin/../lib/gcc/arm-none-eabi/12.2.1/thumb/v8-m.main+fp/hard\libc_nano.a(libc_a-stdio.o) (_read_r)
d:/simplicitystudio-5/developer/toolchains/gnu_arm/12.2.rel1_2023.7/bin/../lib/gcc/arm-none-eabi/12.2.1/thumb/v8-m.main+fp/hard\libc_nano.a(libc_a-writer.o)
[...]
Memory Configuration

Name             Origin             Length             Attributes
FLASH            0x08000000         0x0017e000         xr
RAM              0x20000000         0x00040000         xrw
*default*        0x00000000         0xffffffff

Linker script and memory map

LOAD d:/simplicitystudio-5/developer/toolchains/gnu_arm/12.2.rel1_2023.7/bin/../lib/gcc/arm-none-eabi/12.2.1/thumb/v8-m.main+fp/hard/crti.o
LOAD d:/simplicitystudio-5/developer/toolchains/gnu_arm/12.2.rel1_2023.7/bin/../lib/gcc/arm-none-eabi/12.2.1/thumb/v8-m.main+fp/hard/crtbegin.o
LOAD d:/simplicitystudio-5/developer/toolchains/gnu_arm/12.2.rel1_2023.7/bin/../lib/gcc/arm-none-eabi/12.2.1/thumb/v8-m.main+fp/hard/crt0.o
START GROUP
LOAD ./app.o
LOAD ./main.o
LOAD ./autogen/sl_board_default_init.o
LOAD ./autogen/sl_event_handler.o
LOAD ./simplicity_sdk_2024.12.2/hardware/board/src/sl_board_control_gpio.o
LOAD ./simplicity_sdk_2024.12.2/hardware/board/src/sl_board_init.o
LOAD ./simplicity_sdk_2024.12.2/hardware/driver/mx25_flash_shutdown/src/sl_mx25_flash_shutdown_eusart/sl_mx25_flash_shutdown.o
LOAD ./simplicity_sdk_2024.12.2/platform/Device/SiliconLabs/EFR32MG24/Source/startup_efr32mg24.o
LOAD ./simplicity_sdk_2024.12.2/platform/Device/SiliconLabs/EFR32MG24/Source/system_efr32mg24.o
LOAD ./simplicity_sdk_2024.12.2/platform/common/src/sl_assert.o
LOAD ./simplicity_sdk_2024.12.2/platform/common/src/sl_core_cortexm.o
LOAD ./simplicity_sdk_2024.12.2/platform/common/src/sl_syscalls.o
LOAD ./simplicity_sdk_2024.12.2/platform/driver/gpio/src/sl_gpio.o
LOAD ./simplicity_sdk_2024.12.2/platform/emlib/src/em_cmu.o
LOAD ./simplicity_sdk_2024.12.2/platform/emlib/src/em_core.o
LOAD ./simplicity_sdk_2024.12.2/platform/emlib/src/em_emu.o
LOAD ./simplicity_sdk_2024.12.2/platform/emlib/src/em_eusart.o
LOAD ./simplicity_sdk_2024.12.2/platform/emlib/src/em_gpio.o
LOAD ./simplicity_sdk_2024.12.2/platform/emlib/src/em_msc.o
LOAD ./simplicity_sdk_2024.12.2/platform/emlib/src/em_system.o
LOAD ./simplicity_sdk_2024.12.2/platform/peripheral/src/sl_hal_gpio.o
LOAD ./simplicity_sdk_2024.12.2/platform/service/clock_manager/src/sl_clock_manager.o
LOAD ./simplicity_sdk_2024.12.2/platform/service/clock_manager/src/sl_clock_manager_hal_s2.o
LOAD ./simplicity_sdk_2024.12.2/platform/service/clock_manager/src/sl_clock_manager_init.o
LOAD ./simplicity_sdk_2024.12.2/platform/service/clock_manager/src/sl_clock_manager_init_hal_s2.o
LOAD ./simplicity_sdk_2024.12.2/platform/service/device_init/src/sl_device_init_dcdc_s2.o
LOAD ./simplicity_sdk_2024.12.2/platform/service/device_init/src/sl_device_init_emu_s2.o
LOAD ./simplicity_sdk_2024.12.2/platform/service/device_manager/clocks/sl_device_clock_efr32xg24.o
LOAD ./simplicity_sdk_2024.12.2/platform/service/device_manager/src/sl_device_clock.o
LOAD ./simplicity_sdk_2024.12.2/platform/service/device_manager/src/sl_device_gpio.o
LOAD ./simplicity_sdk_2024.12.2/platform/service/interrupt_manager/src/sl_interrupt_manager_cortexm.o
LOAD ./simplicity_sdk_2024.12.2/platform/service/memory_manager/src/sl_memory_manager_region.o
LOAD ./simplicity_sdk_2024.12.2/platform/service/system/src/sl_system_init.o
LOAD ./simplicity_sdk_2024.12.2/platform/service/system/src/sl_system_process_action.o
LOAD ./simplicity_sdk_2024.12.2/platform/service/udelay/src/sl_udelay.o
LOAD ./simplicity_sdk_2024.12.2/platform/service/udelay/src/sl_udelay_armv6m_gcc.o
LOAD d:/simplicitystudio-5/developer/toolchains/gnu_arm/12.2.rel1_2023.7/bin/../lib/gcc/arm-none-eabi/12.2.1/thumb/v8-m.main+fp/hard\libgcc.a
LOAD d:/simplicitystudio-5/developer/toolchains/gnu_arm/12.2.rel1_2023.7/bin/../lib/gcc/arm-none-eabi/12.2.1/thumb/v8-m.main+fp/hard\libc_nano.a
LOAD d:/simplicitystudio-5/developer/toolchains/gnu_arm/12.2.rel1_2023.7/bin/../lib/gcc/arm-none-eabi/12.2.1/thumb/v8-m.main+fp/hard\libm.a
LOAD d:/simplicitystudio-5/developer/toolchains/gnu_arm/12.2.rel1_2023.7/bin/../lib/gcc/arm-none-eabi/12.2.1/thumb/v8-m.main+fp/hard\libnosys.a
END GROUP
START GROUP
LOAD d:/simplicitystudio-5/developer/toolchains/gnu_arm/12.2.rel1_2023.7/bin/../lib/gcc/arm-none-eabi/12.2.1/thumb/v8-m.main+fp/hard\libgcc.a
LOAD d:/simplicitystudio-5/developer/toolchains/gnu_arm/12.2.rel1_2023.7/bin/../lib/gcc/arm-none-eabi/12.2.1/thumb/v8-m.main+fp/hard\libc_nano.a
LOAD d:/simplicitystudio-5/developer/toolchains/gnu_arm/12.2.rel1_2023.7/bin/../lib/gcc/arm-none-eabi/12.2.1/thumb/v8-m.main+fp/hard\libnosys.a
END GROUP
START GROUP
LOAD d:/simplicitystudio-5/developer/toolchains/gnu_arm/12.2.rel1_2023.7/bin/../lib/gcc/arm-none-eabi/12.2.1/thumb/v8-m.main+fp/hard\libgcc.a
LOAD d:/simplicitystudio-5/developer/toolchains/gnu_arm/12.2.rel1_2023.7/bin/../lib/gcc/arm-none-eabi/12.2.1/thumb/v8-m.main+fp/hard\libg_nano.a
LOAD d:/simplicitystudio-5/developer/toolchains/gnu_arm/12.2.rel1_2023.7/bin/../lib/gcc/arm-none-eabi/12.2.1/thumb/v8-m.main+fp/hard\libc_nano.a
END GROUP
START GROUP
LOAD d:/simplicitystudio-5/developer/toolchains/gnu_arm/12.2.rel1_2023.7/bin/../lib/gcc/arm-none-eabi/12.2.1/thumb/v8-m.main+fp/hard\libgcc.a
LOAD d:/simplicitystudio-5/developer/toolchains/gnu_arm/12.2.rel1_2023.7/bin/../lib/gcc/arm-none-eabi/12.2.1/thumb/v8-m.main+fp/hard\libc_nano.a
END GROUP
LOAD d:/simplicitystudio-5/developer/toolchains/gnu_arm/12.2.rel1_2023.7/bin/../lib/gcc/arm-none-eabi/12.2.1/thumb/v8-m.main+fp/hard/crtend.o
LOAD d:/simplicitystudio-5/developer/toolchains/gnu_arm/12.2.rel1_2023.7/bin/../lib/gcc/arm-none-eabi/12.2.1/thumb/v8-m.main+fp/hard/crtn.o

.vectors        0x08000000      0x170
                0x08000000                linker_vectors_begin = .
 *(.vectors)
 .vectors       0x08000000      0x170 ./simplicity_sdk_2024.12.2/platform/Device/SiliconLabs/EFR32MG24/Source/startup_efr32mg24.o
                0x08000000                __Vectors
                0x08000170                linker_vectors_end = .
                0x08000170                __Vectors_End = .
                0x08000170                __Vectors_Size = (__Vectors_End - __Vectors)
                0x08000170                __lma_ramfuncs_start__ = .

.stack          0x20000000     0x1000
                0x20000000                . = ALIGN (0x8)
                0x20000000                __StackLimit = .
 *(.stack*)
 .stack         0x20000000     0x1000 ./simplicity_sdk_2024.12.2/platform/service/memory_manager/src/sl_memory_manager_region.o
                0x20001000                . = ALIGN (0x4)
                0x20001000                __StackTop = .
                0x20001000                PROVIDE (__stack = __StackTop)

.bss            0x20001000      0x188
                0x20001000                . = ALIGN (0x4)
                0x20001000                __bss_start__ = .
 *(SORT_BY_ALIGNMENT(.bss*))
 .bss.object.0  0x20001000       0x18 d:/simplicitystudio-5/developer/toolchains/gnu_arm/12.2.rel1_2023.7/bin/../lib/gcc/arm-none-eabi/12.2.1/thumb/v8-m.main+fp/hard/crtbegin.o
 .bss.gpio_interrupts
                0x20001018      0x168 ./simplicity_sdk_2024.12.2/platform/driver/gpio/src/sl_gpio.o
 .bss.__stdio_exit_handler
                0x20001180        0x4 d:/simplicitystudio-5/developer/toolchains/gnu_arm/12.2.rel1_2023.7/bin/../lib/gcc/arm-none-eabi/12.2.1/thumb/v8-m.main+fp/hard\libc_nano.a(libc_a-findfp.o)
                0x20001180                __stdio_exit_handler
 .bss.completed.1
                0x20001184        0x1 d:/simplicitystudio-5/developer/toolchains/gnu_arm/12.2.rel1_2023.7/bin/../lib/gcc/arm-none-eabi/12.2.1/thumb/v8-m.main+fp/hard/crtbegin.o
 .bss.pclkDiv   0x20001185        0x1 ./simplicity_sdk_2024.12.2/platform/emlib/src/em_cmu.o
 .bss.vScaleEM01Config
                0x20001186        0x1 ./simplicity_sdk_2024.12.2/platform/emlib/src/em_emu.o
 .bss.is_interrupt_manager_initialized
                0x20001187        0x1 ./simplicity_sdk_2024.12.2/platform/service/interrupt_manager/src/sl_interrupt_manager_cortexm.o
 *(COMMON)
                0x20001188                . = ALIGN (0x4)
                0x20001188                __bss_end__ = .

.noinit         0x20001188        0x0
 *(.noinit*)
                0x20001188                . = ALIGN (0x4)

text_application_ram
                0x20001188        0x0 load address 0x08000170
                0x20001188                . = ALIGN (0x4)
                0x20001188                __vma_ramfuncs_start__ = .
                0x20001188                __text_application_ram_start__ = .
 *(text_application_ram)
                0x20001188                . = ALIGN (0x4)
                0x20001188                __vma_ramfuncs_end__ = .
                0x20001188                __text_application_ram_end__ = .

.rodata         0x08000170        0x0
                0x08000170                __lma_ramfuncs_end__ = .
                0x08000170                __rodata_start__ = .
                0x08000170                __rodata_end__ = .

.text           0x08000170     0x2d94
                0x08000170                linker_code_begin = .
 *(SORT_BY_ALIGNMENT(.text*))
 .text          0x08000170        0x8 ./simplicity_sdk_2024.12.2/platform/service/udelay/src/sl_udelay_armv6m_gcc.o
                0x08000170                sli_delay_loop
 .text.deregister_tm_clones
                0x08000178       0x1c d:/simplicitystudio-5/developer/toolchains/gnu_arm/12.2.rel1_2023.7/bin/../lib/gcc/arm-none-eabi/12.2.1/thumb/v8-m.main+fp/hard/crtbegin.o
 .text.register_tm_clones
                0x08000194       0x28 d:/simplicitystudio-5/developer/toolchains/gnu_arm/12.2.rel1_2023.7/bin/../lib/gcc/arm-none-eabi/12.2.1/thumb/v8-m.main+fp/hard/crtbegin.o
 .text.__do_global_dtors_aux
                0x080001bc       0x28 d:/simplicitystudio-5/developer/toolchains/gnu_arm/12.2.rel1_2023.7/bin/../lib/gcc/arm-none-eabi/12.2.1/thumb/v8-m.main+fp/hard/crtbegin.o
 .text.frame_dummy
                0x080001e4       0x24 d:/simplicitystudio-5/developer/toolchains/gnu_arm/12.2.rel1_2023.7/bin/../lib/gcc/arm-none-eabi/12.2.1/thumb/v8-m.main+fp/hard/crtbegin.o
 .text          0x08000208       0x7c d:/simplicitystudio-5/developer/toolchains/gnu_arm/12.2.rel1_2023.7/bin/../lib/gcc/arm-none-eabi/12.2.1/thumb/v8-m.main+fp/hard/crt0.o
                0x08000208                _stack_init
                0x08000210                _start
                0x08000210                _mainCRTStartup
 .text.sl_board_init
                0x08000284       0x18 ./simplicity_sdk_2024.12.2/hardware/board/src/sl_board_init.o
                0x08000284                sl_board_init
 .text.sl_board_preinit
                0x0800029c        0xc ./simplicity_sdk_2024.12.2/hardware/board/src/sl_board_init.o
                0x0800029c                sl_board_preinit
 .text.sl_mx25_flash_shutdown
                0x080002a8      0x170 ./simplicity_sdk_2024.12.2/hardware/driver/mx25_flash_shutdown/src/sl_mx25_flash_shutdown_eusart/sl_mx25_flash_shutdown.o
                0x080002a8                sl_mx25_flash_shutdown
 .text.CopyToRam
                0x08000418       0x1c ./simplicity_sdk_2024.12.2/platform/Device/SiliconLabs/EFR32MG24/Source/startup_efr32mg24.o
                0x08000418                CopyToRam
 .text.Reset_Handler
                0x08000434       0x64 ./simplicity_sdk_2024.12.2/platform/Device/SiliconLabs/EFR32MG24/Source/startup_efr32mg24.o
                0x08000434                Reset_Handler
 .text.SystemInit
                0x08000498       0x64 ./simplicity_sdk_2024.12.2/platform/Device/SiliconLabs/EFR32MG24/Source/system_efr32mg24.o
                0x08000498                SystemInit
 .text.SystemHFRCODPLLClockSet
                0x080004fc        0xc ./simplicity_sdk_2024.12.2/platform/Device/SiliconLabs/EFR32MG24/Source/system_efr32mg24.o
                0x080004fc                SystemHFRCODPLLClockSet
 .text.SystemHFXOClockSet
                0x08000508       0x20 ./simplicity_sdk_2024.12.2/platform/Device/SiliconLabs/EFR32MG24/Source/system_efr32mg24.o
                0x08000508                SystemHFXOClockSet
 .text.sl_gpio_dispatch_interrupt
                0x08000528       0x5c ./simplicity_sdk_2024.12.2/platform/driver/gpio/src/sl_gpio.o
 .text.sl_gpio_init
                0x08000584       0x38 ./simplicity_sdk_2024.12.2/platform/driver/gpio/src/sl_gpio.o
                0x08000584                sl_gpio_init
 .text.sl_gpio_set_pin_mode
                0x080005bc       0x84 ./simplicity_sdk_2024.12.2/platform/driver/gpio/src/sl_gpio.o
                0x080005bc                sl_gpio_set_pin_mode
 .text.sl_gpio_set_pin
                0x08000640       0x5c ./simplicity_sdk_2024.12.2/platform/driver/gpio/src/sl_gpio.o
                0x08000640                sl_gpio_set_pin
 .text.sl_gpio_clear_pin
                0x0800069c       0x5c ./simplicity_sdk_2024.12.2/platform/driver/gpio/src/sl_gpio.o
                0x0800069c                sl_gpio_clear_pin
 .text.GPIO_EVEN_IRQHandler
                0x080006f8       0x20 ./simplicity_sdk_2024.12.2/platform/driver/gpio/src/sl_gpio.o
                0x080006f8                GPIO_EVEN_IRQHandler
 .text.GPIO_ODD_IRQHandler
                0x08000718       0x20 ./simplicity_sdk_2024.12.2/platform/driver/gpio/src/sl_gpio.o
                0x08000718                GPIO_ODD_IRQHandler
 .text.EMU_VScaleGet
                0x08000738       0x18 ./simplicity_sdk_2024.12.2/platform/emlib/src/em_cmu.o
 .text.dpllRefClkGet
                0x08000750       0x48 ./simplicity_sdk_2024.12.2/platform/emlib/src/em_cmu.o
 .text.em23GrpaClkGet
                0x08000798       0x48 ./simplicity_sdk_2024.12.2/platform/emlib/src/em_cmu.o
 .text.em4GrpaClkGet
                0x080007e0       0x48 ./simplicity_sdk_2024.12.2/platform/emlib/src/em_cmu.o
 .text.sysrtcClkGet
                0x08000828       0x48 ./simplicity_sdk_2024.12.2/platform/emlib/src/em_cmu.o
 .text.traceClkGet
                0x08000870       0x54 ./simplicity_sdk_2024.12.2/platform/emlib/src/em_cmu.o
 .text.em01GrpaClkGet
                0x080008c4       0x74 ./simplicity_sdk_2024.12.2/platform/emlib/src/em_cmu.o
 .text.em01GrpcClkGet
                0x08000938       0x70 ./simplicity_sdk_2024.12.2/platform/emlib/src/em_cmu.o
 .text.eusart0ClkGet
                0x080009a8       0x74 ./simplicity_sdk_2024.12.2/platform/emlib/src/em_cmu.o
 .text.iadcClkGet
                0x08000a1c       0x60 ./simplicity_sdk_2024.12.2/platform/emlib/src/em_cmu.o
 .text.wdog0ClkGet
                0x08000a7c       0x64 ./simplicity_sdk_2024.12.2/platform/emlib/src/em_cmu.o
 .text.wdog1ClkGet
                0x08000ae0       0x64 ./simplicity_sdk_2024.12.2/platform/emlib/src/em_cmu.o
 .text.vdac0ClkGet
                0x08000b44       0x70 ./simplicity_sdk_2024.12.2/platform/emlib/src/em_cmu.o
 .text.vdac1ClkGet
                0x08000bb4       0x70 ./simplicity_sdk_2024.12.2/platform/emlib/src/em_cmu.o
 .text.pcnt0ClkGet
                0x08000c24       0x4c ./simplicity_sdk_2024.12.2/platform/emlib/src/em_cmu.o
 .text.HFRCODPLLDevinfoGet
                0x08000c70      0x108 ./simplicity_sdk_2024.12.2/platform/emlib/src/em_cmu.o
 .text.CMU_ClockDivGet
                0x08000d78       0x78 ./simplicity_sdk_2024.12.2/platform/emlib/src/em_cmu.o
                0x08000d78                CMU_ClockDivGet
 .text.flashWaitStateControl
                0x08000df0       0x58 ./simplicity_sdk_2024.12.2/platform/emlib/src/em_cmu.o
 .text.CMU_ClockEnable
                0x08000e48       0x50 ./simplicity_sdk_2024.12.2/platform/emlib/src/em_cmu.o
                0x08000e48                CMU_ClockEnable
 .text.CMU_ClockFreqGet
                0x08000e98      0x210 ./simplicity_sdk_2024.12.2/platform/emlib/src/em_cmu.o
                0x08000e98                CMU_ClockFreqGet
 .text.rhclkPrescOptimize
                0x080010a8       0x20 ./simplicity_sdk_2024.12.2/platform/emlib/src/em_cmu.o
 .text.CMU_ClockSelectGet
                0x080010c8      0x208 ./simplicity_sdk_2024.12.2/platform/emlib/src/em_cmu.o
                0x080010c8                CMU_ClockSelectGet
 .text.sli_em_cmu_SYSTICEXTCLKENClear
                0x080012d0       0x30 ./simplicity_sdk_2024.12.2/platform/emlib/src/em_cmu.o
                0x080012d0                sli_em_cmu_SYSTICEXTCLKENClear
 .text.CMU_HFXOInit
                0x08001300      0x224 ./simplicity_sdk_2024.12.2/platform/emlib/src/em_cmu.o
                0x08001300                CMU_HFXOInit
 .text.CMU_HFXOCTuneDeltaGet
                0x08001524        0xc ./simplicity_sdk_2024.12.2/platform/emlib/src/em_cmu.o
                0x08001524                CMU_HFXOCTuneDeltaGet
 .text.CMU_LFXOInit
                0x08001530       0xc4 ./simplicity_sdk_2024.12.2/platform/emlib/src/em_cmu.o
                0x08001530                CMU_LFXOInit
 .text.CMU_LFXOPrecisionSet
                0x080015f4        0xc ./simplicity_sdk_2024.12.2/platform/emlib/src/em_cmu.o
                0x080015f4                CMU_LFXOPrecisionSet
 .text.CMU_HFXOPrecisionSet
                0x08001600        0xc ./simplicity_sdk_2024.12.2/platform/emlib/src/em_cmu.o
                0x08001600                CMU_HFXOPrecisionSet
 .text.CMU_LFRCOSetPrecision
                0x0800160c       0x80 ./simplicity_sdk_2024.12.2/platform/emlib/src/em_cmu.o
                0x0800160c                CMU_LFRCOSetPrecision
 .text.CMU_ClockDivSet
                0x0800168c      0x12c ./simplicity_sdk_2024.12.2/platform/emlib/src/em_cmu.o
                0x0800168c                CMU_ClockDivSet
 .text.sli_em_cmu_SYSCLKInitPreClockSelect
                0x080017b8       0x30 ./simplicity_sdk_2024.12.2/platform/emlib/src/em_cmu.o
                0x080017b8                sli_em_cmu_SYSCLKInitPreClockSelect
 .text.pclkDivOptimize
                0x080017e8       0x24 ./simplicity_sdk_2024.12.2/platform/emlib/src/em_cmu.o
 .text.sli_em_cmu_SYSCLKInitPostClockSelect
                0x0800180c       0x40 ./simplicity_sdk_2024.12.2/platform/emlib/src/em_cmu.o
                0x0800180c                sli_em_cmu_SYSCLKInitPostClockSelect
 .text.CMU_HFRCODPLLBandSet
                0x0800184c      0x11c ./simplicity_sdk_2024.12.2/platform/emlib/src/em_cmu.o
                0x0800184c                CMU_HFRCODPLLBandSet
 .text.CMU_HFRCOEM23BandSet
                0x08001968      0x168 ./simplicity_sdk_2024.12.2/platform/emlib/src/em_cmu.o
                0x08001968                CMU_HFRCOEM23BandSet
 .text.EMU_DCDCSync
                0x08001ad0       0x10 ./simplicity_sdk_2024.12.2/platform/emlib/src/em_emu.o
 .text.EMU_EM4Init
                0x08001ae0       0x14 ./simplicity_sdk_2024.12.2/platform/emlib/src/em_emu.o
                0x08001ae0                EMU_EM4Init
 .text.EMU_VScaleEM01
                0x08001af4       0xa8 ./simplicity_sdk_2024.12.2/platform/emlib/src/em_emu.o
                0x08001af4                EMU_VScaleEM01
 .text.EMU_VScaleEM01ByClock
                0x08001b9c       0x30 ./simplicity_sdk_2024.12.2/platform/emlib/src/em_emu.o
                0x08001b9c                EMU_VScaleEM01ByClock
 .text.EMU_DCDCModeSet
                0x08001bcc       0xac ./simplicity_sdk_2024.12.2/platform/emlib/src/em_emu.o
                0x08001bcc                EMU_DCDCModeSet
 .text.EMU_DCDCInit
                0x08001c78       0x70 ./simplicity_sdk_2024.12.2/platform/emlib/src/em_emu.o
                0x08001c78                EMU_DCDCInit
 .text.EMU_DCDCSetPFMXModePeakCurrent
                0x08001ce8       0x6c ./simplicity_sdk_2024.12.2/platform/emlib/src/em_emu.o
                0x08001ce8                EMU_DCDCSetPFMXModePeakCurrent
 .text.EUSART_Reset
                0x08001d54       0x54 ./simplicity_sdk_2024.12.2/platform/emlib/src/em_eusart.o
                0x08001d54                EUSART_Reset
 .text.EUSART_Enable
                0x08001da8       0x6c ./simplicity_sdk_2024.12.2/platform/emlib/src/em_eusart.o
                0x08001da8                EUSART_Enable
 .text.EUSART_BaudrateSet
                0x08001e14      0x1cc ./simplicity_sdk_2024.12.2/platform/emlib/src/em_eusart.o
                0x08001e14                EUSART_BaudrateSet
 .text.EUSART_SpiInit
                0x08001fe0      0x20c ./simplicity_sdk_2024.12.2/platform/emlib/src/em_eusart.o
                0x08001fe0                EUSART_SpiInit
 .text.sl_hal_gpio_clear_pin
                0x080021ec       0x58 ./simplicity_sdk_2024.12.2/platform/peripheral/src/sl_hal_gpio.o
                0x080021ec                sl_hal_gpio_clear_pin
 .text.sl_hal_gpio_get_enabled_pending_interrupts
                0x08002244       0x14 ./simplicity_sdk_2024.12.2/platform/peripheral/src/sl_hal_gpio.o
                0x08002244                sl_hal_gpio_get_enabled_pending_interrupts
 .text.sl_hal_gpio_set_pin_mode
                0x08002258       0xd0 ./simplicity_sdk_2024.12.2/platform/peripheral/src/sl_hal_gpio.o
                0x08002258                sl_hal_gpio_set_pin_mode
 .text.sli_clock_manager_hal_enable_bus_clock
                0x08002328       0x54 ./simplicity_sdk_2024.12.2/platform/service/clock_manager/src/sl_clock_manager_hal_s2.o
                0x08002328                sli_clock_manager_hal_enable_bus_clock
 .text.sli_clock_manager_hal_init
                0x0800237c      0x250 ./simplicity_sdk_2024.12.2/platform/service/clock_manager/src/sl_clock_manager_init_hal_s2.o
                0x0800237c                sli_clock_manager_hal_init
 .text.sl_device_init_dcdc
                0x080025cc       0x2c ./simplicity_sdk_2024.12.2/platform/service/device_init/src/sl_device_init_dcdc_s2.o
                0x080025cc                sl_device_init_dcdc
 .text.sl_device_init_emu
                0x080025f8       0x24 ./simplicity_sdk_2024.12.2/platform/service/device_init/src/sl_device_init_emu_s2.o
                0x080025f8                sl_device_init_emu
 .text.sl_interrupt_manager_enable_irq
                0x0800261c       0x34 ./simplicity_sdk_2024.12.2/platform/service/interrupt_manager/src/sl_interrupt_manager_cortexm.o
                0x0800261c                sl_interrupt_manager_enable_irq
 .text.sl_interrupt_manager_is_irq_disabled
                0x08002650       0x30 ./simplicity_sdk_2024.12.2/platform/service/interrupt_manager/src/sl_interrupt_manager_cortexm.o
                0x08002650                sl_interrupt_manager_is_irq_disabled
 .text.sl_interrupt_manager_clear_irq_pending
                0x08002680       0x1c ./simplicity_sdk_2024.12.2/platform/service/interrupt_manager/src/sl_interrupt_manager_cortexm.o
                0x08002680                sl_interrupt_manager_clear_irq_pending
 .text.sl_interrupt_manager_set_irq_priority
                0x0800269c       0x50 ./simplicity_sdk_2024.12.2/platform/service/interrupt_manager/src/sl_interrupt_manager_cortexm.o
                0x0800269c                sl_interrupt_manager_set_irq_priority
 .text.sl_interrupt_manager_init
                0x080026ec       0x34 ./simplicity_sdk_2024.12.2/platform/service/interrupt_manager/src/sl_interrupt_manager_cortexm.o
                0x080026ec                sl_interrupt_manager_init
 .text.sl_udelay_wait
                0x08002720       0x58 ./simplicity_sdk_2024.12.2/platform/service/udelay/src/sl_udelay.o
                0x08002720                sl_udelay_wait
 .text.exit     0x08002778       0x24 d:/simplicitystudio-5/developer/toolchains/gnu_arm/12.2.rel1_2023.7/bin/../lib/gcc/arm-none-eabi/12.2.1/thumb/v8-m.main+fp/hard\libc_nano.a(libc_a-exit.o)
                0x08002778                exit
 .text.__libc_init_array
                0x0800279c       0x48 d:/simplicitystudio-5/developer/toolchains/gnu_arm/12.2.rel1_2023.7/bin/../lib/gcc/arm-none-eabi/12.2.1/thumb/v8-m.main+fp/hard\libc_nano.a(libc_a-init.o)
                0x0800279c                __libc_init_array
 .text.app_init
                0x080027e4        0x2 ./app.o
                0x080027e4                app_init
 .text.app_process_action
                0x080027e6        0x2 ./app.o
                0x080027e6                app_process_action
 .text.startup.main
                0x080027e8       0x14 ./main.o
                0x080027e8                main
 .text.sl_board_default_init
                0x080027fc        0x2 ./autogen/sl_board_default_init.o
                0x080027fc                sl_board_default_init
 .text.sl_platform_init
                0x080027fe       0x22 ./autogen/sl_event_handler.o
                0x080027fe                sl_platform_init
 .text.sl_driver_init
                0x08002820        0x4 ./autogen/sl_event_handler.o
                0x08002820                sl_driver_init
 .text.sl_service_init
                0x08002824        0x4 ./autogen/sl_event_handler.o
                0x08002824                sl_service_init
 .text.sl_stack_init
                0x08002828        0x2 ./autogen/sl_event_handler.o
                0x08002828                sl_stack_init
 .text.sl_internal_app_init
                0x0800282a        0x2 ./autogen/sl_event_handler.o
                0x0800282a                sl_internal_app_init
 .text.sl_platform_process_action
                0x0800282c        0x2 ./autogen/sl_event_handler.o
                0x0800282c                sl_platform_process_action
 .text.sl_service_process_action
                0x0800282e        0x2 ./autogen/sl_event_handler.o
                0x0800282e                sl_service_process_action
 .text.sl_stack_process_action
                0x08002830        0x2 ./autogen/sl_event_handler.o
                0x08002830                sl_stack_process_action
 .text.sl_internal_app_process_action
                0x08002832        0x2 ./autogen/sl_event_handler.o
                0x08002832                sl_internal_app_process_action
 .text.sl_board_configure_vcom
                0x08002834        0x4 ./simplicity_sdk_2024.12.2/hardware/board/src/sl_board_control_gpio.o
                0x08002834                sl_board_configure_vcom
 .text.Default_Handler
                0x08002838        0x2 ./simplicity_sdk_2024.12.2/platform/Device/SiliconLabs/EFR32MG24/Source/startup_efr32mg24.o
                0x08002838                ULFRCO_IRQHandler
                0x08002838                AHB2AHB1_IRQHandler
                0x08002838                SW2_IRQHandler
                0x08002838                TIMER2_IRQHandler
                0x08002838                DebugMon_Handler
                0x08002838                USART0_TX_IRQHandler
                0x08002838                IADC_IRQHandler
                0x08002838                EUSART0_TX_IRQHandler
                0x08002838                I2C0_IRQHandler
                0x08002838                LFXO_IRQHandler
                0x08002838                HardFault_Handler
                0x08002838                SMU_SECURE_IRQHandler
                0x08002838                SysTick_Handler
                0x08002838                SYSRTC_SEQ_IRQHandler
                0x08002838                EMUEFP_IRQHandler
                0x08002838                PendSV_Handler
                0x08002838                NMI_Handler
                0x08002838                SYNTH_IRQHandler
                0x08002838                HOSTMAILBOX_IRQHandler
                0x08002838                HFXO0_IRQHandler
                0x08002838                I2C1_IRQHandler
                0x08002838                WDOG0_IRQHandler
                0x08002838                TIMER3_IRQHandler
                0x08002838                SYSCFG_IRQHandler
                0x08002838                RFECA1_IRQHandler
                0x08002838                EMUDG_IRQHandler
                0x08002838                MSC_IRQHandler
                0x08002838                DPLL0_IRQHandler
                0x08002838                UsageFault_Handler
                0x08002838                WDOG1_IRQHandler
                0x08002838                M33CTI1_IRQHandler
                0x08002838                TIMER4_IRQHandler
                0x08002838                VDAC0_IRQHandler
                0x08002838                LDMA_IRQHandler
                0x08002838                SEMBTX_IRQHandler
                0x08002838                SW0_IRQHandler
                0x08002838                TIMER0_IRQHandler
                0x08002838                MVP_IRQHandler
                0x08002838                LETIMER0_IRQHandler
                0x08002838                EUSART1_RX_IRQHandler
                0x08002838                TIMER1_IRQHandler
                0x08002838                HFRCO0_IRQHandler
                0x08002838                SecureFault_Handler
                0x08002838                BUFC_IRQHandler
                0x08002838                DCDC_IRQHandler
                0x08002838                MODEM_IRQHandler
                0x08002838                Default_Handler
                0x08002838                RAC_SEQ_IRQHandler
                0x08002838                FRC_PRI_IRQHandler
                0x08002838                EMU_IRQHandler
                0x08002838                SW3_IRQHandler
                0x08002838                KERNEL0_IRQHandler
                0x08002838                FRC_IRQHandler
                0x08002838                PCNT0_IRQHandler
                0x08002838                KERNEL1_IRQHandler
                0x08002838                AGC_IRQHandler
                0x08002838                EUSART1_TX_IRQHandler
                0x08002838                KEYSCAN_IRQHandler
                0x08002838                sl_app_properties
                0x08002838                HFRCOEM23_IRQHandler
                0x08002838                BURTC_IRQHandler
                0x08002838                SEMBRX_IRQHandler
                0x08002838                RFECA0_IRQHandler
                0x08002838                LFRCO_IRQHandler
                0x08002838                VDAC1_IRQHandler
                0x08002838                ACMP0_IRQHandler
                0x08002838                USART0_RX_IRQHandler
                0x08002838                MemManage_Handler
                0x08002838                AHB2AHB0_IRQHandler
                0x08002838                SVC_Handler
                0x08002838                SMU_S_PRIVILEGED_IRQHandler
                0x08002838                SW1_IRQHandler
                0x08002838                CMU_IRQHandler
                0x08002838                EUSART0_RX_IRQHandler
                0x08002838                RAC_RSM_IRQHandler
                0x08002838                SETAMPERHOST_IRQHandler
                0x08002838                AES_IRQHandler
                0x08002838                M33CTI0_IRQHandler
                0x08002838                ICACHE0_IRQHandler
                0x08002838                SMU_NS_PRIVILEGED_IRQHandler
                0x08002838                FPUEXH_IRQHandler
                0x08002838                PROTIMER_IRQHandler
                0x08002838                ACMP1_IRQHandler
                0x08002838                BusFault_Handler
                0x08002838                MPAHBRAM_IRQHandler
                0x08002838                SYSRTC_APP_IRQHandler
 .text.CopyInstructions
                0x0800283a       0x1a ./simplicity_sdk_2024.12.2/platform/Device/SiliconLabs/EFR32MG24/Source/startup_efr32mg24.o
                0x0800283a                CopyInstructions
 .text.assertEFM
                0x08002854        0x2 ./simplicity_sdk_2024.12.2/platform/common/src/sl_assert.o
                0x08002854                assertEFM
 .text._exit    0x08002856        0x2 ./simplicity_sdk_2024.12.2/platform/common/src/sl_syscalls.o
                0x08002856                _exit
 .text.BUS_RegMaskedWrite
                0x08002858       0x1e ./simplicity_sdk_2024.12.2/platform/emlib/src/em_cmu.o
 .text.waitStateMax
                0x08002876       0x10 ./simplicity_sdk_2024.12.2/platform/emlib/src/em_cmu.o
 .text.CMU_UpdateWaitStates
                0x08002886        0xc ./simplicity_sdk_2024.12.2/platform/emlib/src/em_cmu.o
                0x08002886                CMU_UpdateWaitStates
 .text.pclkDivMax
                0x08002892        0xa ./simplicity_sdk_2024.12.2/platform/emlib/src/em_cmu.o
 .text.EMU_EFPEM01VScale
                0x0800289c        0x2 ./simplicity_sdk_2024.12.2/platform/emlib/src/em_emu.o
                0x0800289c                EMU_EFPEM01VScale
 .text.EMU_DCDCUpdatedHook
                0x0800289e        0x2 ./simplicity_sdk_2024.12.2/platform/emlib/src/em_emu.o
                0x0800289e                EMU_DCDCUpdatedHook
 .text.eusart_sync
                0x080028a0        0x8 ./simplicity_sdk_2024.12.2/platform/emlib/src/em_eusart.o
 .text.EUSART_Disable
                0x080028a8       0x34 ./simplicity_sdk_2024.12.2/platform/emlib/src/em_eusart.o
 .text.EUSART_Spi_TxRx
                0x080028dc       0x14 ./simplicity_sdk_2024.12.2/platform/emlib/src/em_eusart.o
                0x080028dc                EUSART_Spi_TxRx
 .text.sl_hal_bus_reg_write_mask
                0x080028f0       0x1e ./simplicity_sdk_2024.12.2/platform/peripheral/src/sl_hal_gpio.o
 .text.sl_clock_manager_runtime_init
                0x0800290e        0x4 ./simplicity_sdk_2024.12.2/platform/service/clock_manager/src/sl_clock_manager.o
                0x0800290e                sl_clock_manager_runtime_init
 .text.sl_clock_manager_enable_bus_clock
                0x08002912        0x6 ./simplicity_sdk_2024.12.2/platform/service/clock_manager/src/sl_clock_manager.o
                0x08002912                sl_clock_manager_enable_bus_clock
 .text.sl_clock_manager_disable_bus_clock
                0x08002918        0x6 ./simplicity_sdk_2024.12.2/platform/service/clock_manager/src/sl_clock_manager.o
                0x08002918                sl_clock_manager_disable_bus_clock
 .text.sli_clock_manager_hal_runtime_init
                0x0800291e        0x4 ./simplicity_sdk_2024.12.2/platform/service/clock_manager/src/sl_clock_manager_hal_s2.o
                0x0800291e                sli_clock_manager_hal_runtime_init
 .text.sl_clock_manager_init
                0x08002922        0x4 ./simplicity_sdk_2024.12.2/platform/service/clock_manager/src/sl_clock_manager_init.o
                0x08002922                sl_clock_manager_init
 .text.sl_system_init
                0x08002926       0x1a ./simplicity_sdk_2024.12.2/platform/service/system/src/sl_system_init.o
                0x08002926                sl_system_init
 .text.sl_system_process_action
                0x08002940       0x16 ./simplicity_sdk_2024.12.2/platform/service/system/src/sl_system_process_action.o
                0x08002940                sl_system_process_action
 .text.memset   0x08002956       0x10 d:/simplicitystudio-5/developer/toolchains/gnu_arm/12.2.rel1_2023.7/bin/../lib/gcc/arm-none-eabi/12.2.1/thumb/v8-m.main+fp/hard\libc_nano.a(libc_a-memset.o)
                0x08002956                memset
 *(SORT_BY_ALIGNMENT(text_*))
 *fill*         0x08002966        0x2 
 text_system_timecritical19225
                0x08002968        0xc ./simplicity_sdk_2024.12.2/platform/Device/SiliconLabs/EFR32MG24/Source/system_efr32mg24.o
                0x08002968                SystemHFRCODPLLClockGet
 text_system_timecritical20228
                0x08002974       0x40 ./simplicity_sdk_2024.12.2/platform/Device/SiliconLabs/EFR32MG24/Source/system_efr32mg24.o
                0x08002974                SystemSYSCLKGet
 text_system_timecritical16181
                0x080029b4       0x24 ./simplicity_sdk_2024.12.2/platform/Device/SiliconLabs/EFR32MG24/Source/system_efr32mg24.o
                0x080029b4                SystemHCLKGet
 text_system_timecritical21230
                0x080029d8        0x8 ./simplicity_sdk_2024.12.2/platform/Device/SiliconLabs/EFR32MG24/Source/system_efr32mg24.o
                0x080029d8                SystemMaxCoreClockGet
 text_system_timecritical22232
                0x080029e0        0x8 ./simplicity_sdk_2024.12.2/platform/Device/SiliconLabs/EFR32MG24/Source/system_efr32mg24.o
                0x080029e0                SystemFSRCOClockGet
 text_system_timecritical23234
                0x080029e8        0xc ./simplicity_sdk_2024.12.2/platform/Device/SiliconLabs/EFR32MG24/Source/system_efr32mg24.o
                0x080029e8                SystemHFXOClockGet
 text_system_timecritical24237
                0x080029f4        0x8 ./simplicity_sdk_2024.12.2/platform/Device/SiliconLabs/EFR32MG24/Source/system_efr32mg24.o
                0x080029f4                SystemCLKIN0Get
 text_system_timecritical25239
                0x080029fc       0x90 ./simplicity_sdk_2024.12.2/platform/Device/SiliconLabs/EFR32MG24/Source/system_efr32mg24.o
                0x080029fc                SystemHFRCOEM23ClockGet
 text_system_timecritical26241
                0x08002a8c        0xc ./simplicity_sdk_2024.12.2/platform/Device/SiliconLabs/EFR32MG24/Source/system_efr32mg24.o
                0x08002a8c                SystemLFXOClockGet
 text_hal_gpio_timecritical29416
                0x08002a98       0x58 ./simplicity_sdk_2024.12.2/platform/peripheral/src/sl_hal_gpio.o
                0x08002a98                sl_hal_gpio_set_pin
 text_system_timecritical27244
                0x08002af0        0x6 ./simplicity_sdk_2024.12.2/platform/Device/SiliconLabs/EFR32MG24/Source/system_efr32mg24.o
                0x08002af0                SystemLFRCOClockGet
 text_system_timecritical28246
                0x08002af6        0x6 ./simplicity_sdk_2024.12.2/platform/Device/SiliconLabs/EFR32MG24/Source/system_efr32mg24.o
                0x08002af6                SystemULFRCOClockGet
 text_core_timecritical2316
                0x08002afc        0xa ./simplicity_sdk_2024.12.2/platform/common/src/sl_core_cortexm.o
                0x08002afc                CORE_ExitCritical
 text_core_timecritical4340
                0x08002b06        0x8 ./simplicity_sdk_2024.12.2/platform/common/src/sl_core_cortexm.o
                0x08002b06                CORE_EnterCritical
 text_core_timecritical7389
                0x08002b0e        0xa ./simplicity_sdk_2024.12.2/platform/common/src/sl_core_cortexm.o
                0x08002b0e                CORE_ExitAtomic
 text_core_timecritical9421
                0x08002b18        0xc ./simplicity_sdk_2024.12.2/platform/common/src/sl_core_cortexm.o
                0x08002b18                CORE_EnterAtomic
                0x08002b40                . = ALIGN (0x20)
 *fill*         0x08002b24       0x1c 
                0x08002b40                linker_code_end = .
 *(.init)
 .init          0x08002b40        0x4 d:/simplicitystudio-5/developer/toolchains/gnu_arm/12.2.rel1_2023.7/bin/../lib/gcc/arm-none-eabi/12.2.1/thumb/v8-m.main+fp/hard/crti.o
                0x08002b40                _init
 .init          0x08002b44        0x8 d:/simplicitystudio-5/developer/toolchains/gnu_arm/12.2.rel1_2023.7/bin/../lib/gcc/arm-none-eabi/12.2.1/thumb/v8-m.main+fp/hard/crtn.o
 *(.fini)
 .fini          0x08002b4c        0x4 d:/simplicitystudio-5/developer/toolchains/gnu_arm/12.2.rel1_2023.7/bin/../lib/gcc/arm-none-eabi/12.2.1/thumb/v8-m.main+fp/hard/crti.o
                0x08002b4c                _fini
 .fini          0x08002b50        0x8 d:/simplicitystudio-5/developer/toolchains/gnu_arm/12.2.rel1_2023.7/bin/../lib/gcc/arm-none-eabi/12.2.1/thumb/v8-m.main+fp/hard/crtn.o
 *crtbegin.o(.ctors)
 *crtbegin?.o(.ctors)
 *(EXCLUDE_FILE(*crtend.o *crtend?.o) .ctors)
 *(SORT_BY_NAME(.ctors.*))
 *(.ctors)
 *crtbegin.o(.dtors)
 *crtbegin?.o(.dtors)
 *(EXCLUDE_FILE(*crtend.o *crtend?.o) .dtors)
 *(SORT_BY_NAME(.dtors.*))
 *(.dtors)
 *(.rodata*)
 .rodata        0x08002b58       0x3a ./simplicity_sdk_2024.12.2/hardware/driver/mx25_flash_shutdown/src/sl_mx25_flash_shutdown_eusart/sl_mx25_flash_shutdown.o
 .rodata.str1.1
                0x08002b92       0x55 ./simplicity_sdk_2024.12.2/platform/driver/gpio/src/sl_gpio.o
 *fill*         0x08002be7        0x1 
 .rodata.CSWTCH.74
                0x08002be8        0x6 ./simplicity_sdk_2024.12.2/platform/driver/gpio/src/sl_gpio.o
 .rodata.traceClkGet.str1.1
                0x08002bee       0x4e ./simplicity_sdk_2024.12.2/platform/emlib/src/em_cmu.o
 .rodata.EMU_VScaleEM01.str1.1
                0x08002c3c       0x4e ./simplicity_sdk_2024.12.2/platform/emlib/src/em_emu.o
 .rodata.EUSART_Enable.str1.1
                0x08002c8a       0x51 ./simplicity_sdk_2024.12.2/platform/emlib/src/em_eusart.o
 .rodata.str1.1
                0x08002cdb       0x58 ./simplicity_sdk_2024.12.2/platform/peripheral/src/sl_hal_gpio.o
 .rodata.sl_hal_gpio_set_pin_mode.str1.1
                0x08002d33       0x58 ./simplicity_sdk_2024.12.2/platform/peripheral/src/sl_hal_gpio.o
 *fill*         0x08002d8b        0x1 
 .rodata.CSWTCH.54
                0x08002d8c        0x6 ./simplicity_sdk_2024.12.2/platform/peripheral/src/sl_hal_gpio.o
 .rodata.sli_clock_manager_hal_enable_bus_clock.str1.1
                0x08002d92       0x4e ./simplicity_sdk_2024.12.2/platform/service/clock_manager/src/sl_clock_manager_hal_s2.o
 .rodata        0x08002de0       0x3c ./simplicity_sdk_2024.12.2/platform/service/clock_manager/src/sl_clock_manager_init_hal_s2.o
 .rodata        0x08002e1c        0x7 ./simplicity_sdk_2024.12.2/platform/service/device_init/src/sl_device_init_dcdc_s2.o
 *fill*         0x08002e23        0x1 
 .rodata.SL_BUS_CLOCK_SYSRTC0_VALUE
                0x08002e24        0x4 ./simplicity_sdk_2024.12.2/platform/service/device_manager/clocks/sl_device_clock_efr32xg24.o
                0x08002e24                SL_BUS_CLOCK_SYSRTC0_VALUE
 .rodata.SL_BUS_CLOCK_GPIO_VALUE
                0x08002e28        0x4 ./simplicity_sdk_2024.12.2/platform/service/device_manager/clocks/sl_device_clock_efr32xg24.o
                0x08002e28                SL_BUS_CLOCK_GPIO_VALUE
 .rodata.SL_BUS_CLOCK_EUSART1_VALUE
                0x08002e2c        0x4 ./simplicity_sdk_2024.12.2/platform/service/device_manager/clocks/sl_device_clock_efr32xg24.o
                0x08002e2c                SL_BUS_CLOCK_EUSART1_VALUE
 .rodata.sl_interrupt_manager_disable_irq.str1.1
                0x08002e30       0x78 ./simplicity_sdk_2024.12.2/platform/service/interrupt_manager/src/sl_interrupt_manager_cortexm.o
 .rodata.sl_udelay_wait.str1.1
                0x08002ea8       0x5a ./simplicity_sdk_2024.12.2/platform/service/udelay/src/sl_udelay.o
 *(.eh_frame*)
 *fill*         0x08002f02        0x2 
 .eh_frame      0x08002f04        0x0 d:/simplicitystudio-5/developer/toolchains/gnu_arm/12.2.rel1_2023.7/bin/../lib/gcc/arm-none-eabi/12.2.1/thumb/v8-m.main+fp/hard/crtbegin.o

.glue_7         0x08002f04        0x0
 .glue_7        0x08002f04        0x0 linker stubs

.glue_7t        0x08002f04        0x0
 .glue_7t       0x08002f04        0x0 linker stubs

.vfp11_veneer   0x08002f04        0x0
 .vfp11_veneer  0x08002f04        0x0 linker stubs

.v4_bx          0x08002f04        0x0
 .v4_bx         0x08002f04        0x0 linker stubs

.iplt           0x08002f04        0x0
 .iplt          0x08002f04        0x0 d:/simplicitystudio-5/developer/toolchains/gnu_arm/12.2.rel1_2023.7/bin/../lib/gcc/arm-none-eabi/12.2.1/thumb/v8-m.main+fp/hard/crtbegin.o

.ARM.extab
 *(.ARM.extab* .gnu.linkonce.armextab.*)
                0x08002f04                __exidx_start = .

.ARM.exidx      0x08002f04        0x8
 *(.ARM.exidx* .gnu.linkonce.armexidx.*)
 .ARM.exidx     0x08002f04        0x8 d:/simplicitystudio-5/developer/toolchains/gnu_arm/12.2.rel1_2023.7/bin/../lib/gcc/arm-none-eabi/12.2.1/thumb/v8-m.main+fp/hard/crt0.o
                                 0x10 (size before relaxing)
                0x08002f0c                __exidx_end = .

.rel.dyn        0x08002f0c        0x0
 .rel.iplt      0x08002f0c        0x0 d:/simplicitystudio-5/developer/toolchains/gnu_arm/12.2.rel1_2023.7/bin/../lib/gcc/arm-none-eabi/12.2.1/thumb/v8-m.main+fp/hard/crtbegin.o

.copy.table     0x08002f0c        0xc
                0x08002f0c                . = ALIGN (0x4)
                0x08002f0c                __copy_table_start__ = .
                0x08002f0c        0x4 LONG 0x8002f18 __etext
                0x08002f10        0x4 LONG 0x20001188 __data_start__
                0x08002f14        0x4 LONG 0x8 ((__data_end__ - __data_start__) / 0x4)
                0x08002f18                __copy_table_end__ = .

.zero.table     0x08002f18        0x0
                0x08002f18                . = ALIGN (0x4)
                0x08002f18                __zero_table_start__ = .
                0x08002f18                __zero_table_end__ = .
                0x08002f18                __etext = .

.data           0x20001188       0x20 load address 0x08002f18
                0x20001188                . = ALIGN (0x4)
                0x20001188                __data_start__ = .
 *(vtable)
 *(SORT_BY_ALIGNMENT(.data*))
 .data.SystemCoreClock
                0x20001188        0x4 ./simplicity_sdk_2024.12.2/platform/Device/SiliconLabs/EFR32MG24/Source/system_efr32mg24.o
                0x20001188                SystemCoreClock
 .data.SystemHFRCODPLLClock
                0x2000118c        0x4 ./simplicity_sdk_2024.12.2/platform/Device/SiliconLabs/EFR32MG24/Source/system_efr32mg24.o
 .data.SystemLFXOClock
                0x20001190        0x4 ./simplicity_sdk_2024.12.2/platform/Device/SiliconLabs/EFR32MG24/Source/system_efr32mg24.o
 .data.SystemHFXOClock
                0x20001194        0x4 ./simplicity_sdk_2024.12.2/platform/Device/SiliconLabs/EFR32MG24/Source/system_efr32mg24.o
 .data.hfxo_precision
                0x20001198        0x2 ./simplicity_sdk_2024.12.2/platform/emlib/src/em_cmu.o
 .data.lfxo_precision
                0x2000119a        0x2 ./simplicity_sdk_2024.12.2/platform/emlib/src/em_cmu.o
 .data.ctuneDelta
                0x2000119c        0x1 ./simplicity_sdk_2024.12.2/platform/emlib/src/em_cmu.o
                0x200011a0                . = ALIGN (0x4)
 *fill*         0x2000119d        0x3 
                0x200011a0                . = ALIGN (0x4)
                0x200011a0                PROVIDE (__preinit_array_start = .)
 *(.preinit_array)
                0x200011a0                PROVIDE (__preinit_array_end = .)
                0x200011a0                . = ALIGN (0x4)
                0x200011a0                PROVIDE (__init_array_start = .)
 *(SORT_BY_NAME(.init_array.*))
 *(.init_array)
 .init_array    0x200011a0        0x4 d:/simplicitystudio-5/developer/toolchains/gnu_arm/12.2.rel1_2023.7/bin/../lib/gcc/arm-none-eabi/12.2.1/thumb/v8-m.main+fp/hard/crtbegin.o
                0x200011a4                PROVIDE (__init_array_end = .)
                0x200011a4                . = ALIGN (0x4)
                [!provide]                PROVIDE (__fini_array_start = .)
 *(SORT_BY_NAME(.fini_array.*))
 *(.fini_array)
 .fini_array    0x200011a4        0x4 d:/simplicitystudio-5/developer/toolchains/gnu_arm/12.2.rel1_2023.7/bin/../lib/gcc/arm-none-eabi/12.2.1/thumb/v8-m.main+fp/hard/crtbegin.o
                [!provide]                PROVIDE (__fini_array_end = .)
                0x200011a8                . = ALIGN (0x4)
                0x200011a8                __data_end__ = .
                0x20040000                heap_limit = (ORIGIN (RAM) + LENGTH (RAM))
                0x0003ee58                heap_size = (heap_limit - __HeapBase)

.tm_clone_table
                0x200011a8        0x0 load address 0x08002f38
 .tm_clone_table
                0x200011a8        0x0 d:/simplicitystudio-5/developer/toolchains/gnu_arm/12.2.rel1_2023.7/bin/../lib/gcc/arm-none-eabi/12.2.1/thumb/v8-m.main+fp/hard/crtbegin.o
 .tm_clone_table
                0x200011a8        0x0 d:/simplicitystudio-5/developer/toolchains/gnu_arm/12.2.rel1_2023.7/bin/../lib/gcc/arm-none-eabi/12.2.1/thumb/v8-m.main+fp/hard/crtend.o

.igot.plt       0x200011a8        0x0 load address 0x08002f38
 .igot.plt      0x200011a8        0x0 d:/simplicitystudio-5/developer/toolchains/gnu_arm/12.2.rel1_2023.7/bin/../lib/gcc/arm-none-eabi/12.2.1/thumb/v8-m.main+fp/hard/crtbegin.o

.heap           0x200011a8    0x3ee58 load address 0x08002f38
                0x200011a8                . = ALIGN (0x8)
                0x200011a8                __HeapBase = .
                0x20040000                . = (. + heap_size)
 *fill*         0x200011a8    0x3ee58 
                0x20040000                __end__ = .
                0x20040000                end = __end__
                0x20040000                _end = __end__
 *(.heap*)
                0x20040000                __HeapLimit = (ORIGIN (RAM) + LENGTH (RAM))
                0x0003ee58                __heap_size = (__HeapLimit - __HeapBase)
                0x20040000                __ram_end__ = 0x20040000
                0x0817e000                __main_flash_end__ = 0x817e000

.internal_storage
 *(.internal_storage*)

.nvm
 *(.simee*)
                0x20001188                __ramfuncs_start__ = __vma_ramfuncs_start__
                0x20001188                __ramfuncs_end__ = __vma_ramfuncs_end__
                0x0817e000                linker_nvm_end = __main_flash_end__
                0x0817e000                linker_nvm_begin = (linker_nvm_end - SIZEOF (.nvm))
                0x0817e000                linker_storage_end = linker_nvm_begin
                0x0817e000                __nvm3Base = linker_nvm_begin
                0x0817e000                linker_storage_begin = (linker_storage_end - SIZEOF (.internal_storage))
                0x00000001                ASSERT ((linker_storage_begin >= (__etext + SIZEOF (.data))), FLASH memory overflowed !)
                0x0817e000                app_flash_end = 0x817e000
                0x00000001                ASSERT (((linker_nvm_begin + SIZEOF (.nvm)) <= app_flash_end), NVM3 is excessing the flash size !)
OUTPUT(silmotion.axf elf32-littlearm)
LOAD linker stubs

.ARM.attributes
                0x00000000       0x36
 .ARM.attributes
                0x00000000       0x26 d:/simplicitystudio-5/developer/toolchains/gnu_arm/12.2.rel1_2023.7/bin/../lib/gcc/arm-none-eabi/12.2.1/thumb/v8-m.main+fp/hard/crti.o
 .ARM.attributes
                0x00000026       0x38 d:/simplicitystudio-5/developer/toolchains/gnu_arm/12.2.rel1_2023.7/bin/../lib/gcc/arm-none-eabi/12.2.1/thumb/v8-m.main+fp/hard/crtbegin.o
 .ARM.attributes
                0x0000005e       0x24 d:/simplicitystudio-5/developer/toolchains/gnu_arm/12.2.rel1_2023.7/bin/../lib/gcc/arm-none-eabi/12.2.1/thumb/v8-m.main+fp/hard/crt0.o
 .ARM.attributes
                0x00000082       0x3a ./app.o
 .ARM.attributes
                0x000000bc       0x3a ./main.o
 .ARM.attributes
                0x000000f6       0x3a ./autogen/sl_board_default_init.o
 .ARM.attributes
                0x00000130       0x3a ./autogen/sl_event_handler.o
 .ARM.attributes
                0x0000016a       0x3a ./simplicity_sdk_2024.12.2/hardware/board/src/sl_board_control_gpio.o
 .ARM.attributes
                0x000001a4       0x3a ./simplicity_sdk_2024.12.2/hardware/board/src/sl_board_init.o
 .ARM.attributes
                0x000001de       0x3a ./simplicity_sdk_2024.12.2/hardware/driver/mx25_flash_shutdown/src/sl_mx25_flash_shutdown_eusart/sl_mx25_flash_shutdown.o
 .ARM.attributes
                0x00000218       0x3a ./simplicity_sdk_2024.12.2/platform/Device/SiliconLabs/EFR32MG24/Source/startup_efr32mg24.o
 .ARM.attributes
                0x00000252       0x3a ./simplicity_sdk_2024.12.2/platform/Device/SiliconLabs/EFR32MG24/Source/system_efr32mg24.o
 .ARM.attributes
                0x0000028c       0x3a ./simplicity_sdk_2024.12.2/platform/common/src/sl_assert.o
 .ARM.attributes
                0x000002c6       0x3a ./simplicity_sdk_2024.12.2/platform/common/src/sl_core_cortexm.o
 .ARM.attributes
                0x00000300       0x3a ./simplicity_sdk_2024.12.2/platform/common/src/sl_syscalls.o
 .ARM.attributes
                0x0000033a       0x3a ./simplicity_sdk_2024.12.2/platform/driver/gpio/src/sl_gpio.o
 .ARM.attributes
                0x00000374       0x3a ./simplicity_sdk_2024.12.2/platform/emlib/src/em_cmu.o
 .ARM.attributes
                0x000003ae       0x3a ./simplicity_sdk_2024.12.2/platform/emlib/src/em_emu.o
 .ARM.attributes
                0x000003e8       0x3a ./simplicity_sdk_2024.12.2/platform/emlib/src/em_eusart.o
 .ARM.attributes
                0x00000422       0x3a ./simplicity_sdk_2024.12.2/platform/peripheral/src/sl_hal_gpio.o
 .ARM.attributes
                0x0000045c       0x3a ./simplicity_sdk_2024.12.2/platform/service/clock_manager/src/sl_clock_manager.o
 .ARM.attributes
                0x00000496       0x3a ./simplicity_sdk_2024.12.2/platform/service/clock_manager/src/sl_clock_manager_hal_s2.o
 .ARM.attributes
                0x000004d0       0x3a ./simplicity_sdk_2024.12.2/platform/service/clock_manager/src/sl_clock_manager_init.o
 .ARM.attributes
                0x0000050a       0x3a ./simplicity_sdk_2024.12.2/platform/service/clock_manager/src/sl_clock_manager_init_hal_s2.o
 .ARM.attributes
                0x00000544       0x3a ./simplicity_sdk_2024.12.2/platform/service/device_init/src/sl_device_init_dcdc_s2.o
 .ARM.attributes
                0x0000057e       0x3a ./simplicity_sdk_2024.12.2/platform/service/device_init/src/sl_device_init_emu_s2.o
 .ARM.attributes
                0x000005b8       0x3a ./simplicity_sdk_2024.12.2/platform/service/device_manager/clocks/sl_device_clock_efr32xg24.o
 .ARM.attributes
                0x000005f2       0x3a ./simplicity_sdk_2024.12.2/platform/service/interrupt_manager/src/sl_interrupt_manager_cortexm.o
 .ARM.attributes
                0x0000062c       0x3a ./simplicity_sdk_2024.12.2/platform/service/memory_manager/src/sl_memory_manager_region.o
 .ARM.attributes
                0x00000666       0x3a ./simplicity_sdk_2024.12.2/platform/service/system/src/sl_system_init.o
 .ARM.attributes
                0x000006a0       0x3a ./simplicity_sdk_2024.12.2/platform/service/system/src/sl_system_process_action.o
 .ARM.attributes
                0x000006da       0x3a ./simplicity_sdk_2024.12.2/platform/service/udelay/src/sl_udelay.o
 .ARM.attributes
                0x00000714       0x26 ./simplicity_sdk_2024.12.2/platform/service/udelay/src/sl_udelay_armv6m_gcc.o
 .ARM.attributes
                0x0000073a       0x38 d:/simplicitystudio-5/developer/toolchains/gnu_arm/12.2.rel1_2023.7/bin/../lib/gcc/arm-none-eabi/12.2.1/thumb/v8-m.main+fp/hard\libc_nano.a(libc_a-exit.o)
 .ARM.attributes
                0x00000772       0x38 d:/simplicitystudio-5/developer/toolchains/gnu_arm/12.2.rel1_2023.7/bin/../lib/gcc/arm-none-eabi/12.2.1/thumb/v8-m.main+fp/hard\libc_nano.a(libc_a-findfp.o)
 .ARM.attributes
                0x000007aa       0x38 d:/simplicitystudio-5/developer/toolchains/gnu_arm/12.2.rel1_2023.7/bin/../lib/gcc/arm-none-eabi/12.2.1/thumb/v8-m.main+fp/hard\libc_nano.a(libc_a-memset.o)
 .ARM.attributes
                0x000007e2       0x38 d:/simplicitystudio-5/developer/toolchains/gnu_arm/12.2.rel1_2023.7/bin/../lib/gcc/arm-none-eabi/12.2.1/thumb/v8-m.main+fp/hard\libc_nano.a(libc_a-init.o)
 .ARM.attributes
                0x0000081a       0x38 d:/simplicitystudio-5/developer/toolchains/gnu_arm/12.2.rel1_2023.7/bin/../lib/gcc/arm-none-eabi/12.2.1/thumb/v8-m.main+fp/hard/crtend.o
 .ARM.attributes
                0x00000852       0x26 d:/simplicitystudio-5/developer/toolchains/gnu_arm/12.2.rel1_2023.7/bin/../lib/gcc/arm-none-eabi/12.2.1/thumb/v8-m.main+fp/hard/crtn.o

.comment        0x00000000       0x45
 .comment       0x00000000       0x45 ./app.o
                                 0x46 (size before relaxing)
 .comment       0x00000045       0x46 ./main.o
 .comment       0x00000045       0x46 ./autogen/sl_board_default_init.o
 .comment       0x00000045       0x46 ./autogen/sl_event_handler.o
 .comment       0x00000045       0x46 ./simplicity_sdk_2024.12.2/hardware/board/src/sl_board_control_gpio.o
 .comment       0x00000045       0x46 ./simplicity_sdk_2024.12.2/hardware/board/src/sl_board_init.o
 .comment       0x00000045       0x46 ./simplicity_sdk_2024.12.2/hardware/driver/mx25_flash_shutdown/src/sl_mx25_flash_shutdown_eusart/sl_mx25_flash_shutdown.o
 .comment       0x00000045       0x46 ./simplicity_sdk_2024.12.2/platform/Device/SiliconLabs/EFR32MG24/Source/startup_efr32mg24.o
 .comment       0x00000045       0x46 ./simplicity_sdk_2024.12.2/platform/Device/SiliconLabs/EFR32MG24/Source/system_efr32mg24.o
 .comment       0x00000045       0x46 ./simplicity_sdk_2024.12.2/platform/common/src/sl_assert.o
 .comment       0x00000045       0x46 ./simplicity_sdk_2024.12.2/platform/common/src/sl_core_cortexm.o
 .comment       0x00000045       0x46 ./simplicity_sdk_2024.12.2/platform/common/src/sl_syscalls.o
 .comment       0x00000045       0x46 ./simplicity_sdk_2024.12.2/platform/driver/gpio/src/sl_gpio.o
 .comment       0x00000045       0x46 ./simplicity_sdk_2024.12.2/platform/emlib/src/em_cmu.o
 .comment       0x00000045       0x46 ./simplicity_sdk_2024.12.2/platform/emlib/src/em_emu.o
 .comment       0x00000045       0x46 ./simplicity_sdk_2024.12.2/platform/emlib/src/em_eusart.o
 .comment       0x00000045       0x46 ./simplicity_sdk_2024.12.2/platform/peripheral/src/sl_hal_gpio.o
 .comment       0x00000045       0x46 ./simplicity_sdk_2024.12.2/platform/service/clock_manager/src/sl_clock_manager.o
 .comment       0x00000045       0x46 ./simplicity_sdk_2024.12.2/platform/service/clock_manager/src/sl_clock_manager_hal_s2.o
 .comment       0x00000045       0x46 ./simplicity_sdk_2024.12.2/platform/service/clock_manager/src/sl_clock_manager_init.o
 .comment       0x00000045       0x46 ./simplicity_sdk_2024.12.2/platform/service/clock_manager/src/sl_clock_manager_init_hal_s2.o
 .comment       0x00000045       0x46 ./simplicity_sdk_2024.12.2/platform/service/device_init/src/sl_device_init_dcdc_s2.o
 .comment       0x00000045       0x46 ./simplicity_sdk_2024.12.2/platform/service/device_init/src/sl_device_init_emu_s2.o
 .comment       0x00000045       0x46 ./simplicity_sdk_2024.12.2/platform/service/device_manager/clocks/sl_device_clock_efr32xg24.o
 .comment       0x00000045       0x46 ./simplicity_sdk_2024.12.2/platform/service/interrupt_manager/src/sl_interrupt_manager_cortexm.o
 .comment       0x00000045       0x46 ./simplicity_sdk_2024.12.2/platform/service/memory_manager/src/sl_memory_manager_region.o
 .comment       0x00000045       0x46 ./simplicity_sdk_2024.12.2/platform/service/system/src/sl_system_init.o
 .comment       0x00000045       0x46 ./simplicity_sdk_2024.12.2/platform/service/system/src/sl_system_process_action.o
 .comment       0x00000045       0x46 ./simplicity_sdk_2024.12.2/platform/service/udelay/src/sl_udelay.o

.debug_line_str
                0x00000000       0xe7
 .debug_line_str
                0x00000000       0xe7 d:/simplicitystudio-5/developer/toolchains/gnu_arm/12.2.rel1_2023.7/bin/../lib/gcc/arm-none-eabi/12.2.1/thumb/v8-m.main+fp/hard/crt0.o

.debug_info     0x00000000    0x2addf
 .debug_info    0x00000000       0xab ./app.o
 .debug_info    0x000000ab       0xa1 ./main.o
 .debug_info    0x0000014c       0x86 ./autogen/sl_board_default_init.o
 .debug_info    0x000001d2      0x21d ./autogen/sl_event_handler.o
 .debug_info    0x000003ef      0x5f1 ./simplicity_sdk_2024.12.2/hardware/board/src/sl_board_control_gpio.o
 .debug_info    0x000009e0      0x153 ./simplicity_sdk_2024.12.2/hardware/board/src/sl_board_init.o
 .debug_info    0x00000b33     0x26a4 ./simplicity_sdk_2024.12.2/hardware/driver/mx25_flash_shutdown/src/sl_mx25_flash_shutdown_eusart/sl_mx25_flash_shutdown.o
 .debug_info    0x000031d7      0x3f4 ./simplicity_sdk_2024.12.2/platform/Device/SiliconLabs/EFR32MG24/Source/startup_efr32mg24.o
 .debug_info    0x000035cb     0x2285 ./simplicity_sdk_2024.12.2/platform/Device/SiliconLabs/EFR32MG24/Source/system_efr32mg24.o
 .debug_info    0x00005850       0x86 ./simplicity_sdk_2024.12.2/platform/common/src/sl_assert.o
 .debug_info    0x000058d6      0x9d3 ./simplicity_sdk_2024.12.2/platform/common/src/sl_core_cortexm.o
 .debug_info    0x000062a9      0x2c7 ./simplicity_sdk_2024.12.2/platform/common/src/sl_syscalls.o
 .debug_info    0x00006570     0x3de5 ./simplicity_sdk_2024.12.2/platform/driver/gpio/src/sl_gpio.o
 .debug_info    0x0000a355     0xa9e5 ./simplicity_sdk_2024.12.2/platform/emlib/src/em_cmu.o
 .debug_info    0x00014d3a     0x50cc ./simplicity_sdk_2024.12.2/platform/emlib/src/em_emu.o
 .debug_info    0x00019e06     0x5ae5 ./simplicity_sdk_2024.12.2/platform/emlib/src/em_eusart.o
 .debug_info    0x0001f8eb     0x32d5 ./simplicity_sdk_2024.12.2/platform/peripheral/src/sl_hal_gpio.o
 .debug_info    0x00022bc0      0xbe6 ./simplicity_sdk_2024.12.2/platform/service/clock_manager/src/sl_clock_manager.o
 .debug_info    0x000237a6     0x2b36 ./simplicity_sdk_2024.12.2/platform/service/clock_manager/src/sl_clock_manager_hal_s2.o
 .debug_info    0x000262dc       0xc9 ./simplicity_sdk_2024.12.2/platform/service/clock_manager/src/sl_clock_manager_init.o
 .debug_info    0x000263a5     0x1ea2 ./simplicity_sdk_2024.12.2/platform/service/clock_manager/src/sl_clock_manager_init_hal_s2.o
 .debug_info    0x00028247      0x370 ./simplicity_sdk_2024.12.2/platform/service/device_init/src/sl_device_init_dcdc_s2.o
 .debug_info    0x000285b7      0xb48 ./simplicity_sdk_2024.12.2/platform/service/device_init/src/sl_device_init_emu_s2.o
 .debug_info    0x000290ff      0x75e ./simplicity_sdk_2024.12.2/platform/service/device_manager/clocks/sl_device_clock_efr32xg24.o
 .debug_info    0x0002985d     0x1094 ./simplicity_sdk_2024.12.2/platform/service/interrupt_manager/src/sl_interrupt_manager_cortexm.o
 .debug_info    0x0002a8f1      0x1e8 ./simplicity_sdk_2024.12.2/platform/service/memory_manager/src/sl_memory_manager_region.o
 .debug_info    0x0002aad9       0xa7 ./simplicity_sdk_2024.12.2/platform/service/system/src/sl_system_init.o
 .debug_info    0x0002ab80       0x93 ./simplicity_sdk_2024.12.2/platform/service/system/src/sl_system_process_action.o
 .debug_info    0x0002ac13      0x1a6 ./simplicity_sdk_2024.12.2/platform/service/udelay/src/sl_udelay.o
 .debug_info    0x0002adb9       0x26 ./simplicity_sdk_2024.12.2/platform/service/udelay/src/sl_udelay_armv6m_gcc.o

.debug_abbrev   0x00000000     0x3bdb
 .debug_abbrev  0x00000000       0x60 ./app.o
 .debug_abbrev  0x00000060       0x5d ./main.o
 .debug_abbrev  0x000000bd       0x46 ./autogen/sl_board_default_init.o
 .debug_abbrev  0x00000103      0x11d ./autogen/sl_event_handler.o
 .debug_abbrev  0x00000220      0x1fd ./simplicity_sdk_2024.12.2/hardware/board/src/sl_board_control_gpio.o
 .debug_abbrev  0x0000041d       0xed ./simplicity_sdk_2024.12.2/hardware/board/src/sl_board_init.o
 .debug_abbrev  0x0000050a      0x269 ./simplicity_sdk_2024.12.2/hardware/driver/mx25_flash_shutdown/src/sl_mx25_flash_shutdown_eusart/sl_mx25_flash_shutdown.o
 .debug_abbrev  0x00000773      0x260 ./simplicity_sdk_2024.12.2/platform/Device/SiliconLabs/EFR32MG24/Source/startup_efr32mg24.o
 .debug_abbrev  0x000009d3      0x30d ./simplicity_sdk_2024.12.2/platform/Device/SiliconLabs/EFR32MG24/Source/system_efr32mg24.o
 .debug_abbrev  0x00000ce0       0x6c ./simplicity_sdk_2024.12.2/platform/common/src/sl_assert.o
 .debug_abbrev  0x00000d4c      0x27b ./simplicity_sdk_2024.12.2/platform/common/src/sl_core_cortexm.o
 .debug_abbrev  0x00000fc7      0x143 ./simplicity_sdk_2024.12.2/platform/common/src/sl_syscalls.o
 .debug_abbrev  0x0000110a      0x473 ./simplicity_sdk_2024.12.2/platform/driver/gpio/src/sl_gpio.o
 .debug_abbrev  0x0000157d      0x5ba ./simplicity_sdk_2024.12.2/platform/emlib/src/em_cmu.o
 .debug_abbrev  0x00001b37      0x4e9 ./simplicity_sdk_2024.12.2/platform/emlib/src/em_emu.o
 .debug_abbrev  0x00002020      0x43b ./simplicity_sdk_2024.12.2/platform/emlib/src/em_eusart.o
 .debug_abbrev  0x0000245b      0x4db ./simplicity_sdk_2024.12.2/platform/peripheral/src/sl_hal_gpio.o
 .debug_abbrev  0x00002936      0x1ba ./simplicity_sdk_2024.12.2/platform/service/clock_manager/src/sl_clock_manager.o
 .debug_abbrev  0x00002af0      0x40d ./simplicity_sdk_2024.12.2/platform/service/clock_manager/src/sl_clock_manager_hal_s2.o
 .debug_abbrev  0x00002efd       0x89 ./simplicity_sdk_2024.12.2/platform/service/clock_manager/src/sl_clock_manager_init.o
 .debug_abbrev  0x00002f86      0x2bd ./simplicity_sdk_2024.12.2/platform/service/clock_manager/src/sl_clock_manager_init_hal_s2.o
 .debug_abbrev  0x00003243      0x11a ./simplicity_sdk_2024.12.2/platform/service/device_init/src/sl_device_init_dcdc_s2.o
 .debug_abbrev  0x0000335d      0x14b ./simplicity_sdk_2024.12.2/platform/service/device_init/src/sl_device_init_emu_s2.o
 .debug_abbrev  0x000034a8       0x6d ./simplicity_sdk_2024.12.2/platform/service/device_manager/clocks/sl_device_clock_efr32xg24.o
 .debug_abbrev  0x00003515      0x3be ./simplicity_sdk_2024.12.2/platform/service/interrupt_manager/src/sl_interrupt_manager_cortexm.o
 .debug_abbrev  0x000038d3      0x11e ./simplicity_sdk_2024.12.2/platform/service/memory_manager/src/sl_memory_manager_region.o
 .debug_abbrev  0x000039f1       0x5c ./simplicity_sdk_2024.12.2/platform/service/system/src/sl_system_init.o
 .debug_abbrev  0x00003a4d       0x5c ./simplicity_sdk_2024.12.2/platform/service/system/src/sl_system_process_action.o
 .debug_abbrev  0x00003aa9      0x11e ./simplicity_sdk_2024.12.2/platform/service/udelay/src/sl_udelay.o
 .debug_abbrev  0x00003bc7       0x14 ./simplicity_sdk_2024.12.2/platform/service/udelay/src/sl_udelay_armv6m_gcc.o

.debug_aranges  0x00000000      0xdc8
 .debug_aranges
                0x00000000       0x28 ./app.o
 .debug_aranges
                0x00000028       0x20 ./main.o
 .debug_aranges
                0x00000048       0x20 ./autogen/sl_board_default_init.o
 .debug_aranges
                0x00000068       0x60 ./autogen/sl_event_handler.o
 .debug_aranges
                0x000000c8       0x70 ./simplicity_sdk_2024.12.2/hardware/board/src/sl_board_control_gpio.o
 .debug_aranges
                0x00000138       0x28 ./simplicity_sdk_2024.12.2/hardware/board/src/sl_board_init.o
 .debug_aranges
                0x00000160       0x20 ./simplicity_sdk_2024.12.2/hardware/driver/mx25_flash_shutdown/src/sl_mx25_flash_shutdown_eusart/sl_mx25_flash_shutdown.o
 .debug_aranges
                0x00000180       0x38 ./simplicity_sdk_2024.12.2/platform/Device/SiliconLabs/EFR32MG24/Source/startup_efr32mg24.o
 .debug_aranges
                0x000001b8       0x90 ./simplicity_sdk_2024.12.2/platform/Device/SiliconLabs/EFR32MG24/Source/system_efr32mg24.o
 .debug_aranges
                0x00000248       0x20 ./simplicity_sdk_2024.12.2/platform/common/src/sl_assert.o
 .debug_aranges
                0x00000268       0xa0 ./simplicity_sdk_2024.12.2/platform/common/src/sl_core_cortexm.o
 .debug_aranges
                0x00000308       0x68 ./simplicity_sdk_2024.12.2/platform/common/src/sl_syscalls.o
 .debug_aranges
                0x00000370      0x108 ./simplicity_sdk_2024.12.2/platform/driver/gpio/src/sl_gpio.o
 .debug_aranges
                0x00000478      0x210 ./simplicity_sdk_2024.12.2/platform/emlib/src/em_cmu.o
 .debug_aranges
                0x00000688      0x138 ./simplicity_sdk_2024.12.2/platform/emlib/src/em_emu.o
 .debug_aranges
                0x000007c0       0xc8 ./simplicity_sdk_2024.12.2/platform/emlib/src/em_eusart.o
 .debug_aranges
                0x00000888      0x150 ./simplicity_sdk_2024.12.2/platform/peripheral/src/sl_hal_gpio.o
 .debug_aranges
                0x000009d8       0xf8 ./simplicity_sdk_2024.12.2/platform/service/clock_manager/src/sl_clock_manager.o
 .debug_aranges
                0x00000ad0       0xe8 ./simplicity_sdk_2024.12.2/platform/service/clock_manager/src/sl_clock_manager_hal_s2.o
 .debug_aranges
                0x00000bb8       0x20 ./simplicity_sdk_2024.12.2/platform/service/clock_manager/src/sl_clock_manager_init.o
 .debug_aranges
                0x00000bd8       0x20 ./simplicity_sdk_2024.12.2/platform/service/clock_manager/src/sl_clock_manager_init_hal_s2.o
 .debug_aranges
                0x00000bf8       0x20 ./simplicity_sdk_2024.12.2/platform/service/device_init/src/sl_device_init_dcdc_s2.o
 .debug_aranges
                0x00000c18       0x20 ./simplicity_sdk_2024.12.2/platform/service/device_init/src/sl_device_init_emu_s2.o
 .debug_aranges
                0x00000c38       0x18 ./simplicity_sdk_2024.12.2/platform/service/device_manager/clocks/sl_device_clock_efr32xg24.o
 .debug_aranges
                0x00000c50       0xc8 ./simplicity_sdk_2024.12.2/platform/service/interrupt_manager/src/sl_interrupt_manager_cortexm.o
 .debug_aranges
                0x00000d18       0x30 ./simplicity_sdk_2024.12.2/platform/service/memory_manager/src/sl_memory_manager_region.o
 .debug_aranges
                0x00000d48       0x20 ./simplicity_sdk_2024.12.2/platform/service/system/src/sl_system_init.o
 .debug_aranges
                0x00000d68       0x20 ./simplicity_sdk_2024.12.2/platform/service/system/src/sl_system_process_action.o
 .debug_aranges
                0x00000d88       0x20 ./simplicity_sdk_2024.12.2/platform/service/udelay/src/sl_udelay.o
 .debug_aranges
                0x00000da8       0x20 ./simplicity_sdk_2024.12.2/platform/service/udelay/src/sl_udelay_armv6m_gcc.o

.debug_ranges   0x00000000     0x13d8
 .debug_ranges  0x00000000       0x18 ./app.o
 .debug_ranges  0x00000018       0x10 ./main.o
 .debug_ranges  0x00000028       0x10 ./autogen/sl_board_default_init.o
 .debug_ranges  0x00000038       0x50 ./autogen/sl_event_handler.o
 .debug_ranges  0x00000088       0x60 ./simplicity_sdk_2024.12.2/hardware/board/src/sl_board_control_gpio.o
 .debug_ranges  0x000000e8       0x18 ./simplicity_sdk_2024.12.2/hardware/board/src/sl_board_init.o
 .debug_ranges  0x00000100       0x10 ./simplicity_sdk_2024.12.2/hardware/driver/mx25_flash_shutdown/src/sl_mx25_flash_shutdown_eusart/sl_mx25_flash_shutdown.o
 .debug_ranges  0x00000110       0x90 ./simplicity_sdk_2024.12.2/platform/Device/SiliconLabs/EFR32MG24/Source/startup_efr32mg24.o
 .debug_ranges  0x000001a0       0x80 ./simplicity_sdk_2024.12.2/platform/Device/SiliconLabs/EFR32MG24/Source/system_efr32mg24.o
 .debug_ranges  0x00000220       0x10 ./simplicity_sdk_2024.12.2/platform/common/src/sl_assert.o
 .debug_ranges  0x00000230       0x90 ./simplicity_sdk_2024.12.2/platform/common/src/sl_core_cortexm.o
 .debug_ranges  0x000002c0       0x58 ./simplicity_sdk_2024.12.2/platform/common/src/sl_syscalls.o
 .debug_ranges  0x00000318      0x1f0 ./simplicity_sdk_2024.12.2/platform/driver/gpio/src/sl_gpio.o
 .debug_ranges  0x00000508      0x408 ./simplicity_sdk_2024.12.2/platform/emlib/src/em_cmu.o
 .debug_ranges  0x00000910      0x2d8 ./simplicity_sdk_2024.12.2/platform/emlib/src/em_emu.o
 .debug_ranges  0x00000be8      0x1c0 ./simplicity_sdk_2024.12.2/platform/emlib/src/em_eusart.o
 .debug_ranges  0x00000da8      0x1f8 ./simplicity_sdk_2024.12.2/platform/peripheral/src/sl_hal_gpio.o
 .debug_ranges  0x00000fa0       0xe8 ./simplicity_sdk_2024.12.2/platform/service/clock_manager/src/sl_clock_manager.o
 .debug_ranges  0x00001088      0x118 ./simplicity_sdk_2024.12.2/platform/service/clock_manager/src/sl_clock_manager_hal_s2.o
 .debug_ranges  0x000011a0       0x10 ./simplicity_sdk_2024.12.2/platform/service/clock_manager/src/sl_clock_manager_init.o
 .debug_ranges  0x000011b0       0x98 ./simplicity_sdk_2024.12.2/platform/service/clock_manager/src/sl_clock_manager_init_hal_s2.o
 .debug_ranges  0x00001248       0x10 ./simplicity_sdk_2024.12.2/platform/service/device_init/src/sl_device_init_dcdc_s2.o
 .debug_ranges  0x00001258       0x10 ./simplicity_sdk_2024.12.2/platform/service/device_init/src/sl_device_init_emu_s2.o
 .debug_ranges  0x00001268      0x108 ./simplicity_sdk_2024.12.2/platform/service/interrupt_manager/src/sl_interrupt_manager_cortexm.o
 .debug_ranges  0x00001370       0x20 ./simplicity_sdk_2024.12.2/platform/service/memory_manager/src/sl_memory_manager_region.o
 .debug_ranges  0x00001390       0x10 ./simplicity_sdk_2024.12.2/platform/service/system/src/sl_system_init.o
 .debug_ranges  0x000013a0       0x10 ./simplicity_sdk_2024.12.2/platform/service/system/src/sl_system_process_action.o
 .debug_ranges  0x000013b0       0x28 ./simplicity_sdk_2024.12.2/platform/service/udelay/src/sl_udelay.o

.debug_line     0x00000000     0xd132
 .debug_line    0x00000000       0x4c ./app.o
 .debug_line    0x0000004c       0xe5 ./main.o
 .debug_line    0x00000131       0x55 ./autogen/sl_board_default_init.o
 .debug_line    0x00000186      0x4ba ./autogen/sl_event_handler.o
 .debug_line    0x00000640      0x55c ./simplicity_sdk_2024.12.2/hardware/board/src/sl_board_control_gpio.o
 .debug_line    0x00000b9c      0x349 ./simplicity_sdk_2024.12.2/hardware/board/src/sl_board_init.o
 .debug_line    0x00000ee5      0x5e7 ./simplicity_sdk_2024.12.2/hardware/driver/mx25_flash_shutdown/src/sl_mx25_flash_shutdown_eusart/sl_mx25_flash_shutdown.o
 .debug_line    0x000014cc      0x343 ./simplicity_sdk_2024.12.2/platform/Device/SiliconLabs/EFR32MG24/Source/startup_efr32mg24.o
 .debug_line    0x0000180f      0x617 ./simplicity_sdk_2024.12.2/platform/Device/SiliconLabs/EFR32MG24/Source/system_efr32mg24.o
 .debug_line    0x00001e26       0xa4 ./simplicity_sdk_2024.12.2/platform/common/src/sl_assert.o
 .debug_line    0x00001eca      0x5e1 ./simplicity_sdk_2024.12.2/platform/common/src/sl_core_cortexm.o
 .debug_line    0x000024ab      0x1a4 ./simplicity_sdk_2024.12.2/platform/common/src/sl_syscalls.o
 .debug_line    0x0000264f     0x1196 ./simplicity_sdk_2024.12.2/platform/driver/gpio/src/sl_gpio.o
 .debug_line    0x000037e5     0x331e ./simplicity_sdk_2024.12.2/platform/emlib/src/em_cmu.o
 .debug_line    0x00006b03      0xf4c ./simplicity_sdk_2024.12.2/platform/emlib/src/em_emu.o
 .debug_line    0x00007a4f     0x157c ./simplicity_sdk_2024.12.2/platform/emlib/src/em_eusart.o
 .debug_line    0x00008fcb      0xf7b ./simplicity_sdk_2024.12.2/platform/peripheral/src/sl_hal_gpio.o
 .debug_line    0x00009f46      0x615 ./simplicity_sdk_2024.12.2/platform/service/clock_manager/src/sl_clock_manager.o
 .debug_line    0x0000a55b      0xc74 ./simplicity_sdk_2024.12.2/platform/service/clock_manager/src/sl_clock_manager_hal_s2.o
 .debug_line    0x0000b1cf      0x1fb ./simplicity_sdk_2024.12.2/platform/service/clock_manager/src/sl_clock_manager_init.o
 .debug_line    0x0000b3ca      0x612 ./simplicity_sdk_2024.12.2/platform/service/clock_manager/src/sl_clock_manager_init_hal_s2.o
 .debug_line    0x0000b9dc      0x23d ./simplicity_sdk_2024.12.2/platform/service/device_init/src/sl_device_init_dcdc_s2.o
 .debug_line    0x0000bc19      0x2c0 ./simplicity_sdk_2024.12.2/platform/service/device_init/src/sl_device_init_emu_s2.o
 .debug_line    0x0000bed9      0x1e1 ./simplicity_sdk_2024.12.2/platform/service/device_manager/clocks/sl_device_clock_efr32xg24.o
 .debug_line    0x0000c0ba      0x873 ./simplicity_sdk_2024.12.2/platform/service/interrupt_manager/src/sl_interrupt_manager_cortexm.o
 .debug_line    0x0000c92d      0x2f2 ./simplicity_sdk_2024.12.2/platform/service/memory_manager/src/sl_memory_manager_region.o
 .debug_line    0x0000cc1f       0xdb ./simplicity_sdk_2024.12.2/platform/service/system/src/sl_system_init.o
 .debug_line    0x0000ccfa       0xe4 ./simplicity_sdk_2024.12.2/platform/service/system/src/sl_system_process_action.o
 .debug_line    0x0000cdde      0x2bd ./simplicity_sdk_2024.12.2/platform/service/udelay/src/sl_udelay.o
 .debug_line    0x0000d09b       0x97 ./simplicity_sdk_2024.12.2/platform/service/udelay/src/sl_udelay_armv6m_gcc.o

.debug_str      0x00000000     0xd59e
 .debug_str     0x00000000      0x191 ./app.o
                                0x1e6 (size before relaxing)
 .debug_str     0x00000191       0x37 ./main.o
                                0x179 (size before relaxing)
 .debug_str     0x000001c8       0x39 ./autogen/sl_board_default_init.o
                                0x1e3 (size before relaxing)
 .debug_str     0x00000201      0x1b7 ./autogen/sl_event_handler.o
                                0x37b (size before relaxing)
 .debug_str     0x000003b8      0x63f ./simplicity_sdk_2024.12.2/hardware/board/src/sl_board_control_gpio.o
                                0x859 (size before relaxing)
 .debug_str     0x000009f7       0xb5 ./simplicity_sdk_2024.12.2/hardware/board/src/sl_board_init.o
                                0x2c5 (size before relaxing)
 .debug_str     0x00000aac     0x1a0e ./simplicity_sdk_2024.12.2/hardware/driver/mx25_flash_shutdown/src/sl_mx25_flash_shutdown_eusart/sl_mx25_flash_shutdown.o
                               0x210b (size before relaxing)
 .debug_str     0x000024ba      0x1d8 ./simplicity_sdk_2024.12.2/platform/Device/SiliconLabs/EFR32MG24/Source/startup_efr32mg24.o
                                0x39d (size before relaxing)
 .debug_str     0x00002692     0x1243 ./simplicity_sdk_2024.12.2/platform/Device/SiliconLabs/EFR32MG24/Source/system_efr32mg24.o
                               0x1770 (size before relaxing)
 .debug_str     0x000038d5       0x5c ./simplicity_sdk_2024.12.2/platform/common/src/sl_assert.o
                                0x191 (size before relaxing)
 .debug_str     0x00003931      0x253 ./simplicity_sdk_2024.12.2/platform/common/src/sl_core_cortexm.o
                                0x54d (size before relaxing)
 .debug_str     0x00003b84       0xb1 ./simplicity_sdk_2024.12.2/platform/common/src/sl_syscalls.o
                                0x1ed (size before relaxing)
 .debug_str     0x00003c35      0xb30 ./simplicity_sdk_2024.12.2/platform/driver/gpio/src/sl_gpio.o
                               0x2585 (size before relaxing)
 .debug_str     0x00004765     0x49a4 ./simplicity_sdk_2024.12.2/platform/emlib/src/em_cmu.o
                               0x683e (size before relaxing)
 .debug_str     0x00009109      0xcc1 ./simplicity_sdk_2024.12.2/platform/emlib/src/em_emu.o
                               0x2f74 (size before relaxing)
 .debug_str     0x00009dca      0xcf8 ./simplicity_sdk_2024.12.2/platform/emlib/src/em_eusart.o
                               0x559e (size before relaxing)
 .debug_str     0x0000aac2      0x230 ./simplicity_sdk_2024.12.2/platform/peripheral/src/sl_hal_gpio.o
                               0x1dcf (size before relaxing)
 .debug_str     0x0000acf2      0x9d7 ./simplicity_sdk_2024.12.2/platform/service/clock_manager/src/sl_clock_manager.o
                                0xc98 (size before relaxing)
 .debug_str     0x0000b6c9      0x940 ./simplicity_sdk_2024.12.2/platform/service/clock_manager/src/sl_clock_manager_hal_s2.o
                               0x26f9 (size before relaxing)
 .debug_str     0x0000c009       0x88 ./simplicity_sdk_2024.12.2/platform/service/clock_manager/src/sl_clock_manager_init.o
                                0x268 (size before relaxing)
 .debug_str     0x0000c091      0x750 ./simplicity_sdk_2024.12.2/platform/service/clock_manager/src/sl_clock_manager_init_hal_s2.o
                               0x2211 (size before relaxing)
 .debug_str     0x0000c7e1       0x6c ./simplicity_sdk_2024.12.2/platform/service/device_init/src/sl_device_init_dcdc_s2.o
                                0x8f8 (size before relaxing)
 .debug_str     0x0000c84d       0x74 ./simplicity_sdk_2024.12.2/platform/service/device_init/src/sl_device_init_emu_s2.o
                                0x95b (size before relaxing)
 .debug_str     0x0000c8c1      0x62f ./simplicity_sdk_2024.12.2/platform/service/device_manager/clocks/sl_device_clock_efr32xg24.o
                                0x83b (size before relaxing)
 .debug_str     0x0000cef0      0x3e7 ./simplicity_sdk_2024.12.2/platform/service/interrupt_manager/src/sl_interrupt_manager_cortexm.o
                                0xca5 (size before relaxing)
 .debug_str     0x0000d2d7      0x10a ./simplicity_sdk_2024.12.2/platform/service/memory_manager/src/sl_memory_manager_region.o
                                0x2e4 (size before relaxing)
 .debug_str     0x0000d3e1       0x5f ./simplicity_sdk_2024.12.2/platform/service/system/src/sl_system_init.o
                                0x1e7 (size before relaxing)
 .debug_str     0x0000d440       0x69 ./simplicity_sdk_2024.12.2/platform/service/system/src/sl_system_process_action.o
                                0x214 (size before relaxing)
 .debug_str     0x0000d4a9       0x82 ./simplicity_sdk_2024.12.2/platform/service/udelay/src/sl_udelay.o
                                0x286 (size before relaxing)
 .debug_str     0x0000d52b       0x73 ./simplicity_sdk_2024.12.2/platform/service/udelay/src/sl_udelay_armv6m_gcc.o
                                 0xaa (size before relaxing)

.debug_frame    0x00000000     0x2260
 .debug_frame   0x00000000       0x30 ./app.o
 .debug_frame   0x00000030       0x28 ./main.o
 .debug_frame   0x00000058       0x20 ./autogen/sl_board_default_init.o
 .debug_frame   0x00000078       0xac ./autogen/sl_event_handler.o
 .debug_frame   0x00000124       0xf8 ./simplicity_sdk_2024.12.2/hardware/board/src/sl_board_control_gpio.o
 .debug_frame   0x0000021c       0x3c ./simplicity_sdk_2024.12.2/hardware/board/src/sl_board_init.o
 .debug_frame   0x00000258       0x3c ./simplicity_sdk_2024.12.2/hardware/driver/mx25_flash_shutdown/src/sl_mx25_flash_shutdown_eusart/sl_mx25_flash_shutdown.o
 .debug_frame   0x00000294       0x60 ./simplicity_sdk_2024.12.2/platform/Device/SiliconLabs/EFR32MG24/Source/startup_efr32mg24.o
 .debug_frame   0x000002f4      0x114 ./simplicity_sdk_2024.12.2/platform/Device/SiliconLabs/EFR32MG24/Source/system_efr32mg24.o
 .debug_frame   0x00000408       0x20 ./simplicity_sdk_2024.12.2/platform/common/src/sl_assert.o
 .debug_frame   0x00000428      0x120 ./simplicity_sdk_2024.12.2/platform/common/src/sl_core_cortexm.o
 .debug_frame   0x00000548       0xb0 ./simplicity_sdk_2024.12.2/platform/common/src/sl_syscalls.o
 .debug_frame   0x000005f8      0x344 ./simplicity_sdk_2024.12.2/platform/driver/gpio/src/sl_gpio.o
 .debug_frame   0x0000093c      0x6a4 ./simplicity_sdk_2024.12.2/platform/emlib/src/em_cmu.o
 .debug_frame   0x00000fe0      0x30c ./simplicity_sdk_2024.12.2/platform/emlib/src/em_emu.o
 .debug_frame   0x000012ec      0x2a4 ./simplicity_sdk_2024.12.2/platform/emlib/src/em_eusart.o
 .debug_frame   0x00001590      0x3a0 ./simplicity_sdk_2024.12.2/platform/peripheral/src/sl_hal_gpio.o
 .debug_frame   0x00001930      0x1d0 ./simplicity_sdk_2024.12.2/platform/service/clock_manager/src/sl_clock_manager.o
 .debug_frame   0x00001b00      0x278 ./simplicity_sdk_2024.12.2/platform/service/clock_manager/src/sl_clock_manager_hal_s2.o
 .debug_frame   0x00001d78       0x20 ./simplicity_sdk_2024.12.2/platform/service/clock_manager/src/sl_clock_manager_init.o
 .debug_frame   0x00001d98       0x38 ./simplicity_sdk_2024.12.2/platform/service/clock_manager/src/sl_clock_manager_init_hal_s2.o
 .debug_frame   0x00001dd0       0x28 ./simplicity_sdk_2024.12.2/platform/service/device_init/src/sl_device_init_dcdc_s2.o
 .debug_frame   0x00001df8       0x2c ./simplicity_sdk_2024.12.2/platform/service/device_init/src/sl_device_init_emu_s2.o
 .debug_frame   0x00001e24      0x1b4 ./simplicity_sdk_2024.12.2/platform/service/interrupt_manager/src/sl_interrupt_manager_cortexm.o
 .debug_frame   0x00001fd8       0x40 ./simplicity_sdk_2024.12.2/platform/service/memory_manager/src/sl_memory_manager_region.o
 .debug_frame   0x00002018       0x2c ./simplicity_sdk_2024.12.2/platform/service/system/src/sl_system_init.o
 .debug_frame   0x00002044       0x2c ./simplicity_sdk_2024.12.2/platform/service/system/src/sl_system_process_action.o
 .debug_frame   0x00002070       0x38 ./simplicity_sdk_2024.12.2/platform/service/udelay/src/sl_udelay.o
 .debug_frame   0x000020a8       0x28 d:/simplicitystudio-5/developer/toolchains/gnu_arm/12.2.rel1_2023.7/bin/../lib/gcc/arm-none-eabi/12.2.1/thumb/v8-m.main+fp/hard\libc_nano.a(libc_a-exit.o)
 .debug_frame   0x000020d0      0x144 d:/simplicitystudio-5/developer/toolchains/gnu_arm/12.2.rel1_2023.7/bin/../lib/gcc/arm-none-eabi/12.2.1/thumb/v8-m.main+fp/hard\libc_nano.a(libc_a-findfp.o)
 .debug_frame   0x00002214       0x20 d:/simplicitystudio-5/developer/toolchains/gnu_arm/12.2.rel1_2023.7/bin/../lib/gcc/arm-none-eabi/12.2.1/thumb/v8-m.main+fp/hard\libc_nano.a(libc_a-memset.o)
 .debug_frame   0x00002234       0x2c d:/simplicitystudio-5/developer/toolchains/gnu_arm/12.2.rel1_2023.7/bin/../lib/gcc/arm-none-eabi/12.2.1/thumb/v8-m.main+fp/hard\libc_nano.a(libc_a-init.o)

.debug_loc      0x00000000     0xbcc1
 .debug_loc     0x00000000       0x20 ./main.o
 .debug_loc     0x00000020       0x2c ./autogen/sl_event_handler.o
 .debug_loc     0x0000004c      0x332 ./simplicity_sdk_2024.12.2/hardware/board/src/sl_board_control_gpio.o
 .debug_loc     0x0000037e       0x2c ./simplicity_sdk_2024.12.2/hardware/board/src/sl_board_init.o
 .debug_loc     0x000003aa       0x39 ./simplicity_sdk_2024.12.2/hardware/driver/mx25_flash_shutdown/src/sl_mx25_flash_shutdown_eusart/sl_mx25_flash_shutdown.o
 .debug_loc     0x000003e3      0x163 ./simplicity_sdk_2024.12.2/platform/Device/SiliconLabs/EFR32MG24/Source/startup_efr32mg24.o
 .debug_loc     0x00000546      0x17b ./simplicity_sdk_2024.12.2/platform/Device/SiliconLabs/EFR32MG24/Source/system_efr32mg24.o
 .debug_loc     0x000006c1       0x2a ./simplicity_sdk_2024.12.2/platform/common/src/sl_assert.o
 .debug_loc     0x000006eb      0x141 ./simplicity_sdk_2024.12.2/platform/common/src/sl_core_cortexm.o
 .debug_loc     0x0000082c      0x118 ./simplicity_sdk_2024.12.2/platform/common/src/sl_syscalls.o
 .debug_loc     0x00000944     0x1781 ./simplicity_sdk_2024.12.2/platform/driver/gpio/src/sl_gpio.o
 .debug_loc     0x000020c5     0x4c7f ./simplicity_sdk_2024.12.2/platform/emlib/src/em_cmu.o
 .debug_loc     0x00006d44      0x95e ./simplicity_sdk_2024.12.2/platform/emlib/src/em_emu.o
 .debug_loc     0x000076a2     0x1348 ./simplicity_sdk_2024.12.2/platform/emlib/src/em_eusart.o
 .debug_loc     0x000089ea      0xf92 ./simplicity_sdk_2024.12.2/platform/peripheral/src/sl_hal_gpio.o
 .debug_loc     0x0000997c      0x64d ./simplicity_sdk_2024.12.2/platform/service/clock_manager/src/sl_clock_manager.o
 .debug_loc     0x00009fc9     0x139e ./simplicity_sdk_2024.12.2/platform/service/clock_manager/src/sl_clock_manager_hal_s2.o
 .debug_loc     0x0000b367      0x125 ./simplicity_sdk_2024.12.2/platform/service/clock_manager/src/sl_clock_manager_init_hal_s2.o
 .debug_loc     0x0000b48c       0x2c ./simplicity_sdk_2024.12.2/platform/service/device_init/src/sl_device_init_dcdc_s2.o
 .debug_loc     0x0000b4b8       0x2c ./simplicity_sdk_2024.12.2/platform/service/device_init/src/sl_device_init_emu_s2.o
 .debug_loc     0x0000b4e4      0x547 ./simplicity_sdk_2024.12.2/platform/service/interrupt_manager/src/sl_interrupt_manager_cortexm.o
 .debug_loc     0x0000ba2b       0xa9 ./simplicity_sdk_2024.12.2/platform/service/memory_manager/src/sl_memory_manager_region.o
 .debug_loc     0x0000bad4       0x2c ./simplicity_sdk_2024.12.2/platform/service/system/src/sl_system_init.o
 .debug_loc     0x0000bb00       0x2c ./simplicity_sdk_2024.12.2/platform/service/system/src/sl_system_process_action.o
 .debug_loc     0x0000bb2c      0x195 ./simplicity_sdk_2024.12.2/platform/service/udelay/src/sl_udelay.o
